ARM GAS  /tmp/ccsTK6Xp.s 			page 1


   1              		.cpu cortex-m7
   2              		.eabi_attribute 28, 1
   3              		.eabi_attribute 20, 1
   4              		.eabi_attribute 21, 1
   5              		.eabi_attribute 23, 3
   6              		.eabi_attribute 24, 1
   7              		.eabi_attribute 25, 1
   8              		.eabi_attribute 26, 1
   9              		.eabi_attribute 30, 2
  10              		.eabi_attribute 34, 1
  11              		.eabi_attribute 18, 4
  12              		.file	"BalanceController.cpp"
  13              		.file 1 "/usr/include/newlib/c++/10.3.1/cstdint"
  14              		.file 2 "/usr/include/newlib/c++/10.3.1/cstring"
  15              		.file 3 "/usr/include/newlib/c++/10.3.1/arm-none-eabi/thumb/v7e-m+dp/hard/bits/c++config.h"
  16              		.file 4 "/usr/lib/gcc/arm-none-eabi/10.3.1/include/stdint.h"
  17              		.file 5 "./src/RobotState.hpp"
  18              		.file 6 "/usr/lib/gcc/arm-none-eabi/10.3.1/include/stddef.h"
  19              		.file 7 "/usr/include/newlib/string.h"
  20              		.file 8 "src/controllers/BalanceController.cpp"
  21              		.file 9 "<built-in>"
  22              		.file 10 "./src/controllers/BalanceController.hpp"
  23              		.section	.gnu.debuglto_.debug_info,"e",%progbits
  24              	.Ldebug_info0:
  25              		.hidden	BalanceController.cpp.50a1e523
  26              		.weak	BalanceController.cpp.50a1e523
  27              	BalanceController.cpp.50a1e523:
  28 0000 F8050000 		.4byte	0x5f8
  29 0004 0400     		.2byte	0x4
  30 0006 00000000 		.4byte	.Ldebug_abbrev0
  31 000a 04       		.byte	0x4
  32 000b 01       		.uleb128 0x1
  33 000c 81010000 		.4byte	.LASF65
  34 0010 04       		.byte	0x4
  35 0011 2C030000 		.4byte	.LASF66
  36 0015 BD030000 		.4byte	.LASF67
  37 0019 00000000 		.4byte	.Ldebug_line0
  38 001d 02       		.uleb128 0x2
  39 001e 73746400 		.ascii	"std\000"
  40 0022 09       		.byte	0x9
  41 0023 00       		.byte	0
  42 0024 3B010000 		.4byte	0x13b
  43 0028 03       		.uleb128 0x3
  44 0029 1E000000 		.4byte	.LASF0
  45 002d 03       		.byte	0x3
  46 002e 1E01     		.2byte	0x11e
  47 0030 41       		.byte	0x41
  48 0031 04       		.uleb128 0x4
  49 0032 03       		.byte	0x3
  50 0033 1E01     		.2byte	0x11e
  51 0035 41       		.byte	0x41
  52 0036 28000000 		.4byte	0x28
  53 003a 05       		.uleb128 0x5
  54 003b 01       		.byte	0x1
  55 003c 2F       		.byte	0x2f
  56 003d 0B       		.byte	0xb
  57 003e 5B010000 		.4byte	0x15b
ARM GAS  /tmp/ccsTK6Xp.s 			page 2


  58 0042 05       		.uleb128 0x5
  59 0043 01       		.byte	0x1
  60 0044 30       		.byte	0x30
  61 0045 0B       		.byte	0xb
  62 0046 6E010000 		.4byte	0x16e
  63 004a 05       		.uleb128 0x5
  64 004b 01       		.byte	0x1
  65 004c 31       		.byte	0x31
  66 004d 0B       		.byte	0xb
  67 004e 81010000 		.4byte	0x181
  68 0052 05       		.uleb128 0x5
  69 0053 01       		.byte	0x1
  70 0054 32       		.byte	0x32
  71 0055 0B       		.byte	0xb
  72 0056 94010000 		.4byte	0x194
  73 005a 05       		.uleb128 0x5
  74 005b 01       		.byte	0x1
  75 005c 34       		.byte	0x34
  76 005d 0B       		.byte	0xb
  77 005e 53020000 		.4byte	0x253
  78 0062 05       		.uleb128 0x5
  79 0063 01       		.byte	0x1
  80 0064 35       		.byte	0x35
  81 0065 0B       		.byte	0xb
  82 0066 6B020000 		.4byte	0x26b
  83 006a 05       		.uleb128 0x5
  84 006b 01       		.byte	0x1
  85 006c 36       		.byte	0x36
  86 006d 0B       		.byte	0xb
  87 006e 77020000 		.4byte	0x277
  88 0072 05       		.uleb128 0x5
  89 0073 01       		.byte	0x1
  90 0074 37       		.byte	0x37
  91 0075 0B       		.byte	0xb
  92 0076 83020000 		.4byte	0x283
  93 007a 05       		.uleb128 0x5
  94 007b 01       		.byte	0x1
  95 007c 39       		.byte	0x39
  96 007d 0B       		.byte	0xb
  97 007e F3010000 		.4byte	0x1f3
  98 0082 05       		.uleb128 0x5
  99 0083 01       		.byte	0x1
 100 0084 3A       		.byte	0x3a
 101 0085 0B       		.byte	0xb
 102 0086 FF010000 		.4byte	0x1ff
 103 008a 05       		.uleb128 0x5
 104 008b 01       		.byte	0x1
 105 008c 3B       		.byte	0x3b
 106 008d 0B       		.byte	0xb
 107 008e 0B020000 		.4byte	0x20b
 108 0092 05       		.uleb128 0x5
 109 0093 01       		.byte	0x1
 110 0094 3C       		.byte	0x3c
 111 0095 0B       		.byte	0xb
 112 0096 17020000 		.4byte	0x217
 113 009a 05       		.uleb128 0x5
 114 009b 01       		.byte	0x1
ARM GAS  /tmp/ccsTK6Xp.s 			page 3


 115 009c 3E       		.byte	0x3e
 116 009d 0B       		.byte	0xb
 117 009e DE020000 		.4byte	0x2de
 118 00a2 05       		.uleb128 0x5
 119 00a3 01       		.byte	0x1
 120 00a4 3F       		.byte	0x3f
 121 00a5 0B       		.byte	0xb
 122 00a6 C6020000 		.4byte	0x2c6
 123 00aa 05       		.uleb128 0x5
 124 00ab 01       		.byte	0x1
 125 00ac 41       		.byte	0x41
 126 00ad 0B       		.byte	0xb
 127 00ae A7010000 		.4byte	0x1a7
 128 00b2 05       		.uleb128 0x5
 129 00b3 01       		.byte	0x1
 130 00b4 42       		.byte	0x42
 131 00b5 0B       		.byte	0xb
 132 00b6 BA010000 		.4byte	0x1ba
 133 00ba 05       		.uleb128 0x5
 134 00bb 01       		.byte	0x1
 135 00bc 43       		.byte	0x43
 136 00bd 0B       		.byte	0xb
 137 00be CD010000 		.4byte	0x1cd
 138 00c2 05       		.uleb128 0x5
 139 00c3 01       		.byte	0x1
 140 00c4 44       		.byte	0x44
 141 00c5 0B       		.byte	0xb
 142 00c6 E0010000 		.4byte	0x1e0
 143 00ca 05       		.uleb128 0x5
 144 00cb 01       		.byte	0x1
 145 00cc 46       		.byte	0x46
 146 00cd 0B       		.byte	0xb
 147 00ce 8F020000 		.4byte	0x28f
 148 00d2 05       		.uleb128 0x5
 149 00d3 01       		.byte	0x1
 150 00d4 47       		.byte	0x47
 151 00d5 0B       		.byte	0xb
 152 00d6 A2020000 		.4byte	0x2a2
 153 00da 05       		.uleb128 0x5
 154 00db 01       		.byte	0x1
 155 00dc 48       		.byte	0x48
 156 00dd 0B       		.byte	0xb
 157 00de AE020000 		.4byte	0x2ae
 158 00e2 05       		.uleb128 0x5
 159 00e3 01       		.byte	0x1
 160 00e4 49       		.byte	0x49
 161 00e5 0B       		.byte	0xb
 162 00e6 BA020000 		.4byte	0x2ba
 163 00ea 05       		.uleb128 0x5
 164 00eb 01       		.byte	0x1
 165 00ec 4B       		.byte	0x4b
 166 00ed 0B       		.byte	0xb
 167 00ee 23020000 		.4byte	0x223
 168 00f2 05       		.uleb128 0x5
 169 00f3 01       		.byte	0x1
 170 00f4 4C       		.byte	0x4c
 171 00f5 0B       		.byte	0xb
ARM GAS  /tmp/ccsTK6Xp.s 			page 4


 172 00f6 2F020000 		.4byte	0x22f
 173 00fa 05       		.uleb128 0x5
 174 00fb 01       		.byte	0x1
 175 00fc 4D       		.byte	0x4d
 176 00fd 0B       		.byte	0xb
 177 00fe 3B020000 		.4byte	0x23b
 178 0102 05       		.uleb128 0x5
 179 0103 01       		.byte	0x1
 180 0104 4E       		.byte	0x4e
 181 0105 0B       		.byte	0xb
 182 0106 47020000 		.4byte	0x247
 183 010a 05       		.uleb128 0x5
 184 010b 01       		.byte	0x1
 185 010c 50       		.byte	0x50
 186 010d 0B       		.byte	0xb
 187 010e EA020000 		.4byte	0x2ea
 188 0112 05       		.uleb128 0x5
 189 0113 01       		.byte	0x1
 190 0114 51       		.byte	0x51
 191 0115 0B       		.byte	0xb
 192 0116 D2020000 		.4byte	0x2d2
 193 011a 05       		.uleb128 0x5
 194 011b 02       		.byte	0x2
 195 011c 54       		.byte	0x54
 196 011d 0B       		.byte	0xb
 197 011e 55050000 		.4byte	0x555
 198 0122 05       		.uleb128 0x5
 199 0123 02       		.byte	0x2
 200 0124 57       		.byte	0x57
 201 0125 0B       		.byte	0xb
 202 0126 70050000 		.4byte	0x570
 203 012a 05       		.uleb128 0x5
 204 012b 02       		.byte	0x2
 205 012c 5D       		.byte	0x5d
 206 012d 0B       		.byte	0xb
 207 012e 86050000 		.4byte	0x586
 208 0132 05       		.uleb128 0x5
 209 0133 02       		.byte	0x2
 210 0134 5E       		.byte	0x5e
 211 0135 0B       		.byte	0xb
 212 0136 A1050000 		.4byte	0x5a1
 213 013a 00       		.byte	0
 214 013b 06       		.uleb128 0x6
 215 013c 1C040000 		.4byte	.LASF38
 216 0140 03       		.byte	0x3
 217 0141 2001     		.2byte	0x120
 218 0143 0B       		.byte	0xb
 219 0144 5B010000 		.4byte	0x15b
 220 0148 03       		.uleb128 0x3
 221 0149 1E000000 		.4byte	.LASF0
 222 014d 03       		.byte	0x3
 223 014e 2201     		.2byte	0x122
 224 0150 41       		.byte	0x41
 225 0151 04       		.uleb128 0x4
 226 0152 03       		.byte	0x3
 227 0153 2201     		.2byte	0x122
 228 0155 41       		.byte	0x41
ARM GAS  /tmp/ccsTK6Xp.s 			page 5


 229 0156 48010000 		.4byte	0x148
 230 015a 00       		.byte	0
 231 015b 07       		.uleb128 0x7
 232 015c 87030000 		.4byte	.LASF1
 233 0160 04       		.byte	0x4
 234 0161 22       		.byte	0x22
 235 0162 17       		.byte	0x17
 236 0163 67010000 		.4byte	0x167
 237 0167 08       		.uleb128 0x8
 238 0168 01       		.byte	0x1
 239 0169 06       		.byte	0x6
 240 016a 71000000 		.4byte	.LASF3
 241 016e 07       		.uleb128 0x7
 242 016f 5B000000 		.4byte	.LASF2
 243 0173 04       		.byte	0x4
 244 0174 25       		.byte	0x25
 245 0175 18       		.byte	0x18
 246 0176 7A010000 		.4byte	0x17a
 247 017a 08       		.uleb128 0x8
 248 017b 02       		.byte	0x2
 249 017c 05       		.byte	0x5
 250 017d E7020000 		.4byte	.LASF4
 251 0181 07       		.uleb128 0x7
 252 0182 D1020000 		.4byte	.LASF5
 253 0186 04       		.byte	0x4
 254 0187 28       		.byte	0x28
 255 0188 18       		.byte	0x18
 256 0189 8D010000 		.4byte	0x18d
 257 018d 08       		.uleb128 0x8
 258 018e 04       		.byte	0x4
 259 018f 05       		.byte	0x5
 260 0190 9C000000 		.4byte	.LASF6
 261 0194 07       		.uleb128 0x7
 262 0195 E4030000 		.4byte	.LASF7
 263 0199 04       		.byte	0x4
 264 019a 2B       		.byte	0x2b
 265 019b 18       		.byte	0x18
 266 019c A0010000 		.4byte	0x1a0
 267 01a0 08       		.uleb128 0x8
 268 01a1 08       		.byte	0x8
 269 01a2 05       		.byte	0x5
 270 01a3 63000000 		.4byte	.LASF8
 271 01a7 07       		.uleb128 0x7
 272 01a8 B5030000 		.4byte	.LASF9
 273 01ac 04       		.byte	0x4
 274 01ad 2E       		.byte	0x2e
 275 01ae 18       		.byte	0x18
 276 01af B3010000 		.4byte	0x1b3
 277 01b3 08       		.uleb128 0x8
 278 01b4 01       		.byte	0x1
 279 01b5 08       		.byte	0x8
 280 01b6 D9020000 		.4byte	.LASF10
 281 01ba 07       		.uleb128 0x7
 282 01bb DE000000 		.4byte	.LASF11
 283 01bf 04       		.byte	0x4
 284 01c0 31       		.byte	0x31
 285 01c1 19       		.byte	0x19
ARM GAS  /tmp/ccsTK6Xp.s 			page 6


 286 01c2 C6010000 		.4byte	0x1c6
 287 01c6 08       		.uleb128 0x8
 288 01c7 02       		.byte	0x2
 289 01c8 07       		.byte	0x7
 290 01c9 32010000 		.4byte	.LASF12
 291 01cd 07       		.uleb128 0x7
 292 01ce 23030000 		.4byte	.LASF13
 293 01d2 04       		.byte	0x4
 294 01d3 34       		.byte	0x34
 295 01d4 19       		.byte	0x19
 296 01d5 D9010000 		.4byte	0x1d9
 297 01d9 08       		.uleb128 0x8
 298 01da 04       		.byte	0x4
 299 01db 07       		.byte	0x7
 300 01dc 20010000 		.4byte	.LASF14
 301 01e0 07       		.uleb128 0x7
 302 01e1 26000000 		.4byte	.LASF15
 303 01e5 04       		.byte	0x4
 304 01e6 37       		.byte	0x37
 305 01e7 19       		.byte	0x19
 306 01e8 EC010000 		.4byte	0x1ec
 307 01ec 08       		.uleb128 0x8
 308 01ed 08       		.byte	0x8
 309 01ee 07       		.byte	0x7
 310 01ef 2F000000 		.4byte	.LASF16
 311 01f3 07       		.uleb128 0x7
 312 01f4 74010000 		.4byte	.LASF17
 313 01f8 04       		.byte	0x4
 314 01f9 3C       		.byte	0x3c
 315 01fa 1D       		.byte	0x1d
 316 01fb 67010000 		.4byte	0x167
 317 01ff 07       		.uleb128 0x7
 318 0200 0C030000 		.4byte	.LASF18
 319 0204 04       		.byte	0x4
 320 0205 3D       		.byte	0x3d
 321 0206 1E       		.byte	0x1e
 322 0207 7A010000 		.4byte	0x17a
 323 020b 07       		.uleb128 0x7
 324 020c B2000000 		.4byte	.LASF19
 325 0210 04       		.byte	0x4
 326 0211 3E       		.byte	0x3e
 327 0212 1E       		.byte	0x1e
 328 0213 8D010000 		.4byte	0x18d
 329 0217 07       		.uleb128 0x7
 330 0218 89020000 		.4byte	.LASF20
 331 021c 04       		.byte	0x4
 332 021d 3F       		.byte	0x3f
 333 021e 1E       		.byte	0x1e
 334 021f A0010000 		.4byte	0x1a0
 335 0223 07       		.uleb128 0x7
 336 0224 57030000 		.4byte	.LASF21
 337 0228 04       		.byte	0x4
 338 0229 40       		.byte	0x40
 339 022a 1E       		.byte	0x1e
 340 022b B3010000 		.4byte	0x1b3
 341 022f 07       		.uleb128 0x7
 342 0230 6B030000 		.4byte	.LASF22
ARM GAS  /tmp/ccsTK6Xp.s 			page 7


 343 0234 04       		.byte	0x4
 344 0235 41       		.byte	0x41
 345 0236 1F       		.byte	0x1f
 346 0237 C6010000 		.4byte	0x1c6
 347 023b 07       		.uleb128 0x7
 348 023c EC000000 		.4byte	.LASF23
 349 0240 04       		.byte	0x4
 350 0241 42       		.byte	0x42
 351 0242 1F       		.byte	0x1f
 352 0243 D9010000 		.4byte	0x1d9
 353 0247 07       		.uleb128 0x7
 354 0248 B4020000 		.4byte	.LASF24
 355 024c 04       		.byte	0x4
 356 024d 43       		.byte	0x43
 357 024e 1F       		.byte	0x1f
 358 024f EC010000 		.4byte	0x1ec
 359 0253 07       		.uleb128 0x7
 360 0254 D2000000 		.4byte	.LASF25
 361 0258 04       		.byte	0x4
 362 0259 47       		.byte	0x47
 363 025a 1C       		.byte	0x1c
 364 025b 5F020000 		.4byte	0x25f
 365 025f 09       		.uleb128 0x9
 366 0260 04       		.byte	0x4
 367 0261 05       		.byte	0x5
 368 0262 696E7400 		.ascii	"int\000"
 369 0266 0A       		.uleb128 0xa
 370 0267 5F020000 		.4byte	0x25f
 371 026b 07       		.uleb128 0x7
 372 026c 00000000 		.4byte	.LASF26
 373 0270 04       		.byte	0x4
 374 0271 48       		.byte	0x48
 375 0272 1D       		.byte	0x1d
 376 0273 5F020000 		.4byte	0x25f
 377 0277 07       		.uleb128 0x7
 378 0278 7C020000 		.4byte	.LASF27
 379 027c 04       		.byte	0x4
 380 027d 49       		.byte	0x49
 381 027e 1D       		.byte	0x1d
 382 027f 5F020000 		.4byte	0x25f
 383 0283 07       		.uleb128 0x7
 384 0284 7A030000 		.4byte	.LASF28
 385 0288 04       		.byte	0x4
 386 0289 4A       		.byte	0x4a
 387 028a 1D       		.byte	0x1d
 388 028b A0010000 		.4byte	0x1a0
 389 028f 07       		.uleb128 0x7
 390 0290 FF020000 		.4byte	.LASF29
 391 0294 04       		.byte	0x4
 392 0295 4B       		.byte	0x4b
 393 0296 1D       		.byte	0x1d
 394 0297 9B020000 		.4byte	0x29b
 395 029b 08       		.uleb128 0x8
 396 029c 04       		.byte	0x4
 397 029d 07       		.byte	0x7
 398 029e 0A010000 		.4byte	.LASF30
 399 02a2 07       		.uleb128 0x7
ARM GAS  /tmp/ccsTK6Xp.s 			page 8


 400 02a3 C3020000 		.4byte	.LASF31
 401 02a7 04       		.byte	0x4
 402 02a8 4C       		.byte	0x4c
 403 02a9 1E       		.byte	0x1e
 404 02aa 9B020000 		.4byte	0x29b
 405 02ae 07       		.uleb128 0x7
 406 02af 46000000 		.4byte	.LASF32
 407 02b3 04       		.byte	0x4
 408 02b4 4D       		.byte	0x4d
 409 02b5 1E       		.byte	0x1e
 410 02b6 9B020000 		.4byte	0x29b
 411 02ba 07       		.uleb128 0x7
 412 02bb 4B010000 		.4byte	.LASF33
 413 02bf 04       		.byte	0x4
 414 02c0 4E       		.byte	0x4e
 415 02c1 1E       		.byte	0x1e
 416 02c2 EC010000 		.4byte	0x1ec
 417 02c6 07       		.uleb128 0x7
 418 02c7 59010000 		.4byte	.LASF34
 419 02cb 04       		.byte	0x4
 420 02cc 53       		.byte	0x53
 421 02cd 19       		.byte	0x19
 422 02ce 5F020000 		.4byte	0x25f
 423 02d2 07       		.uleb128 0x7
 424 02d3 14000000 		.4byte	.LASF35
 425 02d7 04       		.byte	0x4
 426 02d8 56       		.byte	0x56
 427 02d9 1A       		.byte	0x1a
 428 02da 9B020000 		.4byte	0x29b
 429 02de 07       		.uleb128 0x7
 430 02df 9D020000 		.4byte	.LASF36
 431 02e3 04       		.byte	0x4
 432 02e4 5B       		.byte	0x5b
 433 02e5 19       		.byte	0x19
 434 02e6 A0010000 		.4byte	0x1a0
 435 02ea 07       		.uleb128 0x7
 436 02eb 7D000000 		.4byte	.LASF37
 437 02ef 04       		.byte	0x4
 438 02f0 5C       		.byte	0x5c
 439 02f1 1A       		.byte	0x1a
 440 02f2 EC010000 		.4byte	0x1ec
 441 02f6 0B       		.uleb128 0xb
 442 02f7 8D000000 		.4byte	.LASF39
 443 02fb 05       		.byte	0x5
 444 02fc 13       		.byte	0x13
 445 02fd 0B       		.byte	0xb
 446 02fe F1030000 		.4byte	0x3f1
 447 0302 0C       		.uleb128 0xc
 448 0303 5800     		.ascii	"X\000"
 449 0305 05       		.byte	0x5
 450 0306 15       		.byte	0x15
 451 0307 13       		.byte	0x13
 452 0308 66020000 		.4byte	0x266
 453 030c 00       		.byte	0
 454 030d 0C       		.uleb128 0xc
 455 030e 5900     		.ascii	"Y\000"
 456 0310 05       		.byte	0x5
ARM GAS  /tmp/ccsTK6Xp.s 			page 9


 457 0311 16       		.byte	0x16
 458 0312 13       		.byte	0x13
 459 0313 66020000 		.4byte	0x266
 460 0317 01       		.byte	0x1
 461 0318 0D       		.uleb128 0xd
 462 0319 45010000 		.4byte	.LASF40
 463 031d 05       		.byte	0x5
 464 031e 17       		.byte	0x17
 465 031f 13       		.byte	0x13
 466 0320 66020000 		.4byte	0x266
 467 0324 02       		.byte	0x2
 468 0325 0C       		.uleb128 0xc
 469 0326 5500     		.ascii	"U\000"
 470 0328 05       		.byte	0x5
 471 0329 1A       		.byte	0x1a
 472 032a 13       		.byte	0x13
 473 032b 66020000 		.4byte	0x266
 474 032f 03       		.byte	0x3
 475 0330 0C       		.uleb128 0xc
 476 0331 5600     		.ascii	"V\000"
 477 0333 05       		.byte	0x5
 478 0334 1B       		.byte	0x1b
 479 0335 13       		.byte	0x13
 480 0336 66020000 		.4byte	0x266
 481 033a 04       		.byte	0x4
 482 033b 0C       		.uleb128 0xc
 483 033c 5700     		.ascii	"W\000"
 484 033e 05       		.byte	0x5
 485 033f 1C       		.byte	0x1c
 486 0340 13       		.byte	0x13
 487 0341 66020000 		.4byte	0x266
 488 0345 05       		.byte	0x5
 489 0346 0D       		.uleb128 0xd
 490 0347 F9020000 		.4byte	.LASF41
 491 034b 05       		.byte	0x5
 492 034c 1F       		.byte	0x1f
 493 034d 13       		.byte	0x13
 494 034e 66020000 		.4byte	0x266
 495 0352 06       		.byte	0x6
 496 0353 0D       		.uleb128 0xd
 497 0354 04010000 		.4byte	.LASF42
 498 0358 05       		.byte	0x5
 499 0359 20       		.byte	0x20
 500 035a 13       		.byte	0x13
 501 035b 66020000 		.4byte	0x266
 502 035f 07       		.byte	0x7
 503 0360 0D       		.uleb128 0xd
 504 0361 DE030000 		.4byte	.LASF43
 505 0365 05       		.byte	0x5
 506 0366 21       		.byte	0x21
 507 0367 13       		.byte	0x13
 508 0368 66020000 		.4byte	0x266
 509 036c 08       		.byte	0x8
 510 036d 0C       		.uleb128 0xc
 511 036e 513000   		.ascii	"Q0\000"
 512 0371 05       		.byte	0x5
 513 0372 24       		.byte	0x24
ARM GAS  /tmp/ccsTK6Xp.s 			page 10


 514 0373 13       		.byte	0x13
 515 0374 66020000 		.4byte	0x266
 516 0378 09       		.byte	0x9
 517 0379 0C       		.uleb128 0xc
 518 037a 513100   		.ascii	"Q1\000"
 519 037d 05       		.byte	0x5
 520 037e 25       		.byte	0x25
 521 037f 13       		.byte	0x13
 522 0380 66020000 		.4byte	0x266
 523 0384 0A       		.byte	0xa
 524 0385 0C       		.uleb128 0xc
 525 0386 513200   		.ascii	"Q2\000"
 526 0389 05       		.byte	0x5
 527 038a 26       		.byte	0x26
 528 038b 13       		.byte	0x13
 529 038c 66020000 		.4byte	0x266
 530 0390 0B       		.byte	0xb
 531 0391 0C       		.uleb128 0xc
 532 0392 513300   		.ascii	"Q3\000"
 533 0395 05       		.byte	0x5
 534 0396 27       		.byte	0x27
 535 0397 13       		.byte	0x13
 536 0398 66020000 		.4byte	0x266
 537 039c 0C       		.byte	0xc
 538 039d 0C       		.uleb128 0xc
 539 039e 5000     		.ascii	"P\000"
 540 03a0 05       		.byte	0x5
 541 03a1 2A       		.byte	0x2a
 542 03a2 13       		.byte	0x13
 543 03a3 66020000 		.4byte	0x266
 544 03a7 0D       		.byte	0xd
 545 03a8 0C       		.uleb128 0xc
 546 03a9 5100     		.ascii	"Q\000"
 547 03ab 05       		.byte	0x5
 548 03ac 2B       		.byte	0x2b
 549 03ad 13       		.byte	0x13
 550 03ae 66020000 		.4byte	0x266
 551 03b2 0E       		.byte	0xe
 552 03b3 0C       		.uleb128 0xc
 553 03b4 5200     		.ascii	"R\000"
 554 03b6 05       		.byte	0x5
 555 03b7 2C       		.byte	0x2c
 556 03b8 13       		.byte	0x13
 557 03b9 66020000 		.4byte	0x266
 558 03bd 0F       		.byte	0xf
 559 03be 0D       		.uleb128 0xd
 560 03bf 97020000 		.4byte	.LASF44
 561 03c3 05       		.byte	0x5
 562 03c4 2F       		.byte	0x2f
 563 03c5 13       		.byte	0x13
 564 03c6 66020000 		.4byte	0x266
 565 03ca 10       		.byte	0x10
 566 03cb 0D       		.uleb128 0xd
 567 03cc 87000000 		.4byte	.LASF45
 568 03d0 05       		.byte	0x5
 569 03d1 30       		.byte	0x30
 570 03d2 13       		.byte	0x13
ARM GAS  /tmp/ccsTK6Xp.s 			page 11


 571 03d3 66020000 		.4byte	0x266
 572 03d7 11       		.byte	0x11
 573 03d8 0D       		.uleb128 0xd
 574 03d9 65030000 		.4byte	.LASF46
 575 03dd 05       		.byte	0x5
 576 03de 31       		.byte	0x31
 577 03df 13       		.byte	0x13
 578 03e0 66020000 		.4byte	0x266
 579 03e4 12       		.byte	0x12
 580 03e5 0C       		.uleb128 0xc
 581 03e6 4E00     		.ascii	"N\000"
 582 03e8 05       		.byte	0x5
 583 03e9 34       		.byte	0x34
 584 03ea 13       		.byte	0x13
 585 03eb 66020000 		.4byte	0x266
 586 03ef 13       		.byte	0x13
 587 03f0 00       		.byte	0
 588 03f1 0E       		.uleb128 0xe
 589 03f2 02030000 		.4byte	0x302
 590 03f6 0E       		.uleb128 0xe
 591 03f7 0D030000 		.4byte	0x30d
 592 03fb 0E       		.uleb128 0xe
 593 03fc 18030000 		.4byte	0x318
 594 0400 0E       		.uleb128 0xe
 595 0401 25030000 		.4byte	0x325
 596 0405 0E       		.uleb128 0xe
 597 0406 30030000 		.4byte	0x330
 598 040a 0E       		.uleb128 0xe
 599 040b 3B030000 		.4byte	0x33b
 600 040f 0E       		.uleb128 0xe
 601 0410 46030000 		.4byte	0x346
 602 0414 0E       		.uleb128 0xe
 603 0415 53030000 		.4byte	0x353
 604 0419 0E       		.uleb128 0xe
 605 041a 60030000 		.4byte	0x360
 606 041e 0E       		.uleb128 0xe
 607 041f 6D030000 		.4byte	0x36d
 608 0423 0E       		.uleb128 0xe
 609 0424 79030000 		.4byte	0x379
 610 0428 0E       		.uleb128 0xe
 611 0429 85030000 		.4byte	0x385
 612 042d 0E       		.uleb128 0xe
 613 042e 91030000 		.4byte	0x391
 614 0432 0E       		.uleb128 0xe
 615 0433 9D030000 		.4byte	0x39d
 616 0437 0E       		.uleb128 0xe
 617 0438 A8030000 		.4byte	0x3a8
 618 043c 0E       		.uleb128 0xe
 619 043d B3030000 		.4byte	0x3b3
 620 0441 0E       		.uleb128 0xe
 621 0442 BE030000 		.4byte	0x3be
 622 0446 0E       		.uleb128 0xe
 623 0447 CB030000 		.4byte	0x3cb
 624 044b 0E       		.uleb128 0xe
 625 044c D8030000 		.4byte	0x3d8
 626 0450 0E       		.uleb128 0xe
 627 0451 E5030000 		.4byte	0x3e5
ARM GAS  /tmp/ccsTK6Xp.s 			page 12


 628 0455 0B       		.uleb128 0xb
 629 0456 17010000 		.4byte	.LASF47
 630 045a 05       		.byte	0x5
 631 045b 37       		.byte	0x37
 632 045c 0B       		.byte	0xb
 633 045d B0040000 		.4byte	0x4b0
 634 0461 0D       		.uleb128 0xd
 635 0462 54000000 		.4byte	.LASF48
 636 0466 05       		.byte	0x5
 637 0467 38       		.byte	0x38
 638 0468 13       		.byte	0x13
 639 0469 66020000 		.4byte	0x266
 640 046d 00       		.byte	0
 641 046e 0D       		.uleb128 0xd
 642 046f FB000000 		.4byte	.LASF49
 643 0473 05       		.byte	0x5
 644 0474 39       		.byte	0x39
 645 0475 13       		.byte	0x13
 646 0476 66020000 		.4byte	0x266
 647 047a 01       		.byte	0x1
 648 047b 0D       		.uleb128 0xd
 649 047c 8E030000 		.4byte	.LASF50
 650 0480 05       		.byte	0x5
 651 0481 3A       		.byte	0x3a
 652 0482 13       		.byte	0x13
 653 0483 66020000 		.4byte	0x266
 654 0487 02       		.byte	0x2
 655 0488 0D       		.uleb128 0xd
 656 0489 1A030000 		.4byte	.LASF51
 657 048d 05       		.byte	0x5
 658 048e 3B       		.byte	0x3b
 659 048f 13       		.byte	0x13
 660 0490 66020000 		.4byte	0x266
 661 0494 03       		.byte	0x3
 662 0495 0D       		.uleb128 0xd
 663 0496 AD030000 		.4byte	.LASF52
 664 049a 05       		.byte	0x5
 665 049b 3C       		.byte	0x3c
 666 049c 13       		.byte	0x13
 667 049d 66020000 		.4byte	0x266
 668 04a1 04       		.byte	0x4
 669 04a2 0D       		.uleb128 0xd
 670 04a3 73020000 		.4byte	.LASF53
 671 04a7 05       		.byte	0x5
 672 04a8 3D       		.byte	0x3d
 673 04a9 13       		.byte	0x13
 674 04aa 66020000 		.4byte	0x266
 675 04ae 05       		.byte	0x5
 676 04af 00       		.byte	0
 677 04b0 0E       		.uleb128 0xe
 678 04b1 61040000 		.4byte	0x461
 679 04b5 0E       		.uleb128 0xe
 680 04b6 6E040000 		.4byte	0x46e
 681 04ba 0E       		.uleb128 0xe
 682 04bb 7B040000 		.4byte	0x47b
 683 04bf 0E       		.uleb128 0xe
 684 04c0 88040000 		.4byte	0x488
ARM GAS  /tmp/ccsTK6Xp.s 			page 13


 685 04c4 0E       		.uleb128 0xe
 686 04c5 95040000 		.4byte	0x495
 687 04c9 0E       		.uleb128 0xe
 688 04ca A2040000 		.4byte	0x4a2
 689 04ce 0F       		.uleb128 0xf
 690 04cf C0000000 		.4byte	.LASF68
 691 04d3 01       		.byte	0x1
 692 04d4 0A       		.byte	0xa
 693 04d5 11       		.byte	0x11
 694 04d6 07       		.byte	0x7
 695 04d7 02050000 		.4byte	0x502
 696 04db 10       		.uleb128 0x10
 697 04dc 98030000 		.4byte	.LASF69
 698 04e0 0A       		.byte	0xa
 699 04e1 14       		.byte	0x14
 700 04e2 0A       		.byte	0xa
 701 04e3 F5030000 		.4byte	.LASF70
 702 04e7 01       		.byte	0x1
 703 04e8 EC040000 		.4byte	0x4ec
 704 04ec 11       		.uleb128 0x11
 705 04ed 02050000 		.4byte	0x502
 706 04f1 12       		.uleb128 0x12
 707 04f2 0D050000 		.4byte	0x50d
 708 04f6 12       		.uleb128 0x12
 709 04f7 0D050000 		.4byte	0x50d
 710 04fb 12       		.uleb128 0x12
 711 04fc 1F050000 		.4byte	0x51f
 712 0500 00       		.byte	0
 713 0501 00       		.byte	0
 714 0502 13       		.uleb128 0x13
 715 0503 04       		.byte	0x4
 716 0504 CE040000 		.4byte	0x4ce
 717 0508 0A       		.uleb128 0xa
 718 0509 02050000 		.4byte	0x502
 719 050d 13       		.uleb128 0x13
 720 050e 04       		.byte	0x4
 721 050f 1A050000 		.4byte	0x51a
 722 0513 08       		.uleb128 0x8
 723 0514 04       		.byte	0x4
 724 0515 04       		.byte	0x4
 725 0516 AE020000 		.4byte	.LASF54
 726 051a 0A       		.uleb128 0xa
 727 051b 13050000 		.4byte	0x513
 728 051f 13       		.uleb128 0x13
 729 0520 04       		.byte	0x4
 730 0521 13050000 		.4byte	0x513
 731 0525 07       		.uleb128 0x7
 732 0526 0D000000 		.4byte	.LASF55
 733 052a 06       		.byte	0x6
 734 052b D1       		.byte	0xd1
 735 052c 17       		.byte	0x17
 736 052d 9B020000 		.4byte	0x29b
 737 0531 08       		.uleb128 0x8
 738 0532 08       		.byte	0x8
 739 0533 04       		.byte	0x4
 740 0534 67020000 		.4byte	.LASF56
 741 0538 14       		.uleb128 0x14
ARM GAS  /tmp/ccsTK6Xp.s 			page 14


 742 0539 62010000 		.4byte	.LASF71
 743 053d 13       		.uleb128 0x13
 744 053e 04       		.byte	0x4
 745 053f 43050000 		.4byte	0x543
 746 0543 08       		.uleb128 0x8
 747 0544 01       		.byte	0x1
 748 0545 08       		.byte	0x8
 749 0546 52030000 		.4byte	.LASF57
 750 054a 0A       		.uleb128 0xa
 751 054b 43050000 		.4byte	0x543
 752 054f 13       		.uleb128 0x13
 753 0550 04       		.byte	0x4
 754 0551 4A050000 		.4byte	0x54a
 755 0555 15       		.uleb128 0x15
 756 0556 A6020000 		.4byte	.LASF58
 757 055a 07       		.byte	0x7
 758 055b 25       		.byte	0x25
 759 055c 06       		.byte	0x6
 760 055d 5F020000 		.4byte	0x25f
 761 0561 70050000 		.4byte	0x570
 762 0565 12       		.uleb128 0x12
 763 0566 4F050000 		.4byte	0x54f
 764 056a 12       		.uleb128 0x12
 765 056b 4F050000 		.4byte	0x54f
 766 056f 00       		.byte	0
 767 0570 15       		.uleb128 0x15
 768 0571 EC030000 		.4byte	.LASF59
 769 0575 07       		.byte	0x7
 770 0576 28       		.byte	0x28
 771 0577 08       		.byte	0x8
 772 0578 3D050000 		.4byte	0x53d
 773 057c 86050000 		.4byte	0x586
 774 0580 12       		.uleb128 0x12
 775 0581 5F020000 		.4byte	0x25f
 776 0585 00       		.byte	0
 777 0586 15       		.uleb128 0x15
 778 0587 A5000000 		.4byte	.LASF60
 779 058b 07       		.byte	0x7
 780 058c 32       		.byte	0x32
 781 058d 08       		.byte	0x8
 782 058e 3D050000 		.4byte	0x53d
 783 0592 A1050000 		.4byte	0x5a1
 784 0596 12       		.uleb128 0x12
 785 0597 3D050000 		.4byte	0x53d
 786 059b 12       		.uleb128 0x12
 787 059c 4F050000 		.4byte	0x54f
 788 05a0 00       		.byte	0
 789 05a1 15       		.uleb128 0x15
 790 05a2 F1020000 		.4byte	.LASF61
 791 05a6 07       		.byte	0x7
 792 05a7 34       		.byte	0x34
 793 05a8 09       		.byte	0x9
 794 05a9 25050000 		.4byte	0x525
 795 05ad C1050000 		.4byte	0x5c1
 796 05b1 12       		.uleb128 0x12
 797 05b2 3D050000 		.4byte	0x53d
 798 05b6 12       		.uleb128 0x12
ARM GAS  /tmp/ccsTK6Xp.s 			page 15


 799 05b7 4F050000 		.4byte	0x54f
 800 05bb 12       		.uleb128 0x12
 801 05bc 25050000 		.4byte	0x525
 802 05c0 00       		.byte	0
 803 05c1 16       		.uleb128 0x16
 804 05c2 DB040000 		.4byte	0x4db
 805 05c6 08       		.byte	0x8
 806 05c7 04       		.byte	0x4
 807 05c8 06       		.byte	0x6
 808 05c9 CD050000 		.4byte	0x5cd
 809 05cd 17       		.uleb128 0x17
 810 05ce E7000000 		.4byte	.LASF72
 811 05d2 08050000 		.4byte	0x508
 812 05d6 18       		.uleb128 0x18
 813 05d7 96000000 		.4byte	.LASF62
 814 05db 08       		.byte	0x8
 815 05dc 04       		.byte	0x4
 816 05dd 2C       		.byte	0x2c
 817 05de 0D050000 		.4byte	0x50d
 818 05e2 18       		.uleb128 0x18
 819 05e3 AC000000 		.4byte	.LASF63
 820 05e7 08       		.byte	0x8
 821 05e8 05       		.byte	0x5
 822 05e9 2D       		.byte	0x2d
 823 05ea 0D050000 		.4byte	0x50d
 824 05ee 18       		.uleb128 0x18
 825 05ef 9F030000 		.4byte	.LASF64
 826 05f3 08       		.byte	0x8
 827 05f4 06       		.byte	0x6
 828 05f5 2D       		.byte	0x2d
 829 05f6 1F050000 		.4byte	0x51f
 830 05fa 00       		.byte	0
 831 05fb 00       		.byte	0
 832              		.section	.gnu.debuglto_.debug_abbrev,"e",%progbits
 833              	.Ldebug_abbrev0:
 834 0000 01       		.uleb128 0x1
 835 0001 11       		.uleb128 0x11
 836 0002 01       		.byte	0x1
 837 0003 25       		.uleb128 0x25
 838 0004 0E       		.uleb128 0xe
 839 0005 13       		.uleb128 0x13
 840 0006 0B       		.uleb128 0xb
 841 0007 03       		.uleb128 0x3
 842 0008 0E       		.uleb128 0xe
 843 0009 1B       		.uleb128 0x1b
 844 000a 0E       		.uleb128 0xe
 845 000b 10       		.uleb128 0x10
 846 000c 17       		.uleb128 0x17
 847 000d 00       		.byte	0
 848 000e 00       		.byte	0
 849 000f 02       		.uleb128 0x2
 850 0010 39       		.uleb128 0x39
 851 0011 01       		.byte	0x1
 852 0012 03       		.uleb128 0x3
 853 0013 08       		.uleb128 0x8
 854 0014 3A       		.uleb128 0x3a
 855 0015 0B       		.uleb128 0xb
ARM GAS  /tmp/ccsTK6Xp.s 			page 16


 856 0016 3B       		.uleb128 0x3b
 857 0017 0B       		.uleb128 0xb
 858 0018 01       		.uleb128 0x1
 859 0019 13       		.uleb128 0x13
 860 001a 00       		.byte	0
 861 001b 00       		.byte	0
 862 001c 03       		.uleb128 0x3
 863 001d 39       		.uleb128 0x39
 864 001e 00       		.byte	0
 865 001f 03       		.uleb128 0x3
 866 0020 0E       		.uleb128 0xe
 867 0021 3A       		.uleb128 0x3a
 868 0022 0B       		.uleb128 0xb
 869 0023 3B       		.uleb128 0x3b
 870 0024 05       		.uleb128 0x5
 871 0025 39       		.uleb128 0x39
 872 0026 0B       		.uleb128 0xb
 873 0027 8901     		.uleb128 0x89
 874 0029 19       		.uleb128 0x19
 875 002a 00       		.byte	0
 876 002b 00       		.byte	0
 877 002c 04       		.uleb128 0x4
 878 002d 3A       		.uleb128 0x3a
 879 002e 00       		.byte	0
 880 002f 3A       		.uleb128 0x3a
 881 0030 0B       		.uleb128 0xb
 882 0031 3B       		.uleb128 0x3b
 883 0032 05       		.uleb128 0x5
 884 0033 39       		.uleb128 0x39
 885 0034 0B       		.uleb128 0xb
 886 0035 18       		.uleb128 0x18
 887 0036 13       		.uleb128 0x13
 888 0037 00       		.byte	0
 889 0038 00       		.byte	0
 890 0039 05       		.uleb128 0x5
 891 003a 08       		.uleb128 0x8
 892 003b 00       		.byte	0
 893 003c 3A       		.uleb128 0x3a
 894 003d 0B       		.uleb128 0xb
 895 003e 3B       		.uleb128 0x3b
 896 003f 0B       		.uleb128 0xb
 897 0040 39       		.uleb128 0x39
 898 0041 0B       		.uleb128 0xb
 899 0042 18       		.uleb128 0x18
 900 0043 13       		.uleb128 0x13
 901 0044 00       		.byte	0
 902 0045 00       		.byte	0
 903 0046 06       		.uleb128 0x6
 904 0047 39       		.uleb128 0x39
 905 0048 01       		.byte	0x1
 906 0049 03       		.uleb128 0x3
 907 004a 0E       		.uleb128 0xe
 908 004b 3A       		.uleb128 0x3a
 909 004c 0B       		.uleb128 0xb
 910 004d 3B       		.uleb128 0x3b
 911 004e 05       		.uleb128 0x5
 912 004f 39       		.uleb128 0x39
ARM GAS  /tmp/ccsTK6Xp.s 			page 17


 913 0050 0B       		.uleb128 0xb
 914 0051 01       		.uleb128 0x1
 915 0052 13       		.uleb128 0x13
 916 0053 00       		.byte	0
 917 0054 00       		.byte	0
 918 0055 07       		.uleb128 0x7
 919 0056 16       		.uleb128 0x16
 920 0057 00       		.byte	0
 921 0058 03       		.uleb128 0x3
 922 0059 0E       		.uleb128 0xe
 923 005a 3A       		.uleb128 0x3a
 924 005b 0B       		.uleb128 0xb
 925 005c 3B       		.uleb128 0x3b
 926 005d 0B       		.uleb128 0xb
 927 005e 39       		.uleb128 0x39
 928 005f 0B       		.uleb128 0xb
 929 0060 49       		.uleb128 0x49
 930 0061 13       		.uleb128 0x13
 931 0062 00       		.byte	0
 932 0063 00       		.byte	0
 933 0064 08       		.uleb128 0x8
 934 0065 24       		.uleb128 0x24
 935 0066 00       		.byte	0
 936 0067 0B       		.uleb128 0xb
 937 0068 0B       		.uleb128 0xb
 938 0069 3E       		.uleb128 0x3e
 939 006a 0B       		.uleb128 0xb
 940 006b 03       		.uleb128 0x3
 941 006c 0E       		.uleb128 0xe
 942 006d 00       		.byte	0
 943 006e 00       		.byte	0
 944 006f 09       		.uleb128 0x9
 945 0070 24       		.uleb128 0x24
 946 0071 00       		.byte	0
 947 0072 0B       		.uleb128 0xb
 948 0073 0B       		.uleb128 0xb
 949 0074 3E       		.uleb128 0x3e
 950 0075 0B       		.uleb128 0xb
 951 0076 03       		.uleb128 0x3
 952 0077 08       		.uleb128 0x8
 953 0078 00       		.byte	0
 954 0079 00       		.byte	0
 955 007a 0A       		.uleb128 0xa
 956 007b 26       		.uleb128 0x26
 957 007c 00       		.byte	0
 958 007d 49       		.uleb128 0x49
 959 007e 13       		.uleb128 0x13
 960 007f 00       		.byte	0
 961 0080 00       		.byte	0
 962 0081 0B       		.uleb128 0xb
 963 0082 39       		.uleb128 0x39
 964 0083 01       		.byte	0x1
 965 0084 03       		.uleb128 0x3
 966 0085 0E       		.uleb128 0xe
 967 0086 3A       		.uleb128 0x3a
 968 0087 0B       		.uleb128 0xb
 969 0088 3B       		.uleb128 0x3b
ARM GAS  /tmp/ccsTK6Xp.s 			page 18


 970 0089 0B       		.uleb128 0xb
 971 008a 39       		.uleb128 0x39
 972 008b 0B       		.uleb128 0xb
 973 008c 01       		.uleb128 0x1
 974 008d 13       		.uleb128 0x13
 975 008e 00       		.byte	0
 976 008f 00       		.byte	0
 977 0090 0C       		.uleb128 0xc
 978 0091 34       		.uleb128 0x34
 979 0092 00       		.byte	0
 980 0093 03       		.uleb128 0x3
 981 0094 08       		.uleb128 0x8
 982 0095 3A       		.uleb128 0x3a
 983 0096 0B       		.uleb128 0xb
 984 0097 3B       		.uleb128 0x3b
 985 0098 0B       		.uleb128 0xb
 986 0099 39       		.uleb128 0x39
 987 009a 0B       		.uleb128 0xb
 988 009b 49       		.uleb128 0x49
 989 009c 13       		.uleb128 0x13
 990 009d 3C       		.uleb128 0x3c
 991 009e 19       		.uleb128 0x19
 992 009f 1C       		.uleb128 0x1c
 993 00a0 0B       		.uleb128 0xb
 994 00a1 6C       		.uleb128 0x6c
 995 00a2 19       		.uleb128 0x19
 996 00a3 00       		.byte	0
 997 00a4 00       		.byte	0
 998 00a5 0D       		.uleb128 0xd
 999 00a6 34       		.uleb128 0x34
 1000 00a7 00       		.byte	0
 1001 00a8 03       		.uleb128 0x3
 1002 00a9 0E       		.uleb128 0xe
 1003 00aa 3A       		.uleb128 0x3a
 1004 00ab 0B       		.uleb128 0xb
 1005 00ac 3B       		.uleb128 0x3b
 1006 00ad 0B       		.uleb128 0xb
 1007 00ae 39       		.uleb128 0x39
 1008 00af 0B       		.uleb128 0xb
 1009 00b0 49       		.uleb128 0x49
 1010 00b1 13       		.uleb128 0x13
 1011 00b2 3C       		.uleb128 0x3c
 1012 00b3 19       		.uleb128 0x19
 1013 00b4 1C       		.uleb128 0x1c
 1014 00b5 0B       		.uleb128 0xb
 1015 00b6 6C       		.uleb128 0x6c
 1016 00b7 19       		.uleb128 0x19
 1017 00b8 00       		.byte	0
 1018 00b9 00       		.byte	0
 1019 00ba 0E       		.uleb128 0xe
 1020 00bb 34       		.uleb128 0x34
 1021 00bc 00       		.byte	0
 1022 00bd 47       		.uleb128 0x47
 1023 00be 13       		.uleb128 0x13
 1024 00bf 00       		.byte	0
 1025 00c0 00       		.byte	0
 1026 00c1 0F       		.uleb128 0xf
ARM GAS  /tmp/ccsTK6Xp.s 			page 19


 1027 00c2 02       		.uleb128 0x2
 1028 00c3 01       		.byte	0x1
 1029 00c4 03       		.uleb128 0x3
 1030 00c5 0E       		.uleb128 0xe
 1031 00c6 0B       		.uleb128 0xb
 1032 00c7 0B       		.uleb128 0xb
 1033 00c8 3A       		.uleb128 0x3a
 1034 00c9 0B       		.uleb128 0xb
 1035 00ca 3B       		.uleb128 0x3b
 1036 00cb 0B       		.uleb128 0xb
 1037 00cc 39       		.uleb128 0x39
 1038 00cd 0B       		.uleb128 0xb
 1039 00ce 01       		.uleb128 0x1
 1040 00cf 13       		.uleb128 0x13
 1041 00d0 00       		.byte	0
 1042 00d1 00       		.byte	0
 1043 00d2 10       		.uleb128 0x10
 1044 00d3 2E       		.uleb128 0x2e
 1045 00d4 01       		.byte	0x1
 1046 00d5 3F       		.uleb128 0x3f
 1047 00d6 19       		.uleb128 0x19
 1048 00d7 03       		.uleb128 0x3
 1049 00d8 0E       		.uleb128 0xe
 1050 00d9 3A       		.uleb128 0x3a
 1051 00da 0B       		.uleb128 0xb
 1052 00db 3B       		.uleb128 0x3b
 1053 00dc 0B       		.uleb128 0xb
 1054 00dd 39       		.uleb128 0x39
 1055 00de 0B       		.uleb128 0xb
 1056 00df 6E       		.uleb128 0x6e
 1057 00e0 0E       		.uleb128 0xe
 1058 00e1 32       		.uleb128 0x32
 1059 00e2 0B       		.uleb128 0xb
 1060 00e3 3C       		.uleb128 0x3c
 1061 00e4 19       		.uleb128 0x19
 1062 00e5 64       		.uleb128 0x64
 1063 00e6 13       		.uleb128 0x13
 1064 00e7 00       		.byte	0
 1065 00e8 00       		.byte	0
 1066 00e9 11       		.uleb128 0x11
 1067 00ea 05       		.uleb128 0x5
 1068 00eb 00       		.byte	0
 1069 00ec 49       		.uleb128 0x49
 1070 00ed 13       		.uleb128 0x13
 1071 00ee 34       		.uleb128 0x34
 1072 00ef 19       		.uleb128 0x19
 1073 00f0 00       		.byte	0
 1074 00f1 00       		.byte	0
 1075 00f2 12       		.uleb128 0x12
 1076 00f3 05       		.uleb128 0x5
 1077 00f4 00       		.byte	0
 1078 00f5 49       		.uleb128 0x49
 1079 00f6 13       		.uleb128 0x13
 1080 00f7 00       		.byte	0
 1081 00f8 00       		.byte	0
 1082 00f9 13       		.uleb128 0x13
 1083 00fa 0F       		.uleb128 0xf
ARM GAS  /tmp/ccsTK6Xp.s 			page 20


 1084 00fb 00       		.byte	0
 1085 00fc 0B       		.uleb128 0xb
 1086 00fd 0B       		.uleb128 0xb
 1087 00fe 49       		.uleb128 0x49
 1088 00ff 13       		.uleb128 0x13
 1089 0100 00       		.byte	0
 1090 0101 00       		.byte	0
 1091 0102 14       		.uleb128 0x14
 1092 0103 3B       		.uleb128 0x3b
 1093 0104 00       		.byte	0
 1094 0105 03       		.uleb128 0x3
 1095 0106 0E       		.uleb128 0xe
 1096 0107 00       		.byte	0
 1097 0108 00       		.byte	0
 1098 0109 15       		.uleb128 0x15
 1099 010a 2E       		.uleb128 0x2e
 1100 010b 01       		.byte	0x1
 1101 010c 3F       		.uleb128 0x3f
 1102 010d 19       		.uleb128 0x19
 1103 010e 03       		.uleb128 0x3
 1104 010f 0E       		.uleb128 0xe
 1105 0110 3A       		.uleb128 0x3a
 1106 0111 0B       		.uleb128 0xb
 1107 0112 3B       		.uleb128 0x3b
 1108 0113 0B       		.uleb128 0xb
 1109 0114 39       		.uleb128 0x39
 1110 0115 0B       		.uleb128 0xb
 1111 0116 49       		.uleb128 0x49
 1112 0117 13       		.uleb128 0x13
 1113 0118 3C       		.uleb128 0x3c
 1114 0119 19       		.uleb128 0x19
 1115 011a 01       		.uleb128 0x1
 1116 011b 13       		.uleb128 0x13
 1117 011c 00       		.byte	0
 1118 011d 00       		.byte	0
 1119 011e 16       		.uleb128 0x16
 1120 011f 2E       		.uleb128 0x2e
 1121 0120 01       		.byte	0x1
 1122 0121 47       		.uleb128 0x47
 1123 0122 13       		.uleb128 0x13
 1124 0123 3A       		.uleb128 0x3a
 1125 0124 0B       		.uleb128 0xb
 1126 0125 3B       		.uleb128 0x3b
 1127 0126 0B       		.uleb128 0xb
 1128 0127 39       		.uleb128 0x39
 1129 0128 0B       		.uleb128 0xb
 1130 0129 64       		.uleb128 0x64
 1131 012a 13       		.uleb128 0x13
 1132 012b 00       		.byte	0
 1133 012c 00       		.byte	0
 1134 012d 17       		.uleb128 0x17
 1135 012e 05       		.uleb128 0x5
 1136 012f 00       		.byte	0
 1137 0130 03       		.uleb128 0x3
 1138 0131 0E       		.uleb128 0xe
 1139 0132 49       		.uleb128 0x49
 1140 0133 13       		.uleb128 0x13
ARM GAS  /tmp/ccsTK6Xp.s 			page 21


 1141 0134 34       		.uleb128 0x34
 1142 0135 19       		.uleb128 0x19
 1143 0136 00       		.byte	0
 1144 0137 00       		.byte	0
 1145 0138 18       		.uleb128 0x18
 1146 0139 05       		.uleb128 0x5
 1147 013a 00       		.byte	0
 1148 013b 03       		.uleb128 0x3
 1149 013c 0E       		.uleb128 0xe
 1150 013d 3A       		.uleb128 0x3a
 1151 013e 0B       		.uleb128 0xb
 1152 013f 3B       		.uleb128 0x3b
 1153 0140 0B       		.uleb128 0xb
 1154 0141 39       		.uleb128 0x39
 1155 0142 0B       		.uleb128 0xb
 1156 0143 49       		.uleb128 0x49
 1157 0144 13       		.uleb128 0x13
 1158 0145 00       		.byte	0
 1159 0146 00       		.byte	0
 1160 0147 00       		.byte	0
 1161              		.section	.gnu.debuglto_.debug_line,"e",%progbits
 1162              	.Ldebug_line0:
 1163 0000 6C010000 		.4byte	.LELT0-.LSLT0
 1164              	.LSLT0:
 1165 0004 0400     		.2byte	0x4
 1166 0006 66010000 		.4byte	.LELTP0-.LASLTP0
 1167              	.LASLTP0:
 1168 000a 01       		.byte	0x1
 1169 000b 01       		.byte	0x1
 1170 000c 01       		.byte	0x1
 1171 000d F6       		.byte	0xf6
 1172 000e F2       		.byte	0xf2
 1173 000f 0D       		.byte	0xd
 1174 0010 00       		.byte	0
 1175 0011 01       		.byte	0x1
 1176 0012 01       		.byte	0x1
 1177 0013 01       		.byte	0x1
 1178 0014 01       		.byte	0x1
 1179 0015 00       		.byte	0
 1180 0016 00       		.byte	0
 1181 0017 00       		.byte	0
 1182 0018 01       		.byte	0x1
 1183 0019 00       		.byte	0
 1184 001a 00       		.byte	0
 1185 001b 01       		.byte	0x1
 1186 001c 7372632F 		.ascii	"src/controllers"
 1186      636F6E74 
 1186      726F6C6C 
 1186      657273
 1187 002b 00       		.byte	0
 1188 002c 737263   		.ascii	"src"
 1189 002f 00       		.byte	0
 1190 0030 2F757372 		.ascii	"/usr/include/newlib/c++/10.3.1/arm-none-eabi/thumb/"
 1190      2F696E63 
 1190      6C756465 
 1190      2F6E6577 
 1190      6C69622F 
ARM GAS  /tmp/ccsTK6Xp.s 			page 22


 1191 0063 7637652D 		.ascii	"v7e-m+dp/hard/bits"
 1191      6D2B6470 
 1191      2F686172 
 1191      642F6269 
 1191      7473
 1192 0075 00       		.byte	0
 1193 0076 2F757372 		.ascii	"/usr/include/newlib/c++/10.3.1"
 1193      2F696E63 
 1193      6C756465 
 1193      2F6E6577 
 1193      6C69622F 
 1194 0094 00       		.byte	0
 1195 0095 2F757372 		.ascii	"/usr/include/newlib"
 1195      2F696E63 
 1195      6C756465 
 1195      2F6E6577 
 1195      6C6962
 1196 00a8 00       		.byte	0
 1197 00a9 2F757372 		.ascii	"/usr/lib/gcc/arm-none-eabi/10.3.1/include"
 1197      2F6C6962 
 1197      2F676363 
 1197      2F61726D 
 1197      2D6E6F6E 
 1198 00d2 00       		.byte	0
 1199 00d3 00       		.byte	0
 1200 00d4 63737464 		.ascii	"cstdint\000"
 1200      696E7400 
 1201 00dc 04       		.uleb128 0x4
 1202 00dd 00       		.uleb128 0
 1203 00de 00       		.uleb128 0
 1204 00df 63737472 		.ascii	"cstring\000"
 1204      696E6700 
 1205 00e7 04       		.uleb128 0x4
 1206 00e8 00       		.uleb128 0
 1207 00e9 00       		.uleb128 0
 1208 00ea 632B2B63 		.ascii	"c++config.h\000"
 1208      6F6E6669 
 1208      672E6800 
 1209 00f6 03       		.uleb128 0x3
 1210 00f7 00       		.uleb128 0
 1211 00f8 00       		.uleb128 0
 1212 00f9 73746469 		.ascii	"stdint.h\000"
 1212      6E742E68 
 1212      00
 1213 0102 06       		.uleb128 0x6
 1214 0103 00       		.uleb128 0
 1215 0104 00       		.uleb128 0
 1216 0105 526F626F 		.ascii	"RobotState.hpp\000"
 1216      74537461 
 1216      74652E68 
 1216      707000
 1217 0114 02       		.uleb128 0x2
 1218 0115 00       		.uleb128 0
 1219 0116 00       		.uleb128 0
 1220 0117 73746464 		.ascii	"stddef.h\000"
 1220      65662E68 
 1220      00
ARM GAS  /tmp/ccsTK6Xp.s 			page 23


 1221 0120 06       		.uleb128 0x6
 1222 0121 00       		.uleb128 0
 1223 0122 00       		.uleb128 0
 1224 0123 73747269 		.ascii	"string.h\000"
 1224      6E672E68 
 1224      00
 1225 012c 05       		.uleb128 0x5
 1226 012d 00       		.uleb128 0
 1227 012e 00       		.uleb128 0
 1228 012f 42616C61 		.ascii	"BalanceController.cpp\000"
 1228      6E636543 
 1228      6F6E7472 
 1228      6F6C6C65 
 1228      722E6370 
 1229 0145 01       		.uleb128 0x1
 1230 0146 00       		.uleb128 0
 1231 0147 00       		.uleb128 0
 1232 0148 3C627569 		.ascii	"<built-in>\000"
 1232      6C742D69 
 1232      6E3E00
 1233 0153 00       		.uleb128 0
 1234 0154 00       		.uleb128 0
 1235 0155 00       		.uleb128 0
 1236 0156 42616C61 		.ascii	"BalanceController.hpp\000"
 1236      6E636543 
 1236      6F6E7472 
 1236      6F6C6C65 
 1236      722E6870 
 1237 016c 01       		.uleb128 0x1
 1238 016d 00       		.uleb128 0
 1239 016e 00       		.uleb128 0
 1240 016f 00       		.byte	0
 1241              	.LELTP0:
 1242              	.LELT0:
 1243              		.section	.gnu.debuglto_.debug_str,"eMS",%progbits,1
 1244              	.LASF26:
 1245 0000 696E745F 		.ascii	"int_fast16_t\000"
 1245      66617374 
 1245      31365F74 
 1245      00
 1246              	.LASF55:
 1247 000d 73697A65 		.ascii	"size_t\000"
 1247      5F7400
 1248              	.LASF35:
 1249 0014 75696E74 		.ascii	"uintptr_t\000"
 1249      7074725F 
 1249      7400
 1250              	.LASF0:
 1251 001e 5F5F6378 		.ascii	"__cxx11\000"
 1251      78313100 
 1252              	.LASF15:
 1253 0026 75696E74 		.ascii	"uint64_t\000"
 1253      36345F74 
 1253      00
 1254              	.LASF16:
 1255 002f 6C6F6E67 		.ascii	"long long unsigned int\000"
 1255      206C6F6E 
ARM GAS  /tmp/ccsTK6Xp.s 			page 24


 1255      6720756E 
 1255      7369676E 
 1255      65642069 
 1256              	.LASF32:
 1257 0046 75696E74 		.ascii	"uint_fast32_t\000"
 1257      5F666173 
 1257      7433325F 
 1257      7400
 1258              	.LASF48:
 1259 0054 54485255 		.ascii	"THRUST\000"
 1259      535400
 1260              	.LASF2:
 1261 005b 696E7431 		.ascii	"int16_t\000"
 1261      365F7400 
 1262              	.LASF8:
 1263 0063 6C6F6E67 		.ascii	"long long int\000"
 1263      206C6F6E 
 1263      6720696E 
 1263      7400
 1264              	.LASF3:
 1265 0071 7369676E 		.ascii	"signed char\000"
 1265      65642063 
 1265      68617200 
 1266              	.LASF37:
 1267 007d 75696E74 		.ascii	"uintmax_t\000"
 1267      6D61785F 
 1267      7400
 1268              	.LASF45:
 1269 0087 515F444F 		.ascii	"Q_DOT\000"
 1269      5400
 1270              	.LASF39:
 1271 008d 53746174 		.ascii	"StateIdx\000"
 1271      65496478 
 1271      00
 1272              	.LASF62:
 1273 0096 73746174 		.ascii	"state\000"
 1273      6500
 1274              	.LASF6:
 1275 009c 6C6F6E67 		.ascii	"long int\000"
 1275      20696E74 
 1275      00
 1276              	.LASF60:
 1277 00a5 73747274 		.ascii	"strtok\000"
 1277      6F6B00
 1278              	.LASF63:
 1279 00ac 696E7075 		.ascii	"input\000"
 1279      7400
 1280              	.LASF19:
 1281 00b2 696E745F 		.ascii	"int_least32_t\000"
 1281      6C656173 
 1281      7433325F 
 1281      7400
 1282              	.LASF68:
 1283 00c0 42616C61 		.ascii	"BalanceController\000"
 1283      6E636543 
 1283      6F6E7472 
 1283      6F6C6C65 
ARM GAS  /tmp/ccsTK6Xp.s 			page 25


 1283      7200
 1284              	.LASF25:
 1285 00d2 696E745F 		.ascii	"int_fast8_t\000"
 1285      66617374 
 1285      385F7400 
 1286              	.LASF11:
 1287 00de 75696E74 		.ascii	"uint16_t\000"
 1287      31365F74 
 1287      00
 1288              	.LASF72:
 1289 00e7 74686973 		.ascii	"this\000"
 1289      00
 1290              	.LASF23:
 1291 00ec 75696E74 		.ascii	"uint_least32_t\000"
 1291      5F6C6561 
 1291      73743332 
 1291      5F7400
 1292              	.LASF49:
 1293 00fb 524F4C4C 		.ascii	"ROLL_TGT\000"
 1293      5F544754 
 1293      00
 1294              	.LASF42:
 1295 0104 565F444F 		.ascii	"V_DOT\000"
 1295      5400
 1296              	.LASF30:
 1297 010a 756E7369 		.ascii	"unsigned int\000"
 1297      676E6564 
 1297      20696E74 
 1297      00
 1298              	.LASF47:
 1299 0117 496E7075 		.ascii	"InputIdx\000"
 1299      74496478 
 1299      00
 1300              	.LASF14:
 1301 0120 6C6F6E67 		.ascii	"long unsigned int\000"
 1301      20756E73 
 1301      69676E65 
 1301      6420696E 
 1301      7400
 1302              	.LASF12:
 1303 0132 73686F72 		.ascii	"short unsigned int\000"
 1303      7420756E 
 1303      7369676E 
 1303      65642069 
 1303      6E7400
 1304              	.LASF40:
 1305 0145 5A5F504F 		.ascii	"Z_POS\000"
 1305      5300
 1306              	.LASF33:
 1307 014b 75696E74 		.ascii	"uint_fast64_t\000"
 1307      5F666173 
 1307      7436345F 
 1307      7400
 1308              	.LASF34:
 1309 0159 696E7470 		.ascii	"intptr_t\000"
 1309      74725F74 
 1309      00
ARM GAS  /tmp/ccsTK6Xp.s 			page 26


 1310              	.LASF71:
 1311 0162 6465636C 		.ascii	"decltype(nullptr)\000"
 1311      74797065 
 1311      286E756C 
 1311      6C707472 
 1311      2900
 1312              	.LASF17:
 1313 0174 696E745F 		.ascii	"int_least8_t\000"
 1313      6C656173 
 1313      74385F74 
 1313      00
 1314              	.LASF65:
 1315 0181 474E5520 		.ascii	"GNU C++14 10.3.1 20210621 (release) -mcpu=cortex-m7"
 1315      432B2B31 
 1315      34203130 
 1315      2E332E31 
 1315      20323032 
 1316 01b4 202D6D74 		.ascii	" -mthumb -mfloat-abi=hard -mfpu=fpv5-d16 -march=arm"
 1316      68756D62 
 1316      202D6D66 
 1316      6C6F6174 
 1316      2D616269 
 1317 01e7 7637652D 		.ascii	"v7e-m+fp.dp -ggdb -O2 -fomit-frame-pointer -falign-"
 1317      6D2B6670 
 1317      2E647020 
 1317      2D676764 
 1317      62202D4F 
 1318 021a 66756E63 		.ascii	"functions=16 -ffunction-sections -fdata-sections -f"
 1318      74696F6E 
 1318      733D3136 
 1318      202D6666 
 1318      756E6374 
 1319 024d 6E6F2D63 		.ascii	"no-common -flto -fno-rtti\000"
 1319      6F6D6D6F 
 1319      6E202D66 
 1319      6C746F20 
 1319      2D666E6F 
 1320              	.LASF56:
 1321 0267 6C6F6E67 		.ascii	"long double\000"
 1321      20646F75 
 1321      626C6500 
 1322              	.LASF53:
 1323 0273 4E5F494E 		.ascii	"N_INPUTS\000"
 1323      50555453 
 1323      00
 1324              	.LASF27:
 1325 027c 696E745F 		.ascii	"int_fast32_t\000"
 1325      66617374 
 1325      33325F74 
 1325      00
 1326              	.LASF20:
 1327 0289 696E745F 		.ascii	"int_least64_t\000"
 1327      6C656173 
 1327      7436345F 
 1327      7400
 1328              	.LASF44:
 1329 0297 505F444F 		.ascii	"P_DOT\000"
ARM GAS  /tmp/ccsTK6Xp.s 			page 27


 1329      5400
 1330              	.LASF36:
 1331 029d 696E746D 		.ascii	"intmax_t\000"
 1331      61785F74 
 1331      00
 1332              	.LASF58:
 1333 02a6 73747263 		.ascii	"strcoll\000"
 1333      6F6C6C00 
 1334              	.LASF54:
 1335 02ae 666C6F61 		.ascii	"float\000"
 1335      7400
 1336              	.LASF24:
 1337 02b4 75696E74 		.ascii	"uint_least64_t\000"
 1337      5F6C6561 
 1337      73743634 
 1337      5F7400
 1338              	.LASF31:
 1339 02c3 75696E74 		.ascii	"uint_fast16_t\000"
 1339      5F666173 
 1339      7431365F 
 1339      7400
 1340              	.LASF5:
 1341 02d1 696E7433 		.ascii	"int32_t\000"
 1341      325F7400 
 1342              	.LASF10:
 1343 02d9 756E7369 		.ascii	"unsigned char\000"
 1343      676E6564 
 1343      20636861 
 1343      7200
 1344              	.LASF4:
 1345 02e7 73686F72 		.ascii	"short int\000"
 1345      7420696E 
 1345      7400
 1346              	.LASF61:
 1347 02f1 73747278 		.ascii	"strxfrm\000"
 1347      66726D00 
 1348              	.LASF41:
 1349 02f9 555F444F 		.ascii	"U_DOT\000"
 1349      5400
 1350              	.LASF29:
 1351 02ff 75696E74 		.ascii	"uint_fast8_t\000"
 1351      5F666173 
 1351      74385F74 
 1351      00
 1352              	.LASF18:
 1353 030c 696E745F 		.ascii	"int_least16_t\000"
 1353      6C656173 
 1353      7431365F 
 1353      7400
 1354              	.LASF51:
 1355 031a 5941575F 		.ascii	"YAW_RATE\000"
 1355      52415445 
 1355      00
 1356              	.LASF13:
 1357 0323 75696E74 		.ascii	"uint32_t\000"
 1357      33325F74 
 1357      00
ARM GAS  /tmp/ccsTK6Xp.s 			page 28


 1358              	.LASF66:
 1359 032c 7372632F 		.ascii	"src/controllers/BalanceController.cpp\000"
 1359      636F6E74 
 1359      726F6C6C 
 1359      6572732F 
 1359      42616C61 
 1360              	.LASF57:
 1361 0352 63686172 		.ascii	"char\000"
 1361      00
 1362              	.LASF21:
 1363 0357 75696E74 		.ascii	"uint_least8_t\000"
 1363      5F6C6561 
 1363      7374385F 
 1363      7400
 1364              	.LASF46:
 1365 0365 525F444F 		.ascii	"R_DOT\000"
 1365      5400
 1366              	.LASF22:
 1367 036b 75696E74 		.ascii	"uint_least16_t\000"
 1367      5F6C6561 
 1367      73743136 
 1367      5F7400
 1368              	.LASF28:
 1369 037a 696E745F 		.ascii	"int_fast64_t\000"
 1369      66617374 
 1369      36345F74 
 1369      00
 1370              	.LASF1:
 1371 0387 696E7438 		.ascii	"int8_t\000"
 1371      5F7400
 1372              	.LASF50:
 1373 038e 50495443 		.ascii	"PITCH_TGT\000"
 1373      485F5447 
 1373      5400
 1374              	.LASF69:
 1375 0398 75706461 		.ascii	"update\000"
 1375      746500
 1376              	.LASF64:
 1377 039f 6D6F746F 		.ascii	"motor_torques\000"
 1377      725F746F 
 1377      72717565 
 1377      7300
 1378              	.LASF52:
 1379 03ad 4D4F4445 		.ascii	"MODE_SW\000"
 1379      5F535700 
 1380              	.LASF9:
 1381 03b5 75696E74 		.ascii	"uint8_t\000"
 1381      385F7400 
 1382              	.LASF67:
 1383 03bd 2F686F6D 		.ascii	"/home/ian/Documents/BPRL_balance\000"
 1383      652F6961 
 1383      6E2F446F 
 1383      63756D65 
 1383      6E74732F 
 1384              	.LASF43:
 1385 03de 575F444F 		.ascii	"W_DOT\000"
 1385      5400
ARM GAS  /tmp/ccsTK6Xp.s 			page 29


 1386              	.LASF7:
 1387 03e4 696E7436 		.ascii	"int64_t\000"
 1387      345F7400 
 1388              	.LASF59:
 1389 03ec 73747265 		.ascii	"strerror\000"
 1389      72726F72 
 1389      00
 1390              	.LASF70:
 1391 03f5 5F5A4E31 		.ascii	"_ZN17BalanceController6updateEPKfS1_Pf\000"
 1391      3742616C 
 1391      616E6365 
 1391      436F6E74 
 1391      726F6C6C 
 1392              	.LASF38:
 1393 041c 5F5F676E 		.ascii	"__gnu_cxx\000"
 1393      755F6378 
 1393      7800
 1394              		.text
 1395              		.section	.gnu.lto_.profile.996ba9da218c9ef5,"e",%progbits
 1396 0000 789C6362 		.ascii	"x\234cb\000\001\000\000\022\000\003"
 1396      00010000 
 1396      120003
 1397              		.text
 1398              		.section	.gnu.lto_.icf.996ba9da218c9ef5,"e",%progbits
 1399 0000 789CE360 		.ascii	"x\234\343`@\000F\206\336\247Kfq3\000\000\014\367\002"
 1399      40004686 
 1399      DEA74B66 
 1399      71330000 
 1399      0CF702
 1400 0013 C5       		.ascii	"\305"
 1401              		.text
 1402              		.section	.gnu.lto_.ipa_sra.996ba9da218c9ef5,"e",%progbits
 1403 0000 789C5361 		.ascii	"x\234Sa@\000F\006\026\006\016\006vd\314\310\314\330"
 1403      40004606 
 1403      16060E06 
 1403      7664CCC8 
 1403      CCD8
 1404 0012 CC83AC02 		.ascii	"\314\203\254\002\000\025\224\000\373"
 1404      00159400 
 1404      FB
 1405              		.text
 1406              		.section	.gnu.lto_.inline.996ba9da218c9ef5,"e",%progbits
 1407 0000 789CD363 		.ascii	"x\234\323c@\000F\006\006\366\206\206\206\007\314i\214"
 1407      40004606 
 1407      06F68686 
 1407      8607CC69 
 1407      8C
 1408 0011 0C4C0C0C 		.ascii	"\014L\014\014\215@v\035\003\003\033\220j`Ja\002\011"
 1408      8D40761D 
 1408      03031B90 
 1408      6A604A61 
 1408      0209
 1409 0023 31B0F002 		.ascii	"1\260\360\002\011\346\011~@\022\000\373h\010\344"
 1409      09E6097E 
 1409      401200FB 
 1409      6808E4
 1410              		.text
ARM GAS  /tmp/ccsTK6Xp.s 			page 30


 1411              		.section	.gnu.lto_.jmpfuncs.996ba9da218c9ef5,"e",%progbits
 1412 0000 789CF363 		.ascii	"x\234\363c@\000F\006\026F \340`X\302\314\000\304\214"
 1412      40004606 
 1412      164620E0 
 1412      6058C2CC 
 1412      00C48C
 1413 0013 20CCB884 		.ascii	" \314\270\204\231\211\215\245\016\310a<\300\302\310"
 1413      99898DA5 
 1413      0EC8613C 
 1413      C0C2C8
 1414 0022 00C4FF81 		.ascii	"\000\304\377\201\200\237\201\211Q\013.\302\300\3004"
 1414      809F8189 
 1414      510B2EC2 
 1414      C0C034
 1415 0031 89790933 		.ascii	"\211y\01133\243\004XH\002,\304\000\000\027\224\015\330"
 1415      33A30458 
 1415      48022CC4 
 1415      00001794 
 1415      0DD8
 1416              		.text
 1417              		.section	.gnu.lto_.pureconst.996ba9da218c9ef5,"e",%progbits
 1418 0000 789C6361 		.ascii	"x\234ca```d\230\301\002\000\001`\000\242"
 1418      60606064 
 1418      98C10200 
 1418      016000A2 
 1419              		.text
 1420              		.section	.gnu.lto_.lto.996ba9da218c9ef5,"e",%progbits
 1421 0000 09000400 		.ascii	"\011\000\004\000\001\000\000\000"
 1421      01000000 
 1422              		.text
 1423              		.section	.gnu.lto__ZN17BalanceController6updateEPKfS1_Pf.31.996ba9da218c9ef5,"e",%progbits
 1424 0000 789C6D90 		.ascii	"x\234m\220=H\303@\024\307\337\313%\255RD\007\0077\025"
 1424      3D48C340 
 1424      14C7DFCB 
 1424      25AD5244 
 1424      07073715 
 1425 0014 C16287C6 		.ascii	"\301b\207\306\017\334E\035\004\035B\007\327\022C\240"
 1425      0FDC451D 
 1425      041D4207 
 1425      D71243A0 
 1426 0024 8536A949 		.ascii	"\2056\251I\352$\364\252V\261\016\375ZK\021\311\340\246"
 1426      EA24F4AA 
 1426      56B10EFD 
 1426      5A4B11C9 
 1426      E0A6
 1427 0036 8B8A8836 		.ascii	"\213\212\2106Cqs\021\332Y::H\021\007\007A\257\251V*"
 1427      43717311 
 1427      DA593A3A 
 1427      48110707 
 1427      41AFA956 
 1428 004b 1EBCBBF7 		.ascii	"\036\274\273\367\177\357\367\356\216\377:\002\034\002"
 1428      7FEFF7EE 
 1428      8EFF3A02 
 1428      1C02
 1429 0059 C0040B24 		.ascii	"\300\004\013$\200\305B\226\003J\351\202\227\303t!\333"
 1429      80C54296 
 1429      034AE982 
ARM GAS  /tmp/ccsTK6Xp.s 			page 31


 1429      97C37421 
 1429      DB
 1430 006a 8F557415 		.ascii	"\217Ut\025B\212\303\024\226\310\024\223\357\231Rc03"
 1430      428AC314 
 1430      96C81493 
 1430      EF995263 
 1430      3033
 1431 007c 6213800A 		.ascii	"b\023\200\012\013w\225\011\026\211M\020\371\357\214"
 1431      0B779509 
 1431      16894D10 
 1431      F9EF8C
 1432 008b C3319691 		.ascii	"\3031\226\221U\360\327(\315\227\217\035\336&\004\257"
 1432      55F0D728 
 1432      CD978F1D 
 1432      DE2604AF 
 1433 009b 904DE025 		.ascii	"\220M\340%\342\005{\230\025\244\007_\233J\200\337\241"
 1433      E2057B98 
 1433      15A4075F 
 1433      9B4A80DF 
 1433      A1
 1434 00ac B4553B3A 		.ascii	"\264U;:\240C\214\343\361\272\227\343\245\206\313mu\270"
 1434      A0438CE3 
 1434      F1BA97E3 
 1434      A586CB6D 
 1434      75B8
 1435 00be 7A97BBF9 		.ascii	"z\227\273\371\3135]n\333\345\316\357w\351\212M\004\274"
 1435      CB355D6E 
 1435      DBE5CEEF 
 1435      77E98A4D 
 1435      04BC
 1436 00d0 EDA504E9 		.ascii	"\355\245\004\351\305\007\340\371\371=\253\301\331\243"
 1436      C507E0F9 
 1436      F93DABC1 
 1436      D9A3
 1437 00de E0D08FCF 		.ascii	"\340\320\217\317\034\245U9\300s\210w\254\232#m+(\217"
 1437      1CA55539 
 1437      C0738877 
 1437      AC9A236D 
 1437      2B288F
 1438 00f1 D401C813 		.ascii	"\324\001\310\023\256#\322L<#mV\207\335Cr\367\020\264"
 1438      AE23D24C 
 1438      3C236D56 
 1438      87DD4372 
 1438      F710B4
 1439 0104 70FFF4CD 		.ascii	"p\377\364\315\003{\310\331\304S!l\374\204y\020h[\341"
 1439      037BC8D9 
 1439      C453216C 
 1439      FC847910 
 1439      685BE1
 1440 0117 45E6551F 		.ascii	"E\346U\037\274\342\316S\235w\335\312\021\374\275\031"
 1440      BCE2CE53 
 1440      9D77DDCA 
 1440      11FCBD19 
 1441 0127 605C8CE8 		.ascii	"`\\\214\350qU\214\312\232\270\254+\311\270\252Y\246"
 1441      71558CCA 
 1441      9AB8AC2B 
 1441      C9B8AA59 
ARM GAS  /tmp/ccsTK6Xp.s 			page 32


 1441      A6
 1442 0138 B82885D6 		.ascii	"\270(\205\326\302\033rL\326\024\025&MC\021\025]\263"
 1442      C21B724C 
 1442      D6141526 
 1442      4D431115 
 1442      5DB3
 1443 014a 0C3D1653 		.ascii	"\014=\026S\015\326\3554\226\272\245\240\222H\000oE\242"
 1443      0DD6ED34 
 1443      96BAA5A0 
 1443      9248006F 
 1443      45A2
 1444 015c E6E8BFBD 		.ascii	"\346\350\277\275\340\374\264<\243\316\317\316\201`Z"
 1444      E0FCB43C 
 1444      A3CECFCE 
 1444      81605A
 1445 016b B2A50A51 		.ascii	"\262\245\012Q-\221\264\006\342\272\245\033a\026\233"
 1445      2D91B406 
 1445      E2BAA51B 
 1445      61169B
 1446 017a 49D5FC02 		.ascii	"I\325\374\002S\322\232\263"
 1446      53D29AB3 
 1447              		.text
 1448              		.section	.gnu.lto_.symbol_nodes.996ba9da218c9ef5,"e",%progbits
 1449 0000 789C7361 		.ascii	"x\234sa\000\002&\371z\206\006 `a\234p\216\201\241\236"
 1449      000226F9 
 1449      7A860620 
 1449      60619C70 
 1449      8E81A19E 
 1450 0014 81615743 		.ascii	"\201aWC##\003#H\212\201Q\241\236\361?\024\310\203\345"
 1450      23230323 
 1450      488A8151 
 1450      A19EF13F 
 1450      14C883E5 
 1451 0028 19406A41 		.ascii	"\031@jA\222\314\014\214\020]-\214\014\000\330G\024\252"
 1451      92CC0C8C 
 1451      105D2D8C 
 1451      0C00D847 
 1451      14AA
 1452              		.text
 1453              		.section	.gnu.lto_.refs.996ba9da218c9ef5,"e",%progbits
 1454 0000 789C6364 		.ascii	"x\234cd\000\002\000\000\012\000\002"
 1454      00020000 
 1454      0A0002
 1455              		.text
 1456              		.section	.gnu.lto_.decls.996ba9da218c9ef5,"e",%progbits
 1457 0000 789C8D53 		.ascii	"x\234\215SkL\024W\024\276\347\336ag\031\266.\325\265"
 1457      6B4C1457 
 1457      14BEE7DE 
 1457      616719B6 
 1457      2ED5B5
 1458 0013 F64FE9DA 		.ascii	"\366O\351\332\244v\023\"+K\205\376$\265\265?\240\204"
 1458      A4761322 
 1458      2B4B85FE 
 1458      24B5B53F 
 1458      A084
 1459 0025 D4F407FC 		.ascii	"\324\364\007\374!\353\316\360H\366\225\335\2456\376"
 1459      21EBCEF0 
ARM GAS  /tmp/ccsTK6Xp.s 			page 33


 1459      48F695DD 
 1459      A536FE
 1460 0034 9A505389 		.ascii	"\232PS\211\245\011\241I\241b\200\220\276m\032\215\257"
 1460      A509A149 
 1460      A1628090 
 1460      BE6D1A8D 
 1460      AF
 1461 0045 0A159787 		.ascii	"\012\025\227\207\272@-\217Z\036E\241\002\332%jS\203"
 1461      BA402D8F 
 1461      5A1E45A1 
 1461      02DA256A 
 1461      5383
 1462 0057 694963B4 		.ascii	"iIc\264\347\336\331eUH\352\235\234;s\277\363\235\307"
 1462      E7DED965 
 1462      5548EA9D 
 1462      9C3B73BF 
 1462      F39DC7
 1463 006a 9C7B4E5B 		.ascii	"\234{N[\032!\365\200B\010y\210\213\342{\014EB9\207\022"
 1463      1A21F580 
 1463      42087988 
 1463      8BE27B0C 
 1463      45423987 
 1464 007f 45294629 		.ascii	"E)F)#\306\342\372\021\224\005\262v\265\243\237t|W\243"
 1464      23C6E2FA 
 1464      119405B2 
 1464      76B5A39F 
 1464      747C57A3 
 1465 0093 6C44B13D 		.ascii	"lD\261=\341c1\341g\376)|51\330\010\022\3566\2603J\234"
 1465      E16331E1 
 1465      67FE297C 
 1465      3531D808 
 1465      12EE36B0 
 1466 00aa BA5875CF 		.ascii	"\272Xu\317\0218\015\202\220\227\301\366\020VEZ\231\324"
 1466      11380D82 
 1466      9097C1F6 
 1466      1056455A 
 1466      99D4
 1467 00bc 3C35FF8D 		.ascii	"<5\377\215i\223\003\365q\275>\012\004\362`\007\201n"
 1467      699303F5 
 1467      71BD3E0A 
 1467      04F26007 
 1467      816E
 1468 00ce 802E8033 		.ascii	"\200.\2003\234\215\232\225\345K\327:\025\231Cg\023("
 1468      9C8D9A95 
 1468      E54BD73A 
 1468      15994367 
 1468      1328
 1469 00e0 811F00CD 		.ascii	"\201\037\000\315\351\255\373\303s\026KT\327\377\322"
 1469      E9ADFBC3 
 1469      73164B54 
 1469      D7FFD2
 1470 00ef 3BFA24CE 		.ascii	";\372$\3168\005p\022\031\360#nH\210\326\335=H\005!\272"
 1470      38057012 
 1470      19F0236E 
 1470      4888D6DD 
 1470      3D480521 
 1471 0104 0E810D08 		.ascii	"\016\201\015\010/\207\016\375\331\30120\322\325^$\221"
ARM GAS  /tmp/ccsTK6Xp.s 			page 34


 1471      2F870EFD 
 1471      D9C13230 
 1471      D2D55E24 
 1471      91
 1472 0115 04057A00 		.ascii	"\004\005z\000\336&\302\313\310'+C\351\2510\347S^\242"
 1472      DE26C2CB 
 1472      C8272B43 
 1472      E9A930E7 
 1472      535EA2
 1473 0128 4698B19E 		.ascii	"F\230\261\236\003\343\0317@\224ER\001`*\0377\205\224"
 1473      03E31937 
 1473      40944552 
 1473      01602A1F 
 1473      378594
 1474 013b 3362D3A9 		.ascii	"3b\323\251NM*\243\012S\230\252\304 \313q\217\025\232"
 1474      4E4D2AA3 
 1474      0A5398AA 
 1474      C420CB71 
 1474      8F159A
 1475 014e A9C3AA98 		.ascii	"\251\303\252\230\277\356\207L%\315Li\\V\025\307\277"
 1475      BFEE874C 
 1475      25CD4C69 
 1475      5C5615C7 
 1475      BF
 1476 015f F01DED30 		.ascii	"\360\035\3550\331\013uIm\330\034\227u\332Xb\313+\304"
 1476      D90B7549 
 1476      6DD81C97 
 1476      75DA5862 
 1476      CB2BC4
 1477 0172 3D2EC740 		.ascii	"=.\307@E\253R\311\234\211_qY\271\307:>6\251\227i\375"
 1477      45AB52C9 
 1477      9C895F71 
 1477      59B9C73A 
 1477      3E36A997 
 1478 0188 2B100345 		.ascii	"+\020\003Eu\3310\371B\2639\313\332\307\372\330nB\314"
 1478      75D930F9 
 1478      42B339CB 
 1478      DAC7FAD8 
 1478      6E42CC
 1479 019b E663DF6F 		.ascii	"\346c\337oV\342\262\025]8T{\246j\267\306 MU\025\233"
 1479      56E2B215 
 1479      5D38547B 
 1479      A66AB7C6 
 1479      204D5515 
 1480 01b0 836012AA 		.ascii	"\203`\022\252\313UH\025\364,\231c\340b`q\351\327omQ"
 1480      CB554815 
 1480      F42C9963 
 1480      E0626071 
 1480      E9D76F6D 
 1481 01c5 D294F42C 		.ascii	"\322\224\364,\273\203\020\225\354\246\350\227=L.\220"
 1481      BB831095 
 1481      ECA6E897 
 1481      3D4C2E90 
 1482 01d5 31A69A3A 		.ascii	"1\246\232:\0028\024\352\242\254(.c+P;^\223d\266X@\307"
 1482      023814EA 
 1482      A2AC282E 
 1482      632B503B 
ARM GAS  /tmp/ccsTK6Xp.s 			page 35


 1482      5E9364B6 
 1483 01ec 577A4591 		.ascii	"WzE\221Z\352RH\\\246\250\262I\240SHY*&\002pX\306\352"
 1483      5AEA5248 
 1483      5CA6A8B2 
 1483      49A05348 
 1483      592A2602 
 1484 0204 8A876F90 		.ascii	"\212\207o\220\330\200\037\301h\345d\030c!N\023lN\001"
 1484      D8801FC1 
 1484      68E56418 
 1484      63214E13 
 1484      6C4E01
 1485 0217 839D7C91 		.ascii	"\203\235|\221$\013\313\237\360C\023\235\010\206M\"\010"
 1485      240BCB9F 
 1485      F043139D 
 1485      08864D22 
 1485      08
 1486 0228 DF1F71BE 		.ascii	"\337\037q\276J1>\037\211fp\015\302\252m\342\223\307"
 1486      4A313E1F 
 1486      8966700D 
 1486      C2AA6DE2 
 1486      93C7
 1487 023a 10412881 		.ascii	"\020A(\201\224\215\260{,qB\036K2\031\216$\375\033\215"
 1487      948DB07B 
 1487      2C71421E 
 1487      4B32198E 
 1487      24FD1B8D 
 1488 024e D5DE33B9 		.ascii	"\325\3363\271\377&\360\036?\322#Cfc!\001\266\004\204"
 1488      FF26F01E 
 1488      3FD22343 
 1488      66632101 
 1488      B60484
 1489 0261 3552AE3D 		.ascii	"5R\256=\256G\247\201O3\024C\000\317\247\272\357\334"
 1489      AE47A781 
 1489      4F331443 
 1489      00CFA7BA 
 1489      EFDC
 1490 0273 50C4390A 		.ascii	"P\3049\012p\001\020i9|\247\375\231$r\021\021\251\375"
 1490      70011069 
 1490      397CA7FD 
 1490      99247211 
 1490      11A9FD
 1491 0286 8FAE6E8B 		.ascii	"\217\256n\213\030(]\014\024\327\015\002\336\346\352"
 1491      18285D0C 
 1491      14D70D02 
 1491      DEE6EA
 1492 0295 3865F2C3 		.ascii	"8e\362\303\223\2034:\372\321 Mux,\325\341CF\207\017"
 1492      9383343A 
 1492      FAD1204D 
 1492      75782CD5 
 1492      E1434687 
 1493 02aa 1C6DE837 		.ascii	"\034m\3507\211HC\000\227@\3148\0253\236\211\332\203"
 1493      89484300 
 1493      9740CC38 
 1493      15339E89 
 1493      DA83
 1494 02bc 5DB34BE6 		.ascii	"]\263K\346\347\321\371m]\267A5\\\006\370\211\033\377"
 1494      E7D1F96D 
ARM GAS  /tmp/ccsTK6Xp.s 			page 36


 1494      5DB74135 
 1494      5C06F889 
 1494      1BFF
 1495 02ce 8C7F3F8C 		.ascii	"\214\177?\214\322\305\223}Pwqn\303K--\372\312l\323\342"
 1495      D2C5937D 
 1495      5077716E 
 1495      C34B2D2D 
 1495      FACA6CD3 
 1496 02e3 6BD13AA4 		.ascii	"k\321:\244K\310\200\201\325\\\372\221\332\007\320\013"
 1496      4BC88081 
 1496      D55CFA91 
 1496      DA07D00B 
 1497 02f3 79BD19AC 		.ascii	"y\275\031\254\207\022vA\324\341X\353\315!\031c\303\030"
 1497      87127641 
 1497      D4E158EB 
 1497      CD211963 
 1497      C318
 1498 0305 9FD92181 		.ascii	"\237\331!\201u~\3216\236\316\261_\320f\234\347S&\332"
 1498      757ED136 
 1498      9ECEB15F 
 1498      D0669CE7 
 1498      5326DA
 1499 0318 CC2ABE08 		.ascii	"\314*\276\010\033\027\254\246\345\177b&E\374V\364@\372"
 1499      1B17ACA6 
 1499      E57F6226 
 1499      45FC56F4 
 1499      40FA
 1500 032a EA644F02 		.ascii	"\352dO\002\224\021\230\000\370\225\347\325z\376\354"
 1500      94119800 
 1500      F895E7D5 
 1500      7AFEEC
 1501 0339 5792F8B5 		.ascii	"W\222\370\265)\020u\27623<b\000\3450\315\031\367\343"
 1501      291075BE 
 1501      32333C62 
 1501      00E530CD 
 1501      19F7E3
 1502 034c 9F76A609 		.ascii	"\237v\246\011\240\012~\343\300\304\007\015\177o\330"
 1502      A00A7EE3 
 1502      C0C4070D 
 1502      7F6FD8
 1503 035b 3A4D4590 		.ascii	":ME\220s\237-\2350\350W1\360\214\300\356\266/\177\311"
 1503      739F2D9D 
 1503      30E85731 
 1503      F08CC0EE 
 1503      B62F7FC9 
 1504 036f CB05B300 		.ascii	"\313\005\263\000\327\020]\020\350\321\346\317G\305\217"
 1504      D7105D10 
 1504      E8D1E6CF 
 1504      47C58F
 1505 037e FC8E49CC 		.ascii	"\374\216I\314qG\0376O\324)[\222\205\2532\012\007\327"
 1505      71471F36 
 1505      4FD4295B 
 1505      9285AB32 
 1505      0A07D7
 1506 0391 513D8F32 		.ascii	"Q=\2172c\324\276m\360\344q,\\\275\276rzr\320uD\357\253"
 1506      63D4BE6D 
 1506      F0E4712C 
ARM GAS  /tmp/ccsTK6Xp.s 			page 37


 1506      5CBDBE72 
 1506      7A72D075 
 1507 03a8 EBB02C30 		.ascii	"\353\260,0d\300\250Q:\270\202\344QH4\325\211\007\337"
 1507      64C0A851 
 1507      3AB882E4 
 1507      514834D5 
 1507      8907DF
 1508 03bb DEB6A6EE 		.ascii	"\336\266\246\356r>u\227\213\234\362r8\344qz\002\376"
 1508      723E7597 
 1508      8B9CF272 
 1508      38E4717A 
 1508      02FE
 1509 03cd 4828E0F5 		.ascii	"H(\340\365j\241\260\363u\267\327\355\367h\273V\241\034"
 1509      6AA1B0F3 
 1509      75B7D7ED 
 1509      F768BB56 
 1509      A11C
 1510 03df 4F30A8BC 		.ascii	"O0\250\274U\362\256}Wvv\356\253\344\305u\0119;w\270"
 1510      55F2AE7D 
 1510      577676EE 
 1510      ABE4C575 
 1510      09393B77 
 1511 03f4 73B59DAE 		.ascii	"s\265\235\256<\262)\267`\015\343\3315\310Vgu\300\247"
 1511      3CB229B7 
 1511      600DE3D9 
 1511      35C85667 
 1511      75C0A7
 1512 0407 396BDC7E 		.ascii	"9k\334~\347\033\001O\255O\363G0t\351;\305\025{\015*"
 1512      E71B014F 
 1512      AD4FF347 
 1512      3074E93B 
 1512      C5157B0D 
 1513 041c 71E438FF 		.ascii	"q\3448\377?\265\352`\220\244Uz\003\356\010\313\315'"
 1513      3FB5EA60 
 1513      90A4557A 
 1513      03EE08CB 
 1513      CD27
 1514 042e 5677C8F7 		.ascii	"Vw\310\367^\201\266\335\227]\031\314Q\203D\361\004B"
 1514      5E81B6DD 
 1514      975D19CC 
 1514      518344F1 
 1514      0442
 1515 0440 11EDFDED 		.ascii	"\021\355\375\355\276\002\262\255\242\274d\235\304\362"
 1515      BE02B2AD 
 1515      A2BC649D 
 1515      C4F2
 1516 044e 6B83AA3B 		.ascii	"k\203\252;\242\275YZT\271'\267\242\264\322d\234\267"
 1516      A2BD595A 
 1516      54B927B7 
 1516      A2B4D264 
 1516      9CB7
 1517 0460 3D555188 		.ascii	"=UQ\210\311\247\371\302ZD\362j\356J\331\037\210T\207"
 1517      C9A7F9C2 
 1517      5A44F26A 
 1517      EE4AD91F 
 1517      885487
 1518 0473 02FB4CE1 		.ascii	"\002\373L\341\232\375ZE\004r\345J\277=\034\324<\250"
ARM GAS  /tmp/ccsTK6Xp.s 			page 38


 1518      9AFD5A45 
 1518      0472E54A 
 1518      BF3D1CD4 
 1518      3CA8
 1519 0485 F0FB6BBD 		.ascii	"\360\373k\275\336\027\234\265\341\220\263\306\357\361"
 1519      DE179CB5 
 1519      E190B3C6 
 1519      EFF1
 1520 0493 D6AA9AD3 		.ascii	"\326\252\232\323\257\355\363\326\354u\206#\241\032\177"
 1520      AFEDF3D6 
 1520      EC758623 
 1520      A11A7F
 1521 04a2 554E35F9 		.ascii	"UN5\371\017J\354\027 "
 1521      0F4AEC17 
 1521      20
 1522              		.text
 1523              		.section	.gnu.lto_.symtab.996ba9da218c9ef5,"e",%progbits
 1524 0000 5F5A4E31 		.ascii	"_ZN17BalanceController6updateEPKfS1_Pf\000"
 1524      3742616C 
 1524      616E6365 
 1524      436F6E74 
 1524      726F6C6C 
 1525 0027 00       		.ascii	"\000"
 1526 0028 00       		.ascii	"\000"
 1527 0029 00       		.ascii	"\000"
 1528 002a 00000000 		.ascii	"\000\000\000\000\000\000\000\000"
 1528      00000000 
 1529 0032 CF000000 		.ascii	"\317\000\000\000"
 1530              		.text
 1531              		.section	.gnu.lto_.ext_symtab.996ba9da218c9ef5,"e",%progbits
 1532 0000 01       		.ascii	"\001"
 1533 0001 01       		.ascii	"\001"
 1534 0002 00       		.ascii	"\000"
 1535              		.text
 1536              		.section	.gnu.lto_.opts,"e",%progbits
 1537 0000 272D666E 		.ascii	"'-fno-openmp' '-fno-openacc' '-fno-pie' '-fcf-prote"
 1537      6F2D6F70 
 1537      656E6D70 
 1537      2720272D 
 1537      666E6F2D 
 1538 0033 6374696F 		.ascii	"ction=none' '-g' '-mcpu=cortex-m7' '-mthumb' '-mflo"
 1538      6E3D6E6F 
 1538      6E652720 
 1538      272D6727 
 1538      20272D6D 
 1539 0066 61742D61 		.ascii	"at-abi=hard' '-mfpu=fpv5-d16' '-mlibarch=armv7e-m+f"
 1539      62693D68 
 1539      61726427 
 1539      20272D6D 
 1539      6670753D 
 1540 0099 702E6470 		.ascii	"p.dp' '-march=armv7e-m+fp.dp' '-O2' '-fomit-frame-p"
 1540      2720272D 
 1540      6D617263 
 1540      683D6172 
 1540      6D763765 
 1541 00cc 6F696E74 		.ascii	"ointer' '-falign-functions=16' '-ffunction-sections"
 1541      65722720 
ARM GAS  /tmp/ccsTK6Xp.s 			page 39


 1541      272D6661 
 1541      6C69676E 
 1541      2D66756E 
 1542 00ff 2720272D 		.ascii	"' '-fdata-sections' '-fno-common' '-flto' '-Xassemb"
 1542      66646174 
 1542      612D7365 
 1542      6374696F 
 1542      6E732720 
 1543 0132 6C657227 		.ascii	"ler' '-alms=build/lst/BalanceController.lst'\000"
 1543      20272D61 
 1543      6C6D733D 
 1543      6275696C 
 1543      642F6C73 
 1544              		.text
 1545              		.comm	__gnu_lto_slim,1,1
 1546              		.ident	"GCC: (15:10.3-2021.07-4) 10.3.1 20210621 (release)"
ARM GAS  /tmp/ccsTK6Xp.s 			page 40


DEFINED SYMBOLS
                            *ABS*:0000000000000000 BalanceController.cpp
     /tmp/ccsTK6Xp.s:27     .gnu.debuglto_.debug_info:0000000000000000 BalanceController.cpp.50a1e523
                            *COM*:0000000000000001 __gnu_lto_slim

NO UNDEFINED SYMBOLS
