ARM GAS  /tmp/cclRfKCd.s 			page 1


   1              		.cpu cortex-m7
   2              		.eabi_attribute 28, 1
   3              		.eabi_attribute 20, 1
   4              		.eabi_attribute 21, 1
   5              		.eabi_attribute 23, 3
   6              		.eabi_attribute 24, 1
   7              		.eabi_attribute 25, 1
   8              		.eabi_attribute 26, 1
   9              		.eabi_attribute 30, 2
  10              		.eabi_attribute 34, 1
  11              		.eabi_attribute 18, 4
  12              		.file	"board.c"
  13              		.file 1 "/usr/lib/gcc/arm-none-eabi/10.3.1/include/stdint.h"
  14              		.file 2 "third_party/ChibiOS/os/hal/ports/STM32/LLD/GPIOv2/stm32_gpio.h"
  15              		.file 3 "third_party/ChibiOS/os/hal/ports/STM32/LLD/GPIOv2/hal_pal_lld.h"
  16              		.file 4 "boards/CubeOrangePlus/board.c"
  17              		.section	.gnu.debuglto_.debug_info,"e",%progbits
  18              	.Ldebug_info0:
  19              		.hidden	board.c.1b507a9f
  20              		.weak	board.c.1b507a9f
  21              	board.c.1b507a9f:
  22 0000 91010000 		.4byte	0x191
  23 0004 0400     		.2byte	0x4
  24 0006 00000000 		.4byte	.Ldebug_abbrev0
  25 000a 04       		.byte	0x4
  26 000b 01       		.uleb128 0x1
  27 000c CA000000 		.4byte	.LASF26
  28 0010 0C       		.byte	0xc
  29 0011 19000000 		.4byte	.LASF27
  30 0015 37000000 		.4byte	.LASF28
  31 0019 00000000 		.4byte	.Ldebug_line0
  32 001d 02       		.uleb128 0x2
  33 001e 04       		.byte	0x4
  34 001f 05       		.byte	0x5
  35 0020 696E7400 		.ascii	"int\000"
  36 0024 03       		.uleb128 0x3
  37 0025 04       		.byte	0x4
  38 0026 07       		.byte	0x7
  39 0027 A4010000 		.4byte	.LASF0
  40 002b 03       		.uleb128 0x3
  41 002c 08       		.byte	0x8
  42 002d 05       		.byte	0x5
  43 002e E2010000 		.4byte	.LASF1
  44 0032 03       		.uleb128 0x3
  45 0033 08       		.byte	0x8
  46 0034 04       		.byte	0x4
  47 0035 0B020000 		.4byte	.LASF2
  48 0039 03       		.uleb128 0x3
  49 003a 01       		.byte	0x1
  50 003b 06       		.byte	0x6
  51 003c 17020000 		.4byte	.LASF3
  52 0040 03       		.uleb128 0x3
  53 0041 02       		.byte	0x2
  54 0042 05       		.byte	0x5
  55 0043 C0000000 		.4byte	.LASF4
  56 0047 03       		.uleb128 0x3
  57 0048 04       		.byte	0x4
ARM GAS  /tmp/cclRfKCd.s 			page 2


  58 0049 05       		.byte	0x5
  59 004a 02020000 		.4byte	.LASF5
  60 004e 03       		.uleb128 0x3
  61 004f 01       		.byte	0x1
  62 0050 08       		.byte	0x8
  63 0051 83000000 		.4byte	.LASF6
  64 0055 04       		.uleb128 0x4
  65 0056 F0010000 		.4byte	.LASF8
  66 005a 01       		.byte	0x1
  67 005b 31       		.byte	0x31
  68 005c 19       		.byte	0x19
  69 005d 61000000 		.4byte	0x61
  70 0061 03       		.uleb128 0x3
  71 0062 02       		.byte	0x2
  72 0063 07       		.byte	0x7
  73 0064 A8000000 		.4byte	.LASF7
  74 0068 04       		.uleb128 0x4
  75 0069 F9010000 		.4byte	.LASF9
  76 006d 01       		.byte	0x1
  77 006e 34       		.byte	0x34
  78 006f 19       		.byte	0x19
  79 0070 79000000 		.4byte	0x79
  80 0074 05       		.uleb128 0x5
  81 0075 68000000 		.4byte	0x68
  82 0079 03       		.uleb128 0x3
  83 007a 04       		.byte	0x4
  84 007b 07       		.byte	0x7
  85 007c 96000000 		.4byte	.LASF10
  86 0080 03       		.uleb128 0x3
  87 0081 08       		.byte	0x8
  88 0082 07       		.byte	0x7
  89 0083 6C000000 		.4byte	.LASF11
  90 0087 03       		.uleb128 0x3
  91 0088 01       		.byte	0x1
  92 0089 08       		.byte	0x8
  93 008a BA010000 		.4byte	.LASF12
  94 008e 03       		.uleb128 0x3
  95 008f 01       		.byte	0x1
  96 0090 02       		.byte	0x2
  97 0091 23020000 		.4byte	.LASF13
  98 0095 06       		.uleb128 0x6
  99 0096 04       		.byte	0x4
 100 0097 02       		.byte	0x2
 101 0098 5B       		.byte	0x5b
 102 0099 05       		.byte	0x5
 103 009a B9000000 		.4byte	0xb9
 104 009e 07       		.uleb128 0x7
 105 009f 73657400 		.ascii	"set\000"
 106 00a3 02       		.byte	0x2
 107 00a4 5C       		.byte	0x5c
 108 00a5 19       		.byte	0x19
 109 00a6 55000000 		.4byte	0x55
 110 00aa 00       		.byte	0
 111 00ab 08       		.uleb128 0x8
 112 00ac 08000000 		.4byte	.LASF14
 113 00b0 02       		.byte	0x2
 114 00b1 5D       		.byte	0x5d
ARM GAS  /tmp/cclRfKCd.s 			page 3


 115 00b2 19       		.byte	0x19
 116 00b3 55000000 		.4byte	0x55
 117 00b7 02       		.byte	0x2
 118 00b8 00       		.byte	0
 119 00b9 09       		.uleb128 0x9
 120 00ba 04       		.byte	0x4
 121 00bb 02       		.byte	0x2
 122 00bc 59       		.byte	0x59
 123 00bd 0C       		.byte	0xc
 124 00be D7000000 		.4byte	0xd7
 125 00c2 0A       		.uleb128 0xa
 126 00c3 5700     		.ascii	"W\000"
 127 00c5 02       		.byte	0x2
 128 00c6 5A       		.byte	0x5a
 129 00c7 19       		.byte	0x19
 130 00c8 68000000 		.4byte	0x68
 131 00cc 0A       		.uleb128 0xa
 132 00cd 4800     		.ascii	"H\000"
 133 00cf 02       		.byte	0x2
 134 00d0 5E       		.byte	0x5e
 135 00d1 07       		.byte	0x7
 136 00d2 95000000 		.4byte	0x95
 137 00d6 00       		.byte	0
 138 00d7 05       		.uleb128 0x5
 139 00d8 B9000000 		.4byte	0xb9
 140 00dc 06       		.uleb128 0x6
 141 00dd 28       		.byte	0x28
 142 00de 02       		.byte	0x2
 143 00df 51       		.byte	0x51
 144 00e0 09       		.byte	0x9
 145 00e1 68010000 		.4byte	0x168
 146 00e5 08       		.uleb128 0x8
 147 00e6 0E000000 		.4byte	.LASF15
 148 00ea 02       		.byte	0x2
 149 00eb 53       		.byte	0x53
 150 00ec 19       		.byte	0x19
 151 00ed 74000000 		.4byte	0x74
 152 00f1 00       		.byte	0
 153 00f2 08       		.uleb128 0x8
 154 00f3 65000000 		.4byte	.LASF16
 155 00f7 02       		.byte	0x2
 156 00f8 54       		.byte	0x54
 157 00f9 19       		.byte	0x19
 158 00fa 74000000 		.4byte	0x74
 159 00fe 04       		.byte	0x4
 160 00ff 08       		.uleb128 0x8
 161 0100 00000000 		.4byte	.LASF17
 162 0104 02       		.byte	0x2
 163 0105 55       		.byte	0x55
 164 0106 19       		.byte	0x19
 165 0107 74000000 		.4byte	0x74
 166 010b 08       		.byte	0x8
 167 010c 08       		.uleb128 0x8
 168 010d DC010000 		.4byte	.LASF18
 169 0111 02       		.byte	0x2
 170 0112 56       		.byte	0x56
 171 0113 19       		.byte	0x19
ARM GAS  /tmp/cclRfKCd.s 			page 4


 172 0114 74000000 		.4byte	0x74
 173 0118 0C       		.byte	0xc
 174 0119 07       		.uleb128 0x7
 175 011a 49445200 		.ascii	"IDR\000"
 176 011e 02       		.byte	0x2
 177 011f 57       		.byte	0x57
 178 0120 19       		.byte	0x19
 179 0121 74000000 		.4byte	0x74
 180 0125 10       		.byte	0x10
 181 0126 07       		.uleb128 0x7
 182 0127 4F445200 		.ascii	"ODR\000"
 183 012b 02       		.byte	0x2
 184 012c 58       		.byte	0x58
 185 012d 19       		.byte	0x19
 186 012e 74000000 		.4byte	0x74
 187 0132 14       		.byte	0x14
 188 0133 08       		.uleb128 0x8
 189 0134 14000000 		.4byte	.LASF19
 190 0138 02       		.byte	0x2
 191 0139 5F       		.byte	0x5f
 192 013a 05       		.byte	0x5
 193 013b D7000000 		.4byte	0xd7
 194 013f 18       		.byte	0x18
 195 0140 08       		.uleb128 0x8
 196 0141 C9010000 		.4byte	.LASF20
 197 0145 02       		.byte	0x2
 198 0146 60       		.byte	0x60
 199 0147 19       		.byte	0x19
 200 0148 74000000 		.4byte	0x74
 201 014c 1C       		.byte	0x1c
 202 014d 08       		.uleb128 0x8
 203 014e BB000000 		.4byte	.LASF21
 204 0152 02       		.byte	0x2
 205 0153 61       		.byte	0x61
 206 0154 19       		.byte	0x19
 207 0155 74000000 		.4byte	0x74
 208 0159 20       		.byte	0x20
 209 015a 08       		.uleb128 0x8
 210 015b 91000000 		.4byte	.LASF22
 211 015f 02       		.byte	0x2
 212 0160 62       		.byte	0x62
 213 0161 19       		.byte	0x19
 214 0162 74000000 		.4byte	0x74
 215 0166 24       		.byte	0x24
 216 0167 00       		.byte	0
 217 0168 04       		.uleb128 0x4
 218 0169 CF010000 		.4byte	.LASF23
 219 016d 02       		.byte	0x2
 220 016e 63       		.byte	0x63
 221 016f 03       		.byte	0x3
 222 0170 DC000000 		.4byte	0xdc
 223 0174 04       		.uleb128 0x4
 224 0175 58000000 		.4byte	.LASF24
 225 0179 03       		.byte	0x3
 226 017a C2       		.byte	0xc2
 227 017b 12       		.byte	0x12
 228 017c 68000000 		.4byte	0x68
ARM GAS  /tmp/cclRfKCd.s 			page 5


 229 0180 04       		.uleb128 0x4
 230 0181 B1010000 		.4byte	.LASF25
 231 0185 03       		.byte	0x3
 232 0186 CC       		.byte	0xcc
 233 0187 12       		.byte	0x12
 234 0188 68000000 		.4byte	0x68
 235 018c 0B       		.uleb128 0xb
 236 018d BF010000 		.4byte	.LASF29
 237 0191 04       		.byte	0x4
 238 0192 0B       		.byte	0xb
 239 0193 06       		.byte	0x6
 240 0194 00       		.byte	0
 241              		.section	.gnu.debuglto_.debug_abbrev,"e",%progbits
 242              	.Ldebug_abbrev0:
 243 0000 01       		.uleb128 0x1
 244 0001 11       		.uleb128 0x11
 245 0002 01       		.byte	0x1
 246 0003 25       		.uleb128 0x25
 247 0004 0E       		.uleb128 0xe
 248 0005 13       		.uleb128 0x13
 249 0006 0B       		.uleb128 0xb
 250 0007 03       		.uleb128 0x3
 251 0008 0E       		.uleb128 0xe
 252 0009 1B       		.uleb128 0x1b
 253 000a 0E       		.uleb128 0xe
 254 000b 10       		.uleb128 0x10
 255 000c 17       		.uleb128 0x17
 256 000d 00       		.byte	0
 257 000e 00       		.byte	0
 258 000f 02       		.uleb128 0x2
 259 0010 24       		.uleb128 0x24
 260 0011 00       		.byte	0
 261 0012 0B       		.uleb128 0xb
 262 0013 0B       		.uleb128 0xb
 263 0014 3E       		.uleb128 0x3e
 264 0015 0B       		.uleb128 0xb
 265 0016 03       		.uleb128 0x3
 266 0017 08       		.uleb128 0x8
 267 0018 00       		.byte	0
 268 0019 00       		.byte	0
 269 001a 03       		.uleb128 0x3
 270 001b 24       		.uleb128 0x24
 271 001c 00       		.byte	0
 272 001d 0B       		.uleb128 0xb
 273 001e 0B       		.uleb128 0xb
 274 001f 3E       		.uleb128 0x3e
 275 0020 0B       		.uleb128 0xb
 276 0021 03       		.uleb128 0x3
 277 0022 0E       		.uleb128 0xe
 278 0023 00       		.byte	0
 279 0024 00       		.byte	0
 280 0025 04       		.uleb128 0x4
 281 0026 16       		.uleb128 0x16
 282 0027 00       		.byte	0
 283 0028 03       		.uleb128 0x3
 284 0029 0E       		.uleb128 0xe
 285 002a 3A       		.uleb128 0x3a
ARM GAS  /tmp/cclRfKCd.s 			page 6


 286 002b 0B       		.uleb128 0xb
 287 002c 3B       		.uleb128 0x3b
 288 002d 0B       		.uleb128 0xb
 289 002e 39       		.uleb128 0x39
 290 002f 0B       		.uleb128 0xb
 291 0030 49       		.uleb128 0x49
 292 0031 13       		.uleb128 0x13
 293 0032 00       		.byte	0
 294 0033 00       		.byte	0
 295 0034 05       		.uleb128 0x5
 296 0035 35       		.uleb128 0x35
 297 0036 00       		.byte	0
 298 0037 49       		.uleb128 0x49
 299 0038 13       		.uleb128 0x13
 300 0039 00       		.byte	0
 301 003a 00       		.byte	0
 302 003b 06       		.uleb128 0x6
 303 003c 13       		.uleb128 0x13
 304 003d 01       		.byte	0x1
 305 003e 0B       		.uleb128 0xb
 306 003f 0B       		.uleb128 0xb
 307 0040 3A       		.uleb128 0x3a
 308 0041 0B       		.uleb128 0xb
 309 0042 3B       		.uleb128 0x3b
 310 0043 0B       		.uleb128 0xb
 311 0044 39       		.uleb128 0x39
 312 0045 0B       		.uleb128 0xb
 313 0046 01       		.uleb128 0x1
 314 0047 13       		.uleb128 0x13
 315 0048 00       		.byte	0
 316 0049 00       		.byte	0
 317 004a 07       		.uleb128 0x7
 318 004b 0D       		.uleb128 0xd
 319 004c 00       		.byte	0
 320 004d 03       		.uleb128 0x3
 321 004e 08       		.uleb128 0x8
 322 004f 3A       		.uleb128 0x3a
 323 0050 0B       		.uleb128 0xb
 324 0051 3B       		.uleb128 0x3b
 325 0052 0B       		.uleb128 0xb
 326 0053 39       		.uleb128 0x39
 327 0054 0B       		.uleb128 0xb
 328 0055 49       		.uleb128 0x49
 329 0056 13       		.uleb128 0x13
 330 0057 38       		.uleb128 0x38
 331 0058 0B       		.uleb128 0xb
 332 0059 00       		.byte	0
 333 005a 00       		.byte	0
 334 005b 08       		.uleb128 0x8
 335 005c 0D       		.uleb128 0xd
 336 005d 00       		.byte	0
 337 005e 03       		.uleb128 0x3
 338 005f 0E       		.uleb128 0xe
 339 0060 3A       		.uleb128 0x3a
 340 0061 0B       		.uleb128 0xb
 341 0062 3B       		.uleb128 0x3b
 342 0063 0B       		.uleb128 0xb
ARM GAS  /tmp/cclRfKCd.s 			page 7


 343 0064 39       		.uleb128 0x39
 344 0065 0B       		.uleb128 0xb
 345 0066 49       		.uleb128 0x49
 346 0067 13       		.uleb128 0x13
 347 0068 38       		.uleb128 0x38
 348 0069 0B       		.uleb128 0xb
 349 006a 00       		.byte	0
 350 006b 00       		.byte	0
 351 006c 09       		.uleb128 0x9
 352 006d 17       		.uleb128 0x17
 353 006e 01       		.byte	0x1
 354 006f 0B       		.uleb128 0xb
 355 0070 0B       		.uleb128 0xb
 356 0071 3A       		.uleb128 0x3a
 357 0072 0B       		.uleb128 0xb
 358 0073 3B       		.uleb128 0x3b
 359 0074 0B       		.uleb128 0xb
 360 0075 39       		.uleb128 0x39
 361 0076 0B       		.uleb128 0xb
 362 0077 01       		.uleb128 0x1
 363 0078 13       		.uleb128 0x13
 364 0079 00       		.byte	0
 365 007a 00       		.byte	0
 366 007b 0A       		.uleb128 0xa
 367 007c 0D       		.uleb128 0xd
 368 007d 00       		.byte	0
 369 007e 03       		.uleb128 0x3
 370 007f 08       		.uleb128 0x8
 371 0080 3A       		.uleb128 0x3a
 372 0081 0B       		.uleb128 0xb
 373 0082 3B       		.uleb128 0x3b
 374 0083 0B       		.uleb128 0xb
 375 0084 39       		.uleb128 0x39
 376 0085 0B       		.uleb128 0xb
 377 0086 49       		.uleb128 0x49
 378 0087 13       		.uleb128 0x13
 379 0088 00       		.byte	0
 380 0089 00       		.byte	0
 381 008a 0B       		.uleb128 0xb
 382 008b 2E       		.uleb128 0x2e
 383 008c 00       		.byte	0
 384 008d 3F       		.uleb128 0x3f
 385 008e 19       		.uleb128 0x19
 386 008f 03       		.uleb128 0x3
 387 0090 0E       		.uleb128 0xe
 388 0091 3A       		.uleb128 0x3a
 389 0092 0B       		.uleb128 0xb
 390 0093 3B       		.uleb128 0x3b
 391 0094 0B       		.uleb128 0xb
 392 0095 39       		.uleb128 0x39
 393 0096 0B       		.uleb128 0xb
 394 0097 27       		.uleb128 0x27
 395 0098 19       		.uleb128 0x19
 396 0099 00       		.byte	0
 397 009a 00       		.byte	0
 398 009b 00       		.byte	0
 399              		.section	.gnu.debuglto_.debug_line,"e",%progbits
ARM GAS  /tmp/cclRfKCd.s 			page 8


 400              	.Ldebug_line0:
 401 0000 C4000000 		.4byte	.LELT0-.LSLT0
 402              	.LSLT0:
 403 0004 0400     		.2byte	0x4
 404 0006 BE000000 		.4byte	.LELTP0-.LASLTP0
 405              	.LASLTP0:
 406 000a 01       		.byte	0x1
 407 000b 01       		.byte	0x1
 408 000c 01       		.byte	0x1
 409 000d F6       		.byte	0xf6
 410 000e F2       		.byte	0xf2
 411 000f 0D       		.byte	0xd
 412 0010 00       		.byte	0
 413 0011 01       		.byte	0x1
 414 0012 01       		.byte	0x1
 415 0013 01       		.byte	0x1
 416 0014 01       		.byte	0x1
 417 0015 00       		.byte	0
 418 0016 00       		.byte	0
 419 0017 00       		.byte	0
 420 0018 01       		.byte	0x1
 421 0019 00       		.byte	0
 422 001a 00       		.byte	0
 423 001b 01       		.byte	0x1
 424 001c 74686972 		.ascii	"third_party/ChibiOS/os/hal/ports/STM32/LLD/GPIOv2"
 424      645F7061 
 424      7274792F 
 424      43686962 
 424      694F532F 
 425 004d 00       		.byte	0
 426 004e 626F6172 		.ascii	"boards/CubeOrangePlus"
 426      64732F43 
 426      7562654F 
 426      72616E67 
 426      65506C75 
 427 0063 00       		.byte	0
 428 0064 2F757372 		.ascii	"/usr/lib/gcc/arm-none-eabi/10.3.1/include"
 428      2F6C6962 
 428      2F676363 
 428      2F61726D 
 428      2D6E6F6E 
 429 008d 00       		.byte	0
 430 008e 00       		.byte	0
 431 008f 73746469 		.ascii	"stdint.h\000"
 431      6E742E68 
 431      00
 432 0098 03       		.uleb128 0x3
 433 0099 00       		.uleb128 0
 434 009a 00       		.uleb128 0
 435 009b 73746D33 		.ascii	"stm32_gpio.h\000"
 435      325F6770 
 435      696F2E68 
 435      00
 436 00a8 01       		.uleb128 0x1
 437 00a9 00       		.uleb128 0
 438 00aa 00       		.uleb128 0
 439 00ab 68616C5F 		.ascii	"hal_pal_lld.h\000"
ARM GAS  /tmp/cclRfKCd.s 			page 9


 439      70616C5F 
 439      6C6C642E 
 439      6800
 440 00b9 01       		.uleb128 0x1
 441 00ba 00       		.uleb128 0
 442 00bb 00       		.uleb128 0
 443 00bc 626F6172 		.ascii	"board.c\000"
 443      642E6300 
 444 00c4 02       		.uleb128 0x2
 445 00c5 00       		.uleb128 0
 446 00c6 00       		.uleb128 0
 447 00c7 00       		.byte	0
 448              	.LELTP0:
 449              	.LELT0:
 450              		.section	.gnu.debuglto_.debug_str,"eMS",%progbits,1
 451              	.LASF17:
 452 0000 4F535045 		.ascii	"OSPEEDR\000"
 452      45445200 
 453              	.LASF14:
 454 0008 636C6561 		.ascii	"clear\000"
 454      7200
 455              	.LASF15:
 456 000e 4D4F4445 		.ascii	"MODER\000"
 456      5200
 457              	.LASF19:
 458 0014 42535252 		.ascii	"BSRR\000"
 458      00
 459              	.LASF27:
 460 0019 626F6172 		.ascii	"boards/CubeOrangePlus/board.c\000"
 460      64732F43 
 460      7562654F 
 460      72616E67 
 460      65506C75 
 461              	.LASF28:
 462 0037 2F686F6D 		.ascii	"/home/ian/Documents/BPRL_balance\000"
 462      652F6961 
 462      6E2F446F 
 462      63756D65 
 462      6E74732F 
 463              	.LASF24:
 464 0058 696F706F 		.ascii	"ioportmask_t\000"
 464      72746D61 
 464      736B5F74 
 464      00
 465              	.LASF16:
 466 0065 4F545950 		.ascii	"OTYPER\000"
 466      455200
 467              	.LASF11:
 468 006c 6C6F6E67 		.ascii	"long long unsigned int\000"
 468      206C6F6E 
 468      6720756E 
 468      7369676E 
 468      65642069 
 469              	.LASF6:
 470 0083 756E7369 		.ascii	"unsigned char\000"
 470      676E6564 
 470      20636861 
ARM GAS  /tmp/cclRfKCd.s 			page 10


 470      7200
 471              	.LASF22:
 472 0091 41465248 		.ascii	"AFRH\000"
 472      00
 473              	.LASF10:
 474 0096 6C6F6E67 		.ascii	"long unsigned int\000"
 474      20756E73 
 474      69676E65 
 474      6420696E 
 474      7400
 475              	.LASF7:
 476 00a8 73686F72 		.ascii	"short unsigned int\000"
 476      7420756E 
 476      7369676E 
 476      65642069 
 476      6E7400
 477              	.LASF21:
 478 00bb 4146524C 		.ascii	"AFRL\000"
 478      00
 479              	.LASF4:
 480 00c0 73686F72 		.ascii	"short int\000"
 480      7420696E 
 480      7400
 481              	.LASF26:
 482 00ca 474E5520 		.ascii	"GNU C17 10.3.1 20210621 (release) -mcpu=cortex-m7 -"
 482      43313720 
 482      31302E33 
 482      2E312032 
 482      30323130 
 483 00fd 6D746875 		.ascii	"mthumb -mfloat-abi=hard -mfpu=fpv5-d16 -march=armv7"
 483      6D62202D 
 483      6D666C6F 
 483      61742D61 
 483      62693D68 
 484 0130 652D6D2B 		.ascii	"e-m+fp.dp -ggdb -O2 -fomit-frame-pointer -falign-fu"
 484      66702E64 
 484      70202D67 
 484      67646220 
 484      2D4F3220 
 485 0163 6E637469 		.ascii	"nctions=16 -ffunction-sections -fdata-sections -fno"
 485      6F6E733D 
 485      3136202D 
 485      6666756E 
 485      6374696F 
 486 0196 2D636F6D 		.ascii	"-common -flto\000"
 486      6D6F6E20 
 486      2D666C74 
 486      6F00
 487              	.LASF0:
 488 01a4 756E7369 		.ascii	"unsigned int\000"
 488      676E6564 
 488      20696E74 
 488      00
 489              	.LASF25:
 490 01b1 696F6C69 		.ascii	"ioline_t\000"
 490      6E655F74 
 490      00
ARM GAS  /tmp/cclRfKCd.s 			page 11


 491              	.LASF12:
 492 01ba 63686172 		.ascii	"char\000"
 492      00
 493              	.LASF29:
 494 01bf 626F6172 		.ascii	"boardInit\000"
 494      64496E69 
 494      7400
 495              	.LASF20:
 496 01c9 4C4F434B 		.ascii	"LOCKR\000"
 496      5200
 497              	.LASF23:
 498 01cf 73746D33 		.ascii	"stm32_gpio_t\000"
 498      325F6770 
 498      696F5F74 
 498      00
 499              	.LASF18:
 500 01dc 50555044 		.ascii	"PUPDR\000"
 500      5200
 501              	.LASF1:
 502 01e2 6C6F6E67 		.ascii	"long long int\000"
 502      206C6F6E 
 502      6720696E 
 502      7400
 503              	.LASF8:
 504 01f0 75696E74 		.ascii	"uint16_t\000"
 504      31365F74 
 504      00
 505              	.LASF9:
 506 01f9 75696E74 		.ascii	"uint32_t\000"
 506      33325F74 
 506      00
 507              	.LASF5:
 508 0202 6C6F6E67 		.ascii	"long int\000"
 508      20696E74 
 508      00
 509              	.LASF2:
 510 020b 6C6F6E67 		.ascii	"long double\000"
 510      20646F75 
 510      626C6500 
 511              	.LASF3:
 512 0217 7369676E 		.ascii	"signed char\000"
 512      65642063 
 512      68617200 
 513              	.LASF13:
 514 0223 5F426F6F 		.ascii	"_Bool\000"
 514      6C00
 515              		.text
 516              		.section	.gnu.lto_.profile.7189fd3bcc2a81eb,"e",%progbits
 517 0000 789C6362 		.ascii	"x\234cb\000\001\000\000\022\000\003"
 517      00010000 
 517      120003
 518              		.text
 519              		.section	.gnu.lto_.icf.7189fd3bcc2a81eb,"e",%progbits
 520 0000 789CE360 		.ascii	"x\234\343`@\000F\206\277\033\226O\340b\000\000\016z"
 520      40004686 
 520      BF1B964F 
 520      E0620000 
ARM GAS  /tmp/cclRfKCd.s 			page 12


 520      0E7A
 521 0012 02F8     		.ascii	"\002\370"
 522              		.text
 523              		.section	.gnu.lto_.ipa_sra.7189fd3bcc2a81eb,"e",%progbits
 524 0000 789C7365 		.ascii	"x\234se@\000F\020\242\024\002\000\032\315\000h"
 524      40004610 
 524      A2140200 
 524      1ACD0068 
 525              		.text
 526              		.section	.gnu.lto_.inline.7189fd3bcc2a81eb,"e",%progbits
 527 0000 789C7365 		.ascii	"x\234sed\200\003 \263\237\261\241\241a\035s6#\003\223"
 527      64800320 
 527      B39FB1A1 
 527      A1611D73 
 527      36230393 
 528 0014 0490D5C0 		.ascii	"\004\220\325\300\234\306\300\300\006b0\245010\001\325"
 528      9CC6C0C0 
 528      066230A5 
 528      30313001 
 528      D5
 529 0025 B0F00209 		.ascii	"\260\360\002\011\346Q\006.\006\003\000\243\236\012\350"
 529      E651062E 
 529      060300A3 
 529      9E0AE8
 530              		.text
 531              		.section	.gnu.lto_.jmpfuncs.7189fd3bcc2a81eb,"e",%progbits
 532 0000 789C9D55 		.ascii	"x\234\235U\313N\3030\020\364\244)M\253H\344\332[?\325"
 532      CB4EC330 
 532      10F4A429 
 532      4DAB48E4 
 532      DA5B3FD5 
 533 0014 C71E1127 		.ascii	"\307\036\021'\224\023\212\370\000\016<#\004\026\342"
 533      94138AF8 
 533      000E3C23 
 533      0416E2
 534 0023 0D0740F0 		.ascii	"\015\007@\360/\334B\353\335D\266\033\307I*E\225\326"
 534      2FDC42EB 
 534      DD44B61B 
 534      C7492A45 
 534      95D6
 535 0035 99D9DD99 		.ascii	"\231\331\335\231]'MD\363\303\346\331\213\016''\023\001"
 535      5D274D44 
 535      F3C3E6D9 
 535      8B0E2727 
 535      1301
 536 0047 79B45653 		.ascii	"y\264VS\001\025Cl\236\277\252\252\366\301G\240\277j"
 536      0115436C 
 536      9EBFAAAA 
 536      F6C147A0 
 536      BF6A
 537 0059 1BD32120 		.ascii	"\033\323! \326o\306\333\267\205\016E(S\035+S\035lh\017"
 537      D66FC6DB 
 537      B7850E45 
 537      28531D2B 
 537      531D6C68 
 538 006e 5A68710E 		.ascii	"Zhq\016\\\200\251\344J\037\313\225I\226\023Y^\223\341"
 538      5C80A9E4 
ARM GAS  /tmp/cclRfKCd.s 			page 13


 538      4A1FCB95 
 538      49961359 
 538      5E93E1
 539 0081 1ADD2419 		.ascii	"\032\335$\031\221dD\202+\330\305\004\361\011\341\223"
 539      91644482 
 539      2BD8C504 
 539      F109E193 
 540 0091 B1781244 		.ascii	"\261x\022D\306c\361\021\341#\037\376\254\033O\2470%"
 540      C663F111 
 540      E1231FFE 
 540      AC1B4FA7 
 540      3025
 541 00a3 2CE63A56 		.ascii	",\346:V\314{RP\005\221\345\002Q\3445\005[*\375\226\242"
 541      CC7B5250 
 541      0591E502 
 541      51E43505 
 541      5B2AFD96 
 542 00b8 449B9B0B 		.ascii	"D\233\233\013\342Y\324\245<\370J\301\015l#\037\341@"
 542      E259D4A5 
 542      3CF84AC1 
 542      0D6C231F 
 542      E140
 543 00ca BD5DE016 		.ascii	"\275]\340\026\226\007\254\302\214T\230\205\361w\260"
 543      9607ACC2 
 543      8C549885 
 543      F177B0
 544 00d9 3CE0D209 		.ascii	"<\340\322\011\237\207\361\244\242\022\372X\011\256\377"
 544      9F87F1A4 
 544      A212FA58 
 544      09AEFF
 545 00e8 097DF313 		.ascii	"\011}\363\023\236\226\201\325\3033\354\354l\300qh\247"
 545      9E9681D5 
 545      C333ECEC 
 545      6CC07168 
 545      A7
 546 00f9 681B32B3 		.ascii	"h\0332\263\221\245\016-\373\316#\367!\233F>0\214@\262"
 546      91A50E2D 
 546      FBCE23F7 
 546      219B463E 
 546      308C40B2 
 547 010d 9A126309 		.ascii	"\232\022c\011x%\232\235p\011\336\274N\276\3002\201\235"
 547      78259A9D 
 547      7009DEBC 
 547      4EBEC032 
 547      819D
 548 011f 24C9F269 		.ascii	"$\311\362i\030\377\012\323\005\036$\202\027=\340\227"
 548      18FF0AD3 
 548      051E2482 
 548      173DE097 
 549 012f 306F477C 		.ascii	"0oG|\302I\034\030\201Z\271\301\302\341\036\346\016\017"
 549      C2491C18 
 549      815AB9C1 
 549      C2E11EE6 
 549      0E0F
 550 0141 003A153B 		.ascii	"\000:\025;@\236\272\323\216\265\017d\366\357\373\267"
 550      409EBAD3 
 550      8EB50F64 
ARM GAS  /tmp/cclRfKCd.s 			page 14


 550      F6EFFBB7 
 551 0151 D3EC8E58 		.ascii	"\323\354\216X~\250\3432\276\3408\344\207\332\006\357"
 551      7EA8E332 
 551      BEE038E4 
 551      87DA06EF 
 552 0161 24E586D7 		.ascii	"$\345\206\327\035\015\253\226\033\327\014u\015\010\331"
 552      1D0DAB96 
 552      1BD70C75 
 552      0D08D9
 553 0170 4C5F9CC4 		.ascii	"L_\234\304\243\330\217\267\366w\230\313\215_'\253\277"
 553      A3D88FB7 
 553      F67798CB 
 553      8D5F27AB 
 553      BF
 554 0181 69E77EB3 		.ascii	"i\347~\263\221\342\037,:\331\304"
 554      91E21F2C 
 554      3AD9C4
 555              		.text
 556              		.section	.gnu.lto_.pureconst.7189fd3bcc2a81eb,"e",%progbits
 557 0000 789C6361 		.ascii	"x\234ca```d\230\305\002\000\001d\000\244"
 557      60606064 
 557      98C50200 
 557      016400A4 
 558              		.text
 559              		.section	.gnu.lto_.lto.7189fd3bcc2a81eb,"e",%progbits
 560 0000 09000400 		.ascii	"\011\000\004\000\001\000\000\000"
 560      01000000 
 561              		.text
 562              		.section	.gnu.lto_boardInit.432.7189fd3bcc2a81eb,"e",%progbits
 563 0000 789C8DD6 		.ascii	"x\234\215\326\315K\224A\034\007\360\371\315\354\233"
 563      CD4B9441 
 563      1C07F0F9 
 563      CDEC9B
 564 000f E2C120A8 		.ascii	"\342\301 \250.at\352\342v\357\022\026t\011\222\376\201"
 564      2E6174EA 
 564      E276EF12 
 564      16740992 
 564      FE81
 565 0021 D8B5A502 		.ascii	"\330\265\245\002]A\363\354\030i\"\324\372\226\310\266"
 565      5D41F3EC 
 565      186922D4 
 565      FA96C8B6 
 566 0031 6D298B87 		.ascii	"m)\213\207.\211\370\226\225lVD\364B\230I\205\225\031"
 566      2E89F896 
 566      956C5644 
 566      F4429849 
 566      859519
 567 0044 A119D4B6 		.ascii	"\241\031\324\266\250\355A\262y\236\231g\234}f\\Vxp\347"
 567      A8ED41B2 
 567      799E9967 
 567      9C7D665C 
 567      567870E7 
 568 0058 E1EBCCE7 		.ascii	"\341\353\314\347\367{\346\031wO)BU\010\241\203\354\002"
 568      F77BE619 
 568      774F2942 
 568      5508A183 
 568      EC02
ARM GAS  /tmp/cclRfKCd.s 			page 15


 569 006a 82A0BBAB 		.ascii	"\202\240\273\253\003#J\351Q?\206\226\256\216\022\030"
 569      03234AE9 
 569      513F8696 
 569      AE8E1218 
 570 007a 037B04A8 		.ascii	"\003{\004\250\031C3\364\220Cl\230k\355\271Q\326\272"
 570      194333F4 
 570      90436C98 
 570      6BEDB951 
 570      D6BA
 571 008c 3745104A 		.ascii	"7E\020J\262K\374\370\234\021\260\353\356\2547M7\267"
 571      B24BFCF8 
 571      9C11B0EB 
 571      EEAC374D 
 571      37B7
 572 009e 62942EEF 		.ascii	"b\224.\357\032:R\211P\214X\323R\017\3204B\235\004\363"
 572      1A3A5289 
 572      508C58D3 
 572      520FD034 
 572      429D04F3 
 573 00b2 410B1BAC 		.ascii	"A\013\033\254\002]\332\332\2152\320V\201.\003N\021H"
 573      025DDADA 
 573      8D32D056 
 573      812E034E 
 573      1148
 574 00c4 12364537 		.ascii	"\0226E7I\021\314\026oO{\255\217\004(\266~{\000R\304"
 574      4911CC16 
 574      6F4F7BAD 
 574      8F0428B6 
 574      7E7B0052 
 575 00d9 6BFF5127 		.ascii	"k\377Q'\240_0\223\015$\010\3600b\237\206,o E|0\0010"
 575      A05F3093 
 575      0D2408F0 
 575      30629F86 
 575      2C6F2045 
 576 00f1 65DF3A3C 		.ascii	"e\337:<`\337\361\303}\270i\001\267o\005\340\001\273"
 576      60DFF1C3 
 576      7DB86901 
 576      B76F05E0 
 576      01BB
 577 0103 C51613E3 		.ascii	"\305\026\023\343\022x\310\306\230/^\312V\264\327\351"
 577      1278C8C6 
 577      982F5ECA 
 577      56B4D7E9 
 578 0113 859D70ED 		.ascii	"\205\235p\355\022W\016\367\244\253o\333\265\255y\244"
 578      12570EF7 
 578      A4AB6FDB 
 578      B5AD79A4 
 579 0123 691EEB9A 		.ascii	"i\036\353\232'.\315S6&\216\246\334\236<\261#\346\266"
 579      272ECD53 
 579      36268EA6 
 579      DC9E3CB1 
 579      23E6B6
 580 0136 C40478A3 		.ascii	"\304\004x\243\3669\240\244\011\364\\\003\275\324A\257"
 580      F639A0A4 
 580      09F45C03 
 580      BDD441AF 
 581 0146 5CA0D72A 		.ascii	"\\\240\327*(`O>\252\203X\261\034\002JW\306\213\353\312"
ARM GAS  /tmp/cclRfKCd.s 			page 16


 581      28604F3E 
 581      AA8358B1 
 581      1C024A57 
 581      C68BEBCA 
 582 015a 5B1D31E7 		.ascii	"[\0351\347B\274S\237\021\330\223O\033\020\023\002Q\301"
 582      42BC539F 
 582      11D8934F 
 582      1B101302 
 582      51C1
 583 016c BB11F73A 		.ascii	"\273\021\367:\2227\005\302i\304\323\2032=[ M\001>\312"
 583      923705C2 
 583      69C4D383 
 583      323D5B20 
 583      4D013ECA 
 584 0180 02E7DCDB 		.ascii	"\002\347\334\333\221\016\263'\222W\356\242V\356W\275"
 584      910EB327 
 584      9257EEA2 
 584      56EE57BD 
 585 0190 DC2557B9 		.ascii	"\334%W\271\337\324\236\363\0359o0-\012\023\206\027\222"
 585      DFD49EF3 
 585      1D396F30 
 585      2D0A1386 
 585      1792
 586 01a2 F4592375 		.ascii	"\364Y#u\272I+\032\351\207NZu\221~\252$\217\275T\306"
 586      BA492B1A 
 586      E9874E5A 
 586      75917EAA 
 586      248FBD54 
 587 01b7 405A1124 		.ascii	"@Z\021$\217B\312\232\266\201\216\310\350\210?.D\226"
 587      8F42CA9A 
 587      B6818EC8 
 587      E8883F2E 
 587      4496
 588 01c9 23E03BDF 		.ascii	"#\340;\337\002kF\000,\203\262\370\206\326\217~w?\326"
 588      026B4600 
 588      2C83B2F8 
 588      86D68F7E 
 588      773FD6
 589 01dc 35CA864E 		.ascii	"5\312\206N\371\353\242\344\324~P\356\311\031<l\362/"
 589      F9EBA2E4 
 589      D47E50EE 
 589      C9193C6C 
 589      F22F
 590 01ee AAA7D7A7 		.ascii	"\252\247\327\247g\330{\371[\335V}\346\314\007\200O2"
 590      67D87BF9 
 590      5BDD567D 
 590      E6CC0780 
 590      4F32
 591 0200 D36FCE2C 		.ascii	"\323o\316,\250\363\304}E5~K\257\226\342\374j[\260Z\255"
 591      A8F3C47D 
 591      45357E4B 
 591      AF96E2FC 
 591      6A5BB05A 
 592 0215 38241306 		.ascii	"8$\023\006\202\363\374YF):Y\034\244\015k\220+.H{>\204"
 592      82F3FC59 
 592      46293A59 
 592      1CA40D6B 
ARM GAS  /tmp/cclRfKCd.s 			page 17


 592      902B2E48 
 593 022c F77DB820 		.ascii	"\367}\270 D\355\376Hq\220\253:\344\232\013\022\313\203"
 593      44EDFE48 
 593      7190AB3A 
 593      E49A0B12 
 593      CB83
 594 023e 88FF69A3 		.ascii	"\210\377i\243\205 i\244@\306M\020\375|\356\325!\327"
 594      852069A4 
 594      40C64D10 
 594      FD7CEED5 
 594      21D7
 595 0250 5D903E0E 		.ascii	"]\220>\016\201g\274\027\223\346}1\243va\332\220Y\267"
 595      8167BC17 
 595      93E67D31 
 595      A37661DA 
 595      9059B7
 596 0263 F6973836 		.ascii	"\366\22786\375\362\3304\007\027DpP\006\347\315\301I"
 596      FDF2D834 
 596      07174470 
 596      5006E7CD 
 596      C149
 597 0275 80387632 		.ascii	"\2008v2\357\215\031\321\034\017$dp\315\020\224\307o"
 597      EF8D19D1 
 597      1C0F2464 
 597      70CD1094 
 597      C76F
 598 0287 B93096CA 		.ascii	"\2710\226\312\027\274P\272\002\006\345\264\233f\343"
 598      17BC50BA 
 598      0206E5B4 
 598      9B66E3
 599 0296 B2537589 		.ascii	"\262Su\211\023\374g\016\316:U\313`\277\337x\376L\212"
 599      13FC670E 
 599      CE3A55CB 
 599      60BFDF78 
 599      FE4C8A
 600 02a9 E054997C 		.ascii	"\340T\231|\021\315\301[\030\356H^\302\230\021u\004\224"
 600      11CDC15B 
 600      18EE485E 
 600      C2981175 
 600      0494
 601 02bb 60D23CD9 		.ascii	"`\322<\331\200:\331\2609\223\022\337\247\342R6b\010"
 601      803AD9B0 
 601      399312DF 
 601      A7E25236 
 601      6208
 602 02cd AEDBC711 		.ascii	"\256\333\307\021\237,\013\227\026\307N\330_\366b\326"
 602      9F2C0B97 
 602      16C74ED8 
 602      5FF662D6 
 603 02dd CBE47C9D 		.ascii	"\313\344|\235C\350@\360|}]$x!\024\015\036\257\257i\252"
 603      43E840F0 
 603      7C7D5D24 
 603      7821140D 
 603      1EAFAF69 
 604 02f2 8B442F36 		.ascii	"\213D/6\006\253\252O\237<\023\016\325\206\2425\021\264"
 604      06ABAA4F 
 604      9F3C130E 
ARM GAS  /tmp/cclRfKCd.s 			page 18


 604      D586A235 
 604      11B4
 605 0304 3F5C1F6A 		.ascii	"?\\\037j8\333\030<\326\024\216\234j\010E\317E\252k\233"
 605      38DB183C 
 605      D6148E9C 
 605      6A0845CF 
 605      45AA6B9B 
 606 0318 1A83F6DD 		.ascii	"\032\203\366\335\312\032\364\037#\025\323\311"
 606      CA1AF41F 
 606      2315D3C9 
 607              		.text
 608              		.section	.gnu.lto_.symbol_nodes.7189fd3bcc2a81eb,"e",%progbits
 609 0000 789C4DCC 		.ascii	"x\234M\314Q\012AQ\024\205\341\265\035Q\024EQ\224;\031"
 609      510A4151 
 609      1485E1B5 
 609      1D511445 
 609      51943B19 
 610 0014 23A128CA 		.ascii	"#\241(\312\024\316Uk\000\236\215\202W\317\236M\011\007"
 610      14CE556B 
 610      009E8D82 
 610      57CF9E4D 
 610      0907
 611 0026 DDDF7EFA 		.ascii	"\335\337~\372\372\367>\347\034\222Z\227\224U\277\247"
 611      FAF73EE7 
 611      1C925A97 
 611      9455BFA7 
 612 0036 1DA78794 		.ascii	"\035\247\207\224\245[}\014\225\225\024\327\224\343\371"
 612      A55B7D0C 
 612      959514D7 
 612      94E3F9
 613 0045 9BEA73A0 		.ascii	"\233\352s\240r\\\266I\361}\266lt\017\330\201]\330k\350"
 613      725CB649 
 613      F17DB66C 
 613      740FD881 
 613      5DD86BE8 
 614 0059 3EF58F03 		.ascii	">\365\217\0038\204#8\346\207\011\025z\012gp\016\027"
 614      38842338 
 614      E6870915 
 614      7A0A6770 
 614      0E17
 615 006b B0E207E8 		.ascii	"\260\342\007\350\025\025zM\205\336P\241\267T\350\035"
 615      15157A4D 
 615      85DE50A1 
 615      B754E81D 
 616 007b 157A4F85 		.ascii	"\025zO\205>\350\005\367\233o\273"
 616      3EE805F7 
 616      9B6FBB
 617              		.text
 618              		.section	.gnu.lto_.refs.7189fd3bcc2a81eb,"e",%progbits
 619 0000 789C6364 		.ascii	"x\234cd\000\002\000\000\012\000\002"
 619      00020000 
 619      0A0002
 620              		.text
 621              		.section	.gnu.lto_.decls.7189fd3bcc2a81eb,"e",%progbits
 622 0000 789C9556 		.ascii	"x\234\225V{LSW\030?\3379--\227j\231\324\271,\031a\013"
 622      7B4C5357 
 622      183FDF39 
ARM GAS  /tmp/cclRfKCd.s 			page 19


 622      2D2D976A 
 622      99D4B92C 
 623 0017 D19A45EE 		.ascii	"\321\232E\356\250\231d\331\037c\002*\021\245)\272\327"
 623      A89964D9 
 623      1F63022A 
 623      11A529BA 
 623      D7
 624 0028 1F6B0AB7 		.ascii	"\037k\012\267B3\240\014\212\331\366\327\035:\334\037"
 624      4233A00C 
 624      8AD9F6D7 
 624      1D3ADC1F 
 625 0038 0C5FC9E2 		.ascii	"\014_\311\342\304(\306-!\3231\227m\302tB\005\037\365"
 625      C428C62D 
 625      21D33197 
 625      6DC27442 
 625      051FF5
 626 004b 81824F26 		.ascii	"\201\202O&SQ|\224\207\012\023\037C\247\373\316\355\245"
 626      53517C94 
 626      870A131F 
 626      43A7FBCE 
 626      EDA5
 627 005d 17ACD1ED 		.ascii	"\027\254\321\3554\337y\376\276\337\367\270\347\321\375"
 627      34DF79FE 
 627      BEDFF7B8 
 627      E7D1FD
 628 006c 4642F600 		.ascii	"FB\366\000!\033\010!\217\260Pl;P\030J?\3124\224\353"
 628      211B0821 
 628      8FB0506C 
 628      3B50184A 
 628      3FCA3494 
 629 0081 2454F8DA 		.ascii	"$T\370\332_\034G\"\313\025\344\210\301\266\200\017`"
 629      5F1C4722 
 629      CB15E488 
 629      C1B6800F 
 629      60
 630 0092 BCEE4394 		.ascii	"\274\356C\224>\224\343|\011\327(\312T\354\353P\272Q"
 630      3E94E37C 
 630      09D728CA 
 630      54ECEB50 
 630      BA51
 631 00a4 8EA11C45 		.ascii	"\216\241\034Ei{\206\015F\211(+\245b\022\201_@\231\234"
 631      697B860D 
 631      4689282B 
 631      A5621281 
 631      5F40999C 
 632 00b8 1EB386C1 		.ascii	"\036\263\206\301$\320am\201\004\245\237\300\336$\330"
 632      24D0616D 
 632      8104A59F 
 632      C0DE24D8 
 633 00c8 99063C20 		.ascii	"\231\006< \263\322#,\225\3240Z\351\277\326n\024\272"
 633      B3D2232C 
 633      95D4305A 
 633      E9BFD66E 
 633      14BA
 634 00da 657950F6 		.ascii	"eyP\366/\217&\320\000\260\003\010\374\016\010\371\025"
 634      2F8F26D0 
 634      00B00308 
ARM GAS  /tmp/cclRfKCd.s 			page 20


 634      FC0E08F9 
 634      15
 635 00eb 6017C04E 		.ascii	"`\027\300NP(^`\231\204e\023\266\210k\015\354\353=2A"
 635      50285E60 
 635      99846513 
 635      B6886B0D 
 635      ECEB3D32 
 636 0100 F03F558B 		.ascii	"\360?U\213\275C\024\017b\025u\312\336\343\303\251\350"
 636      BD43140F 
 636      621575CA 
 636      DEE3C3A9 
 636      E8
 637 0111 01535AC2 		.ascii	"\001SZ\302>\344Lw+\3536\306p\246\001\331_\241'\260\027"
 637      3EE44C77 
 637      2BEB36C6 
 637      70A601D9 
 637      5FA127B0 
 638 0126 601F321D 		.ascii	"`\0372\035\004\204 S\000\340\000\260|DF\235\354X\177"
 638      04842053 
 638      00E000B0 
 638      7C44469D 
 638      EC587F
 639 0139 96C62526 		.ascii	"\226\306%&b\260\313e\331OG\255\0228\002\034\332\006"
 639      62B0CB65 
 639      D94F47AD 
 639      1238021C 
 639      DA06
 640 014b 70942700 		.ascii	"p\224'\000\271\3565\0348Z!\256\276V)\267\313\014\016"
 640      B9EE351C 
 640      385A21AE 
 640      BE5629B7 
 640      CB0C0E
 641 015e 011C060E 		.ascii	"\001\034\006\016\012q\023\020Q\2229n\373\356\236J9\266"
 641      0A711310 
 641      5192396E 
 641      FBEE9E4A 
 641      39B6
 642 0170 C2C421FB 		.ascii	"\302\304!\373# {\201\233\335W\333\356ML\264\240\325"
 642      23207B81 
 642      9BDD57DB 
 642      EE4D4CB4 
 642      A0D5
 643 0182 C1A61E7D 		.ascii	"\301\246\036}\235_\201\265\002t@\330~\230op\347\226"
 643      9D5F81B5 
 643      027440D8 
 643      7E986F70 
 643      E796
 644 0194 EA89AB3E 		.ascii	"\352\211\253>g\320\002\260\347\011\020N\202\256\353"
 644      67D002B0 
 644      E709104E 
 644      82AEEB
 645 01a3 34D73B14 		.ascii	"4\327;\024\327\333\001\216q\3271\0377\032[WN\264\324"
 645      D7DB018E 
 645      71D7311F 
 645      371A5B57 
 645      4EB4D4
 646 01b6 3E03A8A4 		.ascii	">\003\250\2444\226\265a\026; 42\262S8\352B\351A\351"
ARM GAS  /tmp/cclRfKCd.s 			page 21


 646      3496B561 
 646      163B2034 
 646      32B25338 
 646      EA42E941 
 647 01cb 5367ADCA 		.ascii	"Sg\255\312'\360S6\310\203y\376\346\205\325g\314\211"
 647      27F05336 
 647      C88379FE 
 647      E685D567 
 647      CC89
 648 01dd 58E21295 		.ascii	"X\342\022\225r\021spp\331\0129v\271\011v\003\374\006"
 648      72117370 
 648      70D90A39 
 648      76B90976 
 648      03FC06
 649 01f0 7049F3B9 		.ascii	"pI\363\271\021\024\2479\246Q\303\234\034\2079\301\253"
 649      1114A739 
 649      A651C39C 
 649      1C8739C1 
 649      AB
 650 0201 06209BD1 		.ascii	"\006 \233\321\341\346-\037\0070=\307\001\374\3430Ma"
 650      E1E62D1F 
 650      07303DC7 
 650      01FCE330 
 650      4D61
 651 0213 9EC16D6A 		.ascii	"\236\301mj~\220\347\217q\0301D\243~[\214\373O\200.\276"
 651      7E90E78F 
 651      71183144 
 651      A37E5B8C 
 651      FB4F802E 
 652 0228 704989FB 		.ascii	"pI\211\373*\300E\200\313\000=\000A\200\013\000\335\000"
 652      2AC04580 
 652      CB003D00 
 652      41800B00 
 652      DD00
 653 023a 5700CE03 		.ascii	"W\000\316\003\\\343\371\340>\326k>\236\031\307}Z\365"
 653      5CE3F9E0 
 653      3ED66B3E 
 653      9E19C77D 
 653      5AF5
 654 024c 91837ED0 		.ascii	"\221\203~\320@\235\221\240P\260\001\015\323\034\031"
 654      409D91A0 
 654      50B0010D 
 654      D31C19
 655 025b 884AB455 		.ascii	"\210J\264U\003\235\215\210$\304sH\203\234\213L\254\312"
 655      039D8D88 
 655      24C47348 
 655      839C8B4C 
 655      ACCA
 656 026d F3A3063A 		.ascii	"\363\243\006:\025\231\331d\302n\363\017G\253.\3277\033"
 656      1599D964 
 656      C26EF30F 
 656      47AB2ED7 
 656      371B
 657 027f E21E4F0F 		.ascii	"\342\036O\017\364\302\177L\020R\334\372\246o\263\316"
 657      F4C27F4C 
 657      1052DCFA 
 657      A66FB3CE 
ARM GAS  /tmp/cclRfKCd.s 			page 22


 658 028f A49CD9DA 		.ascii	"\244\234\331\332\026\035\364i\246\3729\005a\025\224"
 658      161DF469 
 658      A6FA3905 
 658      611594
 659 029e C346D636 		.ascii	"\303F\3266\\0E\036\355\201\261G\033a[{v\2353\341\025"
 659      5C30451E 
 659      ED81B147 
 659      1B615B7B 
 659      769D33E1 
 660 02b3 C76F279D 		.ascii	"\307o'\235\004\230\316YX\011\344\003F,2\225i\224\304"
 660      0498CE59 
 660      5809E403 
 660      462C3295 
 660      6994C4
 661 02c6 A8C00426 		.ascii	"\250\300\004&\011\001\210\267\016\263T#\265\232\005"
 661      090188B7 
 661      0EB35423 
 661      B59A05
 662 02d5 635D2BC4 		.ascii	"c]+\304\012z#\245A\203$XG`\033\255\215JH\225uR\325\344"
 662      0A7A23A5 
 662      41832458 
 662      47601BAD 
 662      8D4A4895 
 663 02ed A041A6AB 		.ascii	"\240A\246\253\026Zf\246b\0354\004@B-\273\316\030\213"
 663      165A66A6 
 663      621D3404 
 663      40422DBB 
 663      CE188B
 664 0300 BDA04118 		.ascii	"\275\240A\030f\265_EIm\364\313ix'\010\222\215\037\310"
 664      66B55F45 
 664      496DF4CB 
 664      69782708 
 664      928D1FC8 
 665 0314 54A331DE 		.ascii	"T\2431\336\334\302Z\330\034B\214\306\355\365\223\205"
 665      DCC25AD8 
 665      1C428CC6 
 665      EDF59385 
 666 0324 A0C18C14 		.ascii	"\240\301\214\024V)!VJ0\007@/I\202\305J\320\011\311f"
 666      56292156 
 666      4A300740 
 666      2F4982C5 
 666      4AD009C9 
 667 0339 4BA50232 		.ascii	"K\245\0022\353\214\001\26010\331\344\213\375S\004\275"
 667      EB8C01B0 
 667      3130D9E4 
 667      8BFD5304 
 667      BD
 668 034a 101D9F60 		.ascii	"\020\035\237`%D\"s(\362\262G\243\005\014hS\322\206\000"
 668      25442273 
 668      28F2B247 
 668      A3050C68 
 668      53D28600 
 669 035e 5681DA28 		.ascii	"V\201\332(\233\0374\340\215L\023\010\221uF\223\011d"
 669      9B1F34E0 
 669      8D4C1308 
 669      91754693 
 669      0964
ARM GAS  /tmp/cclRfKCd.s 			page 23


 670 0370 6CA29DF3 		.ascii	"l\242\235\363%\273M A\003\305%\213\016d\012\232\246"
 670      25BB4D20 
 670      4103C525 
 670      8B0E640A 
 670      9AA6
 671 0382 1085377C 		.ascii	"\020\2057|M4\246P\371\361\012\324\212\337\374\\\306"
 671      4D34A650 
 671      F9F10AD4 
 671      8ADFFC5C 
 671      C6
 672 0393 9A51E6F9 		.ascii	"\232Q\346\371\253@U4\207\204f\303\215\332\347\000\252"
 672      AB405534 
 672      878466C3 
 672      8DDAE700 
 672      AA
 673 03a4 F250F541 		.ascii	"\362P\365A\200\220\216j\204\327c\310\303\020P!\243<"
 673      80908E6A 
 673      84D763C8 
 673      C3105021 
 673      A33C
 674 03b6 211D1510 		.ascii	"!\035\025\020\326U\273\334\206\002\246cu\024\275q\216"
 674      D655BBDC 
 674      8602A663 
 674      7514BD71 
 674      8E
 675 03c7 6B94244C 		.ascii	"k\224$L;\352\022\011\015p\337lj:\363\331UL\233\374\340"
 675      3BEA1209 
 675      0D70DF6C 
 675      6A3AF3D9 
 675      554C9BFC 
 676 03dc DBE66888 		.ascii	"\333\346h\210]\225J\200}\257l\274\025\273\252\017\013"
 676      5D954A80 
 676      7DAF6CBC 
 676      15BBAA0F 
 676      0B
 677 03ed 5364FE12 		.ascii	"Sd\376\022\310\026(\010_\305C\310\347Ut\267\255n\352"
 677      C8162808 
 677      5FC543C8 
 677      E75574B7 
 677      AD6EEA
 678 0400 36BDB26E 		.ascii	"6\275\262n\235|\257smM\225A\256\343{\000\327aP\331\300"
 678      9D7CAF73 
 678      6D4D9541 
 678      AEE37B00 
 678      D76150D9 
 679 0415 DC0C5E73 		.ascii	"\334\014^sp\023\340\006L\257b\354\204\302{g\343\376"
 679      7013E006 
 679      4CAF62EC 
 679      84C27B67 
 679      E3FE
 680 0427 D3027F58 		.ascii	"\323\002\177X\341:\200\227\365*\223\355\3477\0376G\356"
 680      E13A8097 
 680      F52A93ED 
 680      E7371F36 
 680      47EE
 681 0439 F2DB8FED 		.ascii	"\362\333\217\355\362\306\323M\255:E\367\016\3000\237"
 681      F2C6D34D 
ARM GAS  /tmp/cclRfKCd.s 			page 24


 681      AD3A45F7 
 681      0EC0309F 
 682 0449 E9FAE2A7 		.ascii	"\351\372\342\247j\210\013\275\271~5a\367T\363\270|\252"
 682      6A880BBD 
 682      B97E3561 
 682      F754F3B8 
 682      7CAA
 683 045b 33506D1E 		.ascii	"3Pm\036\267\314\317\350\030\300\361\335\033O\2149\205"
 683      B7CCCFE8 
 683      18C0F1DD 
 683      1B4F8C39 
 683      85
 684 046c 7F6BA770 		.ascii	"\177k\247p\004+vG\361\256w\344\347\241\011O\000\301"
 684      042B7647 
 684      F1AE77E4 
 684      E7A1094F 
 684      00C1
 685 047e 7D506008 		.ascii	"}P`\010\251\251\270\375](\252\007\000w\271g\007\273"
 685      A9A9B8FD 
 685      5D28AA07 
 685      0077B967 
 685      07BB
 686 0490 36F63F29 		.ascii	"6\366?)\177\017Q\357\237\220\322@\347\262\027_Y\207"
 686      7F0F51EF 
 686      9F90D240 
 686      E7B2175F 
 686      5987
 687 04a2 EFE39AF5 		.ascii	"\357\343\232\365\375+\2436\310-\024W\341V8{\267@\375"
 687      FD2BA336 
 687      C82D1457 
 687      E156387B 
 687      B740FD
 688 04b5 4A778776 		.ascii	"Jw\207v\234\215\321\034x\250y)S\005P?tu\223\020W\373"
 688      9C8DD11C 
 688      78A87929 
 688      5305503F 
 688      74759310 
 689 04cb 8CA79827 		.ascii	"\214\247\230'z\370\353\373\300\377_<\345}'/\345z]\245"
 689      7AF8EBFB 
 689      C0FF5F3C 
 689      E57D272F 
 689      E57A5DA5 
 690 04df 52999856 		.ascii	"R\231\230V\236\353\316.u\025\347\273\355\205\345e\242"
 690      9EEBCE2E 
 690      7515E7BB 
 690      ED85E565 
 690      A2
 691 04f0 329B9467 		.ascii	"2\233\224g\234\273pqBZr\012yN\235HJ\316}\375\265\024"
 691      9CBB7071 
 691      425A720A 
 691      794E9D48 
 691      4ACE7DFD 
 692 0506 D71B4B88 		.ascii	"\327\033K\210\356\3559\216,c\271\247\3307\323\346\364"
 692      EEED398E 
 692      2C63B9A7 
 692      D837D3E6 
 692      F4
ARM GAS  /tmp/cclRfKCd.s 			page 25


 693 0517 E9B3B2D3 		.ascii	"\351\263\262\323\346;t\263s\034\016x\027\346\351\363"
 693      E63B74B3 
 693      731C0E78 
 693      17E6E9F3 
 694 0527 0ADDAE52 		.ascii	"\012\335\256Re5y\226\323\307\312\334\276\227\305\002"
 694      65357996 
 694      D3C7CADC 
 694      BE97C502 
 695 0537 6F915BF4 		.ascii	"o\221[\364\270\212\305to^y\221\273\330W&\316\266;\262"
 695      B88AC574 
 695      6F5E7991 
 695      BBD85726 
 695      CEB63BB2 
 696 054b 9CB9AE42 		.ascii	"\234\271\256BWq\236\233\274\345+\360\224J\316\022W\251"
 696      57719E9B 
 696      BCE52BF0 
 696      944ACE12 
 696      57A9
 697 055d EF5331AD 		.ascii	"\357S1\255\300\223\353\311\316\021\275eb\201\253P,\361"
 697      C093EBC9 
 697      CE11BD65 
 697      6281AB50 
 697      2CF1
 698 056f 96223C67 		.ascii	"\226\"<g\321\202\23161++]\234k\317\314^j\023\313|Eh"
 698      D1829936 
 698      312B2B5D 
 698      9C6BCFCC 
 698      5E6A13CB 
 699 0586 3DBFC4E3 		.ascii	"=\277\304\343M*\300\277H\351\016\226\231\356\320\333"
 699      4D2AC0BF 
 699      48E90E96 
 699      99EED0DB 
 700 0596 17DBD31D 		.ascii	"\027\333\323\035\206\354\034{FF\272#*{\321\373\366\014"
 700      86EC1C7B 
 700      4646BA23 
 700      2A7BD1FB 
 700      F60C
 701 05a8 877E4176 		.ascii	"\207~Avz\206\203;=\317\244i9}F\217\267\310+\271\321"
 701      7A86833B 
 701      3DCFA469 
 701      397D468F 
 701      B7C82BB9 
 702 05bd C7E459C4 		.ascii	"\307\344Y\304\354*-Z\232\342\236Q\364\352\222\222$\251"
 702      EC2A2D5A 
 702      9AE29E51 
 702      F4EA9292 
 702      24A9
 703 05cf 84087968 		.ascii	"\204\010yh\326\375\311\214\242\024\022\255$ \263\330"
 703      D6FDC98C 
 703      A21412AD 
 703      2420B3D8 
 704 05df E38B7F6A 		.ascii	"\343\213\177j\306\310d\014\240\320YX(91\350\374Roy\011"
 704      C6C8640C 
 704      A0D05958 
 704      283931E8 
 704      FC526F79 
 705 05f4 E73779BC 		.ascii	"\3477y\274<\204\"W\331GN\237\020\032x$\247/\365\377"
ARM GAS  /tmp/cclRfKCd.s 			page 26


 705      3C842257 
 705      D9474E9F 
 705      101A7824 
 705      A72FF5FF 
 706 0608 C78C4BA3 		.ascii	"\307\214K\243&0\350\177\001\2023\023]"
 706      2630E87F 
 706      01823313 
 706      5D
 707              		.text
 708              		.section	.gnu.lto_.symtab.7189fd3bcc2a81eb,"e",%progbits
 709 0000 626F6172 		.ascii	"boardInit\000"
 709      64496E69 
 709      7400
 710 000a 00       		.ascii	"\000"
 711 000b 00       		.ascii	"\000"
 712 000c 00       		.ascii	"\000"
 713 000d 00000000 		.ascii	"\000\000\000\000\000\000\000\000"
 713      00000000 
 714 0015 F2000000 		.ascii	"\362\000\000\000"
 715 0019 5F70616C 		.ascii	"_pal_lld_setgroupmode\000"
 715      5F6C6C64 
 715      5F736574 
 715      67726F75 
 715      706D6F64 
 716 002f 00       		.ascii	"\000"
 717 0030 02       		.ascii	"\002"
 718 0031 00       		.ascii	"\000"
 719 0032 00000000 		.ascii	"\000\000\000\000\000\000\000\000"
 719      00000000 
 720 003a FF000000 		.ascii	"\377\000\000\000"
 721              		.text
 722              		.section	.gnu.lto_.ext_symtab.7189fd3bcc2a81eb,"e",%progbits
 723 0000 01       		.ascii	"\001"
 724 0001 01       		.ascii	"\001"
 725 0002 00       		.ascii	"\000"
 726 0003 01       		.ascii	"\001"
 727 0004 00       		.ascii	"\000"
 728              		.text
 729              		.section	.gnu.lto_.opts,"e",%progbits
 730 0000 272D666E 		.ascii	"'-fno-openmp' '-fno-openacc' '-fno-pie' '-fcf-prote"
 730      6F2D6F70 
 730      656E6D70 
 730      2720272D 
 730      666E6F2D 
 731 0033 6374696F 		.ascii	"ction=none' '-g' '-mcpu=cortex-m7' '-mthumb' '-mflo"
 731      6E3D6E6F 
 731      6E652720 
 731      272D6727 
 731      20272D6D 
 732 0066 61742D61 		.ascii	"at-abi=hard' '-mfpu=fpv5-d16' '-mlibarch=armv7e-m+f"
 732      62693D68 
 732      61726427 
 732      20272D6D 
 732      6670753D 
 733 0099 702E6470 		.ascii	"p.dp' '-march=armv7e-m+fp.dp' '-O2' '-fomit-frame-p"
 733      2720272D 
 733      6D617263 
ARM GAS  /tmp/cclRfKCd.s 			page 27


 733      683D6172 
 733      6D763765 
 734 00cc 6F696E74 		.ascii	"ointer' '-falign-functions=16' '-ffunction-sections"
 734      65722720 
 734      272D6661 
 734      6C69676E 
 734      2D66756E 
 735 00ff 2720272D 		.ascii	"' '-fdata-sections' '-fno-common' '-flto' '-Xassemb"
 735      66646174 
 735      612D7365 
 735      6374696F 
 735      6E732720 
 736 0132 6C657227 		.ascii	"ler' '-alms=build/lst/board.lst'\000"
 736      20272D61 
 736      6C6D733D 
 736      6275696C 
 736      642F6C73 
 737              		.text
 738              		.comm	__gnu_lto_slim,1,1
 739              		.ident	"GCC: (15:10.3-2021.07-4) 10.3.1 20210621 (release)"
ARM GAS  /tmp/cclRfKCd.s 			page 28


DEFINED SYMBOLS
                            *ABS*:0000000000000000 board.c
     /tmp/cclRfKCd.s:21     .gnu.debuglto_.debug_info:0000000000000000 board.c.1b507a9f
                            *COM*:0000000000000001 __gnu_lto_slim

NO UNDEFINED SYMBOLS
