ARM GAS  /tmp/cc3BTsAC.s 			page 1


   1              		.cpu cortex-m7
   2              		.eabi_attribute 28, 1
   3              		.eabi_attribute 20, 1
   4              		.eabi_attribute 21, 1
   5              		.eabi_attribute 23, 3
   6              		.eabi_attribute 24, 1
   7              		.eabi_attribute 25, 1
   8              		.eabi_attribute 26, 1
   9              		.eabi_attribute 30, 2
  10              		.eabi_attribute 34, 1
  11              		.eabi_attribute 18, 4
  12              		.file	"chmemcore.c"
  13              		.file 1 "/usr/lib/gcc/arm-none-eabi/10.3.1/include/stddef.h"
  14              		.file 2 "/usr/lib/gcc/arm-none-eabi/10.3.1/include/stdint.h"
  15              		.file 3 "third_party/ChibiOS/os/oslib/include/chmemcore.h"
  16              		.file 4 "third_party/ChibiOS/os/oslib/src/chmemcore.c"
  17              		.file 5 "third_party/ChibiOS/os/rt/include/chsys.h"
  18              		.file 6 "third_party/ChibiOS/os/common/ports/ARMv7-M/chcore.h"
  19              		.file 7 "third_party/ChibiOS/os/common/ext/ARM/CMSIS/Core/Include/cmsis_gcc.h"
  20              		.section	.gnu.debuglto_.debug_info,"e",%progbits
  21              	.Ldebug_info0:
  22              		.hidden	chmemcore.c.908ef4f4
  23              		.weak	chmemcore.c.908ef4f4
  24              	chmemcore.c.908ef4f4:
  25 0000 D4020000 		.4byte	0x2d4
  26 0004 0400     		.2byte	0x4
  27 0006 00000000 		.4byte	.Ldebug_abbrev0
  28 000a 04       		.byte	0x4
  29 000b 01       		.uleb128 0x1
  30 000c FF000000 		.4byte	.LASF35
  31 0010 0C       		.byte	0xc
  32 0011 AD000000 		.4byte	.LASF36
  33 0015 44000000 		.4byte	.LASF37
  34 0019 00000000 		.4byte	.Ldebug_line0
  35 001d 02       		.uleb128 0x2
  36 001e 04       		.byte	0x4
  37 001f 05       		.byte	0x5
  38 0020 696E7400 		.ascii	"int\000"
  39 0024 03       		.uleb128 0x3
  40 0025 00000000 		.4byte	.LASF6
  41 0029 01       		.byte	0x1
  42 002a D1       		.byte	0xd1
  43 002b 17       		.byte	0x17
  44 002c 30000000 		.4byte	0x30
  45 0030 04       		.uleb128 0x4
  46 0031 04       		.byte	0x4
  47 0032 07       		.byte	0x7
  48 0033 EE010000 		.4byte	.LASF0
  49 0037 04       		.uleb128 0x4
  50 0038 08       		.byte	0x8
  51 0039 05       		.byte	0x5
  52 003a 5D020000 		.4byte	.LASF1
  53 003e 04       		.uleb128 0x4
  54 003f 08       		.byte	0x8
  55 0040 04       		.byte	0x4
  56 0041 BA020000 		.4byte	.LASF2
  57 0045 04       		.uleb128 0x4
ARM GAS  /tmp/cc3BTsAC.s 			page 2


  58 0046 01       		.byte	0x1
  59 0047 06       		.byte	0x6
  60 0048 C6020000 		.4byte	.LASF3
  61 004c 04       		.uleb128 0x4
  62 004d 02       		.byte	0x2
  63 004e 05       		.byte	0x5
  64 004f 82020000 		.4byte	.LASF4
  65 0053 04       		.uleb128 0x4
  66 0054 04       		.byte	0x4
  67 0055 05       		.byte	0x5
  68 0056 B1020000 		.4byte	.LASF5
  69 005a 03       		.uleb128 0x3
  70 005b 00020000 		.4byte	.LASF7
  71 005f 02       		.byte	0x2
  72 0060 2E       		.byte	0x2e
  73 0061 18       		.byte	0x18
  74 0062 66000000 		.4byte	0x66
  75 0066 04       		.uleb128 0x4
  76 0067 01       		.byte	0x1
  77 0068 08       		.byte	0x8
  78 0069 9F000000 		.4byte	.LASF8
  79 006d 04       		.uleb128 0x4
  80 006e 02       		.byte	0x2
  81 006f 07       		.byte	0x7
  82 0070 EC000000 		.4byte	.LASF9
  83 0074 03       		.uleb128 0x3
  84 0075 A8020000 		.4byte	.LASF10
  85 0079 02       		.byte	0x2
  86 007a 34       		.byte	0x34
  87 007b 19       		.byte	0x19
  88 007c 80000000 		.4byte	0x80
  89 0080 04       		.uleb128 0x4
  90 0081 04       		.byte	0x4
  91 0082 07       		.byte	0x7
  92 0083 DA000000 		.4byte	.LASF11
  93 0087 04       		.uleb128 0x4
  94 0088 08       		.byte	0x8
  95 0089 07       		.byte	0x7
  96 008a 7A000000 		.4byte	.LASF12
  97 008e 04       		.uleb128 0x4
  98 008f 01       		.byte	0x1
  99 0090 08       		.byte	0x8
 100 0091 FB010000 		.4byte	.LASF13
 101 0095 05       		.uleb128 0x5
 102 0096 8E000000 		.4byte	0x8e
 103 009a 06       		.uleb128 0x6
 104 009b 04       		.byte	0x4
 105 009c 04       		.uleb128 0x4
 106 009d 01       		.byte	0x1
 107 009e 02       		.byte	0x2
 108 009f D7020000 		.4byte	.LASF14
 109 00a3 07       		.uleb128 0x7
 110 00a4 08       		.byte	0x8
 111 00a5 03       		.byte	0x3
 112 00a6 51       		.byte	0x51
 113 00a7 09       		.byte	0x9
 114 00a8 C7000000 		.4byte	0xc7
ARM GAS  /tmp/cc3BTsAC.s 			page 3


 115 00ac 08       		.uleb128 0x8
 116 00ad A0020000 		.4byte	.LASF15
 117 00b1 03       		.byte	0x3
 118 00b2 55       		.byte	0x55
 119 00b3 0C       		.byte	0xc
 120 00b4 C7000000 		.4byte	0xc7
 121 00b8 00       		.byte	0
 122 00b9 08       		.uleb128 0x8
 123 00ba 08020000 		.4byte	.LASF16
 124 00be 03       		.byte	0x3
 125 00bf 59       		.byte	0x59
 126 00c0 0C       		.byte	0xc
 127 00c1 C7000000 		.4byte	0xc7
 128 00c5 04       		.byte	0x4
 129 00c6 00       		.byte	0
 130 00c7 09       		.uleb128 0x9
 131 00c8 04       		.byte	0x4
 132 00c9 5A000000 		.4byte	0x5a
 133 00cd 03       		.uleb128 0x3
 134 00ce 3A000000 		.4byte	.LASF17
 135 00d2 03       		.byte	0x3
 136 00d3 5A       		.byte	0x5a
 137 00d4 03       		.byte	0x3
 138 00d5 A3000000 		.4byte	0xa3
 139 00d9 0A       		.uleb128 0xa
 140 00da D9010000 		.4byte	.LASF28
 141 00de 03       		.byte	0x3
 142 00df 75       		.byte	0x75
 143 00e0 12       		.byte	0x12
 144 00e1 CD000000 		.4byte	0xcd
 145 00e5 0B       		.uleb128 0xb
 146 00e6 D9000000 		.4byte	0xd9
 147 00ea 04       		.byte	0x4
 148 00eb 3A       		.byte	0x3a
 149 00ec 0B       		.byte	0xb
 150 00ed 0C       		.uleb128 0xc
 151 00ee 4C020000 		.4byte	.LASF38
 152 00f2 04       		.byte	0x4
 153 00f3 DB       		.byte	0xdb
 154 00f4 08       		.byte	0x8
 155 00f5 24000000 		.4byte	0x24
 156 00f9 0D       		.uleb128 0xd
 157 00fa 25020000 		.4byte	.LASF21
 158 00fe 04       		.byte	0x4
 159 00ff CA       		.byte	0xca
 160 0100 07       		.byte	0x7
 161 0101 9A000000 		.4byte	0x9a
 162 0105 38010000 		.4byte	0x138
 163 0109 0E       		.uleb128 0xe
 164 010a D2020000 		.4byte	.LASF18
 165 010e 04       		.byte	0x4
 166 010f CA       		.byte	0xca
 167 0110 21       		.byte	0x21
 168 0111 24000000 		.4byte	0x24
 169 0115 0E       		.uleb128 0xe
 170 0116 13000000 		.4byte	.LASF19
 171 011a 04       		.byte	0x4
ARM GAS  /tmp/cc3BTsAC.s 			page 4


 172 011b CA       		.byte	0xca
 173 011c 30       		.byte	0x30
 174 011d 30000000 		.4byte	0x30
 175 0121 0E       		.uleb128 0xe
 176 0122 0C000000 		.4byte	.LASF20
 177 0126 04       		.byte	0x4
 178 0127 CA       		.byte	0xca
 179 0128 3E       		.byte	0x3e
 180 0129 24000000 		.4byte	0x24
 181 012d 0F       		.uleb128 0xf
 182 012e 7000     		.ascii	"p\000"
 183 0130 04       		.byte	0x4
 184 0131 CB       		.byte	0xcb
 185 0132 09       		.byte	0x9
 186 0133 9A000000 		.4byte	0x9a
 187 0137 00       		.byte	0
 188 0138 0D       		.uleb128 0xd
 189 0139 8C020000 		.4byte	.LASF22
 190 013d 04       		.byte	0x4
 191 013e B2       		.byte	0xb2
 192 013f 07       		.byte	0x7
 193 0140 9A000000 		.4byte	0x9a
 194 0144 77010000 		.4byte	0x177
 195 0148 0E       		.uleb128 0xe
 196 0149 D2020000 		.4byte	.LASF18
 197 014d 04       		.byte	0x4
 198 014e B2       		.byte	0xb2
 199 014f 22       		.byte	0x22
 200 0150 24000000 		.4byte	0x24
 201 0154 0E       		.uleb128 0xe
 202 0155 13000000 		.4byte	.LASF19
 203 0159 04       		.byte	0x4
 204 015a B2       		.byte	0xb2
 205 015b 31       		.byte	0x31
 206 015c 30000000 		.4byte	0x30
 207 0160 0E       		.uleb128 0xe
 208 0161 0C000000 		.4byte	.LASF20
 209 0165 04       		.byte	0x4
 210 0166 B2       		.byte	0xb2
 211 0167 3F       		.byte	0x3f
 212 0168 24000000 		.4byte	0x24
 213 016c 0F       		.uleb128 0xf
 214 016d 7000     		.ascii	"p\000"
 215 016f 04       		.byte	0x4
 216 0170 B3       		.byte	0xb3
 217 0171 09       		.byte	0x9
 218 0172 9A000000 		.4byte	0x9a
 219 0176 00       		.byte	0
 220 0177 0D       		.uleb128 0xd
 221 0178 38020000 		.4byte	.LASF23
 222 017c 04       		.byte	0x4
 223 017d 91       		.byte	0x91
 224 017e 07       		.byte	0x7
 225 017f 9A000000 		.4byte	0x9a
 226 0183 CB010000 		.4byte	0x1cb
 227 0187 0E       		.uleb128 0xe
 228 0188 D2020000 		.4byte	.LASF18
ARM GAS  /tmp/cc3BTsAC.s 			page 5


 229 018c 04       		.byte	0x4
 230 018d 91       		.byte	0x91
 231 018e 22       		.byte	0x22
 232 018f 24000000 		.4byte	0x24
 233 0193 0E       		.uleb128 0xe
 234 0194 13000000 		.4byte	.LASF19
 235 0198 04       		.byte	0x4
 236 0199 91       		.byte	0x91
 237 019a 31       		.byte	0x31
 238 019b 30000000 		.4byte	0x30
 239 019f 0E       		.uleb128 0xe
 240 01a0 0C000000 		.4byte	.LASF20
 241 01a4 04       		.byte	0x4
 242 01a5 91       		.byte	0x91
 243 01a6 3F       		.byte	0x3f
 244 01a7 24000000 		.4byte	0x24
 245 01ab 0F       		.uleb128 0xf
 246 01ac 7000     		.ascii	"p\000"
 247 01ae 04       		.byte	0x4
 248 01af 92       		.byte	0x92
 249 01b0 0C       		.byte	0xc
 250 01b1 C7000000 		.4byte	0xc7
 251 01b5 10       		.uleb128 0x10
 252 01b6 DD020000 		.4byte	.LASF24
 253 01ba 04       		.byte	0x4
 254 01bb 92       		.byte	0x92
 255 01bc 10       		.byte	0x10
 256 01bd C7000000 		.4byte	0xc7
 257 01c1 11       		.uleb128 0x11
 258 01c2 71000000 		.4byte	.LASF27
 259 01c6 DB010000 		.4byte	0x1db
 260 01ca 00       		.byte	0
 261 01cb 12       		.uleb128 0x12
 262 01cc 95000000 		.4byte	0x95
 263 01d0 DB010000 		.4byte	0x1db
 264 01d4 13       		.uleb128 0x13
 265 01d5 30000000 		.4byte	0x30
 266 01d9 13       		.byte	0x13
 267 01da 00       		.byte	0
 268 01db 05       		.uleb128 0x5
 269 01dc CB010000 		.4byte	0x1cb
 270 01e0 0D       		.uleb128 0xd
 271 01e1 25000000 		.4byte	.LASF25
 272 01e5 04       		.byte	0x4
 273 01e6 70       		.byte	0x70
 274 01e7 07       		.byte	0x7
 275 01e8 9A000000 		.4byte	0x9a
 276 01ec 34020000 		.4byte	0x234
 277 01f0 0E       		.uleb128 0xe
 278 01f1 D2020000 		.4byte	.LASF18
 279 01f5 04       		.byte	0x4
 280 01f6 70       		.byte	0x70
 281 01f7 23       		.byte	0x23
 282 01f8 24000000 		.4byte	0x24
 283 01fc 0E       		.uleb128 0xe
 284 01fd 13000000 		.4byte	.LASF19
 285 0201 04       		.byte	0x4
ARM GAS  /tmp/cc3BTsAC.s 			page 6


 286 0202 70       		.byte	0x70
 287 0203 32       		.byte	0x32
 288 0204 30000000 		.4byte	0x30
 289 0208 0E       		.uleb128 0xe
 290 0209 0C000000 		.4byte	.LASF20
 291 020d 04       		.byte	0x4
 292 020e 70       		.byte	0x70
 293 020f 40       		.byte	0x40
 294 0210 24000000 		.4byte	0x24
 295 0214 0F       		.uleb128 0xf
 296 0215 7000     		.ascii	"p\000"
 297 0217 04       		.byte	0x4
 298 0218 71       		.byte	0x71
 299 0219 0C       		.byte	0xc
 300 021a C7000000 		.4byte	0xc7
 301 021e 10       		.uleb128 0x10
 302 021f 07000000 		.4byte	.LASF26
 303 0223 04       		.byte	0x4
 304 0224 71       		.byte	0x71
 305 0225 10       		.byte	0x10
 306 0226 C7000000 		.4byte	0xc7
 307 022a 11       		.uleb128 0x11
 308 022b 71000000 		.4byte	.LASF27
 309 022f 44020000 		.4byte	0x244
 310 0233 00       		.byte	0
 311 0234 12       		.uleb128 0x12
 312 0235 95000000 		.4byte	0x95
 313 0239 44020000 		.4byte	0x244
 314 023d 13       		.uleb128 0x13
 315 023e 30000000 		.4byte	0x30
 316 0242 14       		.byte	0x14
 317 0243 00       		.byte	0
 318 0244 05       		.uleb128 0x5
 319 0245 34020000 		.4byte	0x234
 320 0249 14       		.uleb128 0x14
 321 024a 19000000 		.4byte	.LASF39
 322 024e 04       		.byte	0x4
 323 024f 51       		.byte	0x51
 324 0250 06       		.byte	0x6
 325 0251 6E020000 		.4byte	0x26e
 326 0255 0A       		.uleb128 0xa
 327 0256 0F020000 		.4byte	.LASF29
 328 025a 04       		.byte	0x4
 329 025b 53       		.byte	0x53
 330 025c 12       		.byte	0x12
 331 025d 6E020000 		.4byte	0x26e
 332 0261 0A       		.uleb128 0xa
 333 0262 6B020000 		.4byte	.LASF30
 334 0266 04       		.byte	0x4
 335 0267 54       		.byte	0x54
 336 0268 12       		.byte	0x12
 337 0269 6E020000 		.4byte	0x26e
 338 026d 00       		.byte	0
 339 026e 12       		.uleb128 0x12
 340 026f 5A000000 		.4byte	0x5a
 341 0273 79020000 		.4byte	0x279
 342 0277 15       		.uleb128 0x15
ARM GAS  /tmp/cc3BTsAC.s 			page 7


 343 0278 00       		.byte	0
 344 0279 16       		.uleb128 0x16
 345 027a E2020000 		.4byte	.LASF40
 346 027e 05       		.byte	0x5
 347 027f A501     		.2byte	0x1a5
 348 0281 14       		.byte	0x14
 349 0282 90020000 		.4byte	0x290
 350 0286 11       		.uleb128 0x11
 351 0287 71000000 		.4byte	.LASF27
 352 028b A0020000 		.4byte	0x2a0
 353 028f 00       		.byte	0
 354 0290 12       		.uleb128 0x12
 355 0291 95000000 		.4byte	0x95
 356 0295 A0020000 		.4byte	0x2a0
 357 0299 13       		.uleb128 0x13
 358 029a 30000000 		.4byte	0x30
 359 029e 0B       		.byte	0xb
 360 029f 00       		.byte	0
 361 02a0 05       		.uleb128 0x5
 362 02a1 90020000 		.4byte	0x290
 363 02a5 17       		.uleb128 0x17
 364 02a6 78020000 		.4byte	.LASF31
 365 02aa 05       		.byte	0x5
 366 02ab 9701     		.2byte	0x197
 367 02ad 14       		.byte	0x14
 368 02ae 17       		.uleb128 0x17
 369 02af 65000000 		.4byte	.LASF32
 370 02b3 06       		.byte	0x6
 371 02b4 4103     		.2byte	0x341
 372 02b6 1B       		.byte	0x1b
 373 02b7 17       		.uleb128 0x17
 374 02b8 E4010000 		.4byte	.LASF33
 375 02bc 06       		.byte	0x6
 376 02bd 2903     		.2byte	0x329
 377 02bf 1B       		.byte	0x1b
 378 02c0 18       		.uleb128 0x18
 379 02c1 91000000 		.4byte	.LASF41
 380 02c5 07       		.byte	0x7
 381 02c6 EB01     		.2byte	0x1eb
 382 02c8 1B       		.byte	0x1b
 383 02c9 19       		.uleb128 0x19
 384 02ca 1D020000 		.4byte	.LASF34
 385 02ce 07       		.byte	0x7
 386 02cf EB01     		.2byte	0x1eb
 387 02d1 32       		.byte	0x32
 388 02d2 74000000 		.4byte	0x74
 389 02d6 00       		.byte	0
 390 02d7 00       		.byte	0
 391              		.section	.gnu.debuglto_.debug_abbrev,"e",%progbits
 392              	.Ldebug_abbrev0:
 393 0000 01       		.uleb128 0x1
 394 0001 11       		.uleb128 0x11
 395 0002 01       		.byte	0x1
 396 0003 25       		.uleb128 0x25
 397 0004 0E       		.uleb128 0xe
 398 0005 13       		.uleb128 0x13
 399 0006 0B       		.uleb128 0xb
ARM GAS  /tmp/cc3BTsAC.s 			page 8


 400 0007 03       		.uleb128 0x3
 401 0008 0E       		.uleb128 0xe
 402 0009 1B       		.uleb128 0x1b
 403 000a 0E       		.uleb128 0xe
 404 000b 10       		.uleb128 0x10
 405 000c 17       		.uleb128 0x17
 406 000d 00       		.byte	0
 407 000e 00       		.byte	0
 408 000f 02       		.uleb128 0x2
 409 0010 24       		.uleb128 0x24
 410 0011 00       		.byte	0
 411 0012 0B       		.uleb128 0xb
 412 0013 0B       		.uleb128 0xb
 413 0014 3E       		.uleb128 0x3e
 414 0015 0B       		.uleb128 0xb
 415 0016 03       		.uleb128 0x3
 416 0017 08       		.uleb128 0x8
 417 0018 00       		.byte	0
 418 0019 00       		.byte	0
 419 001a 03       		.uleb128 0x3
 420 001b 16       		.uleb128 0x16
 421 001c 00       		.byte	0
 422 001d 03       		.uleb128 0x3
 423 001e 0E       		.uleb128 0xe
 424 001f 3A       		.uleb128 0x3a
 425 0020 0B       		.uleb128 0xb
 426 0021 3B       		.uleb128 0x3b
 427 0022 0B       		.uleb128 0xb
 428 0023 39       		.uleb128 0x39
 429 0024 0B       		.uleb128 0xb
 430 0025 49       		.uleb128 0x49
 431 0026 13       		.uleb128 0x13
 432 0027 00       		.byte	0
 433 0028 00       		.byte	0
 434 0029 04       		.uleb128 0x4
 435 002a 24       		.uleb128 0x24
 436 002b 00       		.byte	0
 437 002c 0B       		.uleb128 0xb
 438 002d 0B       		.uleb128 0xb
 439 002e 3E       		.uleb128 0x3e
 440 002f 0B       		.uleb128 0xb
 441 0030 03       		.uleb128 0x3
 442 0031 0E       		.uleb128 0xe
 443 0032 00       		.byte	0
 444 0033 00       		.byte	0
 445 0034 05       		.uleb128 0x5
 446 0035 26       		.uleb128 0x26
 447 0036 00       		.byte	0
 448 0037 49       		.uleb128 0x49
 449 0038 13       		.uleb128 0x13
 450 0039 00       		.byte	0
 451 003a 00       		.byte	0
 452 003b 06       		.uleb128 0x6
 453 003c 0F       		.uleb128 0xf
 454 003d 00       		.byte	0
 455 003e 0B       		.uleb128 0xb
 456 003f 0B       		.uleb128 0xb
ARM GAS  /tmp/cc3BTsAC.s 			page 9


 457 0040 00       		.byte	0
 458 0041 00       		.byte	0
 459 0042 07       		.uleb128 0x7
 460 0043 13       		.uleb128 0x13
 461 0044 01       		.byte	0x1
 462 0045 0B       		.uleb128 0xb
 463 0046 0B       		.uleb128 0xb
 464 0047 3A       		.uleb128 0x3a
 465 0048 0B       		.uleb128 0xb
 466 0049 3B       		.uleb128 0x3b
 467 004a 0B       		.uleb128 0xb
 468 004b 39       		.uleb128 0x39
 469 004c 0B       		.uleb128 0xb
 470 004d 01       		.uleb128 0x1
 471 004e 13       		.uleb128 0x13
 472 004f 00       		.byte	0
 473 0050 00       		.byte	0
 474 0051 08       		.uleb128 0x8
 475 0052 0D       		.uleb128 0xd
 476 0053 00       		.byte	0
 477 0054 03       		.uleb128 0x3
 478 0055 0E       		.uleb128 0xe
 479 0056 3A       		.uleb128 0x3a
 480 0057 0B       		.uleb128 0xb
 481 0058 3B       		.uleb128 0x3b
 482 0059 0B       		.uleb128 0xb
 483 005a 39       		.uleb128 0x39
 484 005b 0B       		.uleb128 0xb
 485 005c 49       		.uleb128 0x49
 486 005d 13       		.uleb128 0x13
 487 005e 38       		.uleb128 0x38
 488 005f 0B       		.uleb128 0xb
 489 0060 00       		.byte	0
 490 0061 00       		.byte	0
 491 0062 09       		.uleb128 0x9
 492 0063 0F       		.uleb128 0xf
 493 0064 00       		.byte	0
 494 0065 0B       		.uleb128 0xb
 495 0066 0B       		.uleb128 0xb
 496 0067 49       		.uleb128 0x49
 497 0068 13       		.uleb128 0x13
 498 0069 00       		.byte	0
 499 006a 00       		.byte	0
 500 006b 0A       		.uleb128 0xa
 501 006c 34       		.uleb128 0x34
 502 006d 00       		.byte	0
 503 006e 03       		.uleb128 0x3
 504 006f 0E       		.uleb128 0xe
 505 0070 3A       		.uleb128 0x3a
 506 0071 0B       		.uleb128 0xb
 507 0072 3B       		.uleb128 0x3b
 508 0073 0B       		.uleb128 0xb
 509 0074 39       		.uleb128 0x39
 510 0075 0B       		.uleb128 0xb
 511 0076 49       		.uleb128 0x49
 512 0077 13       		.uleb128 0x13
 513 0078 3F       		.uleb128 0x3f
ARM GAS  /tmp/cc3BTsAC.s 			page 10


 514 0079 19       		.uleb128 0x19
 515 007a 3C       		.uleb128 0x3c
 516 007b 19       		.uleb128 0x19
 517 007c 00       		.byte	0
 518 007d 00       		.byte	0
 519 007e 0B       		.uleb128 0xb
 520 007f 34       		.uleb128 0x34
 521 0080 00       		.byte	0
 522 0081 47       		.uleb128 0x47
 523 0082 13       		.uleb128 0x13
 524 0083 3A       		.uleb128 0x3a
 525 0084 0B       		.uleb128 0xb
 526 0085 3B       		.uleb128 0x3b
 527 0086 0B       		.uleb128 0xb
 528 0087 39       		.uleb128 0x39
 529 0088 0B       		.uleb128 0xb
 530 0089 00       		.byte	0
 531 008a 00       		.byte	0
 532 008b 0C       		.uleb128 0xc
 533 008c 2E       		.uleb128 0x2e
 534 008d 00       		.byte	0
 535 008e 3F       		.uleb128 0x3f
 536 008f 19       		.uleb128 0x19
 537 0090 03       		.uleb128 0x3
 538 0091 0E       		.uleb128 0xe
 539 0092 3A       		.uleb128 0x3a
 540 0093 0B       		.uleb128 0xb
 541 0094 3B       		.uleb128 0x3b
 542 0095 0B       		.uleb128 0xb
 543 0096 39       		.uleb128 0x39
 544 0097 0B       		.uleb128 0xb
 545 0098 27       		.uleb128 0x27
 546 0099 19       		.uleb128 0x19
 547 009a 49       		.uleb128 0x49
 548 009b 13       		.uleb128 0x13
 549 009c 00       		.byte	0
 550 009d 00       		.byte	0
 551 009e 0D       		.uleb128 0xd
 552 009f 2E       		.uleb128 0x2e
 553 00a0 01       		.byte	0x1
 554 00a1 3F       		.uleb128 0x3f
 555 00a2 19       		.uleb128 0x19
 556 00a3 03       		.uleb128 0x3
 557 00a4 0E       		.uleb128 0xe
 558 00a5 3A       		.uleb128 0x3a
 559 00a6 0B       		.uleb128 0xb
 560 00a7 3B       		.uleb128 0x3b
 561 00a8 0B       		.uleb128 0xb
 562 00a9 39       		.uleb128 0x39
 563 00aa 0B       		.uleb128 0xb
 564 00ab 27       		.uleb128 0x27
 565 00ac 19       		.uleb128 0x19
 566 00ad 49       		.uleb128 0x49
 567 00ae 13       		.uleb128 0x13
 568 00af 01       		.uleb128 0x1
 569 00b0 13       		.uleb128 0x13
 570 00b1 00       		.byte	0
ARM GAS  /tmp/cc3BTsAC.s 			page 11


 571 00b2 00       		.byte	0
 572 00b3 0E       		.uleb128 0xe
 573 00b4 05       		.uleb128 0x5
 574 00b5 00       		.byte	0
 575 00b6 03       		.uleb128 0x3
 576 00b7 0E       		.uleb128 0xe
 577 00b8 3A       		.uleb128 0x3a
 578 00b9 0B       		.uleb128 0xb
 579 00ba 3B       		.uleb128 0x3b
 580 00bb 0B       		.uleb128 0xb
 581 00bc 39       		.uleb128 0x39
 582 00bd 0B       		.uleb128 0xb
 583 00be 49       		.uleb128 0x49
 584 00bf 13       		.uleb128 0x13
 585 00c0 00       		.byte	0
 586 00c1 00       		.byte	0
 587 00c2 0F       		.uleb128 0xf
 588 00c3 34       		.uleb128 0x34
 589 00c4 00       		.byte	0
 590 00c5 03       		.uleb128 0x3
 591 00c6 08       		.uleb128 0x8
 592 00c7 3A       		.uleb128 0x3a
 593 00c8 0B       		.uleb128 0xb
 594 00c9 3B       		.uleb128 0x3b
 595 00ca 0B       		.uleb128 0xb
 596 00cb 39       		.uleb128 0x39
 597 00cc 0B       		.uleb128 0xb
 598 00cd 49       		.uleb128 0x49
 599 00ce 13       		.uleb128 0x13
 600 00cf 00       		.byte	0
 601 00d0 00       		.byte	0
 602 00d1 10       		.uleb128 0x10
 603 00d2 34       		.uleb128 0x34
 604 00d3 00       		.byte	0
 605 00d4 03       		.uleb128 0x3
 606 00d5 0E       		.uleb128 0xe
 607 00d6 3A       		.uleb128 0x3a
 608 00d7 0B       		.uleb128 0xb
 609 00d8 3B       		.uleb128 0x3b
 610 00d9 0B       		.uleb128 0xb
 611 00da 39       		.uleb128 0x39
 612 00db 0B       		.uleb128 0xb
 613 00dc 49       		.uleb128 0x49
 614 00dd 13       		.uleb128 0x13
 615 00de 00       		.byte	0
 616 00df 00       		.byte	0
 617 00e0 11       		.uleb128 0x11
 618 00e1 34       		.uleb128 0x34
 619 00e2 00       		.byte	0
 620 00e3 03       		.uleb128 0x3
 621 00e4 0E       		.uleb128 0xe
 622 00e5 49       		.uleb128 0x49
 623 00e6 13       		.uleb128 0x13
 624 00e7 34       		.uleb128 0x34
 625 00e8 19       		.uleb128 0x19
 626 00e9 00       		.byte	0
 627 00ea 00       		.byte	0
ARM GAS  /tmp/cc3BTsAC.s 			page 12


 628 00eb 12       		.uleb128 0x12
 629 00ec 01       		.uleb128 0x1
 630 00ed 01       		.byte	0x1
 631 00ee 49       		.uleb128 0x49
 632 00ef 13       		.uleb128 0x13
 633 00f0 01       		.uleb128 0x1
 634 00f1 13       		.uleb128 0x13
 635 00f2 00       		.byte	0
 636 00f3 00       		.byte	0
 637 00f4 13       		.uleb128 0x13
 638 00f5 21       		.uleb128 0x21
 639 00f6 00       		.byte	0
 640 00f7 49       		.uleb128 0x49
 641 00f8 13       		.uleb128 0x13
 642 00f9 2F       		.uleb128 0x2f
 643 00fa 0B       		.uleb128 0xb
 644 00fb 00       		.byte	0
 645 00fc 00       		.byte	0
 646 00fd 14       		.uleb128 0x14
 647 00fe 2E       		.uleb128 0x2e
 648 00ff 01       		.byte	0x1
 649 0100 3F       		.uleb128 0x3f
 650 0101 19       		.uleb128 0x19
 651 0102 03       		.uleb128 0x3
 652 0103 0E       		.uleb128 0xe
 653 0104 3A       		.uleb128 0x3a
 654 0105 0B       		.uleb128 0xb
 655 0106 3B       		.uleb128 0x3b
 656 0107 0B       		.uleb128 0xb
 657 0108 39       		.uleb128 0x39
 658 0109 0B       		.uleb128 0xb
 659 010a 27       		.uleb128 0x27
 660 010b 19       		.uleb128 0x19
 661 010c 01       		.uleb128 0x1
 662 010d 13       		.uleb128 0x13
 663 010e 00       		.byte	0
 664 010f 00       		.byte	0
 665 0110 15       		.uleb128 0x15
 666 0111 21       		.uleb128 0x21
 667 0112 00       		.byte	0
 668 0113 00       		.byte	0
 669 0114 00       		.byte	0
 670 0115 16       		.uleb128 0x16
 671 0116 2E       		.uleb128 0x2e
 672 0117 01       		.byte	0x1
 673 0118 03       		.uleb128 0x3
 674 0119 0E       		.uleb128 0xe
 675 011a 3A       		.uleb128 0x3a
 676 011b 0B       		.uleb128 0xb
 677 011c 3B       		.uleb128 0x3b
 678 011d 05       		.uleb128 0x5
 679 011e 39       		.uleb128 0x39
 680 011f 0B       		.uleb128 0xb
 681 0120 27       		.uleb128 0x27
 682 0121 19       		.uleb128 0x19
 683 0122 01       		.uleb128 0x1
 684 0123 13       		.uleb128 0x13
ARM GAS  /tmp/cc3BTsAC.s 			page 13


 685 0124 00       		.byte	0
 686 0125 00       		.byte	0
 687 0126 17       		.uleb128 0x17
 688 0127 2E       		.uleb128 0x2e
 689 0128 00       		.byte	0
 690 0129 03       		.uleb128 0x3
 691 012a 0E       		.uleb128 0xe
 692 012b 3A       		.uleb128 0x3a
 693 012c 0B       		.uleb128 0xb
 694 012d 3B       		.uleb128 0x3b
 695 012e 05       		.uleb128 0x5
 696 012f 39       		.uleb128 0x39
 697 0130 0B       		.uleb128 0xb
 698 0131 27       		.uleb128 0x27
 699 0132 19       		.uleb128 0x19
 700 0133 00       		.byte	0
 701 0134 00       		.byte	0
 702 0135 18       		.uleb128 0x18
 703 0136 2E       		.uleb128 0x2e
 704 0137 01       		.byte	0x1
 705 0138 03       		.uleb128 0x3
 706 0139 0E       		.uleb128 0xe
 707 013a 3A       		.uleb128 0x3a
 708 013b 0B       		.uleb128 0xb
 709 013c 3B       		.uleb128 0x3b
 710 013d 05       		.uleb128 0x5
 711 013e 39       		.uleb128 0x39
 712 013f 0B       		.uleb128 0xb
 713 0140 27       		.uleb128 0x27
 714 0141 19       		.uleb128 0x19
 715 0142 00       		.byte	0
 716 0143 00       		.byte	0
 717 0144 19       		.uleb128 0x19
 718 0145 05       		.uleb128 0x5
 719 0146 00       		.byte	0
 720 0147 03       		.uleb128 0x3
 721 0148 0E       		.uleb128 0xe
 722 0149 3A       		.uleb128 0x3a
 723 014a 0B       		.uleb128 0xb
 724 014b 3B       		.uleb128 0x3b
 725 014c 05       		.uleb128 0x5
 726 014d 39       		.uleb128 0x39
 727 014e 0B       		.uleb128 0xb
 728 014f 49       		.uleb128 0x49
 729 0150 13       		.uleb128 0x13
 730 0151 00       		.byte	0
 731 0152 00       		.byte	0
 732 0153 00       		.byte	0
 733              		.section	.gnu.debuglto_.debug_line,"e",%progbits
 734              	.Ldebug_line0:
 735 0000 6D010000 		.4byte	.LELT0-.LSLT0
 736              	.LSLT0:
 737 0004 0400     		.2byte	0x4
 738 0006 67010000 		.4byte	.LELTP0-.LASLTP0
 739              	.LASLTP0:
 740 000a 01       		.byte	0x1
 741 000b 01       		.byte	0x1
ARM GAS  /tmp/cc3BTsAC.s 			page 14


 742 000c 01       		.byte	0x1
 743 000d F6       		.byte	0xf6
 744 000e F2       		.byte	0xf2
 745 000f 0D       		.byte	0xd
 746 0010 00       		.byte	0
 747 0011 01       		.byte	0x1
 748 0012 01       		.byte	0x1
 749 0013 01       		.byte	0x1
 750 0014 01       		.byte	0x1
 751 0015 00       		.byte	0
 752 0016 00       		.byte	0
 753 0017 00       		.byte	0
 754 0018 01       		.byte	0x1
 755 0019 00       		.byte	0
 756 001a 00       		.byte	0
 757 001b 01       		.byte	0x1
 758 001c 74686972 		.ascii	"third_party/ChibiOS/os/common/ext/ARM/CMSIS/Core/In"
 758      645F7061 
 758      7274792F 
 758      43686962 
 758      694F532F 
 759 004f 636C7564 		.ascii	"clude"
 759      65
 760 0054 00       		.byte	0
 761 0055 74686972 		.ascii	"third_party/ChibiOS/os/common/ports/ARMv7-M"
 761      645F7061 
 761      7274792F 
 761      43686962 
 761      694F532F 
 762 0080 00       		.byte	0
 763 0081 74686972 		.ascii	"third_party/ChibiOS/os/oslib/include"
 763      645F7061 
 763      7274792F 
 763      43686962 
 763      694F532F 
 764 00a5 00       		.byte	0
 765 00a6 74686972 		.ascii	"third_party/ChibiOS/os/oslib/src"
 765      645F7061 
 765      7274792F 
 765      43686962 
 765      694F532F 
 766 00c6 00       		.byte	0
 767 00c7 74686972 		.ascii	"third_party/ChibiOS/os/rt/include"
 767      645F7061 
 767      7274792F 
 767      43686962 
 767      694F532F 
 768 00e8 00       		.byte	0
 769 00e9 2F757372 		.ascii	"/usr/lib/gcc/arm-none-eabi/10.3.1/include"
 769      2F6C6962 
 769      2F676363 
 769      2F61726D 
 769      2D6E6F6E 
 770 0112 00       		.byte	0
 771 0113 00       		.byte	0
 772 0114 73746464 		.ascii	"stddef.h\000"
 772      65662E68 
ARM GAS  /tmp/cc3BTsAC.s 			page 15


 772      00
 773 011d 06       		.uleb128 0x6
 774 011e 00       		.uleb128 0
 775 011f 00       		.uleb128 0
 776 0120 73746469 		.ascii	"stdint.h\000"
 776      6E742E68 
 776      00
 777 0129 06       		.uleb128 0x6
 778 012a 00       		.uleb128 0
 779 012b 00       		.uleb128 0
 780 012c 63686D65 		.ascii	"chmemcore.h\000"
 780      6D636F72 
 780      652E6800 
 781 0138 03       		.uleb128 0x3
 782 0139 00       		.uleb128 0
 783 013a 00       		.uleb128 0
 784 013b 63686D65 		.ascii	"chmemcore.c\000"
 784      6D636F72 
 784      652E6300 
 785 0147 04       		.uleb128 0x4
 786 0148 00       		.uleb128 0
 787 0149 00       		.uleb128 0
 788 014a 63687379 		.ascii	"chsys.h\000"
 788      732E6800 
 789 0152 05       		.uleb128 0x5
 790 0153 00       		.uleb128 0
 791 0154 00       		.uleb128 0
 792 0155 6368636F 		.ascii	"chcore.h\000"
 792      72652E68 
 792      00
 793 015e 02       		.uleb128 0x2
 794 015f 00       		.uleb128 0
 795 0160 00       		.uleb128 0
 796 0161 636D7369 		.ascii	"cmsis_gcc.h\000"
 796      735F6763 
 796      632E6800 
 797 016d 01       		.uleb128 0x1
 798 016e 00       		.uleb128 0
 799 016f 00       		.uleb128 0
 800 0170 00       		.byte	0
 801              	.LELTP0:
 802              	.LELT0:
 803              		.section	.gnu.debuglto_.debug_str,"eMS",%progbits,1
 804              	.LASF6:
 805 0000 73697A65 		.ascii	"size_t\000"
 805      5F7400
 806              	.LASF26:
 807 0007 6E657874 		.ascii	"next\000"
 807      00
 808              	.LASF20:
 809 000c 6F666673 		.ascii	"offset\000"
 809      657400
 810              	.LASF19:
 811 0013 616C6967 		.ascii	"align\000"
 811      6E00
 812              	.LASF39:
 813 0019 5F5F636F 		.ascii	"__core_init\000"
ARM GAS  /tmp/cc3BTsAC.s 			page 16


 813      72655F69 
 813      6E697400 
 814              	.LASF25:
 815 0025 6368436F 		.ascii	"chCoreAllocFromBaseI\000"
 815      7265416C 
 815      6C6F6346 
 815      726F6D42 
 815      61736549 
 816              	.LASF17:
 817 003a 6D656D63 		.ascii	"memcore_t\000"
 817      6F72655F 
 817      7400
 818              	.LASF37:
 819 0044 2F686F6D 		.ascii	"/home/ian/Documents/BPRL_balance\000"
 819      652F6961 
 819      6E2F446F 
 819      63756D65 
 819      6E74732F 
 820              	.LASF32:
 821 0065 706F7274 		.ascii	"port_unlock\000"
 821      5F756E6C 
 821      6F636B00 
 822              	.LASF27:
 823 0071 5F5F6675 		.ascii	"__func__\000"
 823      6E635F5F 
 823      00
 824              	.LASF12:
 825 007a 6C6F6E67 		.ascii	"long long unsigned int\000"
 825      206C6F6E 
 825      6720756E 
 825      7369676E 
 825      65642069 
 826              	.LASF41:
 827 0091 5F5F7365 		.ascii	"__set_BASEPRI\000"
 827      745F4241 
 827      53455052 
 827      4900
 828              	.LASF8:
 829 009f 756E7369 		.ascii	"unsigned char\000"
 829      676E6564 
 829      20636861 
 829      7200
 830              	.LASF36:
 831 00ad 74686972 		.ascii	"third_party/ChibiOS/os/oslib/src/chmemcore.c\000"
 831      645F7061 
 831      7274792F 
 831      43686962 
 831      694F532F 
 832              	.LASF11:
 833 00da 6C6F6E67 		.ascii	"long unsigned int\000"
 833      20756E73 
 833      69676E65 
 833      6420696E 
 833      7400
 834              	.LASF9:
 835 00ec 73686F72 		.ascii	"short unsigned int\000"
 835      7420756E 
ARM GAS  /tmp/cc3BTsAC.s 			page 17


 835      7369676E 
 835      65642069 
 835      6E7400
 836              	.LASF35:
 837 00ff 474E5520 		.ascii	"GNU C17 10.3.1 20210621 (release) -mcpu=cortex-m7 -"
 837      43313720 
 837      31302E33 
 837      2E312032 
 837      30323130 
 838 0132 6D746875 		.ascii	"mthumb -mfloat-abi=hard -mfpu=fpv5-d16 -march=armv7"
 838      6D62202D 
 838      6D666C6F 
 838      61742D61 
 838      62693D68 
 839 0165 652D6D2B 		.ascii	"e-m+fp.dp -ggdb -O2 -fomit-frame-pointer -falign-fu"
 839      66702E64 
 839      70202D67 
 839      67646220 
 839      2D4F3220 
 840 0198 6E637469 		.ascii	"nctions=16 -ffunction-sections -fdata-sections -fno"
 840      6F6E733D 
 840      3136202D 
 840      6666756E 
 840      6374696F 
 841 01cb 2D636F6D 		.ascii	"-common -flto\000"
 841      6D6F6E20 
 841      2D666C74 
 841      6F00
 842              	.LASF28:
 843 01d9 63685F6D 		.ascii	"ch_memcore\000"
 843      656D636F 
 843      726500
 844              	.LASF33:
 845 01e4 706F7274 		.ascii	"port_lock\000"
 845      5F6C6F63 
 845      6B00
 846              	.LASF0:
 847 01ee 756E7369 		.ascii	"unsigned int\000"
 847      676E6564 
 847      20696E74 
 847      00
 848              	.LASF13:
 849 01fb 63686172 		.ascii	"char\000"
 849      00
 850              	.LASF7:
 851 0200 75696E74 		.ascii	"uint8_t\000"
 851      385F7400 
 852              	.LASF16:
 853 0208 746F706D 		.ascii	"topmem\000"
 853      656D00
 854              	.LASF29:
 855 020f 5F5F6865 		.ascii	"__heap_base__\000"
 855      61705F62 
 855      6173655F 
 855      5F00
 856              	.LASF34:
 857 021d 62617365 		.ascii	"basePri\000"
ARM GAS  /tmp/cc3BTsAC.s 			page 18


 857      50726900 
 858              	.LASF21:
 859 0225 6368436F 		.ascii	"chCoreAllocFromTop\000"
 859      7265416C 
 859      6C6F6346 
 859      726F6D54 
 859      6F7000
 860              	.LASF23:
 861 0238 6368436F 		.ascii	"chCoreAllocFromTopI\000"
 861      7265416C 
 861      6C6F6346 
 861      726F6D54 
 861      6F704900 
 862              	.LASF38:
 863 024c 6368436F 		.ascii	"chCoreGetStatusX\000"
 863      72654765 
 863      74537461 
 863      74757358 
 863      00
 864              	.LASF1:
 865 025d 6C6F6E67 		.ascii	"long long int\000"
 865      206C6F6E 
 865      6720696E 
 865      7400
 866              	.LASF30:
 867 026b 5F5F6865 		.ascii	"__heap_end__\000"
 867      61705F65 
 867      6E645F5F 
 867      00
 868              	.LASF31:
 869 0278 63685379 		.ascii	"chSysLock\000"
 869      734C6F63 
 869      6B00
 870              	.LASF4:
 871 0282 73686F72 		.ascii	"short int\000"
 871      7420696E 
 871      7400
 872              	.LASF22:
 873 028c 6368436F 		.ascii	"chCoreAllocFromBase\000"
 873      7265416C 
 873      6C6F6346 
 873      726F6D42 
 873      61736500 
 874              	.LASF15:
 875 02a0 62617365 		.ascii	"basemem\000"
 875      6D656D00 
 876              	.LASF10:
 877 02a8 75696E74 		.ascii	"uint32_t\000"
 877      33325F74 
 877      00
 878              	.LASF5:
 879 02b1 6C6F6E67 		.ascii	"long int\000"
 879      20696E74 
 879      00
 880              	.LASF2:
 881 02ba 6C6F6E67 		.ascii	"long double\000"
 881      20646F75 
ARM GAS  /tmp/cc3BTsAC.s 			page 19


 881      626C6500 
 882              	.LASF3:
 883 02c6 7369676E 		.ascii	"signed char\000"
 883      65642063 
 883      68617200 
 884              	.LASF18:
 885 02d2 73697A65 		.ascii	"size\000"
 885      00
 886              	.LASF14:
 887 02d7 5F426F6F 		.ascii	"_Bool\000"
 887      6C00
 888              	.LASF24:
 889 02dd 70726576 		.ascii	"prev\000"
 889      00
 890              	.LASF40:
 891 02e2 63685379 		.ascii	"chSysUnlock\000"
 891      73556E6C 
 891      6F636B00 
 892              		.text
 893              		.section	.gnu.lto_.profile.43b82fcdc7555836,"e",%progbits
 894 0000 789C6362 		.ascii	"x\234cb\000\001\000\000\022\000\003"
 894      00010000 
 894      120003
 895              		.text
 896              		.section	.gnu.lto_.icf.43b82fcdc7555836,"e",%progbits
 897 0000 789CD361 		.ascii	"x\234\323a@\000v\206-\323.?ae\\\360hN\027\027\313\262"
 897      40007686 
 897      2DD32E3F 
 897      61655CF0 
 897      684E1717 
 898 0016 ABCD8BF9 		.ascii	"\253\315\213\371X\017\315\233\260\215\207\355\322\237"
 898      580FCD9B 
 898      B08D87ED 
 898      D29F
 899 0024 594F39D8 		.ascii	"YO9\330\301$\307\343\316\245\033x\031\000\324A\024\344"
 899      C124C7E3 
 899      CEA51B78 
 899      1900D441 
 899      14E4
 900              		.text
 901              		.section	.gnu.lto_.ipa_sra.43b82fcdc7555836,"e",%progbits
 902 0000 789C4B60 		.ascii	"x\234K`@\0006\006\006F\026f$\001\006fVT.\033\210\313"
 902      40003606 
 902      06461666 
 902      24010666 
 902      56542E1B 
 903 0016 08C3CCCC 		.ascii	"\010\303\314\314`\012H02100\261\343\223\344``f\000\000"
 903      600A4830 
 903      32313030 
 903      B1E393E4 
 903      60606600 
 904 002b 39A300BD 		.ascii	"9\243\000\275"
 905              		.text
 906              		.section	.gnu.lto_.inline.43b82fcdc7555836,"e",%progbits
 907 0000 789CD363 		.ascii	"x\234\323cd\200\0036\006\006\326\006 `Jed`b\001\263"
 907      64800336 
 907      0606D606 
ARM GAS  /tmp/cc3BTsAC.s 			page 20


 907      20604A65 
 907      64606201 
 908 0015 5280A210 		.ascii	"R\200\242\020\006\023\003\023P\011\013\203\300\273\351"
 908      06130313 
 908      50090B83 
 908      C0BBE9
 909 0024 774E31A7 		.ascii	"wN1\2471\002\301\022f\220.f\011\240\310+\2464\240\312"
 909      3102C112 
 909      66902E66 
 909      09A0C82B 
 909      A634A0CA 
 910 0038 46B84A26 		.ascii	"F\270J&\260\246d\240z\240\231p=\314\014@= \013az\231"
 910      B0A664A0 
 910      7AA09970 
 910      3DCC0C40 
 910      3D200B61 
 911 004e A07C5611 		.ascii	"\240|V\021\240\212U8\315\200\2618\340,\001\260s\271"
 911      A08A5538 
 911      CD80B138 
 911      E02C01B0 
 911      73B9
 912 0060 809C054C 		.ascii	"\200\234\005L\3518]\313\312\307\300\310\300<\301\017"
 912      E9385DCB 
 912      CAC7C0C8 
 912      C03CC10F 
 913 0070 04D94952 		.ascii	"\004\331IR\315\001\226:\000\016\011\260\"ft\325\014"
 913      CD01963A 
 913      000E09B0 
 913      226674D5 
 913      0C
 914 0081 00A89C43 		.ascii	"\000\250\234CX"
 914      58
 915              		.text
 916              		.section	.gnu.lto_.jmpfuncs.43b82fcdc7555836,"e",%progbits
 917 0000 789C3BC2 		.ascii	"x\234;\302\200\000l@\314\302\314\310\310\310^\277\204"
 917      80006C40 
 917      CCC2CCC8 
 917      C8C85EBF 
 917      84
 918 0011 99118819 		.ascii	"\231\021\210\031@4+\206\010\033X\204\021\310\002b\006"
 918      40342B86 
 918      081B5884 
 918      11C80262 
 918      06
 919 0022 10CDC652 		.ascii	"\020\315\306R\007\324\313x\200\205\221\001\210\377\003"
 919      07D4CB78 
 919      80859101 
 919      88FF03
 920 0031 013F034B 		.ascii	"\001?\003K\035#\246\020\023\272\020;\025\315\342\000"
 920      1D23A610 
 920      13BA103B 
 920      15CDE200 
 921 0041 EA0300E2 		.ascii	"\352\003\000\342\3240\233"
 921      D4309B
 922              		.text
 923              		.section	.gnu.lto_.pureconst.43b82fcdc7555836,"e",%progbits
 924 0000 789C1366 		.ascii	"x\234\023f```c\230\301\3022\203\205u\006\013\333.F\366"
ARM GAS  /tmp/cc3BTsAC.s 			page 21


 924      60606063 
 924      98C1C232 
 924      83857506 
 924      0BDB2E46 
 925 0015 5D8C1C2D 		.ascii	"]\214\034-,\000'C\004\012"
 925      2C002743 
 925      040A
 926              		.text
 927              		.section	.gnu.lto_.lto.43b82fcdc7555836,"e",%progbits
 928 0000 09000400 		.ascii	"\011\000\004\000\001\000\000\000"
 928      01000000 
 929              		.text
 930              		.section	.gnu.lto___core_init.348.43b82fcdc7555836,"e",%progbits
 931 0000 789C6D90 		.ascii	"x\234m\220=K\003A\020\206\347\335\275Dl\374\0056\222"
 931      3D4B0341 
 931      1086E7DD 
 931      BD446CFC 
 931      053692
 932 0013 CA42D79F 		.ascii	"\312B\327\237 *\330\010~\375\200p9\017\356 w'\227XX"
 932      202AD808 
 932      7EFD8070 
 932      390FEE20 
 932      77279758 
 933 0028 65136293 		.ascii	"e\023b\223&&\261T\253C\316\312\312\017T4*\212\265\215"
 933      2626B154 
 933      AB43CECA 
 933      CA0F5434 
 933      2A8AB58D 
 934 003c 5622DA88 		.ascii	"V\"\332\210\205\240 X\010\272\271D\023\202\313\0163"
 934      85A02058 
 934      08BAB944 
 934      1382CB0E 
 934      33
 935 004d 2FCC3BCF 		.ascii	"/\314;\3170&\210f\211(\241\002\234P\255\224\030I)G{"
 935      30268866 
 935      8928A102 
 935      9C50AD94 
 935      18492947 
 936 0062 18F29552 		.ascii	"\030\362\225R/v\021)P\216!\207\032\037T\362s\245\266"
 936      2F761129 
 936      508E2187 
 936      1A1F54F2 
 936      73A5B6
 937 0075 7D0119D6 		.ascii	"}\001\031\326\021p\242M\025\255\027\377Uj*\355\334\304"
 937      1170A24D 
 937      15AD17FF 
 937      556A2AED 
 937      DCC4
 938 0087 EAF2EBBB 		.ascii	"\352\362\353\273,\345\345\023\256\023\032Q\2317FK\015"
 938      2CE5E513 
 938      AE131A51 
 938      9937464B 
 938      0D
 939 0098 B24EB4CA 		.ascii	"\262N\264\312YS\344\225x\201|\274\275B\224\357\342Q"
 939      5953E495 
 939      78817CBC 
 939      BD4294EF 
ARM GAS  /tmp/cc3BTsAC.s 			page 22


 939      E251
 940 00aa BA8FD32B 		.ascii	"\272\217\323+\012k\245\017\266\316Q\345\001\007HUE0"
 940      0A6BA50F 
 940      B6CE51E5 
 940      01074855 
 940      4530
 941 00bc 55868AA2 		.ascii	"U\206\212\242\304\026(\340\014\373\300\036hDM{\356\013"
 941      C41628E0 
 941      0CFBC01E 
 941      68444D7B 
 941      EE0B
 942 00ce 38C70136 		.ascii	"8\307\0016\032[\264|Z\333\247\205\034\177\276\030\216"
 942      1A5BB47C 
 942      5ADBA785 
 942      1C7FBE18 
 942      8E
 943 00df 80435011 		.ascii	"\200CP\021\005)\303\376F\3431\232\253\274\251U\332\360"
 943      0529C3FE 
 943      46E3319A 
 943      ABBCA955 
 943      DAF0
 944 00f1 FF90275D 		.ascii	"\377\220']\310S\205\004u\202X\007\350\254\033t\256z"
 944      C8538504 
 944      75825807 
 944      E8AC1B74 
 944      AE7A
 945 0103 DF5178A8 		.ascii	"\337Qx\250LFw+s\264\017C4 ,\3171\205\255\273b\3023\226"
 945      4C46772B 
 945      73B40F43 
 945      34202CCF 
 945      3185ADBB 
 946 011b 1CD3CD66 		.ascii	"\034\323\315f\304\330\314\334T2\245\247u\3270i(k\331"
 946      C4D8CCDC 
 946      5432A5A7 
 946      75D73069 
 946      286BD9
 947 012e FE427251 		.ascii	"\376BrQ\367\263\313b\334\262S\366\364\274\3602\352\247"
 947      F7B3CB62 
 947      DCB253F6 
 947      F4BCF032 
 947      EAA7
 948 0140 ED94C8F8 		.ascii	"\355\224\310\370\2060,\307t\014\3177\207\015\372\001"
 948      86302CC7 
 948      740CCF37 
 948      870DFA01 
 949 0150 475989BB 		.ascii	"GY\211\273"
 950              		.text
 951              		.section	.gnu.lto_chCoreAllocFromBaseI.349.43b82fcdc7555836,"e",%progbits
 952 0000 789C7552 		.ascii	"x\234uRQH\223Q\024\276\347\277wns:G`ADX\020\321\203"
 952      51489351 
 952      14BEE7BF 
 952      776E733A 
 952      47604144 
 953 0018 FB7DD843 		.ascii	"\373}\330C\275I\365\030\024\366 =\311\\\377\332\300"
 953      BD49F518 
 953      14F6203D 
 953      C95CFFDA 
ARM GAS  /tmp/cc3BTsAC.s 			page 23


 953      C0
 954 0029 6DB22D28 		.ascii	"m\262-(_\374\267i\212A:5\351a\372\260Vj/A\024Y\3316"
 954      5FFCB769 
 954      8A413A35 
 954      E961FAB0 
 954      566A2F41 
 955 0041 5BB1D017 		.ascii	"[\261\320\027\255\207\210\222\300^\324@F\020E\030v\316"
 955      AD878892 
 955      C05ED440 
 955      46104518 
 955      76CE
 956 0053 FDE750C1 		.ascii	"\375\347P\301\261\235\335\363\235\357\236s\276s\356"
 956      B19DDDF3 
 956      9DEF9E73 
 956      BE73EE
 957 0062 7DCE98CE 		.ascii	"}\316\230\316\030\273\202?\250b0\234\034P\230\256\353"
 957      18BB823F 
 957      A862309C 
 957      1C5098AE 
 957      EB
 958 0073 CD6645E9 		.ascii	"\315fE\351M\336V`\016\346V\006m\"\221\264\347\306K."
 958      4DDE5660 
 958      0EE65606 
 958      6D2291B4 
 958      E7C64B2E 
 959 0087 C111B549 		.ascii	"\301\021\265I\244\247\214\010\270\233\034(N\271\344"
 959      A4A78C08 
 959      B89B1C28 
 959      4EB9E4
 960 0096 2513C42A 		.ascii	"%\023\304*\011\200u+\\\230\240\033Fx\212\3030\317p\006"
 960      0980752B 
 960      5C98A01B 
 960      46788AC3 
 960      30CF7006 
 961 00aa A27C0268 		.ascii	"\242|\002h8\225\327\365?\275#\253\337!5\225\027\031"
 961      3895D7F5 
 961      3FBD23AB 
 961      DF213595 
 961      1719
 962 00bc AEB00924 		.ascii	"\256\260\011$<\003x\012\330\014C\"oa'\221\264\2700\243"
 962      3C03780A 
 962      D80C4322 
 962      6F612791 
 962      B4B830A3 
 963 00d0 EB5696E1 		.ascii	"\353V\226\341\034\236\303\016\016\002\255%J\315\003"
 963      1C9EC30E 
 963      0E02AD25 
 963      4ACD03
 964 00df 066FBDCC 		.ascii	"\006o\275\314\023\360b7O\264nJ^\304\340\365'\372t\207"
 964      13F06237 
 964      4FB46E4A 
 964      5EC4E0F5 
 964      27FA7487 
 965 00f3 A07CAFF6 		.ascii	"\240|\257\366\346\353\027F\345.\262'\220\\ZK\014\330"
 965      E6EB1746 
 965      E52EB227 
 965      905C5A4B 
ARM GAS  /tmp/cc3BTsAC.s 			page 24


 965      0CD8
 966 0105 8762960C 		.ascii	"\207b\226\0147\301k\330\325a\353\004\251\341\335\333"
 966      37C16BD8 
 966      D561EB04 
 966      A9E1DDDB 
 967 0115 D4C514D5 		.ascii	"\324\305\024\325o fn\017sT\340l\363\000Y \2214k\306"
 967      6F20666E 
 967      0F7354E0 
 967      6CF30059 
 967      2091346B 
 968 012a 140378FC 		.ascii	"\024\003x\374\301\224\3277\267\006u\275x\364^ar\024"
 968      C194D737 
 968      B70675BD 
 968      78F45E61 
 968      7214
 969 013c 0E005115 		.ascii	"\016\000Q\025\200\031\300\034Y\020\330\230b\006\230"
 969      8019C01C 
 969      5910D898 
 969      620698
 970 014b 050BC04B 		.ascii	"\005\013\300K \201\246j26RVC\246\226\214\235L\035\031"
 970      2081A66A 
 970      32365256 
 970      43A6968C 
 970      9D4C1D19 
 971 015f 0745191B 		.ascii	"\007E\031\033\344l\013?\034\364<cC\\1\234\030:\353\240"
 971      E46C0B3F 
 971      1CF43C63 
 971      435C319C 
 971      183AEBA0 
 972 0173 AF7C2C5A 		.ascii	"\257|,Zq\271\362\370\251xP\376\177.J\377x\305\254|5"
 972      71B9F2F8 
 972      A97850FE 
 972      7F2E4AFF 
 972      78C5AC7C 
 973 0188 B30D88CF 		.ascii	"\263\015\210\317N\327\247\271\265\274\271* \275=\240"
 973      4ED7A7B9 
 973      B5BCB92A 
 973      20BD3DA0 
 974 0198 E0718ACB 		.ascii	"\340q\212\313i=\004,h\206\002\300\033`M\270|9\255\267"
 974      693D042C 
 974      688602C0 
 974      1B604DB8 
 974      7C39ADB7 
 975 01ac 302EA56E 		.ascii	"0.\245n@\342\311-H\363j\314\221\3462\341f\037\3726\204"
 975      40E2C92D 
 975      48F36ACC 
 975      91E632E1 
 975      661FFA36 
 976 01c1 2898A260 		.ascii	"(\230\242`M\232[\020\252\370\265\010Q5\001\324u\035"
 976      4D9A5B10 
 976      AAF8B508 
 976      513501D4 
 976      751D
 977 01d3 5D2A116E 		.ascii	"]*\021nG\036\221\306(C\235\344\331\215\214\215iN\020"
 977      471E91C6 
 977      28439DE4 
 977      D98D8C8D 
ARM GAS  /tmp/cc3BTsAC.s 			page 25


 977      694E10
 978 01e6 B61D6FC0 		.ascii	"\266\035o\300\371\241'\025|CM\262\203w\010q\311Q\014"
 978      F9A12715 
 978      7C434DB2 
 978      83770871 
 978      C9510C
 979 01f9 4E9600C9 		.ascii	"N\226\000\311\371%9\361\331\265#i\356\330G\\q\267\270"
 979      F92539F1 
 979      D9B52369 
 979      EED8475C 
 979      71B7B8
 980 020c F7288E56 		.ascii	"\367(\216V\273\006=\313\205\3032\263\203\304\342\234"
 980      BB063DCB 
 980      85C332B3 
 980      83C4E29C 
 981 021c F9EF1FB1 		.ascii	"\371\357\037\261I9g\300\350\227\302#E\206\255\345\260"
 981      493967C0 
 981      E897C223 
 981      4586ADE5 
 981      B0
 982 022d D878905B 		.ascii	"\330x\220[V*k\370g\324\036\233>\264O\341\371J\341U;"
 982      562A6BF8 
 982      67D41E9B 
 982      3EB44FE1 
 982      F94AE155 
 983 0242 555E30C6 		.ascii	"U^0\306\272\335{r\036dZ\023\022t!\323\376\204x3\306"
 983      BADD7B72 
 983      1E645A13 
 983      127421D3 
 983      FE847833 
 984 0257 F125B3BF 		.ascii	"\361%\263\277 \300\311\263\271\222\005w\215\342\305"
 984      20C0C9B3 
 984      B9920577 
 984      8DE2C5
 985 0266 9D251F38 		.ascii	"\235%\0378\225l\256\023_\007\030W\350u0vL\365\205\002"
 985      956CAE13 
 985      5F071857 
 985      E8753076 
 985      4CF58502 
 986 027a 9AEA7707 		.ascii	"\232\352w\007\325\363!\317\365\200\026\214F\324\263"
 986      D5F321CF 
 986      F580168C 
 986      46D4B3
 987 0289 975A2EB4 		.ascii	"\227Z.\264\265\273;\334A\217\306\032\243>\177\370j["
 987      B5BB3BDC 
 987      418FC61A 
 987      A33E7FF8 
 987      6A5B
 988 029b A73B1CBD 		.ascii	"\247;\034\275\251\236\363\371\333\375\027/\253\241\010"
 988      A99EF3F9 
 988      DBFD172F 
 988      ABA108
 989 02aa 7E3BFCED 		.ascii	"~;\374\355j$\354Q=\276\200\026\360\204\302\232\323\303"
 989      6A24EC51 
 989      3DBE8016 
 989      F084C29A 
 989      D3C3
ARM GAS  /tmp/cc3BTsAC.s 			page 26


 990 02bc 44C4DFA5 		.ascii	"D\304\337\245\325\357@\234g\232Nk^\227\327\305L\356"
 990      D5EF409C 
 990      679A4E6B 
 990      5E97D7C5 
 990      4CEE
 991 02ce 0EFFB560 		.ascii	"\016\377\265`U\310\353\215hQ\021\324nD\241\363?\254"
 991      55C8EB8D 
 991      685111D4 
 991      6E44A1F3 
 991      3FAC
 992 02e0 5D5A4E   		.ascii	"]ZN"
 993              		.text
 994              		.section	.gnu.lto_chCoreAllocFromTopI.350.43b82fcdc7555836,"e",%progbits
 995 0000 789C7552 		.ascii	"x\234uR]H\223Q\030>\357w\316\3476\247S\002\275\210."
 995      5D489351 
 995      183EEF77 
 995      CEE736A7 
 995      5302BD88 
 996 0015 2C882870 		.ascii	",\210(p\237\027\273\250;\251.\203\302.\244+\231\353"
 996      9F17BBA8 
 996      3BA92E83 
 996      C22EA42B 
 996      99EB
 997 0027 5B1BB81F 		.ascii	"[\033\270\037\266\025\344\215g\376$\330\305\234\322"
 997      B615E48D 
 997      67FE24D8 
 997      C59CD2
 998 0036 AED4E063 		.ascii	"\256\324\340c\225f\024D\222\225\351l\375\320\002\225"
 998      95661444 
 998      9295E96C 
 998      FDD00295 
 999 0046 2044C42E 		.ascii	" D\304.\006B+\220\325\215\021\302z\317\371\346P\301"
 999      06422B90 
 999      D58D11C2 
 999      7ACFF9E6 
 999      50C1
 1000 0058 B19D9DF7 		.ascii	"\261\235\235\367y\237\367y\377N\212\022\302\011!\327"
 1000      799FF779 
 1000      FF4E8A12 
 1000      C20921D7 
 1001 0068 F0075504 		.ascii	"\360\007U\004F\222C\012\341\234\267Z\024e yW\201EX\314"
 1001      4692430A 
 1001      E19CB75A 
 1001      14652079 
 1001      57814558 
 1002 007d 27ECAC2F 		.ascii	"'\354\254/\351X\030/\272\030E\324.\221\3762\302\340"
 1002      E958182F 
 1002      BA1845D4 
 1002      2E91FE32 
 1002      C2E0
 1003 008f 5E7268F9 		.ascii	"^rh\371\211K\006\251\020\257\010\000\351Q(S\241\007"
 1003      894B06A9 
 1003      10AF0800 
 1003      E9512853 
 1003      A107
 1004 00a1 46E91885 		.ascii	"F\351\030\205\021\232\246\004X\371\006\320t:\303\371"
 1004      119AA604 
ARM GAS  /tmp/cc3BTsAC.s 			page 27


 1004      58F906D0 
 1004      743AC3F9 
 1005 00b1 DF81D1A9 		.ascii	"\337\201\321\251M\030\233\314\2604U\310\004\022f\000"
 1005      4D189BCC 
 1005      B03455C8 
 1005      04126600 
 1006 00c1 5E001643 		.ascii	"^\000\026C\220H\333\310)$\255\344f9\267\2214\245\360"
 1006      9048DBC8 
 1006      2924ADE4 
 1006      6639B791 
 1006      34A5F0
 1007 00d4 12F67010 		.ascii	"\022\366p\020h\037\024\3224`\362\012e\036\203W\373y"
 1007      681F14D2 
 1007      3460F20A 
 1007      651E8357 
 1007      FB79
 1008 00e6 AC5D9640 		.ascii	"\254]\226@\243&\257T\321{sP\357>53w\213\363$\222\213"
 1008      A326AF54 
 1008      D17B7350 
 1008      EF3E3533 
 1008      778BF324 
 1009 00fc 8F07861C 		.ascii	"\217\007\206\034\303qk\232\252\360\026\366U\330>#E{"
 1009      C3716B9A 
 1009      AAF016F6 
 1009      55D83E23 
 1009      457B
 1010 010e 76A92B63 		.ascii	"v\251+cB\267I0\027\0160\247)\3166\0030\017\242I1kB\024"
 1010      42B74930 
 1010      170E30A7 
 1010      29CE3603 
 1010      300FA249 
 1011 0126 1378F655 		.ascii	"\023x\366U\315\360\235R\202\363\3453\211\354t\012\216"
 1011      CDF09D52 
 1011      82F3E533 
 1011      89EC740A 
 1011      8E
 1012 0137 80A02A00 		.ascii	"\200\240*\000s\200\032\363\300\2600\305\0020\013V\200"
 1012      73801AF3 
 1012      C0B030C5 
 1012      02300B56 
 1012      80
 1013 0148 D7200A57 		.ascii	"\327 \012W\253\361 vq\253\021\355\325\212\303!\216:"
 1013      ABF12076 
 1013      71AB11ED 
 1013      D58AC321 
 1013      8E3A
 1014 015a E1A8170E 		.ascii	"\341\250\027\016B\022\224\224\360C\201g\010\031\246"
 1014      42129494 
 1014      F0438167 
 1014      0819A6
 1015 0169 8A69C4D1 		.ascii	"\212i\304\321\370\011<\377-g\303\345\312\353Z\256Q\376"
 1015      F8093CFF 
 1015      2D67C3E5 
 1015      CAEB5AAE 
 1015      51FE
 1016 017b AFE7A47D 		.ascii	"\257\347\244}\242r\344\277W\223-\350\235\233j0\250\255"
 1016      A272E4BF 
ARM GAS  /tmp/cc3BTsAC.s 			page 28


 1016      57932DE8 
 1016      9D9B6A30 
 1016      A8AD
 1017 018d BCB92A10 		.ascii	"\274\271*\020\375\366\203\202\327IsZ\017\001\023Z \013"
 1017      FDF68382 
 1017      D749735A 
 1017      0F01135A 
 1017      200B
 1018 019f F00E480B 		.ascii	"\360\016H\013._N\353=\214\313VQ\240x\007\014ZmP\013"
 1018      2E5F4EEB 
 1018      3D8CCB56 
 1018      51A07807 
 1018      0C5A6D50 
 1019 01b4 1A7DCF85 		.ascii	"\032}\317\205aGA\204\204sg\020\355\032\204*\314Z\203"
 1019      61474184 
 1019      84736710 
 1019      ED1A842A 
 1019      CC5A83
 1020 01c7 5A053325 		.ascii	"Z\0053%<\016\351\2545\231\315\006\025\020\326\326\333"
 1020      3C0EE9AC 
 1020      3599CD06 
 1020      1510D6D6 
 1020      DB
 1021 01d8 8443424B 		.ascii	"\204CBK\226\371\033\013\227\301\233\010\325\031\370"
 1021      96F91B0B 
 1021      97C19B08 
 1021      D519F8
 1022 01e7 94649E0F 		.ascii	"\224d\236\017hQ\031QgF\314\013@Fl\233\021s\205c\006"
 1022      68511951 
 1022      6746CC0B 
 1022      40466C9B 
 1022      11738563 
 1023 01fc AD3FA49F 		.ascii	"\255?\244\237\217\373\373\371\204\375\210m\026\240\177"
 1023      8FFBFBF9 
 1023      84FD886D 
 1023      16A07F
 1024 020b 3D7B542A 		.ascii	"={T*\327\213\376p\264t\373W\374\221\034-\240w#\373T"
 1024      D78BFE70 
 1024      B474FB57 
 1024      FC911C2D 
 1024      A07723FB 
 1025 0220 916E5BD9 		.ascii	"\221n[\331\315\266\036,l(\225\311\227\314\334\251B\343"
 1025      CDB61E2C 
 1025      6C2895C9 
 1025      97CCDCA9 
 1025      42E3
 1026 0232 21893F57 		.ascii	"!\211?W\022\377p\210\3149s\222\273\265\217~\001)\253"
 1026      12FF7088 
 1026      CC397392 
 1026      BBB58F7E 
 1026      0129AB
 1027 0245 22813329 		.ascii	"\"\2013)\373\007z[\321\317\020\377\007\014\234ti\265"
 1027      FB077A5B 
 1027      D1CF10FF 
 1027      070C9C74 
 1027      69B5
 1028 0257 68C5F562 		.ascii	"h\305\365b\363lb\315\007Nei5\214\017\002\314\020\361"
ARM GAS  /tmp/cc3BTsAC.s 			page 29


 1028      F36C62CD 
 1028      074E6569 
 1028      358C0F02 
 1028      CC10F1
 1029 026a 200839AE 		.ascii	" \0109\256\371B\001]\363\273\203\332\305\220\347f@\017"
 1029      F942015D 
 1029      F3BB83DA 
 1029      C590E766 
 1029      400F
 1030 027c C6A2DAF9 		.ascii	"\306\242\332\371+m\227::\335]\356\240G'\3151\237?r\275"
 1030      2B6D973A 
 1030      3ADD5DEE 
 1030      A04727CD 
 1030      319F3F72 
 1031 0291 23EC8EC4 		.ascii	"#\354\216\304nk\027|\376N\377\345\253Z(\212\337.\177"
 1031      6E6B177C 
 1031      FE4EFFE5 
 1031      AB5A288A 
 1031      DF2E7F
 1032 02a4 A7168D78 		.ascii	"\247\026\215x4\217/\240\007<\241\210\356\364\020\026"
 1032      348F2FA0 
 1032      073CA188 
 1032      EEF41016 
 1033 02b4 F577EB0D 		.ascii	"\365w\353\015{\020\347\271\226\263\272\327\345u\021"
 1033      7B10E7B9 
 1033      96B3BAD7 
 1033      E57511
 1034 02c3 D5DDE5BF 		.ascii	"\325\335\345\277\021\254\012y\275Q=\306\302\021\375"
 1034      11AC0A79 
 1034      BD513DC6 
 1034      C211FD
 1035 02d2 1684FF03 		.ascii	"\026\204\377\003\263\005VQ"
 1035      B3055651 
 1036              		.text
 1037              		.section	.gnu.lto_chCoreAllocFromBase.351.43b82fcdc7555836,"e",%progbits
 1038 0000 789C8D54 		.ascii	"x\234\215T]H\024Q\030\375\276\271\263\253KPATP=h`Q\224"
 1038      5D481451 
 1038      18FDBEB9 
 1038      B3AB4B50 
 1038      4154503D 
 1039 0018 2351546F 		.ascii	"#QTo\225\025\010J\241\017>\312:\215\355\200\273#3[d"
 1039      9515084A 
 1039      A10F3ECA 
 1039      3A8DED80 
 1039      BB23335B 
 1040 002d 2F4D5A42 		.ascii	"/MZB\365\260j`f\233\206\030\005=\364\203\226\245\331"
 1040      F5B06A60 
 1040      669B8618 
 1040      053DF483 
 1040      96A5D9
 1041 0040 9665FE54 		.ascii	"\226e\376T\366#Tke\030=dA\326\226I\024\365\335;\333"
 1041      F623546B 
 1041      65183D64 
 1041      41D69649 
 1041      14F5DD3B 
 1042 0055 BA0545B0 		.ascii	"\272\005E\260\314\275\367\334s\277s\276s/\273@\006\330"
 1042      CCBDF7DC 
ARM GAS  /tmp/cc3BTsAC.s 			page 30


 1042      73BF73BE 
 1042      732FBB40 
 1042      06D8
 1043 0067 8C008B00 		.ascii	"\214\000\213\000\000\031`m\315A\011l\333^\227\"\341"
 1043      0019606D 
 1043      CD41096C 
 1043      DB5E9722 
 1043      E1
 1044 0078 DE9A8383 		.ascii	"\336\232\203\203g[e\274\206\002@\330#\341\036<\314\302"
 1044      675B65BC 
 1044      860240D8 
 1044      23E11E3C 
 1044      CCC2
 1045 008a 0C6B590B 		.ascii	"\014kY\013\221\345\370\0141mI\304\266'\367\037\036{"
 1045      91E5F80C 
 1045      316D49C4 
 1045      B627F71F 
 1045      1E7B
 1046 009c 8DE1D311 		.ascii	"\215\341\323\021\271\205I\320H\2046\304V*\016@D\226"
 1046      B98549D0 
 1046      488436C4 
 1046      562A0E40 
 1046      4496
 1047 00ae 0F8B8974 		.ascii	"\017\213\211t\277\277\335\266=\320\302\030^\302$\016"
 1047      BFBFDDB6 
 1047      3DD0C218 
 1047      5EC2240E 
 1048 00be 0185BD12 		.ascii	"\001\205\275\022\347\371\035\336\2338O\306\313\277\363"
 1048      E7F91DDE 
 1048      9B384FC6 
 1048      CBBFF3
 1049 00cd E4C221C1 		.ascii	"\344\302!\301\263\034\336\217D\275\216?\353\275\224"
 1049      B31CDE8F 
 1049      44BD8E3F 
 1049      EBBD94
 1050 00dc 1CE5DDFC 		.ascii	"\034\345\335\374\233A\344\361\267'\253\246W\357M%\177"
 1050      9B41E4F1 
 1050      B727ABA6 
 1050      57EF4D25 
 1050      7F
 1051 00ed 78157F73 		.ascii	"x\025\177sX\370Nr\003v!\367\015\300\005\334@s\304\010"
 1051      58F84E72 
 1051      037621F7 
 1051      0DC005DC 
 1051      4073C408 
 1052 0101 F2D36E8A 		.ascii	"\362\323n\212`rb\005P\030\215\324\\\034\011\177\353"
 1052      60726205 
 1052      50188DD4 
 1052      5C1C097F 
 1052      EB
 1053 0112 7E46A7AE 		.ascii	"~F\247\256\023\306\204\322)A\346\276&\273\016\015\017"
 1053      13C684D2 
 1053      2941E6BE 
 1053      26BB0E0D 
 1053      0F
 1054 0123 CE0BDB3C 		.ascii	"\316\013\333<\014\027v#/\345\210\341M$\250\260\317\025"
 1054      0C177623 
ARM GAS  /tmp/cc3BTsAC.s 			page 31


 1054      2FE588E1 
 1054      4D24A8B0 
 1054      CF15
 1055 0135 3735190D 		.ascii	"75\031\015=\275\274\254\273\322\356\265\023\\\230\342"
 1055      3DBDBCAC 
 1055      BBD2EEB5 
 1055      135C98E2 
 1056 0145 3AE909FD 		.ascii	":\351\011\375Oa7\336\"\360\006\257\006\344\017{\222"
 1056      4F6137DE 
 1056      22F006AF 
 1056      06E40F7B 
 1056      92
 1057 0156 FD85EF74 		.ascii	"\375\205\357t\316u\014\312S\006+?\223\301^\302\\0\245"
 1057      CE750CCA 
 1057      53062B3F 
 1057      93C15EC2 
 1057      5C30A5
 1058 0169 77A0E37F 		.ascii	"w\240\343\177\364\332{\216\273\261\237\300\276\204\336"
 1058      F4DA7B8E 
 1058      BBB19FC0 
 1058      BE84DE
 1059 0178 80D0230E 		.ascii	"\200\320#\016RTg\037\272\"\366\267\037!;r\3333\366\372"
 1059      5254671F 
 1059      BA22F6B7 
 1059      1F213B72 
 1059      DB33F6FA 
 1060 018c D5F8D70C 		.ascii	"\325\370\327\014\217\204\330\216\324\351\025\224\021"
 1060      8F84D88E 
 1060      D4E91594 
 1060      11
 1061 0199 3BD14914 		.ascii	";\321I\024B\214?)[F;\002P\315$gQI\2131\264G\037\017"
 1061      428C3F29 
 1061      5B463B02 
 1061      50CD2467 
 1061      51498B31 
 1062 01b1 A018A3D3 		.ascii	"\240\030\243\323\370\020\373\020z\321P\207\224\251\000"
 1062      F810FB10 
 1062      7AD15087 
 1062      94A900
 1063 01c0 63518F60 		.ascii	"cQ\217`\305\332\232.\304\236\314\242\326\005\374(V\217"
 1063      C5DA9A2E 
 1063      C49ECCA2 
 1063      D605FC28 
 1063      568F
 1064 01d2 1CAF48A3 		.ascii	"\034\257H\243@\370\023ta\226\240}\257\2738r\034)\027"
 1064      40F81374 
 1064      6196A07D 
 1064      AFBB3872 
 1064      1C2917
 1065 01e5 41EB18F1 		.ascii	"A\353\030\361\340m\204\367X\261\220\273>\303\2575\275"
 1065      E06D84F7 
 1065      58B190BB 
 1065      3EC3AF35 
 1065      BD
 1066 01f6 53AAA207 		.ascii	"S\252\242\007\340\246\251\314\037\375=\004\032q\020"
 1066      E0A6A9CC 
 1066      1FFD3D04 
ARM GAS  /tmp/cc3BTsAC.s 			page 32


 1066      1A7110
 1067 0205 F1AE4832 		.ascii	"\361\256H2\375\232\330O\021\233\017\034\225\361\326"
 1067      FD9AD84F 
 1067      119B0F1C 
 1067      95F1D6
 1068 0214 A687B154 		.ascii	"\246\207\261T\340\341\363\272\037?\204>E3\204\302\227"
 1068      E0E1F3BA 
 1068      1F3F843E 
 1068      453384C2 
 1068      97
 1069 0225 E81C819C 		.ascii	"\350\034\201\234\037}\236K\321\3038V\235\230\321\314"
 1069      1F7D9E4B 
 1069      D1C33856 
 1069      9D98D1CC 
 1070 0235 DCFB506A 		.ascii	"\334\373Pja\251\215\214BkfR3c\315\214\302\3668\226\273"
 1070      61A98D8C 
 1070      426B6652 
 1070      3363CD8C 
 1070      C2F63896 
 1071 024a 9018E2F8 		.ascii	"\220\030\342\370\210\323;5\335p\214\232\356ul7\015\037"
 1071      88D33B35 
 1071      DD708C9A 
 1071      EE756C37 
 1071      0D1F
 1072 025c 718446CF 		.ascii	"q\204F\317\037sd\256\016\213\235\205\211\317\350\320"
 1072      1F7364AE 
 1072      0E8B9D85 
 1072      89CFE8D0 
 1073 026c FC782CB5 		.ascii	"\374x,\265\023\024K\237s\360\350D\"\226\376x,\220\034"
 1073      13144B9F 
 1073      73F0E844 
 1073      2296FE78 
 1073      2C901C
 1074 027f CBC0542C 		.ascii	"\313\300T,w\222c\211\0070$\242H\356\272~\202\272\356"
 1074      77926389 
 1074      073024A2 
 1074      48EEBA7E 
 1074      82BAEE
 1075 0292 8F777DAE 		.ascii	"\217w}\256v\204\377\031\300G\2548\261\212w\000\374j"
 1075      7684FF19 
 1075      C047AC38 
 1075      B18A7700 
 1075      FC6A
 1076 02a4 D1B9CD8A 		.ascii	"\321\271\315\212\010_\246+>\303\257)\2727\240l4\324"
 1076      085FA62B 
 1076      3EC3AF29 
 1076      BA37A06C 
 1076      34D4
 1077 02b6 1D7E2D10 		.ascii	"\035~-\020\264\224\015[\363s\213\212\275\245\336\200"
 1077      B4940D5B 
 1077      F3738B8A 
 1077      BDA5DE80 
 1078 02c6 AAC1F2A0 		.ascii	"\252\301\362\240O7\267\025\225y\315`\271\222\355\323"
 1078      4F37B715 
 1078      9579CD60 
 1078      B992EDD3 
 1079 02d6 8BF52D05 		.ascii	"\213\365-\005\212a\321\257T/V,SUT\237_\363\253\206\251"
ARM GAS  /tmp/cc3BTsAC.s 			page 33


 1079      8A61D1AF 
 1079      542F562C 
 1079      5355549F 
 1079      5FF3AB86 
 1080 02eb 65AA205B 		.ascii	"e\252 [\372nmv\022\222\2716k\215V\262\262d%\270\274"
 1080      FA6E6D76 
 1080      1292B936 
 1080      6B8D56B2 
 1080      B26425B8 
 1081 0300 A5FAF680 		.ascii	"\245\372\366\200\333()\261\264 \226-\375K]3\250\350"
 1081      DB2829B1 
 1081      B420962D 
 1081      FD4B5D33 
 1081      A8E8
 1082 0312 01B574C7 		.ascii	"\001\265t\3076\215\012[\345V\246\017R\212\275\226\266"
 1082      368D0A5B 
 1082      E556A60F 
 1082      528ABD96 
 1082      B6
 1083 0323 D5D437FD 		.ascii	"\325\3247\375\345\210j\370\375F@\321v\005\225\365\371"
 1083      E5886AF8 
 1083      FD4640D1 
 1083      760595F5 
 1083      F9
 1084 0334 794A765E 		.ascii	"yJv^AN\201\222M\362J\316\257J~K\267\212\266\253*U[\365"
 1084      414E8192 
 1084      4DF24ACE 
 1084      AF4A7E4B 
 1084      B78AB6AB 
 1085 034c EF2A6586 		.ascii	"\357*e\206I\021P\235\235\253\227\347\221\005\321\206"
 1085      4911509D 
 1085      9DAB97E7 
 1085      9105D186 
 1086 035c 0F66E615 		.ascii	"\017f\346\025\344\247q\037e\246\276,-#\013$\023R\250"
 1086      E4A7711F 
 1086      65A6BE2C 
 1086      2D230B24 
 1086      1352A8
 1087 036f 4BC32C87 		.ascii	"K\303,\207\237\024\263\321\332"
 1087      9F14B3D1 
 1087      DA
 1088              		.text
 1089              		.section	.gnu.lto_chCoreAllocFromTop.352.43b82fcdc7555836,"e",%progbits
 1090 0000 789C8D54 		.ascii	"x\234\215T]H\024Q\030\375\276\271\263\253\373RA\324"
 1090      5D481451 
 1090      18FDBEB9 
 1090      B3ABFB52 
 1090      41D4
 1091 0012 43F9A081 		.ascii	"C\371\240\201EQ\216PQ\275UV\020$\205>\370(\3534\266"
 1091      45518E50 
 1091      51BD5556 
 1091      1024853E 
 1091      F828EB34 
 1092 0027 03EE8ECC 		.ascii	"\003\356\216\314\254\221\2768j\011\325\303\226\321\237"
 1092      AC91BE38 
 1092      6A09D5C3 
 1092      96D19F
ARM GAS  /tmp/cc3BTsAC.s 			page 34


 1093 0036 6E5A2214 		.ascii	"nZ\"\024E\364\203\225i\352\226\225\277e\231\017\245"
 1093      45F48395 
 1093      69EA9695 
 1093      BF65990F 
 1093      A5
 1094 0047 91600F45 		.ascii	"\221`\017E/\251[\346\203\375|\367\316\266n\201\021,"
 1094      2FA95BE6 
 1094      83FD7CF7 
 1094      CEB66E81 
 1094      112C
 1095 0059 73EF3DF7 		.ascii	"s\357=\367\334\357\234\357\334\313\246\310\000\273\020"
 1095      DCEF9CEF 
 1095      DCCBA6C8 
 1095      00BB10
 1096 0068 60250020 		.ascii	"`%\000 \003\2549yL\002\333\266\267&IXq\362\330`k\263"
 1096      03AC3979 
 1096      4C02DBB6 
 1096      B7264958 
 1096      71F2D860 
 1097 007e 8C9D2800 		.ascii	"\214\235(\000\204r\011\313\361\024\0133\254aMD\226c"
 1097      847209CB 
 1097      F1140B33 
 1097      AC614D44 
 1097      9663
 1098 0090 33C4D4D5 		.ascii	"3\304\324\325\021\333\2369r\252\366\003\206\257D\344"
 1098      11DB9E39 
 1098      72AAF603 
 1098      86AF44E4 
 1099 00a0 2626413D 		.ascii	"&&A=\021\356 6Sq\000\"\262\034XE\244\027\275-\266\355"
 1099      11EE2036 
 1099      53710022 
 1099      B21C5845 
 1099      A417BD2D 
 1100 00b6 8126C6F0 		.ascii	"\201&\306\360\036&p\010\310;*q\236\337\341}\214\361"
 1100      1E267008 
 1100      C83B2A71 
 1100      9EDFE17D 
 1100      8CF1
 1101 00c8 64BCFF27 		.ascii	"d\274\377'O\316;-x\226\303\373\021\257\327\366w\275"
 1101      4FCE3B2D 
 1101      7896C3FB 
 1101      11AFD7F6 
 1101      77BD
 1102 00da 4B92A35C 		.ascii	"K\222\243\\\306\277\351D\236\250\273\\\275\340DE2\371"
 1102      C6BFE944 
 1102      9EA8BB5C 
 1102      BDE04445 
 1102      32F9
 1103 00ec C376FCC3 		.ascii	"\303v\374\303a\336u\311\015\330\201\3347\000\027p\003"
 1103      61DE75C9 
 1103      0DD881DC 
 1103      37001770 
 1103      03
 1104 00fd CD1123C8 		.ascii	"\315\021#\310O\273)\202\231\347\353\201\302\250\247"
 1104      4FBB2982 
 1104      99E7EB81 
 1104      C2A8A7
ARM GAS  /tmp/cc3BTsAC.s 			page 35


 1105 010c E6624878 		.ascii	"\346bHx\266\353-\235zH\030\023J\227\005\231\373\232"
 1105      B6EB2D9D 
 1105      7A481813 
 1105      4A970599 
 1105      FB9A
 1106 011e E9383E3A 		.ascii	"\3518>:\270,l\3630\\\330\205\274\224#\206\217\221\240"
 1106      B82C6CF3 
 1106      305CD885 
 1106      BC942386 
 1106      8F91A0
 1107 0131 BC5E57CC 		.ascii	"\274^W\314\324\314H\350\315\375\265]Uv\217\035\347\302"
 1107      D4CC48E8 
 1107      CDFDB55D 
 1107      55768F1D 
 1107      E7C2
 1108 0143 1CD7494F 		.ascii	"\034\327IO\350\177\011\273\361\011\201\217x5 \177\370"
 1108      E87F09BB 
 1108      F109818F 
 1108      7835207F 
 1108      F8
 1109 0154 34D15F78 		.ascii	"4\321_x`6\3051(\317\031\254\372J\006{\010s\301\234\336"
 1109      6036C531 
 1109      28CF19AC 
 1109      FA4A067B 
 1109      0873C19C 
 1110 0169 D1B6FFD1 		.ascii	"\321\266\377\321kyz\301\215}\004\366\306\365\372\205"
 1110      6B797AC1 
 1110      8D7D04F6 
 1110      C6F5FA85 
 1111 0179 1E7190A2 		.ascii	"\036q\220\242\2721\344\212\330\263?Cv\244\333S\333\375"
 1111      BA31E48A 
 1111      D8B33F43 
 1111      76A4DB53 
 1111      DBFD
 1112 018b 7EE2EA2A 		.ascii	"~\342\352*\217\204\330\202\324i+\312\210\017\320I\024"
 1112      8F84D882 
 1112      D4692BCA 
 1112      880FD049 
 1112      14
 1113 019c 428C3F29 		.ascii	"B\214?)[F;\002p\202I\316\242\212\026\237\320\036\277"
 1113      5B463B02 
 1113      708249CE 
 1113      A28A169F 
 1113      D01EBF
 1114 01af F71CC5D8 		.ascii	"\367\034\305\330\272\200\017\321\311\320\273\3323H\231"
 1114      BA800FD1 
 1114      C9D0BBDA 
 1114      334899
 1115 01be 0A303AE2 		.ascii	"\0120:\342\021\254\350\235\206\333\321\327\213\251u"
 1115      11ACE89D 
 1115      86DBD1D7 
 1115      8BA975
 1116 01cd 01BF8A9E 		.ascii	"\001\277\212\236C\216W\246R \374\011\2720S\320\276\237"
 1116      438E57A6 
 1116      5220FC09 
 1116      BA3053D0 
 1116      BE9F
ARM GAS  /tmp/cc3BTsAC.s 			page 36


 1117 01df B93B7601 		.ascii	"\271;v\001)\027Ak\033\363`7\302g\254\\\301]_\343\327"
 1117      2917416B 
 1117      1BF36037 
 1117      C267AC5C 
 1117      C15D5FE3 
 1118 01f4 9AF640AA 		.ascii	"\232\366@\252\246\007\340\246\251\314\037=\251\323\210"
 1118      A607E0A6 
 1118      A9CC1F3D 
 1118      A9D388
 1119 0203 8388CF44 		.ascii	"\203\210\317D\222i\235b?Il\276tT&\232\033\206\242\311"
 1119      92699D62 
 1119      3F496CBE 
 1119      7454269A 
 1119      1B86A2C9 
 1120 0217 C0C3E775 		.ascii	"\300\303\347u\247&C_F\322\205\302\267\221\245\002\271"
 1120      A726435F 
 1120      46D285C2 
 1120      B791A502 
 1120      B9
 1121 0228 351EDD43 		.ascii	"5\036\335C\321\303\004V_\\\330\310\334\207Qjb\311\365"
 1121      D1C30456 
 1121      5F5CD8C8 
 1121      DC87516A 
 1121      62C9F5
 1122 023b 8C426B64 		.ascii	"\214BkdR#c\215\214\302\3668\226;\220\030\342x\247\323"
 1122      5223638D 
 1122      8CC2F638 
 1122      963B9018 
 1122      E278A7D3 
 1123 024f 3B355D5B 		.ascii	";5][GM\3678\266\033F\317:B\343\267\352\034\231\366Q"
 1123      474DF738 
 1123      B61B46CF 
 1123      3A42E3B7 
 1123      EA1C99F6 
 1124 0264 B1B322FE 		.ascii	"\261\263\"\376\031\037^\036\213\245f\232b\351u\016\236"
 1124      191F5E1E 
 1124      8BA5669A 
 1124      62E9750E 
 1124      9E
 1125 0275 9F8EC7D2 		.ascii	"\237\216\307\322\027\213\005\022c\351\237\213e 1\226"
 1125      178B0512 
 1125      63E99F8B 
 1125      65203196 
 1126 0285 5800C322 		.ascii	"X\000\303\"\212\304\256\317MS\327}\261\256o\326|\345"
 1126      8AC4AECF 
 1126      4D53D77D 
 1126      B1AE6FD6 
 1126      7CE5
 1127 0297 7F063085 		.ascii	"\177\0060\205\225\0277\362\016\200_-:\267Y\031\341\313"
 1127      951737F2 
 1127      0E805F2D 
 1127      3AB75919 
 1127      E1CB
 1128 02a9 34C567F8 		.ascii	"4\305g\3705E\367\006\224\035\206Z\342\327\002AK\331"
 1128      3545F706 
 1128      941D865A 
 1128      E2D70241 
ARM GAS  /tmp/cc3BTsAC.s 			page 37


 1128      4BD9
 1129 02bb BE2F674F 		.ascii	"\276/gO~\201\267\310\033P5X\027\364\351\346\376\374"
 1129      7E81B7C8 
 1129      1B503558 
 1129      17F4E9E6 
 1129      FEFC
 1130 02cd 62AF192C 		.ascii	"b\257\031,U\262|z\201\2767W1,\372\025\351\005\212e\252"
 1130      55B27C7A 
 1130      81BE3757 
 1130      312CFA15 
 1130      E9058A65 
 1131 02e2 8AEAF36B 		.ascii	"\212\352\363k~\3250\265\014\025dK/\323\226$ \031[27"
 1131      7ED530B5 
 1131      0C15644B 
 1131      2FD39624 
 1131      20195B32 
 1132 02f7 6B851B0A 		.ascii	"k\205\033\0127\200\313[\244\037\010\270\215\302BK\013"
 1132      3780CB5B 
 1132      A41F08B8 
 1132      8DC2424B 
 1132      0B
 1133 0308 62F19A79 		.ascii	"b\361\232y\352\232AE\017\250E%\3735*l\225Z\031>H*\360"
 1133      EA9A4145 
 1133      0FA84525 
 1133      FB352A6C 
 1133      955A193E 
 1134 031f 5ADA3E53 		.ascii	"Z\332>S\3379\317\021\325\360\373\215\200\242\035\012"
 1134      DF39CF11 
 1134      D5F0FB8D 
 1134      80A21D0A 
 1135 032f 2ADB72B2 		.ascii	"*\333r\262\225\254\354\334\335\271J\026\311+\273\177"
 1135      95ACECDC 
 1135      DDB94A16 
 1135      C92BBB7F 
 1136 033f 57F25BBA 		.ascii	"W\362[\272\225\177@U\251\332\306\177W)6L\212\200\352"
 1136      957F4055 
 1136      A9DAC67F 
 1136      5729364C 
 1136      8A80EA
 1137 0352 1CDCB42E 		.ascii	"\034\334\264.\233,\2106|\260(;7'\225\373(6\365\265\251"
 1137      9B2C8836 
 1137      7CB0283B 
 1137      372795FB 
 1137      2836F5B5 
 1138 0367 E9992099 		.ascii	"\351\231 \231\220D]\032f)\374\002\327\"\317\201"
 1138      90445D1A 
 1138      6629FC02 
 1138      D722CF81 
 1139              		.text
 1140              		.section	.gnu.lto_chCoreGetStatusX.353.43b82fcdc7555836,"e",%progbits
 1141 0000 789C754F 		.ascii	"x\234uO=K\303P\024\275'/I\375\025R\027\305A\343\340"
 1141      3D4BC350 
 1141      14BD272F 
 1141      49FD1552 
 1141      17C541E3 
 1142 0015 E424EA28 		.ascii	"\344$\352(\370\365\003J\032\003\0114\215\244up\352k"
 1142      F8F5034A 
ARM GAS  /tmp/cc3BTsAC.s 			page 38


 1142      1A030934 
 1142      8DA47570 
 1142      EA6B
 1143 0027 FD2874A9 		.ascii	"\375(t\251m\327\352\020\212ts\251\370\321\012\031\235"
 1143      6DD7EA10 
 1143      8A7473A9 
 1143      F8D10A19 
 1143      9D
 1144 0038 057F8193 		.ascii	"\005\177\201\223\202\016.:T\364&\026\304\301\307\275"
 1144      820E2E3A 
 1144      54F42616 
 1144      C4C1C7BD 
 1145 0048 97732FF7 		.ascii	"\227s/\367\234s\337\002\2106\210h\222\023\202\320l\324"
 1145      9C73DF02 
 1145      88368868 
 1145      921382D0 
 1145      6CD4
 1146 005a 1492522E 		.ascii	"\024\222R.\246\024\224\033\265\367~O\305%\222\001\250"
 1146      A614941B 
 1146      B5F77E4F 
 1146      C5259201 
 1146      A8
 1147 006b A4A08496 		.ascii	"\244\240\204\226h\0134E\207\227\325\021\002\322\323"
 1147      680B3445 
 1147      8797D511 
 1147      02D2D3
 1148 007a 91941F87 		.ascii	"\221\224\037\207\255~Uow#\265#\024:\345\205\013\240"
 1148      AD7E556F 
 1148      7723B523 
 1148      143AE585 
 1148      0BA0
 1149 008c C706F1D3 		.ascii	"\307\006\361\323)\236\304.\234\347\367Z$\207_u)?\037"
 1149      299EC42E 
 1149      9CE7F75A 
 1149      24875F75 
 1149      293F1F
 1150 009f 7137A583 		.ascii	"q7\245\203:\202)\\\004\027U\243X\200\352\"\276D\252"
 1150      3A82295C 
 1150      041755A3 
 1150      5880EA22 
 1150      BE44AA
 1151 00b2 9011D1B1 		.ascii	"\220\021\321\261P~\23227\317\220a\212^Q\031<\215\207"
 1151      507E9A32 
 1151      37CF9061 
 1151      8A5E5119 
 1151      3C8D87
 1152 00c5 02A33334 		.ascii	"\002\24334\020\243\003(\014\273\354\305\315Y\254\254"
 1152      10A30328 
 1152      0CBBECC5 
 1152      CD59ACAC 
 1153 00d5 E31AB802 		.ascii	"\343\032\270\002\3151\177\214=p\203\223\344\224D`>\024"
 1153      CD317F8C 
 1153      3D708393 
 1153      E4944460 
 1153      3E14
 1154 00e7 CA3FB4C1 		.ascii	"\312?\264\301_\332-\323\220\320\366{G/j(\004{3;\326"
 1154      5FDA2DD3 
ARM GAS  /tmp/cc3BTsAC.s 			page 39


 1154      90D0F67B 
 1154      472F6A28 
 1154      047B333B 
 1155 00fc 19561F18 		.ascii	"\031V\037\030j<\2437T\322\014c\203\272\300\357\017\210"
 1155      6A3CA337 
 1155      54D20C63 
 1155      83BAC0EF 
 1155      0F88
 1156 010e 260CC7F7 		.ascii	"&\014\307\367l\3035\363\306\212o\355zv\276X0\226\326"
 1156      6CC335F3 
 1156      C68A6FED 
 1156      7A76BE58 
 1156      3096D6
 1157 0121 37573359 		.ascii	"7W3Y3g\346-\233f\212\216\033lgv\314\240\270g,;n\326"
 1157      3367E62D 
 1157      9B668A8E 
 1157      1B6C6776 
 1157      CCA0B867 
 1158 0139 5DDB32FC 		.ascii	"]\3332\374\002G\316\315\032\205\3002,\307\263=\313\017"
 1158      0247CECD 
 1158      1A85C032 
 1158      2CC7B33D 
 1158      CB0F
 1159 014b EC598BBE 		.ascii	"\354Y\213\276\001\247+z\310"
 1159      01A72B7A 
 1159      C8
 1160              		.text
 1161              		.section	.gnu.lto_.symbol_nodes.43b82fcdc7555836,"e",%progbits
 1162 0000 789C758D 		.ascii	"x\234u\215\333\015\200 \024C{\013\310\032\316\342b\027"
 1162      DB0D8020 
 1162      14437B0B 
 1162      C81ACEE2 
 1162      6217
 1163 0012 36701E87 		.ascii	"6p\036\207p\001\037(\016\242\220\350\237\234\23769i"
 1163      70011F28 
 1163      0EA290E8 
 1163      9F9C9F36 
 1163      3969
 1164 0024 9A50E04A 		.ascii	"\232P\340JE(X\031g@\201)D\201T\007\267\020q\250%S\372"
 1164      45285819 
 1164      67408129 
 1164      44815407 
 1164      B71071A8 
 1165 003b 9A175993 		.ascii	"\232\027Y\223\033U\356\202\371Yq\247\262)\023\325\264"
 1165      1B55EE82 
 1165      F95971A7 
 1165      B22913D5 
 1165      B4
 1166 004c FE78506D 		.ascii	"\376xPmS\236T\327\222\246{w\331\033\357\276\212\007"
 1166      539E54D7 
 1166      92A67B77 
 1166      D91BEFBE 
 1166      8A07
 1167 005e 741F389B 		.ascii	"t\0378\233"
 1168              		.text
 1169              		.section	.gnu.lto_.refs.43b82fcdc7555836,"e",%progbits
 1170 0000 789C4D88 		.ascii	"x\234M\210\267\001\000 \014\303d'\224\003\030x\205\377"
ARM GAS  /tmp/cc3BTsAC.s 			page 40


 1170      B7010020 
 1170      0CC36427 
 1170      94031878 
 1170      85FF
 1171 0012 1F236C4C 		.ascii	"\037#lL*\007H\244\304~\3548:Q:@\253\316&\332_\236\310"
 1171      2A0748A4 
 1171      C47EEC38 
 1171      3A513A40 
 1171      ABCE26DA 
 1172 0029 55011720 		.ascii	"U\001\027 \335\000\355"
 1172      DD00ED
 1173              		.text
 1174              		.section	.gnu.lto_.decls.43b82fcdc7555836,"e",%progbits
 1175 0000 789C9D55 		.ascii	"x\234\235U]p\024U\026\276\347\336\236\231N'\220\024"
 1175      5D701455 
 1175      16BEE7DE 
 1175      9E994E27 
 1175      9014
 1176 0012 0CC5835B 		.ascii	"\014\305\203[l\326\322\"\253\013C\202B|\013\260\342"
 1176      6CD6D222 
 1176      AB0B4382 
 1176      427C0BB0 
 1176      E2
 1177 0023 520A4B11 		.ascii	"R\012K\021\255\022_z\207\351\206\23123\223\315t\\\361"
 1177      AD125F7A 
 1177      87E98699 
 1177      323393CD 
 1177      745CF1
 1178 0036 A9F909C9 		.ascii	"\251\371\011\311n6k\264\326\335H\300M\211\256\354j\254"
 1178      6E366BB4 
 1178      D6DD48C0 
 1178      4D89AEEC 
 1178      6AAC
 1179 0048 502E1A9C 		.ascii	"P.\032\234\210q\302O\370\217\030\220D\321\300\2208*"
 1179      8871C24F 
 1179      F88F1890 
 1179      44D1C090 
 1179      382A
 1180 005a 9A08D104 		.ascii	"\232\010\321\004D\331so\367\364\204\204P\245\235\234"
 1180      44D9736F 
 1180      F7F48484 
 1180      50A59D9C 
 1181 006a EE7B6F7F 		.ascii	"\356{o\177\337w\316=\367\314\351\273\263\010\3717%\344"
 1181      DF77CE3D 
 1181      F7CCE9BB 
 1181      B308F937 
 1181      25E4
 1182 007c 61B4EB78 		.ascii	"a\264\353xy\010!\357\243\341\224\254F\213\023\353r\243"
 1182      790821EF 
 1182      A3E194AC 
 1182      468B13EB 
 1182      72A3
 1183 008e 25D03AD1 		.ascii	"%\320:\321\016\243\035E;nc\031\3329\264\013h\003\344"
 1183      0EA31D45 
 1183      3B6E6319 
 1183      DA39B40B 
 1183      6803E4
ARM GAS  /tmp/cc3BTsAC.s 			page 41


 1184 00a1 C6AB0A2C 		.ascii	"\306\253\012,n\020\3553\264>\264^\264\024Z\322\366\363"
 1184      6E10ED33 
 1184      B43EB45E 
 1184      B4145AD2 
 1184      F6F3
 1185 00b3 31DA5934 		.ascii	"1\332Y4\260}\334J\357\031\004\311\370\234\206\346E["
 1185      B07DDC4A 
 1185      EF1904C9 
 1185      F89C86E6 
 1185      455B
 1186 00c5 67C7B8DA 		.ascii	"g\307\270\332\326M\373\030\257\333i?\317\215\323{\356"
 1186      D64DFB18 
 1186      AFDB693F 
 1186      CF8DD37B 
 1186      EE
 1187 00d6 27E89DB5 		.ascii	"'\350\235\2655\301\316\301\315\364\236\307Ee\022\275"
 1187      35C1CEC1 
 1187      CDF49EC7 
 1187      456512BD 
 1188 00e6 8B6897D0 		.ascii	"\213h\227\320F\320F\321\016\332\034\217\235\317\037"
 1188      46D046D1 
 1188      0EDA1C8F 
 1188      9DCF1F
 1189 00f5 8925CAD0 		.ascii	"\211%\312\320\\<.\260\342\036\177m\377\231>\216O\342"
 1189      5C3C2EB0 
 1189      E21E7F6D 
 1189      FF993E8E 
 1189      4FE2
 1190 0107 E3F04D7C 		.ascii	"\343\360M|\354\000\213\223\366\021\267\363\361\330-"
 1190      EC008B93 
 1190      F611B7F3 
 1190      F1D82D
 1191 0116 72F2FE24 		.ascii	"r\362\376$9y\226\301j\340\305\225+F\204Q\3423\305u~"
 1191      397996C1 
 1191      6AE0C595 
 1191      2B468451 
 1191      E233C575 
 1192 012b 26813741 		.ascii	"&\2017A\200\212\263\331\012\216\234\006\022\336\275"
 1192      808AB3D9 
 1192      0A8E9C06 
 1192      12DEBD
 1193 013a 90DFC8E8 		.ascii	"\220\337\310\350\263\227G:\335J\273i\016\231\355\233"
 1193      B397473A 
 1193      DD4ABB69 
 1193      0E99ED9B 
 1194 014a B308BC0D 		.ascii	"\263\010\274\015\260\007\010\264\002\252\274\005\260"
 1194      B00708B4 
 1194      02AABC05 
 1194      B0
 1195 0157 1BE07F80 		.ascii	"\033\340\177\200\260W\223\361\2639\375 \342\2214\000"
 1195      B05793F1 
 1195      B339FD20 
 1195      E2913400 
 1196 0167 38B3006F 		.ascii	"8\263\000o\012y\214\021\257IM\352\326\030U\230\3024"
 1196      0A798C11 
 1196      AF494DEA 
 1196      D6185598 
ARM GAS  /tmp/cc3BTsAC.s 			page 42


 1196      C234
 1197 0179 A5136615 		.ascii	"\245\023f\025\014\263\022\231\026\344*\362\316\016\310"
 1197      0CB31299 
 1197      16E42AF2 
 1197      CE0EC8
 1198 0188 535C32A5 		.ascii	"S\\2\245)\217\246\024\\\205\327h\223;\277\304\224\264"
 1198      298FA614 
 1198      5C85D768 
 1198      933BBFC4 
 1198      94B4
 1199 019a BFCE4879 		.ascii	"\277\316HyLZ\277\302;\277\004\357)O'h\310Z)\311y8Jy"
 1199      4C5ABFC2 
 1199      3BBF04EF 
 1199      294F2768 
 1199      C85A29C9 
 1200 01b2 9461D654 		.ascii	"\224a\326T\347\326\216\321\232\331\320\011\212V\344"
 1200      E7D68ED1 
 1200      9AD9D009 
 1200      8A56E4
 1201 01c1 C59D94C8 		.ascii	"\305\235\224\310\362\254\334\004K\260\245\230S\271\345"
 1201      F2ACDC04 
 1201      4BB0A598 
 1201      53B9E5
 1202 01d0 F5194ACA 		.ascii	"\365\031J\312\223\213\022\005Z~\236\226\237\333\011"
 1202      938B1205 
 1202      5A7E9E96 
 1202      9FDB09
 1203 01df 2E4D53BC 		.ascii	".MS\274\005\004\203\320\212\212J\250\202\312\222\334"
 1203      050483D0 
 1203      8A8A4AA8 
 1203      82CA92DC 
 1204 01ef 09450C72 		.ascii	"\011E\014r\212\314s_\316T\\J\326\254\374\002B4\262\224"
 1204      8ACC735F 
 1204      CE545C4A 
 1204      D6ACFC02 
 1204      4234B294 
 1205 0203 A22EBB9E 		.ascii	"\242.\273\236\276\300\203>\265\314\024\240@\241E\224"
 1205      BEC0833E 
 1205      B5CC14A0 
 1205      40A14594 
 1206 0213 3D98C203 		.ascii	"=\230\302\003\2424\237\020S\222sr\300\304G\226\372\240"
 1206      A2349F10 
 1206      53927372 
 1206      C0C44796 
 1206      FAA0
 1207 0225 B6B24821 		.ascii	"\266\262H!)\017\305W^\011L\012\031\246\342&\000\315"
 1207      290FC557 
 1207      5E094C0A 
 1207      19A6E226 
 1207      00CD
 1208 0237 78F4D61F 		.ascii	"x\364\326\037\277\201}\003>\005\253\007\244\335\210"
 1208      BF817D03 
 1208      3E05AB07 
 1208      A4DD88
 1209 0246 757EA6D4 		.ascii	"u~\246\324Fs\210\265\352<\3541\007P[\207\332\307\016"
 1209      467388B5 
 1209      EA3CEC31 
ARM GAS  /tmp/cc3BTsAC.s 			page 43


 1209      07505B87 
 1209      DAC70E
 1210 0259 16C776C2 		.ascii	"\026\307v\302\357c\304\035\010\330\220\264\216\305\261"
 1210      EF63C41D 
 1210      08D890B4 
 1210      8EC5B1
 1211 0268 010ED71E 		.ascii	"\001\016\327\036r\037\002L\307r\004\357\206\3003\222"
 1211      721F024C 
 1211      C77204EF 
 1211      86C03392 
 1212 0278 C4914D87 		.ascii	"\304\221M\207D\254\011\326\315\277\366~\370\324\000"
 1212      44AC09D6 
 1212      CDBFF67E 
 1212      F8D400
 1213 0287 A6CDBC50 		.ascii	"\246\315\274P\327\303 \257\276\204\0003\254\032\244"
 1213      D7C320AF 
 1213      BE840033 
 1213      AC1AA4
 1214 0296 A206F310 		.ascii	"\242\006\363\020T\035\377\333\021e&\202.\232\246\027"
 1214      541DFFDB 
 1214      11652682 
 1214      2E9AA617 
 1215 02a6 82D00EF0 		.ascii	"\202\320\016\360.\327\177\017\245\243B\346\273\323'"
 1215      2ED77F0F 
 1215      A5A342E6 
 1215      BBD327
 1216 02b5 9BE4DB1B 		.ascii	"\233\344\333\033\032\314\321g\376\322\377\342]\347Z"
 1216      1ACCD167 
 1216      FED2FFE2 
 1216      5DE75A
 1217 02c4 4DB30AF1 		.ascii	"M\263\012\3612\307\300^\300J\025\256\367\"\341\035\200"
 1217      32C7C05E 
 1217      C04A15AE 
 1217      F722E11D 
 1217      80
 1218 02d5 36283E24 		.ascii	"6(>$\261.\340\314\306w\367\274\"I\374e\034 \212\013"
 1218      B12EE0CC 
 1218      C677F7BC 
 1218      2249FC65 
 1218      1C208A0B 
 1219 02e9 EF246B5B 		.ascii	"\357$k[\334ba5\354\343\245]5\330\327\015i\304~\276\322"
 1219      DC626135 
 1219      ECE3A55D 
 1219      35D8D70D 
 1219      69C47EBE 
 1220 02fe DC77BC47 		.ascii	"\334w\274Gv\342Y\347\304s\020\345\017\200\010h\363\367"
 1220      76E259E7 
 1220      C47310E5 
 1220      0F800868 
 1220      F3F7
 1221 0310 83550A0F 		.ascii	"\203U\012\017h(\225\374\343N^\234\370\026:\234H:\234"
 1221      682895FC 
 1221      E34E5E9C 
 1221      F8163A9C 
 1221      483A9C
 1222 0323 48FA18EB 		.ascii	"H\372\030\353\027\2214\375\263c{\016\247\264\374\247"
 1222      179134FD 
ARM GAS  /tmp/cc3BTsAC.s 			page 44


 1222      B3637B0E 
 1222      A7B4FCA7 
 1223 0333 AADACCDB 		.ascii	"\252\332\314\333\210$\211\223\0169\244C\016i\204\262"
 1223      88248993 
 1223      0E39A443 
 1223      0E6984B2 
 1224 0343 2B827432 		.ascii	"+\202t2\331\033\317\026\244/n \035qHG\034R+eu\224\223"
 1224      D91BCF16 
 1224      A42F6E20 
 1224      1D714847 
 1224      1C522B65 
 1225 035a 1AFA5F1C 		.ascii	"\032\372_\034d\202\264\265z,\351\230C:\346\220\256\000"
 1225      6482B4B5 
 1225      7A2CE998 
 1225      433AE690 
 1225      AE00
 1226 036c 6B12A44F 		.ascii	"k\022\244Ow\265\325Nu6\215\251H\357\272\3139\205\336"
 1226      77B5D54E 
 1226      75368DA9 
 1226      48EFBACB 
 1226      3985DE
 1227 037f 2D0D3DE2 		.ascii	"-\015=\342\024\206\342\325[\246v\361\356\222\205\257"
 1227      1486E2D5 
 1227      5BA676F1 
 1227      EE9285AF 
 1228 038f E184A37B 		.ascii	"\341\204\243{\302\321\375\012\330.j\035\264,\016\272"
 1228      C2D1FD0A 
 1228      D82E6A1D 
 1228      B42C0EBA 
 1229 039f 9DB036B1 		.ascii	"\235\2606\261\360\013\270\016\342A\330>\341\371\350"
 1229      F00BB80E 
 1229      E241D83E 
 1229      E1F9E8
 1230 03ae 813AFC8D 		.ascii	"\201:\374\215c\013J\231\211\015\214\300|\230G\340\014"
 1230      630B4A99 
 1230      890D8CC0 
 1230      7C9847E0 
 1230      0C
 1231 03bf 20021BD0 		.ascii	" \002\033\320\207\000\247\371\231\014\357{\351\245\354"
 1231      8700A7F9 
 1231      990CEF7B 
 1231      E9A5EC
 1232 03ce 1CD1A79A 		.ascii	"\034\321\247\232\022\022\364\200\335\251\010\364\362"
 1232      1212F480 
 1232      DDA908F4 
 1232      F2
 1233 03db 567B942B 		.ascii	"V{\224+\271k\033\343[\330\035wLG\330\350\351\1774o\362"
 1233      B96B1BE3 
 1233      5BD81D77 
 1233      4C47D8E8 
 1233      E97F346F 
 1234 03f0 6CC3A696 		.ascii	"l\303\246\226\203\0108\005\360I\206\342C+$\210j\331"
 1234      83083805 
 1234      F04986E2 
 1234      432B2488 
 1234      6AD9
 1235 0402 B3091364 		.ascii	"\263\011\023dA>\232\000y\033\010nq\263i\266K\004\272"
ARM GAS  /tmp/cc3BTsAC.s 			page 45


 1235      413E9A00 
 1235      791B086E 
 1235      71B369B6 
 1235      4B04BA
 1236 0415 013EE02F 		.ascii	"\001>\340/>\341\233\205\217\001\316\362-\263*\306\267"
 1236      3EE19B85 
 1236      8F01CEF2 
 1236      2DB32AC6 
 1236      B7
 1237 0426 D0D33C30 		.ascii	"\320\323<0\002\323\307\203\341S\030\007G\350\356\232"
 1237      02D3C783 
 1237      E1531807 
 1237      47E8EE9A 
 1238 0436 44EB943B 		.ascii	"D\353\224;\033\352\315\321\277\327^]\260\001\341\320"
 1238      1BEACDD1 
 1238      BFD75E5D 
 1238      B001E1D0 
 1239 0446 077052C0 		.ascii	"\007pR\300\322>N\002)\356\007\366\264\320\356\356\331"
 1239      D23E4E02 
 1239      29EE07F6 
 1239      B4D0EEEE 
 1239      D9
 1240 0457 DA9535CD 		.ascii	"\332\2255\315\322\376\003n\\$:\011\366\017\254\357r"
 1240      D2FE036E 
 1240      5C243A09 
 1240      F60FACEF 
 1240      72
 1241 0468 5BBD7C67 		.ascii	"[\275|g\003\346\345\325\216\303\246\011\363\360\025"
 1241      03E6E5D5 
 1241      8EC3A609 
 1241      F3F015
 1242 0477 9C770EE4 		.ascii	"\234w\016\344<O\316v\241\363\315\313\373\207\025\216"
 1242      3C4FCE76 
 1242      A1F3CDCB 
 1242      FB87158E 
 1243 0487 6C796D87 		.ascii	"lym\207\331\236\007\034\330\357\000\373\255\272\276"
 1243      D99E071C 
 1243      D8EF00FB 
 1243      ADBABE
 1244 0496 D4BCF382 		.ascii	"\324\274\363\202\234Is_&!\237Y\200\206\313\333\272r"
 1244      9C49735F 
 1244      26219F59 
 1244      8086CBDB 
 1244      BA72
 1245 04a8 33806406 		.ascii	"3\200d\006\220\002\361\031\232\355|\206f\343\011\377"
 1245      9002F119 
 1245      9AED7C86 
 1245      66E309FF 
 1246 04b8 57B8BEB8 		.ascii	"W\270\276\270\377\363\243S&~d\276\004\304\340\266\277"
 1246      FFF3A353 
 1246      267E64BE 
 1246      04C4E0B6 
 1246      BF
 1247 04c9 00F89C9F 		.ascii	"\000\370\234\237\361\356\257\257\265\270\024\323\206"
 1247      F1EEAFAF 
 1247      B5B814D3 
 1247      86
ARM GAS  /tmp/cc3BTsAC.s 			page 46


 1248 04d6 61E5A4A5 		.ascii	"a\345\244\245\277B\260\017\346\2617\270\232\373\207"
 1248      BF42B00F 
 1248      E6B137B8 
 1248      9AFB87
 1249 04e5 EE535D1E 		.ascii	"\356S]\036\3456\000\374\037W5_\003\014\"v\010\340\033"
 1249      E53600FC 
 1249      1F57355F 
 1249      030C2276 
 1249      08E01B
 1250 04f8 ECA88380 		.ascii	"\354\250\203\200\245\177\355\227\370D\361S;\256\266"
 1250      A57FED97 
 1250      F844F153 
 1250      3BAEB6
 1251 0507 31278D83 		.ascii	"1'\215\203\231\372\276\004\302\201U\253nD\276\262\247"
 1251      99FABE04 
 1251      C28155AB 
 1251      6E44BEB2 
 1251      A7
 1252 0518 E648D6CD 		.ascii	"\346H\326\315\302\030\026a\\\006\201\364\210\252.F\374"
 1252      C2181661 
 1252      5C0681F4 
 1252      88AA2E46 
 1252      FC
 1253 0529 07C98144 		.ascii	"\007\311\201D\356X\345\357\000\276\345\370\021\020\034"
 1253      EE58E5EF 
 1253      00BEE5F8 
 1253      11101C
 1254 0538 9E813707 		.ascii	"\236\2017\007\266\276 e\322v0\223\266Qq\004\254\225"
 1254      B6BE2065 
 1254      D2763093 
 1254      B6517104 
 1254      AC95
 1255 054a 11764024 		.ascii	"\021v@$\2536\321\261\2157(\270jQ\353k\272\027\210\366"
 1255      AB36D1B1 
 1255      8D3728B8 
 1255      6A51EB6B 
 1255      BA1788F6 
 1256 055e 74D16A60 		.ascii	"t\321j`\275u\317\377\331s\223n\371\003z\273\206\203"
 1256      BD75CFFF 
 1256      D973936E 
 1256      F9037ABB 
 1256      8683
 1257 0570 DBEBB14D 		.ascii	"\333\353\261M\236y\341\243\301\251X\375\230\200\367"
 1257      9E79E1A3 
 1257      C1A958FD 
 1257      9880F7
 1258 057f BCF80AAE 		.ascii	"\274\370\012\256X'\015\337\003\374\310g\351\337i\273"
 1258      58270DDF 
 1258      03FCC867 
 1258      E9DF69BB 
 1259 058f 8B6D952C 		.ascii	"\213m\225,NCr\350Tab\223\211\355\254\376w\274\261^\267"
 1259      4E4372E8 
 1259      54616293 
 1259      89EDACFE 
 1259      77BCB15E 
 1260 05a4 AB437CE1 		.ascii	"\253C|\341\034\306\313.vB\232\020\250P\2704P\337\350"
 1260      1CC6CB2E 
ARM GAS  /tmp/cc3BTsAC.s 			page 47


 1260      76429A10 
 1260      A850B834 
 1260      50DFE8
 1261 05b7 895BCD79 		.ascii	"\211[\315y\343\257Es\336@-\277\033)l\2428K\253\274\345"
 1261      E3AF4573 
 1261      DE402DBF 
 1261      1B296CA2 
 1261      384BABBC 
 1262 05cc 624FBBD2 		.ascii	"bO\273\322~\273zn\360\273\231\332~\253(\216\235N%\261"
 1262      7EBB7A6E 
 1262      F0BB99DA 
 1262      7EAB288E 
 1262      9D4E25B1 
 1263 05e0 46D7A47E 		.ascii	"F\327\244~w\215\363\273\305\366[M\241\206\342,\255\362"
 1263      778DF3BB 
 1263      C5F65B4D 
 1263      A186E22C 
 1263      ADF2
 1264 05f2 BA8BFCC6 		.ascii	"\272\213\374\306\010\206*4\265\334_a\254\367-\011\206"
 1264      08862A34 
 1264      B5DC5F61 
 1264      ACF72D09 
 1264      86
 1265 0603 D6847E5F 		.ascii	"\326\204~_\352\213\306\360\277,\264\306\027\253\010"
 1265      EA8BC6F0 
 1265      BF2CB4C6 
 1265      17AB08
 1266 0612 F802C1B0 		.ascii	"\370\002\301\260\036\016D+\364\271\001\371\201\025\217"
 1266      1E0E442B 
 1266      F4B901F9 
 1266      81158F
 1267 0621 E42F295C 		.ascii	"\344/)\\Hf\214Y\234{\337\274b}\355=k\357!\356X\350)"
 1267      48668C59 
 1267      9C7BDFBC 
 1267      627DED3D 
 1267      6BEF21EE 
 1268 0638 5D3558E1 		.ascii	"]5X\341\002\222\353\257\010?\261P\237\023\276{m\371"
 1268      0292EBAF 
 1268      083FB150 
 1268      9F13BE7B 
 1268      6DF9
 1269 064a 5CAD9C28 		.ascii	"\\\255\234(\2105\364'\347\204\027\222lU\345D5\024\011"
 1269      8835F427 
 1269      E7841792 
 1269      6C55E544 
 1269      351409
 1270 065d 19BFF205 		.ascii	"\031\277\362\005\243a\335\027\362G|\277\215\006*\303"
 1270      A361DD17 
 1270      F2477CBF 
 1270      8D062AC3 
 1271 066d 7AC488F9 		.ascii	"z\304\210\371\026\257\\\365\220\272\306_\346\217\004"
 1271      16AF5CF5 
 1271      90BAC65F 
 1271      E68F04
 1272 067c 7432E7A7 		.ascii	"t2\347\247\304G\274\201\340\022\034-*+\213\006\226V"
 1272      C447BC81 
 1272      E0121C2D 
ARM GAS  /tmp/cc3BTsAC.s 			page 48


 1272      2A2B8B06 
 1272      9656
 1273 068e 44C38BFD 		.ascii	"D\303\213\3751}\331\364q\213\017G\313'\254q\340\264"
 1273      317DD9F4 
 1273      718B0F47 
 1273      CB27AC71 
 1273      E0B4
 1274 06a0 89B83C6B 		.ascii	"\211\270<k\351\001\335(5\374Fe\354Q%\020Tmw\2365\310"
 1274      E901DD28 
 1274      35FC4665 
 1274      EC512510 
 1274      546D779E 
 1275 06b6 C1B1A732 		.ascii	"\301\261\2472\0241\212U\303mD\313qZx\313\200C\221@Y"
 1275      14318A55 
 1275      C36D44CB 
 1275      715A78CB 
 1275      80439140 
 1276 06cb A5A68F09 		.ascii	"\245\246\217\011:H\262\354\241jLQ\325\240\356/W\271"
 1276      3A48B2EC 
 1276      A16A4C51 
 1276      D5A0EE2F 
 1276      57B9
 1277 06dd B2AAE6D8 		.ascii	"\262\252\346\3303=\242\251\252\314\275\314/R\015)\020"
 1277      333DA2A9 
 1277      AACCBDCC 
 1277      2F520D29 
 1277      10
 1278 06ee F4572030 		.ascii	"\364W 0\246\033\352\342E\245\367\257\\\265l\212\277"
 1278      A61BEAE2 
 1278      45A5F7AF 
 1278      5CB56C8A 
 1278      BF
 1279 06ff EC4FFEF5 		.ascii	"\354O\376\3651\314hY(\242\337?I\000\201h8\034\215\370"
 1279      31CC6859 
 1279      28A2DF3F 
 1279      49008168 
 1279      381C8DF8 
 1280 0713 F4270DDF 		.ascii	"\364'\015\337\242U\313}K\226\227.+\365\361\335\371\226"
 1280      A255CB7D 
 1280      4B96972E 
 1280      2BF5F1DD 
 1280      F996
 1281 0725 A5830AC7 		.ascii	"\245\203\012\307B1u] \300\203\012\004K\327\307\036\212"
 1281      4231755D 
 1281      20C0830A 
 1281      044BD7C7 
 1281      1E8A
 1282 0737 061EBF6B 		.ascii	"\006\036\277k\022\275\012c\314nb\353c\234T\216\247\254"
 1282      12BD0A63 
 1282      CC6E62EB 
 1282      639C548E 
 1282      A7AC
 1283 0749 62FA1EBF 		.ascii	"b\372\036\277\367\326Ap\\\214\207\361\304\3029\313\221"
 1283      F7D64170 
 1283      5C8C87F1 
 1283      C4C239CB 
 1283      91
ARM GAS  /tmp/cc3BTsAC.s 			page 49


 1284 075a 6E67225B 		.ascii	"ng\"[8}$\302\025\262\205V\245\030\377\037\023%\330\014"
 1284      387D24C2 
 1284      15B28556 
 1284      A518FF1F 
 1284      1325D80C 
 1285              		.text
 1286              		.section	.gnu.lto_.symtab.43b82fcdc7555836,"e",%progbits
 1287 0000 5F5F636F 		.ascii	"__core_init\000"
 1287      72655F69 
 1287      6E697400 
 1288 000c 00       		.ascii	"\000"
 1289 000d 00       		.ascii	"\000"
 1290 000e 00       		.ascii	"\000"
 1291 000f 00000000 		.ascii	"\000\000\000\000\000\000\000\000"
 1291      00000000 
 1292 0017 C2000000 		.ascii	"\302\000\000\000"
 1293 001b 63685F6D 		.ascii	"ch_memcore\000"
 1293      656D636F 
 1293      726500
 1294 0026 00       		.ascii	"\000"
 1295 0027 00       		.ascii	"\000"
 1296 0028 00       		.ascii	"\000"
 1297 0029 00000000 		.ascii	"\000\000\000\000\000\000\000\000"
 1297      00000000 
 1298 0031 E1000000 		.ascii	"\341\000\000\000"
 1299 0035 6368436F 		.ascii	"chCoreAllocFromBaseI\000"
 1299      7265416C 
 1299      6C6F6346 
 1299      726F6D42 
 1299      61736549 
 1300 004a 00       		.ascii	"\000"
 1301 004b 00       		.ascii	"\000"
 1302 004c 00       		.ascii	"\000"
 1303 004d 00000000 		.ascii	"\000\000\000\000\000\000\000\000"
 1303      00000000 
 1304 0055 C8000000 		.ascii	"\310\000\000\000"
 1305 0059 6368436F 		.ascii	"chCoreAllocFromTopI\000"
 1305      7265416C 
 1305      6C6F6346 
 1305      726F6D54 
 1305      6F704900 
 1306 006d 00       		.ascii	"\000"
 1307 006e 00       		.ascii	"\000"
 1308 006f 00       		.ascii	"\000"
 1309 0070 00000000 		.ascii	"\000\000\000\000\000\000\000\000"
 1309      00000000 
 1310 0078 CA000000 		.ascii	"\312\000\000\000"
 1311 007c 6368436F 		.ascii	"chCoreAllocFromBase\000"
 1311      7265416C 
 1311      6C6F6346 
 1311      726F6D42 
 1311      61736500 
 1312 0090 00       		.ascii	"\000"
 1313 0091 00       		.ascii	"\000"
 1314 0092 00       		.ascii	"\000"
 1315 0093 00000000 		.ascii	"\000\000\000\000\000\000\000\000"
 1315      00000000 
ARM GAS  /tmp/cc3BTsAC.s 			page 50


 1316 009b CC000000 		.ascii	"\314\000\000\000"
 1317 009f 6368436F 		.ascii	"chCoreAllocFromTop\000"
 1317      7265416C 
 1317      6C6F6346 
 1317      726F6D54 
 1317      6F7000
 1318 00b2 00       		.ascii	"\000"
 1319 00b3 00       		.ascii	"\000"
 1320 00b4 00       		.ascii	"\000"
 1321 00b5 00000000 		.ascii	"\000\000\000\000\000\000\000\000"
 1321      00000000 
 1322 00bd CE000000 		.ascii	"\316\000\000\000"
 1323 00c1 6368436F 		.ascii	"chCoreGetStatusX\000"
 1323      72654765 
 1323      74537461 
 1323      74757358 
 1323      00
 1324 00d2 00       		.ascii	"\000"
 1325 00d3 00       		.ascii	"\000"
 1326 00d4 00       		.ascii	"\000"
 1327 00d5 00000000 		.ascii	"\000\000\000\000\000\000\000\000"
 1327      00000000 
 1328 00dd D1000000 		.ascii	"\321\000\000\000"
 1329 00e1 5F5F6865 		.ascii	"__heap_base__\000"
 1329      61705F62 
 1329      6173655F 
 1329      5F00
 1330 00ef 00       		.ascii	"\000"
 1331 00f0 02       		.ascii	"\002"
 1332 00f1 00       		.ascii	"\000"
 1333 00f2 00000000 		.ascii	"\000\000\000\000\000\000\000\000"
 1333      00000000 
 1334 00fa E4000000 		.ascii	"\344\000\000\000"
 1335 00fe 5F5F6865 		.ascii	"__heap_end__\000"
 1335      61705F65 
 1335      6E645F5F 
 1335      00
 1336 010b 00       		.ascii	"\000"
 1337 010c 02       		.ascii	"\002"
 1338 010d 00       		.ascii	"\000"
 1339 010e 00000000 		.ascii	"\000\000\000\000\000\000\000\000"
 1339      00000000 
 1340 0116 E6000000 		.ascii	"\346\000\000\000"
 1341              		.text
 1342              		.section	.gnu.lto_.ext_symtab.43b82fcdc7555836,"e",%progbits
 1343 0000 01       		.ascii	"\001"
 1344 0001 01       		.ascii	"\001"
 1345 0002 00       		.ascii	"\000"
 1346 0003 02       		.ascii	"\002"
 1347 0004 01       		.ascii	"\001"
 1348 0005 01       		.ascii	"\001"
 1349 0006 00       		.ascii	"\000"
 1350 0007 01       		.ascii	"\001"
 1351 0008 00       		.ascii	"\000"
 1352 0009 01       		.ascii	"\001"
 1353 000a 00       		.ascii	"\000"
 1354 000b 01       		.ascii	"\001"
ARM GAS  /tmp/cc3BTsAC.s 			page 51


 1355 000c 00       		.ascii	"\000"
 1356 000d 01       		.ascii	"\001"
 1357 000e 00       		.ascii	"\000"
 1358 000f 02       		.ascii	"\002"
 1359 0010 01       		.ascii	"\001"
 1360 0011 02       		.ascii	"\002"
 1361 0012 01       		.ascii	"\001"
 1362              		.text
 1363              		.section	.gnu.lto_.opts,"e",%progbits
 1364 0000 272D666E 		.ascii	"'-fno-openmp' '-fno-openacc' '-fno-pie' '-fcf-prote"
 1364      6F2D6F70 
 1364      656E6D70 
 1364      2720272D 
 1364      666E6F2D 
 1365 0033 6374696F 		.ascii	"ction=none' '-g' '-mcpu=cortex-m7' '-mthumb' '-mflo"
 1365      6E3D6E6F 
 1365      6E652720 
 1365      272D6727 
 1365      20272D6D 
 1366 0066 61742D61 		.ascii	"at-abi=hard' '-mfpu=fpv5-d16' '-mlibarch=armv7e-m+f"
 1366      62693D68 
 1366      61726427 
 1366      20272D6D 
 1366      6670753D 
 1367 0099 702E6470 		.ascii	"p.dp' '-march=armv7e-m+fp.dp' '-O2' '-fomit-frame-p"
 1367      2720272D 
 1367      6D617263 
 1367      683D6172 
 1367      6D763765 
 1368 00cc 6F696E74 		.ascii	"ointer' '-falign-functions=16' '-ffunction-sections"
 1368      65722720 
 1368      272D6661 
 1368      6C69676E 
 1368      2D66756E 
 1369 00ff 2720272D 		.ascii	"' '-fdata-sections' '-fno-common' '-flto' '-Xassemb"
 1369      66646174 
 1369      612D7365 
 1369      6374696F 
 1369      6E732720 
 1370 0132 6C657227 		.ascii	"ler' '-alms=build/lst/chmemcore.lst'\000"
 1370      20272D61 
 1370      6C6D733D 
 1370      6275696C 
 1370      642F6C73 
 1371              		.text
 1372              		.comm	__gnu_lto_slim,1,1
 1373              		.ident	"GCC: (15:10.3-2021.07-4) 10.3.1 20210621 (release)"
ARM GAS  /tmp/cc3BTsAC.s 			page 52


DEFINED SYMBOLS
                            *ABS*:0000000000000000 chmemcore.c
     /tmp/cc3BTsAC.s:24     .gnu.debuglto_.debug_info:0000000000000000 chmemcore.c.908ef4f4
                            *COM*:0000000000000001 __gnu_lto_slim

NO UNDEFINED SYMBOLS
