ARM GAS  /tmp/ccxxwhQC.s 			page 1


   1              		.cpu cortex-m7
   2              		.eabi_attribute 28, 1
   3              		.eabi_attribute 20, 1
   4              		.eabi_attribute 21, 1
   5              		.eabi_attribute 23, 3
   6              		.eabi_attribute 24, 1
   7              		.eabi_attribute 25, 1
   8              		.eabi_attribute 26, 1
   9              		.eabi_attribute 30, 2
  10              		.eabi_attribute 34, 1
  11              		.eabi_attribute 18, 4
  12              		.file	"hal.c"
  13              		.file 1 "third_party/ChibiOS/os/hal/src/hal.c"
  14              		.file 2 "third_party/ChibiOS/os/hal/osal/rt-nil/osal.h"
  15              		.section	.gnu.debuglto_.debug_info,"e",%progbits
  16              	.Ldebug_info0:
  17              		.hidden	hal.c.447cd779
  18              		.weak	hal.c.447cd779
  19              	hal.c.447cd779:
  20 0000 86000000 		.4byte	0x86
  21 0004 0400     		.2byte	0x4
  22 0006 00000000 		.4byte	.Ldebug_abbrev0
  23 000a 04       		.byte	0x4
  24 000b 01       		.uleb128 0x1
  25 000c 44000000 		.4byte	.LASF12
  26 0010 0C       		.byte	0xc
  27 0011 7C010000 		.4byte	.LASF13
  28 0015 AB010000 		.4byte	.LASF14
  29 0019 00000000 		.4byte	.Ldebug_line0
  30 001d 02       		.uleb128 0x2
  31 001e 04       		.byte	0x4
  32 001f 05       		.byte	0x5
  33 0020 696E7400 		.ascii	"int\000"
  34 0024 03       		.uleb128 0x3
  35 0025 04       		.byte	0x4
  36 0026 07       		.byte	0x7
  37 0027 0E000000 		.4byte	.LASF0
  38 002b 03       		.uleb128 0x3
  39 002c 08       		.byte	0x8
  40 002d 05       		.byte	0x5
  41 002e 00000000 		.4byte	.LASF1
  42 0032 03       		.uleb128 0x3
  43 0033 08       		.byte	0x8
  44 0034 04       		.byte	0x4
  45 0035 67010000 		.4byte	.LASF2
  46 0039 03       		.uleb128 0x3
  47 003a 01       		.byte	0x1
  48 003b 06       		.byte	0x6
  49 003c 5B010000 		.4byte	.LASF3
  50 0040 03       		.uleb128 0x3
  51 0041 02       		.byte	0x2
  52 0042 05       		.byte	0x5
  53 0043 A1010000 		.4byte	.LASF4
  54 0047 03       		.uleb128 0x3
  55 0048 04       		.byte	0x4
  56 0049 05       		.byte	0x5
  57 004a 31010000 		.4byte	.LASF5
ARM GAS  /tmp/ccxxwhQC.s 			page 2


  58 004e 03       		.uleb128 0x3
  59 004f 01       		.byte	0x1
  60 0050 08       		.byte	0x8
  61 0051 1E010000 		.4byte	.LASF6
  62 0055 03       		.uleb128 0x3
  63 0056 02       		.byte	0x2
  64 0057 07       		.byte	0x7
  65 0058 48010000 		.4byte	.LASF7
  66 005c 03       		.uleb128 0x3
  67 005d 04       		.byte	0x4
  68 005e 07       		.byte	0x7
  69 005f 1B000000 		.4byte	.LASF8
  70 0063 03       		.uleb128 0x3
  71 0064 08       		.byte	0x8
  72 0065 07       		.byte	0x7
  73 0066 2D000000 		.4byte	.LASF9
  74 006a 03       		.uleb128 0x3
  75 006b 01       		.byte	0x1
  76 006c 08       		.byte	0x8
  77 006d 2C010000 		.4byte	.LASF10
  78 0071 03       		.uleb128 0x3
  79 0072 01       		.byte	0x1
  80 0073 02       		.byte	0x2
  81 0074 42010000 		.4byte	.LASF11
  82 0078 04       		.uleb128 0x4
  83 0079 3A010000 		.4byte	.LASF15
  84 007d 01       		.byte	0x1
  85 007e 38       		.byte	0x38
  86 007f 06       		.byte	0x6
  87 0080 05       		.uleb128 0x5
  88 0081 73010000 		.4byte	.LASF16
  89 0085 02       		.byte	0x2
  90 0086 1502     		.2byte	0x215
  91 0088 14       		.byte	0x14
  92 0089 00       		.byte	0
  93              		.section	.gnu.debuglto_.debug_abbrev,"e",%progbits
  94              	.Ldebug_abbrev0:
  95 0000 01       		.uleb128 0x1
  96 0001 11       		.uleb128 0x11
  97 0002 01       		.byte	0x1
  98 0003 25       		.uleb128 0x25
  99 0004 0E       		.uleb128 0xe
 100 0005 13       		.uleb128 0x13
 101 0006 0B       		.uleb128 0xb
 102 0007 03       		.uleb128 0x3
 103 0008 0E       		.uleb128 0xe
 104 0009 1B       		.uleb128 0x1b
 105 000a 0E       		.uleb128 0xe
 106 000b 10       		.uleb128 0x10
 107 000c 17       		.uleb128 0x17
 108 000d 00       		.byte	0
 109 000e 00       		.byte	0
 110 000f 02       		.uleb128 0x2
 111 0010 24       		.uleb128 0x24
 112 0011 00       		.byte	0
 113 0012 0B       		.uleb128 0xb
 114 0013 0B       		.uleb128 0xb
ARM GAS  /tmp/ccxxwhQC.s 			page 3


 115 0014 3E       		.uleb128 0x3e
 116 0015 0B       		.uleb128 0xb
 117 0016 03       		.uleb128 0x3
 118 0017 08       		.uleb128 0x8
 119 0018 00       		.byte	0
 120 0019 00       		.byte	0
 121 001a 03       		.uleb128 0x3
 122 001b 24       		.uleb128 0x24
 123 001c 00       		.byte	0
 124 001d 0B       		.uleb128 0xb
 125 001e 0B       		.uleb128 0xb
 126 001f 3E       		.uleb128 0x3e
 127 0020 0B       		.uleb128 0xb
 128 0021 03       		.uleb128 0x3
 129 0022 0E       		.uleb128 0xe
 130 0023 00       		.byte	0
 131 0024 00       		.byte	0
 132 0025 04       		.uleb128 0x4
 133 0026 2E       		.uleb128 0x2e
 134 0027 00       		.byte	0
 135 0028 3F       		.uleb128 0x3f
 136 0029 19       		.uleb128 0x19
 137 002a 03       		.uleb128 0x3
 138 002b 0E       		.uleb128 0xe
 139 002c 3A       		.uleb128 0x3a
 140 002d 0B       		.uleb128 0xb
 141 002e 3B       		.uleb128 0x3b
 142 002f 0B       		.uleb128 0xb
 143 0030 39       		.uleb128 0x39
 144 0031 0B       		.uleb128 0xb
 145 0032 27       		.uleb128 0x27
 146 0033 19       		.uleb128 0x19
 147 0034 00       		.byte	0
 148 0035 00       		.byte	0
 149 0036 05       		.uleb128 0x5
 150 0037 2E       		.uleb128 0x2e
 151 0038 00       		.byte	0
 152 0039 03       		.uleb128 0x3
 153 003a 0E       		.uleb128 0xe
 154 003b 3A       		.uleb128 0x3a
 155 003c 0B       		.uleb128 0xb
 156 003d 3B       		.uleb128 0x3b
 157 003e 05       		.uleb128 0x5
 158 003f 39       		.uleb128 0x39
 159 0040 0B       		.uleb128 0xb
 160 0041 27       		.uleb128 0x27
 161 0042 19       		.uleb128 0x19
 162 0043 00       		.byte	0
 163 0044 00       		.byte	0
 164 0045 00       		.byte	0
 165              		.section	.gnu.debuglto_.debug_line,"e",%progbits
 166              	.Ldebug_line0:
 167 0000 73000000 		.4byte	.LELT0-.LSLT0
 168              	.LSLT0:
 169 0004 0400     		.2byte	0x4
 170 0006 6D000000 		.4byte	.LELTP0-.LASLTP0
 171              	.LASLTP0:
ARM GAS  /tmp/ccxxwhQC.s 			page 4


 172 000a 01       		.byte	0x1
 173 000b 01       		.byte	0x1
 174 000c 01       		.byte	0x1
 175 000d F6       		.byte	0xf6
 176 000e F2       		.byte	0xf2
 177 000f 0D       		.byte	0xd
 178 0010 00       		.byte	0
 179 0011 01       		.byte	0x1
 180 0012 01       		.byte	0x1
 181 0013 01       		.byte	0x1
 182 0014 01       		.byte	0x1
 183 0015 00       		.byte	0
 184 0016 00       		.byte	0
 185 0017 00       		.byte	0
 186 0018 01       		.byte	0x1
 187 0019 00       		.byte	0
 188 001a 00       		.byte	0
 189 001b 01       		.byte	0x1
 190 001c 74686972 		.ascii	"third_party/ChibiOS/os/hal/osal/rt-nil"
 190      645F7061 
 190      7274792F 
 190      43686962 
 190      694F532F 
 191 0042 00       		.byte	0
 192 0043 74686972 		.ascii	"third_party/ChibiOS/os/hal/src"
 192      645F7061 
 192      7274792F 
 192      43686962 
 192      694F532F 
 193 0061 00       		.byte	0
 194 0062 00       		.byte	0
 195 0063 68616C2E 		.ascii	"hal.c\000"
 195      6300
 196 0069 02       		.uleb128 0x2
 197 006a 00       		.uleb128 0
 198 006b 00       		.uleb128 0
 199 006c 6F73616C 		.ascii	"osal.h\000"
 199      2E6800
 200 0073 01       		.uleb128 0x1
 201 0074 00       		.uleb128 0
 202 0075 00       		.uleb128 0
 203 0076 00       		.byte	0
 204              	.LELTP0:
 205              	.LELT0:
 206              		.section	.gnu.debuglto_.debug_str,"eMS",%progbits,1
 207              	.LASF1:
 208 0000 6C6F6E67 		.ascii	"long long int\000"
 208      206C6F6E 
 208      6720696E 
 208      7400
 209              	.LASF0:
 210 000e 756E7369 		.ascii	"unsigned int\000"
 210      676E6564 
 210      20696E74 
 210      00
 211              	.LASF8:
 212 001b 6C6F6E67 		.ascii	"long unsigned int\000"
ARM GAS  /tmp/ccxxwhQC.s 			page 5


 212      20756E73 
 212      69676E65 
 212      6420696E 
 212      7400
 213              	.LASF9:
 214 002d 6C6F6E67 		.ascii	"long long unsigned int\000"
 214      206C6F6E 
 214      6720756E 
 214      7369676E 
 214      65642069 
 215              	.LASF12:
 216 0044 474E5520 		.ascii	"GNU C17 10.3.1 20210621 (release) -mcpu=cortex-m7 -"
 216      43313720 
 216      31302E33 
 216      2E312032 
 216      30323130 
 217 0077 6D746875 		.ascii	"mthumb -mfloat-abi=hard -mfpu=fpv5-d16 -march=armv7"
 217      6D62202D 
 217      6D666C6F 
 217      61742D61 
 217      62693D68 
 218 00aa 652D6D2B 		.ascii	"e-m+fp.dp -ggdb -O2 -fomit-frame-pointer -falign-fu"
 218      66702E64 
 218      70202D67 
 218      67646220 
 218      2D4F3220 
 219 00dd 6E637469 		.ascii	"nctions=16 -ffunction-sections -fdata-sections -fno"
 219      6F6E733D 
 219      3136202D 
 219      6666756E 
 219      6374696F 
 220 0110 2D636F6D 		.ascii	"-common -flto\000"
 220      6D6F6E20 
 220      2D666C74 
 220      6F00
 221              	.LASF6:
 222 011e 756E7369 		.ascii	"unsigned char\000"
 222      676E6564 
 222      20636861 
 222      7200
 223              	.LASF10:
 224 012c 63686172 		.ascii	"char\000"
 224      00
 225              	.LASF5:
 226 0131 6C6F6E67 		.ascii	"long int\000"
 226      20696E74 
 226      00
 227              	.LASF15:
 228 013a 68616C49 		.ascii	"halInit\000"
 228      6E697400 
 229              	.LASF11:
 230 0142 5F426F6F 		.ascii	"_Bool\000"
 230      6C00
 231              	.LASF7:
 232 0148 73686F72 		.ascii	"short unsigned int\000"
 232      7420756E 
 232      7369676E 
ARM GAS  /tmp/ccxxwhQC.s 			page 6


 232      65642069 
 232      6E7400
 233              	.LASF3:
 234 015b 7369676E 		.ascii	"signed char\000"
 234      65642063 
 234      68617200 
 235              	.LASF2:
 236 0167 6C6F6E67 		.ascii	"long double\000"
 236      20646F75 
 236      626C6500 
 237              	.LASF16:
 238 0173 6F73616C 		.ascii	"osalInit\000"
 238      496E6974 
 238      00
 239              	.LASF13:
 240 017c 74686972 		.ascii	"third_party/ChibiOS/os/hal/src/hal.c\000"
 240      645F7061 
 240      7274792F 
 240      43686962 
 240      694F532F 
 241              	.LASF4:
 242 01a1 73686F72 		.ascii	"short int\000"
 242      7420696E 
 242      7400
 243              	.LASF14:
 244 01ab 2F686F6D 		.ascii	"/home/ian/Documents/BPRL_balance\000"
 244      652F6961 
 244      6E2F446F 
 244      63756D65 
 244      6E74732F 
 245              		.text
 246              		.section	.gnu.lto_.profile.d443b9c944f0f61f,"e",%progbits
 247 0000 789C6362 		.ascii	"x\234cb\000\001\000\000\022\000\003"
 247      00010000 
 247      120003
 248              		.text
 249              		.section	.gnu.lto_.icf.d443b9c944f0f61f,"e",%progbits
 250 0000 789CE360 		.ascii	"x\234\343`@\000F\206\357wVt\3620\000\000\017%\003\032"
 250      40004686 
 250      EF775674 
 250      F2300000 
 250      0F25031A 
 251              		.text
 252              		.section	.gnu.lto_.ipa_sra.d443b9c944f0f61f,"e",%progbits
 253 0000 789C9364 		.ascii	"x\234\223d@\000F\020\302\006\001\004_\000&"
 253      40004610 
 253      C2060104 
 253      5F0026
 254              		.text
 255              		.section	.gnu.lto_.inline.d443b9c944f0f61f,"e",%progbits
 256 0000 789C4B60 		.ascii	"x\234K`@\000F\006\006\336\206\206\206\031\314\231\214"
 256      40004606 
 256      06DE8686 
 256      8619CC99 
 256      8C
 257 0011 0C4C0C0C 		.ascii	"\014L\014\014\215@v\035\003\003\033\220j`Ja\002\011"
 257      8D40761D 
ARM GAS  /tmp/ccxxwhQC.s 			page 7


 257      03031B90 
 257      6A604A61 
 257      0209
 258 0023 31307231 		.ascii	"10r1\220M2\000\000\221}\010S"
 258      904D3200 
 258      00917D08 
 258      53
 259              		.text
 260              		.section	.gnu.lto_.jmpfuncs.d443b9c944f0f61f,"e",%progbits
 261 0000 789CE367 		.ascii	"x\234\343g@\000F\006\024\000\000\001\277\000\021"
 261      40004606 
 261      14000001 
 261      BF0011
 262              		.text
 263              		.section	.gnu.lto_.pureconst.d443b9c944f0f61f,"e",%progbits
 264 0000 789C6361 		.ascii	"x\234ca```d\230\301\002\000\001`\000\242"
 264      60606064 
 264      98C10200 
 264      016000A2 
 265              		.text
 266              		.section	.gnu.lto_.lto.d443b9c944f0f61f,"e",%progbits
 267 0000 09000400 		.ascii	"\011\000\004\000\001\000\000\000"
 267      01000000 
 268              		.text
 269              		.section	.gnu.lto_halInit.432.d443b9c944f0f61f,"e",%progbits
 270 0000 789C9BC3 		.ascii	"x\234\233\303\310\300P\301\300\300\240\014\304\214\314"
 270      C8C050C1 
 270      C0C0A00C 
 270      C48CCC
 271 000f 0C8C9326 		.ascii	"\014\214\223&v114448\260316N\354\342d\334\312\010\346"
 271      76313134 
 271      343438B0 
 271      3331364E 
 271      ECE264DC 
 272 0026 3132D433 		.ascii	"12\32431\3263Nf\326\004r\177\264N\376\301\323*\261\204"
 272      31D6334E 
 272      66D60472 
 272      7FB44EFE 
 272      C1D32AB1 
 273 003b 9981611E 		.ascii	"\231\201a\036\020C\001\033\214\0074\222a\375%\326\003"
 273      1043011B 
 273      8C073492 
 273      61FD25D6 
 273      03
 274 004c 0D7FFEF7 		.ascii	"\015\177\376\36774<}\304xZ\225\207\201\241\237\031d"
 274      37343C7D 
 274      C4785A95 
 274      8781A19F 
 274      1964
 275 005e 6E030B63 		.ascii	"n\003\013c\303\001\006\206\011\314L\020N3\220\363\212"
 275      C3010686 
 275      09CC4C10 
 275      4E3390F3 
 275      8A
 276 006f B1E1D177 		.ascii	"\261\341\321w^\020\365\371e\317\255G\017\204 B\367\037"
 276      5E10F5F9 
 276      65CFAD47 
ARM GAS  /tmp/ccxxwhQC.s 			page 8


 276      0F842042 
 276      F71F
 277 0081 7180E84F 		.ascii	"q\200\350O\033\037\275g\001:\203\341\003c\263\002C\013"
 277      1B1FBD67 
 277      013A83E1 
 277      0363B302 
 277      430B
 278 0093 23D31266 		.ascii	"#\323\022f\306y\314@;\22603\201\325MaC\225bBHmC\223"
 278      C679CC40 
 278      3B963033 
 278      81D54D61 
 278      43956242 
 279 00ab 624648ED 		.ascii	"bFH\355aG\225bAH]B\223bEH\335C\223bCHM\340B\225bGH\315"
 279      61479562 
 279      41485D42 
 279      93624548 
 279      DD439362 
 280 00c9 4193E240 		.ascii	"A\223\342@H}A\223\342DHM\342F\225\342\202H}blz0\335"
 280      487D4193 
 280      E244484D 
 280      E24695E2 
 280      82487D62 
 281 00e1 1B1CE2FD 		.ascii	"\033\034\342\375\314\214\220Pl:\000\342*\352g\344\347"
 281      CC8C9050 
 281      6C3A00E2 
 281      2AEA67E4 
 281      E7
 282 00f2 A6EA6726 		.ascii	"\246\352g&\346\351\273\344'\227\346\246\346\225\024"
 282      E6E9BBE4 
 282      2797E6A6 
 282      E69514
 283 0101 EB3B0504 		.ascii	"\353;\005\004\371\304'%\346$\346%\2472\250\226dd\026"
 283      F9C42725 
 283      E624E625 
 283      A732A896 
 283      646416
 284 0114 A5C41724 		.ascii	"\245\304\027$\026\225T\352;gd&e\372\007\353\347\027"
 284      169554EA 
 284      3B676426 
 284      65FA07EB 
 284      E717
 285 0126 EB6724E6 		.ascii	"\353g$\346\350\027\027%\203h\275d\006=<\252\362\213"
 285      E8171725 
 285      8368BD64 
 285      063D3CAA 
 285      F28B
 286 0138 81445189 		.ascii	"\201DQ\211n^&\204\255\227\301\000\000\365-\2531"
 286      6E5E2684 
 286      AD97C100 
 286      00F52DAB 
 286      31
 287              		.text
 288              		.section	.gnu.lto_.symbol_nodes.d443b9c944f0f61f,"e",%progbits
 289 0000 789C75D0 		.ascii	"x\234u\320\315\031\2020\020\204\341\331\014\020\010"
 289      CD198230 
 289      1084E1D9 
 289      0C1008
ARM GAS  /tmp/ccxxwhQC.s 			page 9


 290 000f 4558EA60 		.ascii	"EX\352`\007\026\241w\377\177(\302*\354C\203\354us\232"
 290      0716A177 
 290      FF7F28C2 
 290      2AEC4383 
 290      EC75739A 
 291 0023 E77BF794 		.ascii	"\347{\367\224\203\001HG\012S}\215\355\336\200\200y\332"
 291      83014847 
 291      0A537D8D 
 291      EDDE8080 
 291      79DA
 292 0035 1A16026C 		.ascii	"\032\026\002l\246\354\353o\363?\300r\274\250\275\250"
 292      A6ECEB6F 
 292      F33FC072 
 292      BCA8BDA8 
 293 0045 14D99362 		.ascii	"\024\331\223bd\017\252\211\354N\265\221\335\250.\262"
 293      640FAA89 
 293      EC4EB591 
 293      DDA82EB2 
 294 0055 2B9523BB 		.ascii	"+\225#\273P}dgj\210\354D\225\300\210\262~\331\336\210"
 294      507D6467 
 294      6A88EC44 
 294      95C088B2 
 294      7ED9DE88 
 295 0069 619D9F3A 		.ascii	"a\235\237:{\257\035\221\275\326\331y\315D\353\265\316"
 295      7BAF1D91 
 295      BDD6D979 
 295      CD44EBB5 
 295      CE
 296 007a C66B21E8 		.ascii	"\306k!\350\265\316\344u$\314\353\210\037\243\035\236"
 296      B5CEE475 
 296      24CCEB88 
 296      1FA31D9E 
 297 008a 01       		.ascii	"\001"
 298              		.text
 299              		.section	.gnu.lto_.refs.d443b9c944f0f61f,"e",%progbits
 300 0000 789C6364 		.ascii	"x\234cd\000\002\000\000\012\000\002"
 300      00020000 
 300      0A0002
 301              		.text
 302              		.section	.gnu.lto_.decls.d443b9c944f0f61f,"e",%progbits
 303 0000 789C9592 		.ascii	"x\234\225\222\177h[U\024\307\357\271/\315{}\355L\221"
 303      7F685B55 
 303      14C7EFB9 
 303      2FCD7B7D 
 303      ED4C91
 304 0013 8CFE57B2 		.ascii	"\214\376W\262\241\030\321\366\331\264,\210\376\021\354"
 304      A118D1F6 
 304      D9B42C88 
 304      FE11EC
 305 0022 D81CAB6B 		.ascii	"\330\034\253kq\312@\377\010in\\\002i\022\362\222\322"
 305      71CA40FF 
 305      08696E5C 
 305      026912F2 
 305      92D2
 306 0034 FAD7C322 		.ascii	"\372\327\303\"*\253]\231\242E\307\032\375C\012\023\235"
 306      2AAB5D99 
 306      A245C71A 
ARM GAS  /tmp/ccxxwhQC.s 			page 10


 306      FD430A13 
 306      9D
 307 0045 305D5D7F 		.ascii	"0]]\177\254K\2675\375\345\266V\334\320\212H\347\214"
 307      AC4BB735 
 307      FDE5B656 
 307      DCD08A48 
 307      E78C
 308 0057 5665B021 		.ascii	"Ve\260!sV\352\271\367\275\274\326\011\243\275\341\334"
 308      7356EAB9 
 308      F7BDBCD6 
 308      09A3BDE1 
 308      DC
 309 0068 73DE7B9F 		.ascii	"s\336{\237\357\367\234\274w?s\020r\223\0222H\010Y\305"
 309      EFF79CBC 
 309      773F7310 
 309      72931232 
 309      480859C5 
 310 007c 8525B94C 		.ascii	"\205%\271L\326V\005\306\010\306\030\3068F\036\343\034"
 310      D65605C6 
 310      08C618C6 
 310      38461EE3 
 310      1C
 311 008d C6058C02 		.ascii	"\306\005\214\002\3064\306,\306W\030\227\310\377W\027"
 311      C634C62C 
 311      C6571897 
 311      C8FF5717 
 312 009d 1022618E 		.ascii	"\020\"a\216b,`\014\337\345{\311\322\316Z^\005\313\373"
 312      622C600C 
 312      DFE57BC9 
 312      D2CE5A5E 
 312      05CBFB
 313 00b0 9CD56BDC 		.ascii	"\234\325k\334\352}\367z_\242\307\227\206\277\257\374"
 313      EA7DF77A 
 313      5FA2C797 
 313      86BFAFFC 
 314 00c0 09081FD9 		.ascii	"\011\010\037\331\301\000\340\352\016\334T\362\202D\334"
 314      C100E0EA 
 314      0EDC54F2 
 314      8244DC
 315 00cf 0635A893 		.ascii	"\0065\250\223IT\225T\211\251\005\250\361\336\222\002"
 315      49549554 
 315      89A905A8 
 315      F1DE9202 
 316 00df 0AF5BA54 		.ascii	"\012\365\272Tep\002\252\3242\205\322\242\314T\357\035"
 316      657002AA 
 316      D43285D2 
 316      A2CC54EF 
 316      1D
 317 00f0 F898E69C 		.ascii	"\370\230\346\234\236\200\341`=[\213\262A\373\366\271"
 317      9E80E160 
 317      3D5B8BB2 
 317      41FBF6B9 
 318 0100 1B02B817 		.ascii	"\033\002\270\027\345\0020T\265:\224*\254\212\262zK\312"
 318      E5023054 
 318      B53A942A 
 318      AC8AB27A 
 318      4BCA
ARM GAS  /tmp/ccxxwhQC.s 			page 11


 319 0112 BDE96473 		.ascii	"\275\351ds\364\365\207\240\000*\363\271\015\303\010"
 319      F4F587A0 
 319      002AF3B9 
 319      0DC308
 320 0121 284A8D2B 		.ascii	"(J\215+/\345\245]\204(\312\211O\266\252E\331\205\026"
 320      2FE5A55D 
 320      8428CA89 
 320      4FB6AA45 
 320      D98516
 321 0134 5EE6A962 		.ascii	"^\346\251b\036W\001\312\030S\335^\202C0\237/@Utv(\005"
 321      1E5701CA 
 321      1853DD5E 
 321      8243309F 
 321      2F405574 
 322 014b F04950E9 		.ascii	"\360IP\3513~\\\256V\313\324\362\032\217\227\020FvQ\364"
 322      337E5CAE 
 322      56CBD4F2 
 322      1A8F9710 
 322      467651F4 
 323 015f 95564B0B 		.ascii	"\225VK\013d\354\311\326.\001\274*\365QioQ&\204R\017"
 323      64ECC9D6 
 323      2E01BC2A 
 323      F551696F 
 323      51268452 
 324 0174 218643A9 		.ascii	"!\206C\251\254\004\003Syp/k\365\251\244(S|\344v\200"
 324      AC040353 
 324      79702F6B 
 324      F5A9A428 
 324      537CE476 
 325 0189 41614DA9 		.ascii	"AaM\251:\011\000\005b\376\370\006\326\006\374\022\314"
 325      3A090005 
 325      62FEF806 
 325      D606FC12 
 325      CC
 326 019a 2F5FEA22 		.ascii	"/_\352\"\356\343+5\025D\224\326];Y5\007\250\345C\255"
 326      EEE32B35 
 326      154494D6 
 326      5D3B5935 
 326      07A8E543 
 327 01af 0F03A6C6 		.ascii	"\017\003\246\306j\302\367u\3466\002\026R\36215\026`"
 327      6AC2F775 
 327      E6360216 
 327      52F23135 
 327      1660
 328 01c1 6BAD92F7 		.ascii	"k\255\222\367\0200]\257\021\272\377\014\276fIl\333\322"
 328      10305DAF 
 328      11BAFF0C 
 328      BE66496C 
 328      DBD2
 329 01d3 48044AC7 		.ascii	"H\004J\307f`\354\312\313\327\361\255\031\375\325P\325"
 329      6660ECCA 
 329      CBD7F1AD 
 329      19FDD550 
 329      D5
 330 01e4 1720206D 		.ascii	"\027  m#\322\303D3\304\312\037$p\312d\017T\034\221\340"
 330      23D2C344 
 330      33C4CA1F 
ARM GAS  /tmp/ccxxwhQC.s 			page 12


 330      2470CA64 
 330      0F541C91 
 331 01f9 7EA0B8BB 		.ascii	"~\240\270\273\241\012\225\257\015\367\316\250\325\010"
 331      A10A95AF 
 331      0DF7CEA8 
 331      D508
 332 0207 FD66186E 		.ascii	"\375f\030n\210\302i\200/y\323a\354\227\024\336W\216"
 332      88C26980 
 332      2F79D361 
 332      EC9714DE 
 332      578E
 333 0219 2ECE4BDB 		.ascii	".\316K\333\373\373\215\333\003\223\263\257\324\\\350"
 333      FBFB8DDB 
 333      0393B3AF 
 333      D45CE8
 334 0228 3606F921 		.ascii	"6\006\371!A\002\276\000\030\022\276X\021\370\034\340"
 334      4102BE00 
 334      1812BE58 
 334      11F81CE0 
 335 0238 241CE894 		.ascii	"$\034\350\224>\005.\273\226\353\351\223\267\367\033"
 335      3E052EBB 
 335      96EBE993 
 335      B7F71B
 336 0247 C6EDC543 		.ascii	"\306\355\305C\275\335\316\243F\236r\311\250-\031\025"
 336      BDDDCEA3 
 336      469E72C9 
 336      A82D1915 
 337 0257 495A1274 		.ascii	"IZ\022t\357\312\017Orx\350\364\341\271n9\347\345\350"
 337      EFCA0F4F 
 337      7278E8F4 
 337      E1B96E39 
 337      E7E5E8
 338 026a 191B3D63 		.ascii	"\031\033=c\242=\224\243\177\256\364^\007\301^=R|\325"
 338      A23D94A3 
 338      7FAEF45E 
 338      07C15E3D 
 338      527CD5
 339 027d 62CFDAEC 		.ascii	"b\317\332\354Y\223\235\022\354\330\257\037~-\206\030"
 339      59939D12 
 339      ECD8AF1F 
 339      7E2D8618 
 340 028d 9A7F67B4 		.ascii	"\232\177g\264\2414\303\204\015O\230\360\252\200\277"
 340      A134C384 
 340      0D4F98F0 
 340      AA80BF
 341 029c 39F4FB32 		.ascii	"9\364\3732\025\360\261\367\276;l\031\237\267\331\363"
 341      15F0B1F7 
 341      BE3B6C19 
 341      9FB7D9F3 
 342 02ac 263B2489 		.ascii	"&;$\211y\007\027\212\025\202\355;v\2474\304\244\315"
 342      7907178A 
 342      1582ED3B 
 342      76A734C4 
 342      A4CD
 343 02be 4E9AEC1F 		.ascii	"N\232\354\037\202\035\371\345\346\007[\004\373\355\300"
 343      821DF9E5 
 343      E6075B04 
ARM GAS  /tmp/ccxxwhQC.s 			page 13


 343      FBEDC0
 344 02cd F41B163B 		.ascii	"\364\033\026;e\263S&\373\221\203\263S+\003\177\251\202"
 344      65B35326 
 344      FB9183B3 
 344      532B037F 
 344      A982
 345 02df 1D59EAEB 		.ascii	"\035Y\352\353*\015<c\3033&\274(\340\267\257\215\276"
 345      2A0D3C63 
 345      C33326BC 
 345      28E0B7AF 
 345      8DBE
 346 02f1 2509F8E4 		.ascii	"%\011\370\344\317\271\177\240D\317\331\364\234I\037"
 346      CFB97FA0 
 346      44CFD9F4 
 346      9C491F
 347 0300 2FE3F4BB 		.ascii	"/\343\364\273\305\236\371\373\004}cy\374\305\022|\321"
 347      C59EF9FB 
 347      047D6379 
 347      FCC5127C 
 347      D1
 348 0311 862F8A24 		.ascii	"\206/\212$\216\207C\034\017\017\212\246\027O\374\255"
 348      8E87431C 
 348      0F0F8AA6 
 348      174FFCAD 
 349 0321 548E1BC6 		.ascii	"T\216\033\306\015#\227wp\301<\300e~@\0268.\325\357 "
 349      0D239777 
 349      70C13CC0 
 349      657E4016 
 349      382ED5EF 
 350 0336 AE50BABD 		.ascii	"\256P\272\275\303\037\251m\177\344\245T\035K\0215\234"
 350      C31FA96D 
 350      7FE4A554 
 350      1D4B1135 
 350      9C
 351 0347 4C67229D 		.ascii	"Lg\"\235\265\355~\"GC\361=\211X\346\201L4\226f\301T"
 351      B5ED7E22 
 351      4743F13D 
 351      8958E681 
 351      4C349666 
 352 035d 289DE9D2 		.ascii	"(\235\351\322\232\242\261\266X\313~-\251k\370X\323\323"
 352      9AA2B1B6 
 352      58CB7E2D 
 352      A96BF858 
 352      D3D3
 353 036f 619EEBC2 		.ascii	"a\236\353\302\312\356}\317{\232\352\375\304%.\353\032"
 353      CAEE7DCF 
 353      7B9AEAFD 
 353      C4252EEB 
 353      1A
 354 0380 1BFD61E6 		.ascii	"\033\375a\346\367?N\266i\321d{D\213\205\022\332\316"
 354      F73F4EB6 
 354      69D1647B 
 354      448B8512 
 354      DACE
 355 0392 6438DB1E 		.ascii	"d8\333\036Idt\355\251\326g\233\203m\241x(\021\216\220"
 355      496474ED 
 355      A9D6679B 
ARM GAS  /tmp/ccxxwhQC.s 			page 14


 355      836DA178 
 355      28118E90 
 356 03a6 0737E24F 		.ascii	"\0077\342O\234z\206\017\363\350=\340X\"\034\317\262"
 356      9C7A860F 
 356      F3E83DE0 
 356      58221CCF 
 356      B2
 357 03b7 08AF837A 		.ascii	"\010\257\203z\246.J\312\333\222\2414\343\262\032Q\351"
 357      A62E4ACA 
 357      DB92A134 
 357      E3B21A51 
 357      E9
 358 03c8 5A53B62D 		.ascii	"ZS\266-\322\222\016%\016FZ\343Y]\023w\021\224u\226\345"
 358      D2920E25 
 358      0E465AE3 
 358      595D1377 
 358      11947596 
 359 03dd 58E346DD 		.ascii	"X\343F\335#\351\030\246\254\336\306\305\230\270\270"
 359      23E918A6 
 359      ACDEC6C5 
 359      98B8B8
 360 03ec 7683624B 		.ascii	"v\203bK\245\247b\\\365\330F[\246b\301\216zs\326\360"
 360      A5A7625C 
 360      F5D8465B 
 360      A662C18E 
 360      7A73D6F0 
 361 0400 66DA218E 		.ascii	"f\332!\216*\247\3166\325M\374A\336-\034Jl\246\033\342"
 361      2AA7CE36 
 361      D54DFC41 
 361      DE2D1C4A 
 361      6CA61BE2 
 362 0414 A8DA8260 		.ascii	"\250\332\202`<\030\217\263`\014\265\201{hSx\334tm\377"
 362      3C188FB3 
 362      600CB581 
 362      7B685378 
 362      DC746DFF 
 363 0428 73CF34F8 		.ascii	"s\3174\370\264\346\346\235\332\356\326=-\035>aeY\240"
 363      B4E6E69D 
 363      DAEED63D 
 363      2D1D3E61 
 363      6559A0
 364 043b 5D65749D 		.ascii	"]et\235\333\023\033t\023\373\323\376\316N-j\033\375"
 364      DB131B74 
 364      13FBD3FE 
 364      CE4E2D6A 
 364      1BFD
 365 044d 0B06CC5A 		.ascii	"\013\006\314Z\225"
 365      95
 366              		.text
 367              		.section	.gnu.lto_.symtab.d443b9c944f0f61f,"e",%progbits
 368 0000 68616C49 		.ascii	"halInit\000"
 368      6E697400 
 369 0008 00       		.ascii	"\000"
 370 0009 00       		.ascii	"\000"
 371 000a 00       		.ascii	"\000"
 372 000b 00000000 		.ascii	"\000\000\000\000\000\000\000\000"
 372      00000000 
ARM GAS  /tmp/ccxxwhQC.s 			page 15


 373 0013 BC000000 		.ascii	"\274\000\000\000"
 374 0017 7374496E 		.ascii	"stInit\000"
 374      697400
 375 001e 00       		.ascii	"\000"
 376 001f 02       		.ascii	"\002"
 377 0020 00       		.ascii	"\000"
 378 0021 00000000 		.ascii	"\000\000\000\000\000\000\000\000"
 378      00000000 
 379 0029 BE000000 		.ascii	"\276\000\000\000"
 380 002d 626F6172 		.ascii	"boardInit\000"
 380      64496E69 
 380      7400
 381 0037 00       		.ascii	"\000"
 382 0038 02       		.ascii	"\002"
 383 0039 00       		.ascii	"\000"
 384 003a 00000000 		.ascii	"\000\000\000\000\000\000\000\000"
 384      00000000 
 385 0042 C0000000 		.ascii	"\300\000\000\000"
 386 0046 73647549 		.ascii	"sduInit\000"
 386      6E697400 
 387 004e 00       		.ascii	"\000"
 388 004f 02       		.ascii	"\002"
 389 0050 00       		.ascii	"\000"
 390 0051 00000000 		.ascii	"\000\000\000\000\000\000\000\000"
 390      00000000 
 391 0059 C2000000 		.ascii	"\302\000\000\000"
 392 005d 75736249 		.ascii	"usbInit\000"
 392      6E697400 
 393 0065 00       		.ascii	"\000"
 394 0066 02       		.ascii	"\002"
 395 0067 00       		.ascii	"\000"
 396 0068 00000000 		.ascii	"\000\000\000\000\000\000\000\000"
 396      00000000 
 397 0070 C4000000 		.ascii	"\304\000\000\000"
 398 0074 73706949 		.ascii	"spiInit\000"
 398      6E697400 
 399 007c 00       		.ascii	"\000"
 400 007d 02       		.ascii	"\002"
 401 007e 00       		.ascii	"\000"
 402 007f 00000000 		.ascii	"\000\000\000\000\000\000\000\000"
 402      00000000 
 403 0087 C6000000 		.ascii	"\306\000\000\000"
 404 008b 73646349 		.ascii	"sdcInit\000"
 404      6E697400 
 405 0093 00       		.ascii	"\000"
 406 0094 02       		.ascii	"\002"
 407 0095 00       		.ascii	"\000"
 408 0096 00000000 		.ascii	"\000\000\000\000\000\000\000\000"
 408      00000000 
 409 009e C8000000 		.ascii	"\310\000\000\000"
 410 00a2 7364496E 		.ascii	"sdInit\000"
 410      697400
 411 00a9 00       		.ascii	"\000"
 412 00aa 02       		.ascii	"\002"
 413 00ab 00       		.ascii	"\000"
 414 00ac 00000000 		.ascii	"\000\000\000\000\000\000\000\000"
 414      00000000 
ARM GAS  /tmp/ccxxwhQC.s 			page 16


 415 00b4 CA000000 		.ascii	"\312\000\000\000"
 416 00b8 63616E49 		.ascii	"canInit\000"
 416      6E697400 
 417 00c0 00       		.ascii	"\000"
 418 00c1 02       		.ascii	"\002"
 419 00c2 00       		.ascii	"\000"
 420 00c3 00000000 		.ascii	"\000\000\000\000\000\000\000\000"
 420      00000000 
 421 00cb CC000000 		.ascii	"\314\000\000\000"
 422 00cf 5F70616C 		.ascii	"_pal_lld_init\000"
 422      5F6C6C64 
 422      5F696E69 
 422      7400
 423 00dd 00       		.ascii	"\000"
 424 00de 02       		.ascii	"\002"
 425 00df 00       		.ascii	"\000"
 426 00e0 00000000 		.ascii	"\000\000\000\000\000\000\000\000"
 426      00000000 
 427 00e8 CE000000 		.ascii	"\316\000\000\000"
 428 00ec 68616C5F 		.ascii	"hal_lld_init\000"
 428      6C6C645F 
 428      696E6974 
 428      00
 429 00f9 00       		.ascii	"\000"
 430 00fa 02       		.ascii	"\002"
 431 00fb 00       		.ascii	"\000"
 432 00fc 00000000 		.ascii	"\000\000\000\000\000\000\000\000"
 432      00000000 
 433 0104 D0000000 		.ascii	"\320\000\000\000"
 434              		.text
 435              		.section	.gnu.lto_.ext_symtab.d443b9c944f0f61f,"e",%progbits
 436 0000 01       		.ascii	"\001"
 437 0001 01       		.ascii	"\001"
 438 0002 00       		.ascii	"\000"
 439 0003 01       		.ascii	"\001"
 440 0004 00       		.ascii	"\000"
 441 0005 01       		.ascii	"\001"
 442 0006 00       		.ascii	"\000"
 443 0007 01       		.ascii	"\001"
 444 0008 00       		.ascii	"\000"
 445 0009 01       		.ascii	"\001"
 446 000a 00       		.ascii	"\000"
 447 000b 01       		.ascii	"\001"
 448 000c 00       		.ascii	"\000"
 449 000d 01       		.ascii	"\001"
 450 000e 00       		.ascii	"\000"
 451 000f 01       		.ascii	"\001"
 452 0010 00       		.ascii	"\000"
 453 0011 01       		.ascii	"\001"
 454 0012 00       		.ascii	"\000"
 455 0013 01       		.ascii	"\001"
 456 0014 00       		.ascii	"\000"
 457 0015 01       		.ascii	"\001"
 458 0016 00       		.ascii	"\000"
 459              		.text
 460              		.section	.gnu.lto_.opts,"e",%progbits
 461 0000 272D666E 		.ascii	"'-fno-openmp' '-fno-openacc' '-fno-pie' '-fcf-prote"
ARM GAS  /tmp/ccxxwhQC.s 			page 17


 461      6F2D6F70 
 461      656E6D70 
 461      2720272D 
 461      666E6F2D 
 462 0033 6374696F 		.ascii	"ction=none' '-g' '-mcpu=cortex-m7' '-mthumb' '-mflo"
 462      6E3D6E6F 
 462      6E652720 
 462      272D6727 
 462      20272D6D 
 463 0066 61742D61 		.ascii	"at-abi=hard' '-mfpu=fpv5-d16' '-mlibarch=armv7e-m+f"
 463      62693D68 
 463      61726427 
 463      20272D6D 
 463      6670753D 
 464 0099 702E6470 		.ascii	"p.dp' '-march=armv7e-m+fp.dp' '-O2' '-fomit-frame-p"
 464      2720272D 
 464      6D617263 
 464      683D6172 
 464      6D763765 
 465 00cc 6F696E74 		.ascii	"ointer' '-falign-functions=16' '-ffunction-sections"
 465      65722720 
 465      272D6661 
 465      6C69676E 
 465      2D66756E 
 466 00ff 2720272D 		.ascii	"' '-fdata-sections' '-fno-common' '-flto' '-Xassemb"
 466      66646174 
 466      612D7365 
 466      6374696F 
 466      6E732720 
 467 0132 6C657227 		.ascii	"ler' '-alms=build/lst/hal.lst'\000"
 467      20272D61 
 467      6C6D733D 
 467      6275696C 
 467      642F6C73 
 468              		.text
 469              		.comm	__gnu_lto_slim,1,1
 470              		.ident	"GCC: (15:10.3-2021.07-4) 10.3.1 20210621 (release)"
ARM GAS  /tmp/ccxxwhQC.s 			page 18


DEFINED SYMBOLS
                            *ABS*:0000000000000000 hal.c
     /tmp/ccxxwhQC.s:19     .gnu.debuglto_.debug_info:0000000000000000 hal.c.447cd779
                            *COM*:0000000000000001 __gnu_lto_slim

NO UNDEFINED SYMBOLS
