ARM GAS  /tmp/cc6fThWw.s 			page 1


   1              		.cpu cortex-m7
   2              		.eabi_attribute 28, 1
   3              		.eabi_attribute 20, 1
   4              		.eabi_attribute 21, 1
   5              		.eabi_attribute 23, 3
   6              		.eabi_attribute 24, 1
   7              		.eabi_attribute 25, 1
   8              		.eabi_attribute 26, 1
   9              		.eabi_attribute 30, 2
  10              		.eabi_attribute 34, 1
  11              		.eabi_attribute 18, 4
  12              		.file	"hal_pal.c"
  13              		.file 1 "/usr/lib/gcc/arm-none-eabi/10.3.1/include/stdint.h"
  14              		.file 2 "third_party/ChibiOS/os/hal/ports/STM32/LLD/GPIOv2/stm32_gpio.h"
  15              		.file 3 "third_party/ChibiOS/os/hal/ports/STM32/LLD/GPIOv2/hal_pal_lld.h"
  16              		.file 4 "third_party/ChibiOS/os/hal/include/hal_pal.h"
  17              		.file 5 "third_party/ChibiOS/os/hal/src/hal_pal.c"
  18              		.section	.gnu.debuglto_.debug_info,"e",%progbits
  19              	.Ldebug_info0:
  20              		.hidden	hal_pal.c.22e7ef6f
  21              		.weak	hal_pal.c.22e7ef6f
  22              	hal_pal.c.22e7ef6f:
  23 0000 C1020000 		.4byte	0x2c1
  24 0004 0400     		.2byte	0x4
  25 0006 00000000 		.4byte	.Ldebug_abbrev0
  26 000a 04       		.byte	0x4
  27 000b 01       		.uleb128 0x1
  28 000c 1D010000 		.4byte	.LASF37
  29 0010 0C       		.byte	0xc
  30 0011 BB000000 		.4byte	.LASF38
  31 0015 3A000000 		.4byte	.LASF39
  32 0019 00000000 		.4byte	.Ldebug_line0
  33 001d 02       		.uleb128 0x2
  34 001e 04       		.byte	0x4
  35 001f 05       		.byte	0x5
  36 0020 696E7400 		.ascii	"int\000"
  37 0024 03       		.uleb128 0x3
  38 0025 04       		.byte	0x4
  39 0026 07       		.byte	0x7
  40 0027 F7010000 		.4byte	.LASF0
  41 002b 03       		.uleb128 0x3
  42 002c 08       		.byte	0x8
  43 002d 05       		.byte	0x5
  44 002e 00000000 		.4byte	.LASF1
  45 0032 03       		.uleb128 0x3
  46 0033 08       		.byte	0x8
  47 0034 04       		.byte	0x4
  48 0035 6F020000 		.4byte	.LASF2
  49 0039 03       		.uleb128 0x3
  50 003a 01       		.byte	0x1
  51 003b 06       		.byte	0x6
  52 003c 7B020000 		.4byte	.LASF3
  53 0040 03       		.uleb128 0x3
  54 0041 02       		.byte	0x2
  55 0042 05       		.byte	0x5
  56 0043 13010000 		.4byte	.LASF4
  57 0047 03       		.uleb128 0x3
ARM GAS  /tmp/cc6fThWw.s 			page 2


  58 0048 04       		.byte	0x4
  59 0049 05       		.byte	0x5
  60 004a 66020000 		.4byte	.LASF5
  61 004e 03       		.uleb128 0x3
  62 004f 01       		.byte	0x1
  63 0050 08       		.byte	0x8
  64 0051 AD000000 		.4byte	.LASF6
  65 0055 04       		.uleb128 0x4
  66 0056 4E020000 		.4byte	.LASF8
  67 005a 01       		.byte	0x1
  68 005b 31       		.byte	0x31
  69 005c 19       		.byte	0x19
  70 005d 61000000 		.4byte	0x61
  71 0061 03       		.uleb128 0x3
  72 0062 02       		.byte	0x2
  73 0063 07       		.byte	0x7
  74 0064 FB000000 		.4byte	.LASF7
  75 0068 04       		.uleb128 0x4
  76 0069 5D020000 		.4byte	.LASF9
  77 006d 01       		.byte	0x1
  78 006e 34       		.byte	0x34
  79 006f 19       		.byte	0x19
  80 0070 79000000 		.4byte	0x79
  81 0074 05       		.uleb128 0x5
  82 0075 68000000 		.4byte	0x68
  83 0079 03       		.uleb128 0x3
  84 007a 04       		.byte	0x4
  85 007b 07       		.byte	0x7
  86 007c E9000000 		.4byte	.LASF10
  87 0080 03       		.uleb128 0x3
  88 0081 08       		.byte	0x8
  89 0082 07       		.byte	0x7
  90 0083 96000000 		.4byte	.LASF11
  91 0087 04       		.uleb128 0x4
  92 0088 1C000000 		.4byte	.LASF12
  93 008c 01       		.byte	0x1
  94 008d 4B       		.byte	0x4b
  95 008e 1D       		.byte	0x1d
  96 008f 24000000 		.4byte	0x24
  97 0093 03       		.uleb128 0x3
  98 0094 01       		.byte	0x1
  99 0095 08       		.byte	0x8
 100 0096 04020000 		.4byte	.LASF13
 101 009a 06       		.uleb128 0x6
 102 009b 93000000 		.4byte	0x93
 103 009f 03       		.uleb128 0x3
 104 00a0 01       		.byte	0x1
 105 00a1 02       		.byte	0x2
 106 00a2 87020000 		.4byte	.LASF14
 107 00a6 07       		.uleb128 0x7
 108 00a7 04       		.byte	0x4
 109 00a8 02       		.byte	0x2
 110 00a9 5B       		.byte	0x5b
 111 00aa 05       		.byte	0x5
 112 00ab CA000000 		.4byte	0xca
 113 00af 08       		.uleb128 0x8
 114 00b0 73657400 		.ascii	"set\000"
ARM GAS  /tmp/cc6fThWw.s 			page 3


 115 00b4 02       		.byte	0x2
 116 00b5 5C       		.byte	0x5c
 117 00b6 19       		.byte	0x19
 118 00b7 55000000 		.4byte	0x55
 119 00bb 00       		.byte	0
 120 00bc 09       		.uleb128 0x9
 121 00bd 57020000 		.4byte	.LASF15
 122 00c1 02       		.byte	0x2
 123 00c2 5D       		.byte	0x5d
 124 00c3 19       		.byte	0x19
 125 00c4 55000000 		.4byte	0x55
 126 00c8 02       		.byte	0x2
 127 00c9 00       		.byte	0
 128 00ca 0A       		.uleb128 0xa
 129 00cb 04       		.byte	0x4
 130 00cc 02       		.byte	0x2
 131 00cd 59       		.byte	0x59
 132 00ce 0C       		.byte	0xc
 133 00cf E8000000 		.4byte	0xe8
 134 00d3 0B       		.uleb128 0xb
 135 00d4 5700     		.ascii	"W\000"
 136 00d6 02       		.byte	0x2
 137 00d7 5A       		.byte	0x5a
 138 00d8 19       		.byte	0x19
 139 00d9 68000000 		.4byte	0x68
 140 00dd 0B       		.uleb128 0xb
 141 00de 4800     		.ascii	"H\000"
 142 00e0 02       		.byte	0x2
 143 00e1 5E       		.byte	0x5e
 144 00e2 07       		.byte	0x7
 145 00e3 A6000000 		.4byte	0xa6
 146 00e7 00       		.byte	0
 147 00e8 05       		.uleb128 0x5
 148 00e9 CA000000 		.4byte	0xca
 149 00ed 07       		.uleb128 0x7
 150 00ee 28       		.byte	0x28
 151 00ef 02       		.byte	0x2
 152 00f0 51       		.byte	0x51
 153 00f1 09       		.byte	0x9
 154 00f2 79010000 		.4byte	0x179
 155 00f6 09       		.uleb128 0x9
 156 00f7 16000000 		.4byte	.LASF16
 157 00fb 02       		.byte	0x2
 158 00fc 53       		.byte	0x53
 159 00fd 19       		.byte	0x19
 160 00fe 74000000 		.4byte	0x74
 161 0102 00       		.byte	0
 162 0103 09       		.uleb128 0x9
 163 0104 86000000 		.4byte	.LASF17
 164 0108 02       		.byte	0x2
 165 0109 54       		.byte	0x54
 166 010a 19       		.byte	0x19
 167 010b 74000000 		.4byte	0x74
 168 010f 04       		.byte	0x4
 169 0110 09       		.uleb128 0x9
 170 0111 0E000000 		.4byte	.LASF18
 171 0115 02       		.byte	0x2
ARM GAS  /tmp/cc6fThWw.s 			page 4


 172 0116 55       		.byte	0x55
 173 0117 19       		.byte	0x19
 174 0118 74000000 		.4byte	0x74
 175 011c 08       		.byte	0x8
 176 011d 09       		.uleb128 0x9
 177 011e 21020000 		.4byte	.LASF19
 178 0122 02       		.byte	0x2
 179 0123 56       		.byte	0x56
 180 0124 19       		.byte	0x19
 181 0125 74000000 		.4byte	0x74
 182 0129 0C       		.byte	0xc
 183 012a 08       		.uleb128 0x8
 184 012b 49445200 		.ascii	"IDR\000"
 185 012f 02       		.byte	0x2
 186 0130 57       		.byte	0x57
 187 0131 19       		.byte	0x19
 188 0132 74000000 		.4byte	0x74
 189 0136 10       		.byte	0x10
 190 0137 08       		.uleb128 0x8
 191 0138 4F445200 		.ascii	"ODR\000"
 192 013c 02       		.byte	0x2
 193 013d 58       		.byte	0x58
 194 013e 19       		.byte	0x19
 195 013f 74000000 		.4byte	0x74
 196 0143 14       		.byte	0x14
 197 0144 09       		.uleb128 0x9
 198 0145 29000000 		.4byte	.LASF20
 199 0149 02       		.byte	0x2
 200 014a 5F       		.byte	0x5f
 201 014b 05       		.byte	0x5
 202 014c E8000000 		.4byte	0xe8
 203 0150 18       		.byte	0x18
 204 0151 09       		.uleb128 0x9
 205 0152 0E020000 		.4byte	.LASF21
 206 0156 02       		.byte	0x2
 207 0157 60       		.byte	0x60
 208 0158 19       		.byte	0x19
 209 0159 74000000 		.4byte	0x74
 210 015d 1C       		.byte	0x1c
 211 015e 09       		.uleb128 0x9
 212 015f 0E010000 		.4byte	.LASF22
 213 0163 02       		.byte	0x2
 214 0164 61       		.byte	0x61
 215 0165 19       		.byte	0x19
 216 0166 74000000 		.4byte	0x74
 217 016a 20       		.byte	0x20
 218 016b 09       		.uleb128 0x9
 219 016c E4000000 		.4byte	.LASF23
 220 0170 02       		.byte	0x2
 221 0171 62       		.byte	0x62
 222 0172 19       		.byte	0x19
 223 0173 74000000 		.4byte	0x74
 224 0177 24       		.byte	0x24
 225 0178 00       		.byte	0
 226 0179 04       		.uleb128 0x4
 227 017a 14020000 		.4byte	.LASF24
 228 017e 02       		.byte	0x2
ARM GAS  /tmp/cc6fThWw.s 			page 5


 229 017f 63       		.byte	0x63
 230 0180 03       		.byte	0x3
 231 0181 ED000000 		.4byte	0xed
 232 0185 04       		.uleb128 0x4
 233 0186 70000000 		.4byte	.LASF25
 234 018a 03       		.byte	0x3
 235 018b C2       		.byte	0xc2
 236 018c 12       		.byte	0x12
 237 018d 68000000 		.4byte	0x68
 238 0191 04       		.uleb128 0x4
 239 0192 8D000000 		.4byte	.LASF26
 240 0196 03       		.byte	0x3
 241 0197 C7       		.byte	0xc7
 242 0198 12       		.byte	0x12
 243 0199 68000000 		.4byte	0x68
 244 019d 04       		.uleb128 0x4
 245 019e 43020000 		.4byte	.LASF27
 246 01a2 03       		.byte	0x3
 247 01a3 D9       		.byte	0xd9
 248 01a4 18       		.byte	0x18
 249 01a5 A9010000 		.4byte	0x1a9
 250 01a9 0C       		.uleb128 0xc
 251 01aa 04       		.byte	0x4
 252 01ab 79010000 		.4byte	0x179
 253 01af 07       		.uleb128 0x7
 254 01b0 0C       		.byte	0xc
 255 01b1 04       		.byte	0x4
 256 01b2 B7       		.byte	0xb7
 257 01b3 09       		.byte	0x9
 258 01b4 E0010000 		.4byte	0x1e0
 259 01b8 09       		.uleb128 0x9
 260 01b9 69000000 		.4byte	.LASF28
 261 01bd 04       		.byte	0x4
 262 01be BB       		.byte	0xbb
 263 01bf 19       		.byte	0x19
 264 01c0 9D010000 		.4byte	0x19d
 265 01c4 00       		.byte	0
 266 01c5 09       		.uleb128 0x9
 267 01c6 32020000 		.4byte	.LASF29
 268 01ca 04       		.byte	0x4
 269 01cb C1       		.byte	0xc1
 270 01cc 19       		.byte	0x19
 271 01cd 85010000 		.4byte	0x185
 272 01d1 04       		.byte	0x4
 273 01d2 09       		.uleb128 0x9
 274 01d3 3C020000 		.4byte	.LASF30
 275 01d7 04       		.byte	0x4
 276 01d8 C5       		.byte	0xc5
 277 01d9 19       		.byte	0x19
 278 01da 87000000 		.4byte	0x87
 279 01de 08       		.byte	0x8
 280 01df 00       		.byte	0
 281 01e0 04       		.uleb128 0x4
 282 01e1 8D020000 		.4byte	.LASF31
 283 01e5 04       		.byte	0x4
 284 01e6 C6       		.byte	0xc6
 285 01e7 03       		.byte	0x3
ARM GAS  /tmp/cc6fThWw.s 			page 6


 286 01e8 AF010000 		.4byte	0x1af
 287 01ec 06       		.uleb128 0x6
 288 01ed E0010000 		.4byte	0x1e0
 289 01f1 0D       		.uleb128 0xd
 290 01f2 5B000000 		.4byte	.LASF33
 291 01f6 05       		.byte	0x5
 292 01f7 71       		.byte	0x71
 293 01f8 06       		.byte	0x6
 294 01f9 1F020000 		.4byte	0x21f
 295 01fd 0E       		.uleb128 0xe
 296 01fe 62757300 		.ascii	"bus\000"
 297 0202 05       		.byte	0x5
 298 0203 71       		.byte	0x71
 299 0204 21       		.byte	0x21
 300 0205 1F020000 		.4byte	0x21f
 301 0209 0F       		.uleb128 0xf
 302 020a 09020000 		.4byte	.LASF32
 303 020e 05       		.byte	0x5
 304 020f 71       		.byte	0x71
 305 0210 2F       		.byte	0x2f
 306 0211 91010000 		.4byte	0x191
 307 0215 10       		.uleb128 0x10
 308 0216 7D000000 		.4byte	.LASF36
 309 021a 35020000 		.4byte	0x235
 310 021e 00       		.byte	0
 311 021f 0C       		.uleb128 0xc
 312 0220 04       		.byte	0x4
 313 0221 EC010000 		.4byte	0x1ec
 314 0225 11       		.uleb128 0x11
 315 0226 9A000000 		.4byte	0x9a
 316 022a 35020000 		.4byte	0x235
 317 022e 12       		.uleb128 0x12
 318 022f 24000000 		.4byte	0x24
 319 0233 0D       		.byte	0xd
 320 0234 00       		.byte	0
 321 0235 06       		.uleb128 0x6
 322 0236 25020000 		.4byte	0x225
 323 023a 0D       		.uleb128 0xd
 324 023b 2E000000 		.4byte	.LASF34
 325 023f 05       		.byte	0x5
 326 0240 5A       		.byte	0x5a
 327 0241 06       		.byte	0x6
 328 0242 74020000 		.4byte	0x274
 329 0246 0E       		.uleb128 0xe
 330 0247 62757300 		.ascii	"bus\000"
 331 024b 05       		.byte	0x5
 332 024c 5A       		.byte	0x5a
 333 024d 1F       		.byte	0x1f
 334 024e 1F020000 		.4byte	0x21f
 335 0252 0F       		.uleb128 0xf
 336 0253 37020000 		.4byte	.LASF35
 337 0257 05       		.byte	0x5
 338 0258 5A       		.byte	0x5a
 339 0259 31       		.byte	0x31
 340 025a 85010000 		.4byte	0x185
 341 025e 10       		.uleb128 0x10
 342 025f 7D000000 		.4byte	.LASF36
ARM GAS  /tmp/cc6fThWw.s 			page 7


 343 0263 84020000 		.4byte	0x284
 344 0267 13       		.uleb128 0x13
 345 0268 14       		.uleb128 0x14
 346 0269 7700     		.ascii	"w\000"
 347 026b 05       		.byte	0x5
 348 026c 5E       		.byte	0x5e
 349 026d 03       		.byte	0x3
 350 026e 68000000 		.4byte	0x68
 351 0272 00       		.byte	0
 352 0273 00       		.byte	0
 353 0274 11       		.uleb128 0x11
 354 0275 9A000000 		.4byte	0x9a
 355 0279 84020000 		.4byte	0x284
 356 027d 12       		.uleb128 0x12
 357 027e 24000000 		.4byte	0x24
 358 0282 0B       		.byte	0xb
 359 0283 00       		.byte	0
 360 0284 06       		.uleb128 0x6
 361 0285 74020000 		.4byte	0x274
 362 0289 15       		.uleb128 0x15
 363 028a 27020000 		.4byte	.LASF40
 364 028e 05       		.byte	0x5
 365 028f 41       		.byte	0x41
 366 0290 0E       		.byte	0xe
 367 0291 85010000 		.4byte	0x185
 368 0295 AF020000 		.4byte	0x2af
 369 0299 0E       		.uleb128 0xe
 370 029a 62757300 		.ascii	"bus\000"
 371 029e 05       		.byte	0x5
 372 029f 41       		.byte	0x41
 373 02a0 26       		.byte	0x26
 374 02a1 1F020000 		.4byte	0x21f
 375 02a5 10       		.uleb128 0x10
 376 02a6 7D000000 		.4byte	.LASF36
 377 02aa BF020000 		.4byte	0x2bf
 378 02ae 00       		.byte	0
 379 02af 11       		.uleb128 0x11
 380 02b0 9A000000 		.4byte	0x9a
 381 02b4 BF020000 		.4byte	0x2bf
 382 02b8 12       		.uleb128 0x12
 383 02b9 24000000 		.4byte	0x24
 384 02bd 0A       		.byte	0xa
 385 02be 00       		.byte	0
 386 02bf 06       		.uleb128 0x6
 387 02c0 AF020000 		.4byte	0x2af
 388 02c4 00       		.byte	0
 389              		.section	.gnu.debuglto_.debug_abbrev,"e",%progbits
 390              	.Ldebug_abbrev0:
 391 0000 01       		.uleb128 0x1
 392 0001 11       		.uleb128 0x11
 393 0002 01       		.byte	0x1
 394 0003 25       		.uleb128 0x25
 395 0004 0E       		.uleb128 0xe
 396 0005 13       		.uleb128 0x13
 397 0006 0B       		.uleb128 0xb
 398 0007 03       		.uleb128 0x3
 399 0008 0E       		.uleb128 0xe
ARM GAS  /tmp/cc6fThWw.s 			page 8


 400 0009 1B       		.uleb128 0x1b
 401 000a 0E       		.uleb128 0xe
 402 000b 10       		.uleb128 0x10
 403 000c 17       		.uleb128 0x17
 404 000d 00       		.byte	0
 405 000e 00       		.byte	0
 406 000f 02       		.uleb128 0x2
 407 0010 24       		.uleb128 0x24
 408 0011 00       		.byte	0
 409 0012 0B       		.uleb128 0xb
 410 0013 0B       		.uleb128 0xb
 411 0014 3E       		.uleb128 0x3e
 412 0015 0B       		.uleb128 0xb
 413 0016 03       		.uleb128 0x3
 414 0017 08       		.uleb128 0x8
 415 0018 00       		.byte	0
 416 0019 00       		.byte	0
 417 001a 03       		.uleb128 0x3
 418 001b 24       		.uleb128 0x24
 419 001c 00       		.byte	0
 420 001d 0B       		.uleb128 0xb
 421 001e 0B       		.uleb128 0xb
 422 001f 3E       		.uleb128 0x3e
 423 0020 0B       		.uleb128 0xb
 424 0021 03       		.uleb128 0x3
 425 0022 0E       		.uleb128 0xe
 426 0023 00       		.byte	0
 427 0024 00       		.byte	0
 428 0025 04       		.uleb128 0x4
 429 0026 16       		.uleb128 0x16
 430 0027 00       		.byte	0
 431 0028 03       		.uleb128 0x3
 432 0029 0E       		.uleb128 0xe
 433 002a 3A       		.uleb128 0x3a
 434 002b 0B       		.uleb128 0xb
 435 002c 3B       		.uleb128 0x3b
 436 002d 0B       		.uleb128 0xb
 437 002e 39       		.uleb128 0x39
 438 002f 0B       		.uleb128 0xb
 439 0030 49       		.uleb128 0x49
 440 0031 13       		.uleb128 0x13
 441 0032 00       		.byte	0
 442 0033 00       		.byte	0
 443 0034 05       		.uleb128 0x5
 444 0035 35       		.uleb128 0x35
 445 0036 00       		.byte	0
 446 0037 49       		.uleb128 0x49
 447 0038 13       		.uleb128 0x13
 448 0039 00       		.byte	0
 449 003a 00       		.byte	0
 450 003b 06       		.uleb128 0x6
 451 003c 26       		.uleb128 0x26
 452 003d 00       		.byte	0
 453 003e 49       		.uleb128 0x49
 454 003f 13       		.uleb128 0x13
 455 0040 00       		.byte	0
 456 0041 00       		.byte	0
ARM GAS  /tmp/cc6fThWw.s 			page 9


 457 0042 07       		.uleb128 0x7
 458 0043 13       		.uleb128 0x13
 459 0044 01       		.byte	0x1
 460 0045 0B       		.uleb128 0xb
 461 0046 0B       		.uleb128 0xb
 462 0047 3A       		.uleb128 0x3a
 463 0048 0B       		.uleb128 0xb
 464 0049 3B       		.uleb128 0x3b
 465 004a 0B       		.uleb128 0xb
 466 004b 39       		.uleb128 0x39
 467 004c 0B       		.uleb128 0xb
 468 004d 01       		.uleb128 0x1
 469 004e 13       		.uleb128 0x13
 470 004f 00       		.byte	0
 471 0050 00       		.byte	0
 472 0051 08       		.uleb128 0x8
 473 0052 0D       		.uleb128 0xd
 474 0053 00       		.byte	0
 475 0054 03       		.uleb128 0x3
 476 0055 08       		.uleb128 0x8
 477 0056 3A       		.uleb128 0x3a
 478 0057 0B       		.uleb128 0xb
 479 0058 3B       		.uleb128 0x3b
 480 0059 0B       		.uleb128 0xb
 481 005a 39       		.uleb128 0x39
 482 005b 0B       		.uleb128 0xb
 483 005c 49       		.uleb128 0x49
 484 005d 13       		.uleb128 0x13
 485 005e 38       		.uleb128 0x38
 486 005f 0B       		.uleb128 0xb
 487 0060 00       		.byte	0
 488 0061 00       		.byte	0
 489 0062 09       		.uleb128 0x9
 490 0063 0D       		.uleb128 0xd
 491 0064 00       		.byte	0
 492 0065 03       		.uleb128 0x3
 493 0066 0E       		.uleb128 0xe
 494 0067 3A       		.uleb128 0x3a
 495 0068 0B       		.uleb128 0xb
 496 0069 3B       		.uleb128 0x3b
 497 006a 0B       		.uleb128 0xb
 498 006b 39       		.uleb128 0x39
 499 006c 0B       		.uleb128 0xb
 500 006d 49       		.uleb128 0x49
 501 006e 13       		.uleb128 0x13
 502 006f 38       		.uleb128 0x38
 503 0070 0B       		.uleb128 0xb
 504 0071 00       		.byte	0
 505 0072 00       		.byte	0
 506 0073 0A       		.uleb128 0xa
 507 0074 17       		.uleb128 0x17
 508 0075 01       		.byte	0x1
 509 0076 0B       		.uleb128 0xb
 510 0077 0B       		.uleb128 0xb
 511 0078 3A       		.uleb128 0x3a
 512 0079 0B       		.uleb128 0xb
 513 007a 3B       		.uleb128 0x3b
ARM GAS  /tmp/cc6fThWw.s 			page 10


 514 007b 0B       		.uleb128 0xb
 515 007c 39       		.uleb128 0x39
 516 007d 0B       		.uleb128 0xb
 517 007e 01       		.uleb128 0x1
 518 007f 13       		.uleb128 0x13
 519 0080 00       		.byte	0
 520 0081 00       		.byte	0
 521 0082 0B       		.uleb128 0xb
 522 0083 0D       		.uleb128 0xd
 523 0084 00       		.byte	0
 524 0085 03       		.uleb128 0x3
 525 0086 08       		.uleb128 0x8
 526 0087 3A       		.uleb128 0x3a
 527 0088 0B       		.uleb128 0xb
 528 0089 3B       		.uleb128 0x3b
 529 008a 0B       		.uleb128 0xb
 530 008b 39       		.uleb128 0x39
 531 008c 0B       		.uleb128 0xb
 532 008d 49       		.uleb128 0x49
 533 008e 13       		.uleb128 0x13
 534 008f 00       		.byte	0
 535 0090 00       		.byte	0
 536 0091 0C       		.uleb128 0xc
 537 0092 0F       		.uleb128 0xf
 538 0093 00       		.byte	0
 539 0094 0B       		.uleb128 0xb
 540 0095 0B       		.uleb128 0xb
 541 0096 49       		.uleb128 0x49
 542 0097 13       		.uleb128 0x13
 543 0098 00       		.byte	0
 544 0099 00       		.byte	0
 545 009a 0D       		.uleb128 0xd
 546 009b 2E       		.uleb128 0x2e
 547 009c 01       		.byte	0x1
 548 009d 3F       		.uleb128 0x3f
 549 009e 19       		.uleb128 0x19
 550 009f 03       		.uleb128 0x3
 551 00a0 0E       		.uleb128 0xe
 552 00a1 3A       		.uleb128 0x3a
 553 00a2 0B       		.uleb128 0xb
 554 00a3 3B       		.uleb128 0x3b
 555 00a4 0B       		.uleb128 0xb
 556 00a5 39       		.uleb128 0x39
 557 00a6 0B       		.uleb128 0xb
 558 00a7 27       		.uleb128 0x27
 559 00a8 19       		.uleb128 0x19
 560 00a9 01       		.uleb128 0x1
 561 00aa 13       		.uleb128 0x13
 562 00ab 00       		.byte	0
 563 00ac 00       		.byte	0
 564 00ad 0E       		.uleb128 0xe
 565 00ae 05       		.uleb128 0x5
 566 00af 00       		.byte	0
 567 00b0 03       		.uleb128 0x3
 568 00b1 08       		.uleb128 0x8
 569 00b2 3A       		.uleb128 0x3a
 570 00b3 0B       		.uleb128 0xb
ARM GAS  /tmp/cc6fThWw.s 			page 11


 571 00b4 3B       		.uleb128 0x3b
 572 00b5 0B       		.uleb128 0xb
 573 00b6 39       		.uleb128 0x39
 574 00b7 0B       		.uleb128 0xb
 575 00b8 49       		.uleb128 0x49
 576 00b9 13       		.uleb128 0x13
 577 00ba 00       		.byte	0
 578 00bb 00       		.byte	0
 579 00bc 0F       		.uleb128 0xf
 580 00bd 05       		.uleb128 0x5
 581 00be 00       		.byte	0
 582 00bf 03       		.uleb128 0x3
 583 00c0 0E       		.uleb128 0xe
 584 00c1 3A       		.uleb128 0x3a
 585 00c2 0B       		.uleb128 0xb
 586 00c3 3B       		.uleb128 0x3b
 587 00c4 0B       		.uleb128 0xb
 588 00c5 39       		.uleb128 0x39
 589 00c6 0B       		.uleb128 0xb
 590 00c7 49       		.uleb128 0x49
 591 00c8 13       		.uleb128 0x13
 592 00c9 00       		.byte	0
 593 00ca 00       		.byte	0
 594 00cb 10       		.uleb128 0x10
 595 00cc 34       		.uleb128 0x34
 596 00cd 00       		.byte	0
 597 00ce 03       		.uleb128 0x3
 598 00cf 0E       		.uleb128 0xe
 599 00d0 49       		.uleb128 0x49
 600 00d1 13       		.uleb128 0x13
 601 00d2 34       		.uleb128 0x34
 602 00d3 19       		.uleb128 0x19
 603 00d4 00       		.byte	0
 604 00d5 00       		.byte	0
 605 00d6 11       		.uleb128 0x11
 606 00d7 01       		.uleb128 0x1
 607 00d8 01       		.byte	0x1
 608 00d9 49       		.uleb128 0x49
 609 00da 13       		.uleb128 0x13
 610 00db 01       		.uleb128 0x1
 611 00dc 13       		.uleb128 0x13
 612 00dd 00       		.byte	0
 613 00de 00       		.byte	0
 614 00df 12       		.uleb128 0x12
 615 00e0 21       		.uleb128 0x21
 616 00e1 00       		.byte	0
 617 00e2 49       		.uleb128 0x49
 618 00e3 13       		.uleb128 0x13
 619 00e4 2F       		.uleb128 0x2f
 620 00e5 0B       		.uleb128 0xb
 621 00e6 00       		.byte	0
 622 00e7 00       		.byte	0
 623 00e8 13       		.uleb128 0x13
 624 00e9 0B       		.uleb128 0xb
 625 00ea 01       		.byte	0x1
 626 00eb 00       		.byte	0
 627 00ec 00       		.byte	0
ARM GAS  /tmp/cc6fThWw.s 			page 12


 628 00ed 14       		.uleb128 0x14
 629 00ee 34       		.uleb128 0x34
 630 00ef 00       		.byte	0
 631 00f0 03       		.uleb128 0x3
 632 00f1 08       		.uleb128 0x8
 633 00f2 3A       		.uleb128 0x3a
 634 00f3 0B       		.uleb128 0xb
 635 00f4 3B       		.uleb128 0x3b
 636 00f5 0B       		.uleb128 0xb
 637 00f6 39       		.uleb128 0x39
 638 00f7 0B       		.uleb128 0xb
 639 00f8 49       		.uleb128 0x49
 640 00f9 13       		.uleb128 0x13
 641 00fa 00       		.byte	0
 642 00fb 00       		.byte	0
 643 00fc 15       		.uleb128 0x15
 644 00fd 2E       		.uleb128 0x2e
 645 00fe 01       		.byte	0x1
 646 00ff 3F       		.uleb128 0x3f
 647 0100 19       		.uleb128 0x19
 648 0101 03       		.uleb128 0x3
 649 0102 0E       		.uleb128 0xe
 650 0103 3A       		.uleb128 0x3a
 651 0104 0B       		.uleb128 0xb
 652 0105 3B       		.uleb128 0x3b
 653 0106 0B       		.uleb128 0xb
 654 0107 39       		.uleb128 0x39
 655 0108 0B       		.uleb128 0xb
 656 0109 27       		.uleb128 0x27
 657 010a 19       		.uleb128 0x19
 658 010b 49       		.uleb128 0x49
 659 010c 13       		.uleb128 0x13
 660 010d 01       		.uleb128 0x1
 661 010e 13       		.uleb128 0x13
 662 010f 00       		.byte	0
 663 0110 00       		.byte	0
 664 0111 00       		.byte	0
 665              		.section	.gnu.debuglto_.debug_line,"e",%progbits
 666              	.Ldebug_line0:
 667 0000 FF000000 		.4byte	.LELT0-.LSLT0
 668              	.LSLT0:
 669 0004 0400     		.2byte	0x4
 670 0006 F9000000 		.4byte	.LELTP0-.LASLTP0
 671              	.LASLTP0:
 672 000a 01       		.byte	0x1
 673 000b 01       		.byte	0x1
 674 000c 01       		.byte	0x1
 675 000d F6       		.byte	0xf6
 676 000e F2       		.byte	0xf2
 677 000f 0D       		.byte	0xd
 678 0010 00       		.byte	0
 679 0011 01       		.byte	0x1
 680 0012 01       		.byte	0x1
 681 0013 01       		.byte	0x1
 682 0014 01       		.byte	0x1
 683 0015 00       		.byte	0
 684 0016 00       		.byte	0
ARM GAS  /tmp/cc6fThWw.s 			page 13


 685 0017 00       		.byte	0
 686 0018 01       		.byte	0x1
 687 0019 00       		.byte	0
 688 001a 00       		.byte	0
 689 001b 01       		.byte	0x1
 690 001c 74686972 		.ascii	"third_party/ChibiOS/os/hal/include"
 690      645F7061 
 690      7274792F 
 690      43686962 
 690      694F532F 
 691 003e 00       		.byte	0
 692 003f 74686972 		.ascii	"third_party/ChibiOS/os/hal/ports/STM32/LLD/GPIOv2"
 692      645F7061 
 692      7274792F 
 692      43686962 
 692      694F532F 
 693 0070 00       		.byte	0
 694 0071 74686972 		.ascii	"third_party/ChibiOS/os/hal/src"
 694      645F7061 
 694      7274792F 
 694      43686962 
 694      694F532F 
 695 008f 00       		.byte	0
 696 0090 2F757372 		.ascii	"/usr/lib/gcc/arm-none-eabi/10.3.1/include"
 696      2F6C6962 
 696      2F676363 
 696      2F61726D 
 696      2D6E6F6E 
 697 00b9 00       		.byte	0
 698 00ba 00       		.byte	0
 699 00bb 73746469 		.ascii	"stdint.h\000"
 699      6E742E68 
 699      00
 700 00c4 04       		.uleb128 0x4
 701 00c5 00       		.uleb128 0
 702 00c6 00       		.uleb128 0
 703 00c7 73746D33 		.ascii	"stm32_gpio.h\000"
 703      325F6770 
 703      696F2E68 
 703      00
 704 00d4 02       		.uleb128 0x2
 705 00d5 00       		.uleb128 0
 706 00d6 00       		.uleb128 0
 707 00d7 68616C5F 		.ascii	"hal_pal_lld.h\000"
 707      70616C5F 
 707      6C6C642E 
 707      6800
 708 00e5 02       		.uleb128 0x2
 709 00e6 00       		.uleb128 0
 710 00e7 00       		.uleb128 0
 711 00e8 68616C5F 		.ascii	"hal_pal.h\000"
 711      70616C2E 
 711      6800
 712 00f2 01       		.uleb128 0x1
 713 00f3 00       		.uleb128 0
 714 00f4 00       		.uleb128 0
 715 00f5 68616C5F 		.ascii	"hal_pal.c\000"
ARM GAS  /tmp/cc6fThWw.s 			page 14


 715      70616C2E 
 715      6300
 716 00ff 03       		.uleb128 0x3
 717 0100 00       		.uleb128 0
 718 0101 00       		.uleb128 0
 719 0102 00       		.byte	0
 720              	.LELTP0:
 721              	.LELT0:
 722              		.section	.gnu.debuglto_.debug_str,"eMS",%progbits,1
 723              	.LASF1:
 724 0000 6C6F6E67 		.ascii	"long long int\000"
 724      206C6F6E 
 724      6720696E 
 724      7400
 725              	.LASF18:
 726 000e 4F535045 		.ascii	"OSPEEDR\000"
 726      45445200 
 727              	.LASF16:
 728 0016 4D4F4445 		.ascii	"MODER\000"
 728      5200
 729              	.LASF12:
 730 001c 75696E74 		.ascii	"uint_fast8_t\000"
 730      5F666173 
 730      74385F74 
 730      00
 731              	.LASF20:
 732 0029 42535252 		.ascii	"BSRR\000"
 732      00
 733              	.LASF34:
 734 002e 70616C57 		.ascii	"palWriteBus\000"
 734      72697465 
 734      42757300 
 735              	.LASF39:
 736 003a 2F686F6D 		.ascii	"/home/ian/Documents/BPRL_balance\000"
 736      652F6961 
 736      6E2F446F 
 736      63756D65 
 736      6E74732F 
 737              	.LASF33:
 738 005b 70616C53 		.ascii	"palSetBusMode\000"
 738      65744275 
 738      734D6F64 
 738      6500
 739              	.LASF28:
 740 0069 706F7274 		.ascii	"portid\000"
 740      696400
 741              	.LASF25:
 742 0070 696F706F 		.ascii	"ioportmask_t\000"
 742      72746D61 
 742      736B5F74 
 742      00
 743              	.LASF36:
 744 007d 5F5F6675 		.ascii	"__func__\000"
 744      6E635F5F 
 744      00
 745              	.LASF17:
 746 0086 4F545950 		.ascii	"OTYPER\000"
ARM GAS  /tmp/cc6fThWw.s 			page 15


 746      455200
 747              	.LASF26:
 748 008d 696F6D6F 		.ascii	"iomode_t\000"
 748      64655F74 
 748      00
 749              	.LASF11:
 750 0096 6C6F6E67 		.ascii	"long long unsigned int\000"
 750      206C6F6E 
 750      6720756E 
 750      7369676E 
 750      65642069 
 751              	.LASF6:
 752 00ad 756E7369 		.ascii	"unsigned char\000"
 752      676E6564 
 752      20636861 
 752      7200
 753              	.LASF38:
 754 00bb 74686972 		.ascii	"third_party/ChibiOS/os/hal/src/hal_pal.c\000"
 754      645F7061 
 754      7274792F 
 754      43686962 
 754      694F532F 
 755              	.LASF23:
 756 00e4 41465248 		.ascii	"AFRH\000"
 756      00
 757              	.LASF10:
 758 00e9 6C6F6E67 		.ascii	"long unsigned int\000"
 758      20756E73 
 758      69676E65 
 758      6420696E 
 758      7400
 759              	.LASF7:
 760 00fb 73686F72 		.ascii	"short unsigned int\000"
 760      7420756E 
 760      7369676E 
 760      65642069 
 760      6E7400
 761              	.LASF22:
 762 010e 4146524C 		.ascii	"AFRL\000"
 762      00
 763              	.LASF4:
 764 0113 73686F72 		.ascii	"short int\000"
 764      7420696E 
 764      7400
 765              	.LASF37:
 766 011d 474E5520 		.ascii	"GNU C17 10.3.1 20210621 (release) -mcpu=cortex-m7 -"
 766      43313720 
 766      31302E33 
 766      2E312032 
 766      30323130 
 767 0150 6D746875 		.ascii	"mthumb -mfloat-abi=hard -mfpu=fpv5-d16 -march=armv7"
 767      6D62202D 
 767      6D666C6F 
 767      61742D61 
 767      62693D68 
 768 0183 652D6D2B 		.ascii	"e-m+fp.dp -ggdb -O2 -fomit-frame-pointer -falign-fu"
 768      66702E64 
ARM GAS  /tmp/cc6fThWw.s 			page 16


 768      70202D67 
 768      67646220 
 768      2D4F3220 
 769 01b6 6E637469 		.ascii	"nctions=16 -ffunction-sections -fdata-sections -fno"
 769      6F6E733D 
 769      3136202D 
 769      6666756E 
 769      6374696F 
 770 01e9 2D636F6D 		.ascii	"-common -flto\000"
 770      6D6F6E20 
 770      2D666C74 
 770      6F00
 771              	.LASF0:
 772 01f7 756E7369 		.ascii	"unsigned int\000"
 772      676E6564 
 772      20696E74 
 772      00
 773              	.LASF13:
 774 0204 63686172 		.ascii	"char\000"
 774      00
 775              	.LASF32:
 776 0209 6D6F6465 		.ascii	"mode\000"
 776      00
 777              	.LASF21:
 778 020e 4C4F434B 		.ascii	"LOCKR\000"
 778      5200
 779              	.LASF24:
 780 0214 73746D33 		.ascii	"stm32_gpio_t\000"
 780      325F6770 
 780      696F5F74 
 780      00
 781              	.LASF19:
 782 0221 50555044 		.ascii	"PUPDR\000"
 782      5200
 783              	.LASF40:
 784 0227 70616C52 		.ascii	"palReadBus\000"
 784      65616442 
 784      757300
 785              	.LASF29:
 786 0232 6D61736B 		.ascii	"mask\000"
 786      00
 787              	.LASF35:
 788 0237 62697473 		.ascii	"bits\000"
 788      00
 789              	.LASF30:
 790 023c 6F666673 		.ascii	"offset\000"
 790      657400
 791              	.LASF27:
 792 0243 696F706F 		.ascii	"ioportid_t\000"
 792      72746964 
 792      5F7400
 793              	.LASF8:
 794 024e 75696E74 		.ascii	"uint16_t\000"
 794      31365F74 
 794      00
 795              	.LASF15:
 796 0257 636C6561 		.ascii	"clear\000"
ARM GAS  /tmp/cc6fThWw.s 			page 17


 796      7200
 797              	.LASF9:
 798 025d 75696E74 		.ascii	"uint32_t\000"
 798      33325F74 
 798      00
 799              	.LASF5:
 800 0266 6C6F6E67 		.ascii	"long int\000"
 800      20696E74 
 800      00
 801              	.LASF2:
 802 026f 6C6F6E67 		.ascii	"long double\000"
 802      20646F75 
 802      626C6500 
 803              	.LASF3:
 804 027b 7369676E 		.ascii	"signed char\000"
 804      65642063 
 804      68617200 
 805              	.LASF14:
 806 0287 5F426F6F 		.ascii	"_Bool\000"
 806      6C00
 807              	.LASF31:
 808 028d 494F4275 		.ascii	"IOBus\000"
 808      7300
 809              		.text
 810              		.section	.gnu.lto_.profile.e80c4be94ea903eb,"e",%progbits
 811 0000 789C6362 		.ascii	"x\234cb\000\001\000\000\022\000\003"
 811      00010000 
 811      120003
 812              		.text
 813              		.section	.gnu.lto_.icf.e80c4be94ea903eb,"e",%progbits
 814 0000 789C1361 		.ascii	"x\234\023a@\000f\206\247o&=ac\334\263\246}\036\013\323"
 814      40006686 
 814      A76F263D 
 814      6163DCB3 
 814      A67D1E0B 
 815 0015 B1863D7B 		.ascii	"\261\206={x\031\000a\027\010\304"
 815      78190061 
 815      1708C4
 816              		.text
 817              		.section	.gnu.lto_.ipa_sra.e80c4be94ea903eb,"e",%progbits
 818 0000 789C858C 		.ascii	"x\234\205\214\261\015\000 \020\002\341\301\304\251\235"
 818      B10D0020 
 818      1002E1C1 
 818      C4A99D
 819 000f 8641F56D 		.ascii	"\206A\365m,\2459\022.,\274\010T\204\2100\243\212\344"
 819      2CA53912 
 819      2E2CBC08 
 819      54848830 
 819      A38AE4
 820 0022 2E8EC634 		.ascii	".\216\3064\001\213\3651\372\207\365\261FK<\363\301\255"
 820      018BF531 
 820      FA87F5B1 
 820      464B3CF3 
 820      C1AD
 821 0034 CD0DEFFF 		.ascii	"\315\015\357\377\014\352"
 821      0CEA
 822              		.text
ARM GAS  /tmp/cc6fThWw.s 			page 18


 823              		.section	.gnu.lto_.inline.e80c4be94ea903eb,"e",%progbits
 824 0000 789CAD51 		.ascii	"x\234\255Q\273\015\302@\014}\376(\272(\200RRPd\024&"
 824      BB0DC240 
 824      0C7DFE28 
 824      BA288052 
 824      52506414 
 825 0015 60081285 		.ascii	"`\010\022\205-\020l\300\010\024\014@\317r\370\214.\326"
 825      2D106CC0 
 825      08140C40 
 825      CF72F88C 
 825      2ED6
 826 0027 21D16137 		.ascii	"!\321a7\317\357l\275g\337\213\260\204\000\355\305\202"
 826      CFEF6CBD 
 826      67DF8BB0 
 826      8400EDC5 
 826      82
 827 0038 6712D043 		.ascii	"g\022\320C\234\311@!{\007\014\031\220\232\334$\023\340"
 827      9CC94021 
 827      7B070C19 
 827      909ADC24 
 827      13E0
 828 004a 80270683 		.ascii	"\200'\006\203\034\036\031\272`h\260)\330\024l\037l\237"
 828      1C1E19BA 
 828      6068B029 
 828      D8146C1F 
 828      6C9F
 829 005c 95B0B1E2 		.ascii	"\225\260\261\342.3)\231X\003\204he\303\215u\354\243"
 829      2E332999 
 829      58038468 
 829      65C38D75 
 829      ECA3
 830 006e 6365A370 		.ascii	"ce\243p\277\244\365\323\212UeB|\241\321L\224\325v\361"
 830      BFA4F5D3 
 830      8A556542 
 830      7CA1D14C 
 830      94D576F1 
 831 0082 3EC4BCD9 		.ascii	">\304\274\3310\215\316\212'\237\276nT\273l\201\253\265"
 831      308DCE8A 
 831      279FBE6E 
 831      54BB6C81 
 831      ABB5
 832 0094 9DFF7CA3 		.ascii	"\235\377|\243\262\336\3264u\235\277\354v\310\2117\252"
 832      B2DED634 
 832      759DBFEC 
 832      76C88937 
 832      AA
 833 00a5 B657D8   		.ascii	"\266W\330"
 834              		.text
 835              		.section	.gnu.lto_.jmpfuncs.e80c4be94ea903eb,"e",%progbits
 836 0000 789C8B60 		.ascii	"x\234\213`@\000f\006FF\306\372%\314\354\214L\214\214"
 836      40006606 
 836      4646C6FA 
 836      25CCEC8C 
 836      4C8C8C
 837 0013 CC200610 		.ascii	"\314 \006\020\2631\3018\214K\2309\330\030\030\030\017"
 837      B331C138 
 837      8C4B9839 
ARM GAS  /tmp/cc6fThWw.s 			page 19


 837      D8181818 
 837      0F
 838 0024 B0303200 		.ascii	"\26002\000\361\177 \340g@\347\263\3241b(\001\000Q\277"
 838      F17F20E0 
 838      6740E7B3 
 838      D4316228 
 838      010051BF 
 839 0038 171E     		.ascii	"\027\036"
 840              		.text
 841              		.section	.gnu.lto_.pureconst.e80c4be94ea903eb,"e",%progbits
 842 0000 789CE362 		.ascii	"x\234\343b```f\230\305\3028\213\205i&\013\000\011\370"
 842      60606066 
 842      98C5C238 
 842      8B856926 
 842      0B0009F8 
 843 0014 01EA     		.ascii	"\001\352"
 844              		.text
 845              		.section	.gnu.lto_.lto.e80c4be94ea903eb,"e",%progbits
 846 0000 09000400 		.ascii	"\011\000\004\000\001\000\000\000"
 846      01000000 
 847              		.text
 848              		.section	.gnu.lto_palReadBus.432.e80c4be94ea903eb,"e",%progbits
 849 0000 789C7590 		.ascii	"x\234u\220\273K\034Q\024\306\3177gfv\326G\345?\240\011"
 849      BB4B1C51 
 849      14C6CF37 
 849      676676D6 
 849      47E53FA0 
 850 0015 186C1CB1 		.ascii	"\030l\034\261\320V\324RT\364\017\220\331\315\310.\254"
 850      D056D452 
 850      54F40F90 
 850      D9CDC82E 
 850      AC
 851 0026 BBB2BB16 		.ascii	"\273\262\273\026\251\274\256/\264\360\011I\014&\340"
 851      A9BCAE2F 
 851      B4F00949 
 851      0C26E0
 852 0035 B08458D9 		.ascii	"\260\204X\331\030\342\233A\301R\304\336FH\223B\301*"
 852      18E29B41 
 852      C152C4DE 
 852      46489342 
 852      C12A
 853 0047 85A0E78E 		.ascii	"\205\240\347\216\357\302\342~\367~\367~\277{\317\271"
 853      EFC2E27E 
 853      F77EF77E 
 853      BF7BCFB9 
 854 0057 6720F289 		.ascii	"g \362\211\250^\006\230\260\2648k\220R\252-f`lq\366"
 854      A85E0698 
 854      B0B4386B 
 854      9052AA2D 
 854      66606C71 
 855 006c EAEBA689 		.ascii	"\352\353\246\211mD\033\240Q\003\243X\346U\306\022\227"
 855      6D441BA0 
 855      5103A358 
 855      E655C612 
 855      97
 856 007d 256C3EAC 		.ascii	"%l>\254\200\332\206P\251\377\223\3133G\261\325_\241"
 856      80DA8650 
ARM GAS  /tmp/cc6fThWw.s 			page 20


 856      A9FF93CB 
 856      3347B1D5 
 856      5FA1
 857 008f 5966837E 		.ascii	"Yf\203~H\3407\260)\017\020I\220\273\351\203\204NO\266"
 857      48E037B0 
 857      290F1049 
 857      90BBE983 
 857      844E4FB6 
 858 00a3 948A5399 		.ascii	"\224\212S\231\031\177\360\"#\033}+\026\221M\232\324"
 858      197FF022 
 858      231B7D2B 
 858      16914D9A 
 858      D4
 859 00b4 D5C8D838 		.ascii	"\325\310\3308\263Bus;\257\324\371_\314\275\217\033\300"
 859      B3427573 
 859      3BAFD4F9 
 859      5FCCBD8F 
 859      1BC0
 860 00c6 965429D7 		.ascii	"\226T)\327\233\"\246%b\331\"vL\257\034-D\363\254\033"
 860      9B22A625 
 860      62D92276 
 860      4CAF1C2D 
 860      44F3AC1B 
 861 00da 50265448 		.ascii	"P&TH\264\300\306\275\031\023\363\017\352\342\3131\364"
 861      B4C0C6BD 
 861      1913F30F 
 861      EAE2CB31 
 861      F4
 862 00eb FCEE492E 		.ascii	"\374\356I.\276\331t\211\322\336zu\300\217\0151t\305"
 862      BED97489 
 862      D2DE7A75 
 862      C08F0D31 
 862      74C5
 863 00fd 3F75DF4E 		.ascii	"?u\337N\231c\001\033\330\0015MD\326\301.\276G%^\342"
 863      9963011B 
 863      D801354D 
 863      44D6C12E 
 863      BE47255E 
 864 0112 702F1EB0 		.ascii	"p/\036\260\365@\305_Q\025r\035\366\205Z\213l%\016\204"
 864      F540C55F 
 864      5115721D 
 864      F6855A8B 
 864      6C250E84 
 865 0126 42449534 		.ascii	"BD\2254e\277\375B\025B\311\032Qv\374f\012\201\016X\202"
 865      65BFFD42 
 865      1542C91A 
 865      5176FC66 
 865      0A810E58 
 866 013b 3CB2CEDB 		.ascii	"<\262\316\333l5\016\205\345{\366\363\264\260\034\341"
 866      6C350E85 
 866      E57BF6F3 
 866      B4B01CE1 
 867 014b 0E5DA354 		.ascii	"\016]\243T\033D'\362Ex\376\"\242:7\225\033\362\335\264"
 867      1B4427F2 
 867      4578FE22 
 867      A23A3795 
 867      1BF2DDB4 
ARM GAS  /tmp/cc6fThWw.s 			page 21


 868 015f 97753B73 		.ascii	"\227u;s\311\221!?[,\270\355\275}]\003\011/\343e\223"
 868      C991213F 
 868      5B2CB8ED 
 868      BD7D5D03 
 868      092FE365 
 869 0174 3E351453 		.ascii	">5\024S\351\374\307\201a/_\374\344v\244\322\211tO\277"
 869      E9FCC781 
 869      612F5FFC 
 869      E476A4D2 
 869      89744FBF 
 870 0188 9B2BB829 		.ascii	"\233+\270)/\343\026\362I=\313a\2461I\234\030)\324<\331"
 870      2FE316F2 
 870      493DCB61 
 870      A631499C 
 870      1829D43C 
 871 019d C6E666BF 		.ascii	"\306\346f\277\325\037l\031\244;\227\324\252\217"
 871      D51F6C19 
 871      A43B97D4 
 871      AA8F
 872              		.text
 873              		.section	.gnu.lto_palWriteBus.433.e80c4be94ea903eb,"e",%progbits
 874 0000 789C7552 		.ascii	"x\234uRKkSA\024>\337\235\233\307\315\253\005\227n\252"
 874      4B6B5341 
 874      143EDF9D 
 874      9BC7CDAB 
 874      05976EAA 
 875 0014 22D24D6F 		.ascii	"\"\322Mo\351B\267\242\322\225\250\304\037P\222\230\220"
 875      E942B7A2 
 875      D295A8C4 
 875      1F509298 
 875      90
 876 0025 609A9424 		.ascii	"`\232\224$E\\u\032_\320Ml\012\305E\025\014A\334\271"
 876      455C751A 
 876      5FD04D6C 
 876      0AC54515 
 876      0C41DCB9 
 877 0039 526BAD6D 		.ascii	"Rk\255m\250X\253+\351\306\255\324\205\217E+n|\020\250"
 877      A858AB2B 
 877      E9C6ADD4 
 877      858F452B 
 877      6E7C10A8 
 878 004d E7CCBD46 		.ascii	"\347\314\275F\273\350\205{f\276o\316w^3o-\242\"\021"
 878      BBE8857B 
 878      66BE6FCE 
 878      775E336F 
 878      2DA22211 
 879 0061 1DE11F8A 		.ascii	"\035\341\037\212\320\234\235\261Hk}2dazv\306\301s\030"
 879      D09C9DB1 
 879      486B7D32 
 879      64617A76 
 879      C6C17318 
 880 0075 049AB230 		.ascii	"\004\232\2620\20595\310\360\347\215\271\245\227\320"
 880      853935C8 
 880      F0E78DB9 
 880      A597D0
 881 0084 0F3B682B 		.ascii	"\017;h+\242{\374\233oA\241\251\332\012\260\375\235\205"
 881      A27BFC9B 
ARM GAS  /tmp/cc6fThWw.s 			page 22


 881      6F41A1A9 
 881      DA0AB0FD 
 881      9D85
 882 0096 01DEA973 		.ascii	"\001\336\251st\254\243\365\273\325E\255\035j+\205\247"
 882      74ACA3F5 
 882      BBD545AD 
 882      1D6A2B85 
 882      A7
 883 00a7 600D9E00 		.ascii	"`\015\236\000\217AB$\327E\241r\236\337\027\337\317\306"
 883      8F414224 
 883      D745A172 
 883      9EDF17DF 
 883      CFC6
 884 00b9 B3BD7E76 		.ascii	"\263\275~vr\323&\012\372\031!\222\313\222\364(\253\276"
 884      72D3260A 
 884      FA192192 
 884      CB92F428 
 884      ABBE
 885 00cb AD7C9CD8 		.ascii	"\255|\234\330\320v[\005\260\374\277\212(\371\331\016"
 885      D0765B05 
 885      B0FCBF8A 
 885      28F9D90E 
 886 00db 125E80B8 		.ascii	"\022^\200\270\025J~\262\231\004\303G\233\201\216\356"
 886      154A7EB2 
 886      9904C347 
 886      9B818EEE 
 887 00eb EE36B47E 		.ascii	"\3566\264~\177p\247\273\023\356\263\200%\330\300\"\002"
 887      7F70A7BB 
 887      13EEB380 
 887      25D8C022 
 887      02
 888 00fc E21EE484 		.ascii	"\342\036\344\204\301\220\230\260\030)(\024\021\023\025"
 888      C19098B0 
 888      18292814 
 888      111315
 889 010b 18131317 		.ascii	"\030\023\023\027\223`\023&j(\231\232\266\241;D\267\225"
 889      93601326 
 889      6A28999A 
 889      B6A13B44 
 889      B795
 890 011d E5816906 		.ascii	"\345\201i\006_\241\267~\255C\326\303=\263\325\035\305"
 890      5FA1B77E 
 890      AD43D6C3 
 890      3DB3D51D 
 890      C5
 891 012e 0A681BF5 		.ascii	"\012h\033\365;\267\320R\301\226\262\004,;-\025\362\207"
 891      3BB7D052 
 891      C196B204 
 891      2C3B2D15 
 891      F287
 892 0140 A720BD3D 		.ascii	"\247 \275=\220\361\207\333\212\017l\254\202\206\257"
 892      90F187DB 
 892      8A0F6CAC 
 892      8286AF
 893 014f 1B184107 		.ascii	"\033\030A\007w\315\334\267qm^B\204M\224\320\337(\316"
 893      77CDDCB7 
 893      716D5E42 
ARM GAS  /tmp/cc6fThWw.s 			page 23


 893      844D94D0 
 893      DF28CE
 894 0162 FEDA28D6 		.ascii	"\376\332(\326X\013O\273p\223\265\021\366\227\224!\364"
 894      580B4FBB 
 894      7093B511 
 894      F6979421 
 894      F4
 895 0173 0BF75BB8 		.ascii	"\013\367[\270\250\011\031\351\305\217q\211^|\357<n("
 895      A80919E9 
 895      C58F7189 
 895      5E7CEF3C 
 895      6E28
 896 0185 477053CE 		.ascii	"GpS\316\003F\022\347\346\352\003<>&\274f\375z\022\373"
 896      034612E7 
 896      E6EA033C 
 896      3E26BC66 
 896      FD7A12FB 
 897 0199 D713C32B 		.ascii	"\327\023\303+\256\3072\365\254\315;~\373\361=\355'8"
 897      AEC732F5 
 897      ACCD3B7E 
 897      FBF13DED 
 897      2738
 898 01ab 025E1B6A 		.ascii	"\002^\033j\370\276a\372\260\301*\036\201\217\373\361"
 898      F8BE61FA 
 898      B0C12A1E 
 898      818FFBF1 
 899 01bb 8631BF0F 		.ascii	"\2061\277\017?s\353G@.\374;\352\037vG\315\363l(\374"
 899      3F73EB47 
 899      402EFC3B 
 899      EA1F7647 
 899      CDF36C28 
 900 01d0 BB22A243 		.ascii	"\273\"\242Cn\276<\236u\013\251\222{\246\234\231\034"
 900      6EBE3C9E 
 900      750BA992 
 900      7BA69C99 
 900      1C
 901 01e1 CF966A55 		.ascii	"\317\226jU\367\324\205\344\331\261t\252\230*e\2624X"
 901      F7D485E4 
 901      D9B174AA 
 901      982A65B2 
 901      3458
 902 01f3 CB172A97 		.ascii	"\313\027*\227\306&R\225\332U\367t\276\220.\234\277\350"
 902      C6265295 
 902      DA55F774 
 902      BE902E9C 
 902      BFE8
 903 0205 96AB6E3E 		.ascii	"\226\253n>Ut\253\225\214\254|X\034\312\220JOV\017\364"
 903      5574AB95 
 903      8CAC7C58 
 903      1CCA904A 
 903      4F560FF4 
 904 0219 E0D0C848 		.ascii	"\340\320\310H\366D6w<Gv\272P\253\342\312\037b\007\360"
 904      F6443677 
 904      3C4776BA 
 904      50ABE2CA 
 904      1F6207F0 
 905 022d FD       		.ascii	"\375"
ARM GAS  /tmp/cc6fThWw.s 			page 24


 906              		.text
 907              		.section	.gnu.lto_palSetBusMode.434.e80c4be94ea903eb,"e",%progbits
 908 0000 789C7591 		.ascii	"x\234u\221\277K\034A\024\307\337w\337\336\356\255?\252"
 908      BF4B1C41 
 908      14C7DF77 
 908      DFDEEEAD 
 908      3FAA
 909 0012 FC031A0B 		.ascii	"\374\003\032\013\261q\305B[1\001\0331r\371\003d\357"
 909      B171C542 
 909      5B31011B 
 909      3172F903 
 909      64EF
 910 0024 DCE32EDC 		.ascii	"\334\343.\334\017\271;\013+G\243\2026\027\265U\213c"
 910      0FB93B0B 
 910      2B47A382 
 910      3617B555 
 910      8B63
 911 0036 113B2B8D 		.ascii	"\021;+\215I\024O,\304.\330\010B\210X\010\012\212X\211"
 911      49144F2C 
 911      C42ED808 
 911      42885808 
 911      0A8A5889 
 912 004a 24E89BF5 		.ascii	"$\350\233\365\242\244p`\336\274\357\314\347\355\274"
 912      A2A47060 
 912      DEBCEFCC 
 912      E7EDBC
 913 0059 EFEC0188 		.ascii	"\357\354\001\210>\021Q\213L0aa~\316 \245T\217m`b~\316"
 913      3E11518B 
 913      4C306161 
 913      7ECE20A5 
 913      548F6D60 
 914 0070 C10F840A 		.ascii	"\301\017\204\0124n`\034\213\334&\362nz\361b\037j\255"
 914      346E601C 
 914      8BDC26F2 
 914      6E7AF162 
 914      1F6AAD
 915 0083 8A808956 		.ascii	"\212\200\211Vd\206c\211\261\300\001\003f-3\320$\031"
 915      64866389 
 915      B1C00103 
 915      662D33D0 
 915      2419
 916 0095 0F506B55 		.ascii	"\017PkU\251\237\207[J9\0240\343+\244\006\233\300\206"
 916      A99F875B 
 916      4A391430 
 916      E32BA406 
 916      9BC086
 917 00a8 DC2E1BB1 		.ascii	"\334.\033\261\277\254\271\344\023\367\273\306\231\370"
 917      BFACB9E4 
 917      13F7BBC6 
 917      99F8
 918 00b6 F63F67C6 		.ascii	"\366?g\306fM\"\353\337\215\262G\353G\221\252\372\363"
 918      664D22EB 
 918      DF8DB247 
 918      EB4791AA 
 918      FAF3
 919 00c8 5056EAEA 		.ascii	"PV\352\352\034\327-\216\001lA:\370\216\210\024D,\011"
 919      1CD72D8E 
ARM GAS  /tmp/cc6fThWw.s 			page 25


 919      016C413A 
 919      F88E8814 
 919      442C09
 920 00db 962DC18E 		.ascii	"\226-\301\216\352\214\250\314\332\2342\241\252D_\330"
 920      EA8CA8CC 
 920      DA9C32A1 
 920      AA445FD8 
 921 00eb 78121322 		.ascii	"x\022\023\".\241\316\216\017\240\327\267\317\341\354"
 921      2EA1CE8E 
 921      0FA0D7B7 
 921      CFE1EC
 922 00fa C4A66B4C 		.ascii	"\304\246kLn;\025\216\324<1\264\317U\375*\321\200\243"
 922      6E3B158E 
 922      D43C31B4 
 922      CF55FD2A 
 922      D180A3
 923 010d 1531B90D 		.ascii	"\0251\271\015\352\230\012\245\203\035,\207\315\325\252"
 923      EA980AA5 
 923      831D2C87 
 923      CDD5AA
 924 011c ACD7D93A 		.ascii	"\254\327\331:\354\012\213\027\326~\235\255\307\236\260"
 924      EC0A8B17 
 924      D67E9DAD 
 924      C79EB0
 925 012b 46C87EBE 		.ascii	"F\310~\276\237AE\003\226\224\320\015f\232h\012F\300"
 925      9F414503 
 925      9694D00D 
 925      669A680A 
 925      46C0
 926 013d 0D2BFA63 		.ascii	"\015+\372c\322hx(\2356\322-&O\177\365\205\377\246\314"
 926      D2687828 
 926      9D36D22D 
 926      264F7FF5 
 926      85FFA6CC 
 927 0151 78314ED4 		.ascii	"x1N\324\354\246\362Y\337M{9\367}>1\232\365s\245\242"
 927      ECA6F259 
 927      DF4D7B39 
 927      F77D3E31 
 927      9AF573A5 
 928 0166 DB3B18EB 		.ascii	"\333;\030\353\037\212{\031/\227\360\251\255\224J\027"
 928      1F8A7B19 
 928      2F97F0A9 
 928      AD944A17 
 929 0176 868746BC 		.ascii	"\206\207F\274Bi\314}\227J\307\323\037>\272\371\242\233"
 929      4269CC7D 
 929      974AC7D3 
 929      1F3EBAF9 
 929      A29B
 930 0188 F2326EB1 		.ascii	"\3622n\261\220\320\253\034f\332\023\304\361\321\342"
 930      90D0AB1C 
 930      66DA13C4 
 930      F1D1E2
 931 0197 9B67D9DE 		.ascii	"\233g\331\336\331\351w\373\311\256$\231\331\374\260"
 931      D9E977FB 
 931      C9AE2499 
 931      D9FCB0
 932 01a6 FF083802 		.ascii	"\377\0108\002\250\362"
ARM GAS  /tmp/cc6fThWw.s 			page 26


 932      A8F2
 933              		.text
 934              		.section	.gnu.lto_.symbol_nodes.e80c4be94ea903eb,"e",%progbits
 935 0000 789C6B60 		.ascii	"x\234k`\000\002\246\015\314\365\014\015@\300\3028\341"
 935      0002A60D 
 935      CCF50C0D 
 935      40C0C238 
 935      E1
 936 0011 1C03433D 		.ascii	"\034\003C=\003\303\256\206FF\006F\006\260\344F\346z"
 936      03C3AE86 
 936      46460646 
 936      06B0E446 
 936      E67A
 937 0023 469C929B 		.ascii	"F\234\222\233\230\353\231pI2ne\256g\376\017\005\362"
 937      98EB9970 
 937      49326E65 
 937      AE67FE0F 
 937      05F2
 938 0035 60050C20 		.ascii	"`\005\014 k@\262\314L\314\020mK\330\030\000\277\314"
 938      6B40B2CC 
 938      4CCC106D 
 938      4BD81800 
 938      BFCC
 939 0047 23E9     		.ascii	"#\351"
 940              		.text
 941              		.section	.gnu.lto_.refs.e80c4be94ea903eb,"e",%progbits
 942 0000 789C6364 		.ascii	"x\234cd\000\002\000\000\012\000\002"
 942      00020000 
 942      0A0002
 943              		.text
 944              		.section	.gnu.lto_.decls.e80c4be94ea903eb,"e",%progbits
 945 0000 789C9556 		.ascii	"x\234\225V}PT\327\025\277\347\336\375\342\261|4`\342"
 945      7D5054D7 
 945      15BFE7DE 
 945      FDE2B17C 
 945      3460E2
 946 0013 64A60E31 		.ascii	"d\246\0161\264\322\351\350\016kF;\323?J\025\215\216"
 946      B4D2E9E8 
 946      0E6B463B 
 946      D33F4A15 
 946      8D8E
 947 0025 18982569 		.ascii	"\030\230%i\206Lgv6\274%\354\004X\002K\246\355_/\200"
 947      864C6776 
 947      36BC25EC 
 947      0458024B 
 947      A6ED5F2F 
 948 003a 101344B4 		.ascii	"\020\023D\264\326\3705\004\343\244\325\21158\321H\211"
 948      D6F83504 
 948      E3A4D589 
 948      3538D148 
 948      89
 949 004b E20A9AA2 		.ascii	"\342\012\232\242\011)bT\204\010\010&.b\024\342\027j"
 949      09296254 
 949      84080826 
 949      2E6214E2 
 949      176A
 950 005d AD3DF7BE 		.ascii	"\255=\367\276\267\357-.\332\364\355\234w\357\273\367"
ARM GAS  /tmp/cc6fThWw.s 			page 27


 950      B7EF2D2E 
 950      DAF4ED9C 
 950      77EFBBF7 
 951 006d 777FBF73 		.ascii	"w\177\277s\316\336\257\247\355\204,\243\204\354\006"
 951      CEDEAFA7 
 951      ED842CA3 
 951      84EC06
 952 007c 421EE063 		.ascii	"B\036\340c\"\204\234D\213A\273\202\366=\3325\264q\264"
 952      22849C44 
 952      8B41BB82 
 952      F63DDA35 
 952      B471B4
 953 008f 1B6837D1 		.ascii	"\033h7\321n\241\331\020/\241\361\207\217I\302\372L\264"
 953      6EA1D910 
 953      2FA1F187 
 953      8F49C2FA 
 953      4CB4
 954 00a1 9FA23DAB 		.ascii	"\237\242=\253\265G>sP#\036\313'\320\222#8\306x\037Z"
 954      B5473E73 
 954      50231ECB 
 954      27D09223 
 954      38C6781F 
 955 00b6 1E9A1554 		.ascii	"\036\232\025T\315T,/cyH\323\274\246i0l\017\361:\226"
 955      CD542C2F 
 955      637948D3 
 955      BCA66930 
 955      6C0FF13A 
 956 00cb 6634D074 		.ascii	"f4\320t\037~\322Q\353'X\026F\350q-\256\331\036\2417"
 956      1F7ED251 
 956      EB275816 
 956      46E8712D 
 956      AED91EA1 
 957 00e0 A6695ED3 		.ascii	"\246i^\323t\"\265{4}3Q\265\270&\327\037\302\357n\242"
 957      7422B57B 
 957      347D3351 
 957      B5B826D7 
 957      1FC2EF6E 
 958 00f5 6ACF9C46 		.ascii	"j\317\234F\373\327Z\234\017kK\217\2105\254\3753\374"
 958      FBD75A9C 
 958      0F6B4B8F 
 958      8835ACFD 
 958      33FC
 959 0107 9ECD35B4 		.ascii	"\236\3155\2648\303\232H\367\310\2342J\034\212x\206\237"
 959      38C39A48 
 959      F7C89C32 
 959      4A1C8A78 
 959      869F
 960 0119 24B04F45 		.ascii	"$\260OE<\027\273\236\301\023`\302w2\244\210z\012[F\260"
 960      3C17BB9E 
 960      C11360C2 
 960      7732A488 
 960      7A0A5B46 
 961 012e 3207F81F 		.ascii	"2\007\370\037\234 j\204\255$[\031\255\011^\352\266I"
 961      9C206A84 
 961      AD245B19 
 961      AD095EEA 
 961      B649
ARM GAS  /tmp/cc6fThWw.s 			page 28


 962 0140 438A32AE 		.ascii	"C\2122\256\004\253c\010\034\000\370\024\010\034\004"
 962      04AB6308 
 962      1C00F814 
 962      081C04
 963 014f 84EC07F8 		.ascii	"\204\354\007\370\014\240\025\004\305L\366;\302~O\230"
 963      0CA01504 
 963      C54CF63B 
 963      C27E4F98 
 964 015f 878FBA72 		.ascii	"\207\217\272rl\364\3138)\370\330Q,\237\010\017\022\305"
 964      6CF4CB38 
 964      29F8D851 
 964      2C9F080F 
 964      12C5
 965 0171 70CABCFC 		.ascii	"p\312\274\374\363\347\350\001\023%a\257s\246\3335;\033"
 965      F3E7E801 
 965      132561AF 
 965      73A6DB35 
 965      3B1B
 966 0183 6339D315 		.ascii	"c9\323\025%Xi&p\024\340\0302\035\007\204 S'\300?\201"
 966      25586926 
 966      7014E018 
 966      321D0784 
 966      205327C0 
 967 0199 051069F9 		.ascii	"\005\020i\371\372\344\226>\232\224\232\212\301V+J\220"
 967      FAE4963E 
 967      9A949A8A 
 967      C1562B4A 
 967      90
 968 01aa 8655097C 		.ascii	"\206U\011|\011\034\332\005\360\025O\000rMN\324\236\257"
 968      091CDA05 
 968      F0154F00 
 968      724D4ED4 
 968      9EAF
 969 01bc 74ACBB54 		.ascii	"t\254\273T\243t+\014N\000|\001\034\244r\023p\240\245"
 969      A3742B0C 
 969      4E007C01 
 969      1CA47213 
 969      70A0A5
 970 01cf 735CF3A1 		.ascii	"s\\\363\241\221\032%\261\322\316!\237GA\216\002\227"
 970      911A25B1 
 970      D2CE219F 
 970      47418E02 
 970      97
 971 01e0 3DD6D4ED 		.ascii	"=\326\324\355OMMF\325\361\266\021\363\316\240\200u\000"
 971      4F4D4D46 
 971      D5F1B611 
 971      F3CEA080 
 971      7500
 972 01f2 9C045D5F 		.ascii	"\234\004]_\347\033o\335Q\037\337\360\026\203v\200#\323"
 972      E71B6FDD 
 972      511FDFF0 
 972      16837680 
 972      23D3
 973 0204 403809BA 		.ascii	"@8\011\272n2\\?)\\\357\006\370\027w\035\363q\265\245"
 973      6E325C3F 
 973      295CEF06 
 973      F817771D 
ARM GAS  /tmp/cc6fThWw.s 			page 29


 973      F371B5A5 
 974 0218 636D7C72 		.ascii	"cm|r\323\377\000\212\224&\262>\314\342\000\250_66\214"
 974      D3FF008A 
 974      9426B23E 
 974      CCE200A8 
 974      5F36368C 
 975 022c 5F21B471 		.ascii	"_!\264q\264\333Zk\232\370\013\202\224\335\347\301<y"
 975      B4DB5A6B 
 975      9AF80B82 
 975      94DDE7C1 
 975      3C79
 976 023e 6D70DDD9 		.ascii	"mp\335\331\204T|\222R\305s\001sp\274\252VI\254\266\303"
 976      84547C92 
 976      52C57301 
 976      7370BCAA 
 976      5649ACB6 
 977 0253 21807F00 		.ascii	"!\200\177\000\014\033>\267\200p\232cZ\014\314\327S0"
 977      0C1B3EB7 
 977      80709A63 
 977      5A0CCCD7 
 977      5330
 978 0265 A7F8EB00 		.ascii	"\247\370\353\000\220\355\350\360\341\035otbzz\000\202"
 978      90EDE8F0 
 978      E11D6F74 
 978      627A7A00 
 978      82
 979 0276 53306D3A 		.ascii	"S0m:\317\370n-?\310sn\012\306\241\322h\377-\306\375"
 979      CFF86E2D 
 979      3FC8736E 
 979      0AC6A1D2 
 979      68FF2DC6 
 980 028b 0D403FEF 		.ascii	"\015@?\357\030\026q\177\007p\001\340\"\300\010@\010"
 980      1816717F 
 980      077001E0 
 980      22C00840 
 980      08
 981 029c 60106008 		.ascii	"`\020`\010\340[\200\001\200K<\037\334\307=\206\217g"
 981      E05B8001 
 981      804B3C1F 
 981      DCC73D86 
 981      8F67
 982 02ae A7709FD1 		.ascii	"\247p\237\321|\344\240\277\033\240\336h\220\032l\247"
 982      7CE4A0BF 
 982      1BA0DE68 
 982      901A6CA7 
 983 02be 81391C1D 		.ascii	"\2019\034\035\210F\364\221\001\352\213\212D\3459a@\316"
 983      8846F491 
 983      01EA8B8A 
 983      44E53961 
 983      40CE
 984 02d0 472756E3 		.ascii	"G'V\343\371\330\000\235\216\316l:a\225\224O\213\272"
 984      F9D8009D 
 984      8ECE6C3A 
 984      6195944F 
 984      8BBA
 985 02e2 8B7B0E5B 		.ascii	"\213{\016[\223\036N\017\214\302\217L\020R\\\337|y\273"
 985      931E4E0F 
ARM GAS  /tmp/cc6fThWw.s 			page 30


 985      8CC28F4C 
 985      10525CDF 
 985      7C79BB
 986 02f5 C92ED66C 		.ascii	"\311.\326lS\273\011.\033Rc\234\202C\216\355\333\322"
 986      53BB092E 
 986      1B52639C 
 986      82438EED 
 986      DBD2
 987 0307 102F20C1 		.ascii	"\020/ \301GAv\205\366\016\306\033,c\006\344{\276w\255"
 987      47417685 
 987      F60EC61B 
 987      2C6306E4 
 987      7BBE77AD 
 988 031b 15DE1E51 		.ascii	"\025\336\036Q\332\332\342\305\366\020\214\334\036\256"
 988      DADAE2C5 
 988      F6108CDC 
 988      1EAE
 989 0329 466E0F08 		.ascii	"Fn\017\010\333t\260s0\302\2439:\025\316`>}\363\364\355"
 989      DB74B073 
 989      30C2A339 
 989      3A15CE60 
 989      3E7DF3F4 
 990 033e 2A0FA7F4 		.ascii	"*\017\247\3646A\335Z;\320h\211\246\276\016\210A\352"
 990      3641DD5A 
 990      3BD06889 
 990      A6BE0E88 
 990      41EA
 991 0350 1F002638 		.ascii	"\037\000&8\365d\307\235\353\011\006u\236N}\023D2\272"
 991      F564C79D 
 991      EB090675 
 991      9E4E7D13 
 991      4432BA
 992 0363 07B67F91 		.ascii	"\007\266\177\221\020\275\201M\361\220\355\242\204\355"
 992      10BD814D 
 992      F190EDA2 
 992      84ED
 993 0371 11AAFDAB 		.ascii	"\021\252\375\253\366\326C\222\272\323\006\325]\026\356"
 993      F6D64392 
 993      BAD306D5 
 993      5D16EE
 994 0380 889408B6 		.ascii	"\210\224\010\266\323\275\235\365\011S\272\371?\023\001"
 994      D3BD9DF5 
 994      0953BAF9 
 994      3F1301
 995 038f E839D478 		.ascii	"\3509\324x*\"\322\273F\326\356\361\254\355\027\"\243"
 995      2A22D2BB 
 995      46D6EEF1 
 995      ACED1722 
 995      A3
 996 03a0 773F9988 		.ascii	"w?\231\210\233\006\004\377\006\001\023\013\332.\026"
 996      9B0604FF 
 996      0601130B 
 996      DA2E16
 997 03af F4106141 		.ascii	"\364\020aA1\346\324\256\303]1\321q<\224\016\333\206"
 997      31E6D4AE 
 997      C35D31D1 
 997      713C940E 
ARM GAS  /tmp/cc6fThWw.s 			page 31


 997      DB86
 998 03c1 C1EE7A33 		.ascii	"\301\356z3_\363\306\014z\000\360\037\356@%\345\300*"
 998      5FF3C60C 
 998      7A00F01F 
 998      EE4025E5 
 998      C02A
 999 03d3 0AAB2854 		.ascii	"\012\253(TSu\377li\334xo\225U\341\253\371>\300$pP\324"
 999      5375FF6C 
 999      69DC786F 
 999      9555E1AB 
 999      F93EC024 
 1000 03ea 66D7BCA6 		.ascii	"f\327\274\246V\235\272oQPh$D[K\034\263Z\303\334\002"
 1000      569DBA6F 
 1000      51506824 
 1000      445B4B1C 
 1000      B35AC3DC 
 1001 03ff B81D4583 		.ascii	"\270\035E\203K\200\335\024a\364\376\265\253Z\022\323"
 1001      4B80DD14 
 1001      61F4FEB5 
 1001      AB5A12D3 
 1002 040f 3B18E11C 		.ascii	";\030\341\034\324\320h\367\020\335W\363n\035\030\211"
 1002      D4D068F7 
 1002      10DD57F3 
 1002      6E1D1889 
 1003 041f AA3558DF 		.ascii	"\2525X\337F\004\273'(\357\376\371\300\240=:3\253\351"
 1003      4604BB27 
 1003      28EFFEF9 
 1003      C0A03D3A 
 1003      33ABE9
 1004 0432 D439F8D1 		.ascii	"\3249\370\321\310g\347\355\337\2028eM2\340\266\260\000"
 1004      C867E7ED 
 1004      DF823865 
 1004      4D32E0B6 
 1004      B000
 1005 0444 5F127985 		.ascii	"_\022y\205\221d\205*\324\"3*1\211\311R'\314J\273\301"
 1005      9164852A 
 1005      D422332A 
 1005      3189C952 
 1005      27CC4ABB 
 1006 0459 326C342D 		.ascii	"2l4-A\262\355\354\200D\311l\2434d\225\245\264\273\260"
 1006      41B2EDEC 
 1006      8044C96C 
 1006      A3346495 
 1006      A5B4BBB0 
 1007 046d 9B365952 		.ascii	"\2336YR2\024\223\\7#dUh\303\013\311\3633\360\035\262"
 1007      3214935C 
 1007      37236455 
 1007      68C30BC9 
 1007      F333F01D 
 1008 0482 76828CA3 		.ascii	"v\202\214\243rL\266D\254\205\254\322\015\326\264\306"
 1008      724CB644 
 1008      AC85ACD2 
 1008      0DD6B4C6 
 1009 0492 2277D1B7 		.ascii	"\"w\321\267\347\340\331&\311N~\260d\330l\263\022\332"
 1009      E7E0D926 
 1009      C94E7EB0 
 1009      64D86CB3 
ARM GAS  /tmp/cc6fThWw.s 			page 32


 1009      12DA
 1010 04a4 593B5B8A 		.ascii	"Y;[\2127\005[\363\236\031R\310\232\200\024irJ\242\234"
 1010      37055BF3 
 1010      9E1952C8 
 1010      9A801469 
 1010      724AA29C 
 1011 04b8 92D00966 		.ascii	"\222\320\011fY\226\222\323\010:!;\235\031TBf\223\255"
 1011      599692D3 
 1011      083A213B 
 1011      9D195442 
 1011      6693AD
 1012 04cb 139C0CEC 		.ascii	"\023\234\014\354N\345\302\330S\222Y\212\231\225\222"
 1012      4EE5C2D8 
 1012      5392598A 
 1012      999592
 1013 04da 46884C96 		.ascii	"F\210L\226R\344e\017\302\017XQS6>\001\322$\352\244l"
 1013      52E4650F 
 1013      C20F5851 
 1013      53363E01 
 1013      D224EAA4 
 1014 04ef 45C88A37 		.ascii	"E\310\2127\013\232B\210b\262\331\355\240`\021\343^!"
 1014      0B9A4288 
 1014      62B2D9ED 
 1014      A06011E3 
 1014      5E21
 1015 0501 E7382512 		.ascii	"\3478%\022\262R\354J6\361\177\325\030)Y\010@]\034\246"
 1015      B252EC4A 
 1015      36F17FD5 
 1015      18295908 
 1015      405D1CA6 
 1016 0515 50FCF80B 		.ascii	"P\374\370\013\264\027\360O\355\366\030\226\021\355|"
 1016      B417F04F 
 1016      EDF61896 
 1016      11ED7C
 1017 0524 21500DCD 		.ascii	"!P\015\315!j\253^hu\016\240\032\017\325.6\240\216\321"
 1017      216AAB5E 
 1017      68750EA0 
 1017      1A0FD52E 
 1017      36A08ED1 
 1018 0538 44F83B82 		.ascii	"D\370;\202\\\207\200\006\011\363\250c4\200>V\253r\015"
 1018      5C878006 
 1018      09F3A863 
 1018      34803E56 
 1018      AB720D
 1019 054b 01A69163 		.ascii	"\001\246\221c\304\270)\216\033\224D\247\015\273D\324"
 1019      C4B8298E 
 1019      1B9444A7 
 1019      0DBB44D4 
 1020 055b 0F9C37EF 		.ascii	"\017\2347\357\267\235\375\323w\2306eh_K\034$6d\020`"
 1020      B79DFDD3 
 1020      77983665 
 1020      685F4B1C 
 1020      24366410 
 1021 0570 3BD8A3F6 		.ascii	";\330\243\366\212z\252o\005\027/<P\354\242;\030\336"
 1021      8A7AAA6F 
 1021      05172F3C 
 1021      50ECA23B 
ARM GAS  /tmp/cc6fThWw.s 			page 33


 1021      18DE
 1022 0582 2B709A47 		.ascii	"+p\232G\000N\015\034\355\225\214\331\275\326\230\335"
 1022      004E0D1C 
 1022      ED958CD9 
 1022      BDD698DD 
 1023 0592 0D5400BE 		.ascii	"\015T\000\276\372\246\277?\236\337\206\261\001\374\330"
 1023      FAA6BF3F 
 1023      9EDF86B1 
 1023      01FCD8
 1024 05a1 3058353A 		.ascii	"0X5:fzJ\341w(%\231/\265\360-f=\206\272N\035t\347@\327"
 1024      667A4AE1 
 1024      77282599 
 1024      2FB5F02D 
 1024      663D86BA 
 1025 05bb 7A69F6A6 		.ascii	"zi\366\246M\312\344\301\255\253;\254\333\360\266\205"
 1025      4DCAE4C1 
 1025      ADAB3BAC 
 1025      DBF0B685 
 1026 05cb 034C0881 		.ascii	"\003L\010\2015\2326\301\032\201:\012\357\322\347V\233"
 1026      359A36C1 
 1026      1A813A0A 
 1026      EFD2E756 
 1026      9B
 1027 05dc 59AF88E6 		.ascii	"Y\257\210\346\352\310\276\023\222\020C^.\326\030<\327"
 1027      EAC8BE13 
 1027      9210435E 
 1027      2ED6183C 
 1027      D7
 1028 05ed 131B56FF 		.ascii	"\023\033V\377\013\345\007\313\336\306N\252\313\027\352"
 1028      0BE507CB 
 1028      DEC64EAA 
 1028      CB17EA
 1029 05fc EAEF21DB 		.ascii	"\352\357!\333FU\375\235s}\033M\\}\274\265\343\215\235"
 1029      4655FD9D 
 1029      737D1B4D 
 1029      5C7DBCB5 
 1029      E38D9D
 1030 060f 7CCA632F 		.ascii	"|\312c/l\320\2057\350\302\255&vQ\010\337j\374\374\214"
 1030      6CD08537 
 1030      E8C2AD26 
 1030      765108DF 
 1030      6AFCFC8C 
 1031 0623 2AFC8E1A 		.ascii	"*\374\216\032\345\307\303=\275\366\260\360\026.\334"
 1031      E5C7C33D 
 1031      BDF6B0F0 
 1031      162EDC
 1032 0632 71FA52AF 		.ascii	"q\372R\257y\032a<)`\253*||\377{\223\214\0137\217\362"
 1032      791A613C 
 1032      2960AB2A 
 1032      7C7CFF7B 
 1032      938C0B37 
 1033 0648 83568D79 		.ascii	"\203V\215y\033\205\315\272\364f]z\202\261\037\246\227"
 1033      1B85CDBA 
 1033      F4665D7A 
 1033      82B11FA6 
 1033      97
 1034 0659 6E39D3D6 		.ascii	"n9\323\326a\012'\341}.\275\265\362\346\207*\0047\310"
ARM GAS  /tmp/cc6fThWw.s 			page 34


 1034      610A27E1 
 1034      7D2EBDB5 
 1034      F2E6872A 
 1034      0437C8
 1035 066c 26DE72BC 		.ascii	"&\336r\274\277qL\232\306\231\017\220\177\273\352\314"
 1035      BF714C9A 
 1035      C6990F90 
 1035      7FBBEACC 
 1036 067c 95DEAAA7 		.ascii	"\225\336\252\247go\302\353i\363p\363\375g\216T5\245"
 1036      676FC2EB 
 1036      69F370F3 
 1036      FD678E54 
 1036      35A5
 1037 068e 612F34EA 		.ascii	"a/4\352\2564Rmr\375\255\257\345\206e\232s\230\237\004"
 1037      AE34526D 
 1037      72FDADAF 
 1037      E586659A 
 1037      73989F04 
 1038 06a2 FA497C7B 		.ascii	"\372I|{\342\323\276Xc\236|`\314\223\0179OZ\240\320W"
 1038      E2D3BE58 
 1038      639E7C60 
 1038      CC930F39 
 1038      4F5AA0D0 
 1039 06b7 26BB4B3D 		.ascii	"&\273K=e\201?:\026\027\372^\365e\347:\374\345\216BO"
 1039      65813F3A 
 1039      1617FA5E 
 1039      F565E73A 
 1039      FCE58E42 
 1040 06cc 91A3BC2C 		.ascii	"\221\243\274,\237\227\330Y4/\337\366\374\013/\245,N"
 1040      9F97D859 
 1040      342FDFF6 
 1040      FC0B2FA5 
 1040      2C4E
 1041 06de 5F4892F4 		.ascii	"_H\222\364\246yN\247w\241\267`A\0011\375v\251+\313V"
 1041      A6794EA7 
 1041      77A1B760 
 1041      410131FD 
 1041      76A92BCB 
 1042 06f3 E12B09CC 		.ascii	"\341+\011\314w\272\003\346\254\354\305+\\\246E\271."
 1042      77BA03E6 
 1042      ACECC52B 
 1042      5CA645B9 
 1042      2E
 1043 0704 17BC0CCB 		.ascii	"\027\274\014\313\314\371E^O\231\350M_\340\016\260ro"
 1043      CCF9455E 
 1043      4F99E84D 
 1043      5FE00EB0 
 1043      726F
 1044 0716 E01947A1 		.ascii	"\340\031G\241\277\330\353\360yJ\034\231\376\374\212"
 1044      BFD8EBF0 
 1044      794A1C99 
 1044      FEFC8A
 1045 0725 626F49A0 		.ascii	"boI\240\334\261(\307\225\345~\325S\344)\311\367\222"
 1045      DCB128C7 
 1045      95E57ED5 
 1045      53E429C9 
 1045      F792
ARM GAS  /tmp/cc6fThWw.s 			page 35


 1046 0737 DF3CC6AF 		.ascii	"\337<\306\257R\177\031\302s_\\9\337\351\310\312\312"
 1046      527F19C2 
 1046      735F5C39 
 1046      DFE9C8CA 
 1046      CA
 1047 0748 743C9FB3 		.ascii	"t<\237\263<\373M\247\243<P\214\352\257\225\372\374\363"
 1047      3CFB4DA7 
 1047      A33C508C 
 1047      EAAF95FA 
 1047      FCF3
 1048 075a 0A09CBCE 		.ascii	"\012\011\313\316t\261\345\231.s\316K9\231.kvn\316\222"
 1048      74B1E599 
 1048      2E73CE4B 
 1048      39992E6B 
 1048      766ECE92 
 1049 076e 25992E4B 		.ascii	"%\231.K\366\213y9K\\\346\225\331\231K\\\334\351evc\224"
 1049      F68B7939 
 1049      4B5CE695 
 1049      D9994B5C 
 1049      DCE96576 
 1050 0784 3B60F7F9 		.ascii	";`\367\3719w\261\247\374u\374\340\016\273\013<\345\201"
 1050      3977B1A7 
 1050      FC75FCE0 
 1050      0EBB0B3C 
 1050      E581
 1051 0796 5FB90326 		.ascii	"_\271\003&\336f\341\235>YRQ>\331\035\260\370\013\012"
 1051      DE66E19D 
 1051      3E595251 
 1051      3ED91DB0 
 1051      F80B0A
 1052 07a9 309CB98F 		.ascii	"0\234\271\217q\326W\222_T!{\365D\026\022\363\362\354"
 1052      71D65792 
 1052      5F54217B 
 1052      F5441612 
 1052      F3F2EC
 1053 07bc 4515E536 		.ascii	"E\025\3456\237\277\330/{1\037\351\013H\202\247\254\370"
 1053      9FBFD82F 
 1053      7B311FE9 
 1053      0B4882A7 
 1053      ACF8
 1054 07ce CD85     		.ascii	"\315\205"
 1055 07d0 DEB9C5BF 		.ascii	"\336\271\305\277,(\235'\227\022)\037\005\274\177\230"
 1055      2C289D27 
 1055      9712291F 
 1055      05BC7F98 
 1056 07e0 5BBC9048 		.ascii	"[\274\220H8\310\345\365\3108\344\027?\366\277\"\261"
 1056      38C8E5F5 
 1056      C838E417 
 1056      3FF6BF22 
 1056      B1
 1057 07f1 58BC5CE6 		.ascii	"X\274\\\346\013xqT\034\326s\275\001\254\255D\275\031"
 1057      0B787154 
 1057      1CD673BD 
 1057      01ACAD44 
 1057      BD19
 1058 0803 1CE12E2A 		.ascii	"\034\341.*\222\335\350\367ke\376\212R\356E\306\377\237"
 1058      92DDE8F7 
ARM GAS  /tmp/cc6fThWw.s 			page 36


 1058      6B65FE8A 
 1058      52EE45C6 
 1058      FF9F
 1059 0815 6D4D8C53 		.ascii	"mM\214SaL\377\005\357\221X]"
 1059      614CFF05 
 1059      EF91585D 
 1060              		.text
 1061              		.section	.gnu.lto_.symtab.e80c4be94ea903eb,"e",%progbits
 1062 0000 70616C52 		.ascii	"palReadBus\000"
 1062      65616442 
 1062      757300
 1063 000b 00       		.ascii	"\000"
 1064 000c 00       		.ascii	"\000"
 1065 000d 00       		.ascii	"\000"
 1066 000e 00000000 		.ascii	"\000\000\000\000\000\000\000\000"
 1066      00000000 
 1067 0016 13010000 		.ascii	"\023\001\000\000"
 1068 001a 70616C57 		.ascii	"palWriteBus\000"
 1068      72697465 
 1068      42757300 
 1069 0026 00       		.ascii	"\000"
 1070 0027 00       		.ascii	"\000"
 1071 0028 00       		.ascii	"\000"
 1072 0029 00000000 		.ascii	"\000\000\000\000\000\000\000\000"
 1072      00000000 
 1073 0031 18010000 		.ascii	"\030\001\000\000"
 1074 0035 70616C53 		.ascii	"palSetBusMode\000"
 1074      65744275 
 1074      734D6F64 
 1074      6500
 1075 0043 00       		.ascii	"\000"
 1076 0044 00       		.ascii	"\000"
 1077 0045 00       		.ascii	"\000"
 1078 0046 00000000 		.ascii	"\000\000\000\000\000\000\000\000"
 1078      00000000 
 1079 004e 1D010000 		.ascii	"\035\001\000\000"
 1080 0052 5F70616C 		.ascii	"_pal_lld_setgroupmode\000"
 1080      5F6C6C64 
 1080      5F736574 
 1080      67726F75 
 1080      706D6F64 
 1081 0068 00       		.ascii	"\000"
 1082 0069 02       		.ascii	"\002"
 1083 006a 00       		.ascii	"\000"
 1084 006b 00000000 		.ascii	"\000\000\000\000\000\000\000\000"
 1084      00000000 
 1085 0073 23010000 		.ascii	"#\001\000\000"
 1086              		.text
 1087              		.section	.gnu.lto_.ext_symtab.e80c4be94ea903eb,"e",%progbits
 1088 0000 01       		.ascii	"\001"
 1089 0001 01       		.ascii	"\001"
 1090 0002 00       		.ascii	"\000"
 1091 0003 01       		.ascii	"\001"
 1092 0004 00       		.ascii	"\000"
 1093 0005 01       		.ascii	"\001"
 1094 0006 00       		.ascii	"\000"
 1095 0007 01       		.ascii	"\001"
ARM GAS  /tmp/cc6fThWw.s 			page 37


 1096 0008 00       		.ascii	"\000"
 1097              		.text
 1098              		.section	.gnu.lto_.opts,"e",%progbits
 1099 0000 272D666E 		.ascii	"'-fno-openmp' '-fno-openacc' '-fno-pie' '-fcf-prote"
 1099      6F2D6F70 
 1099      656E6D70 
 1099      2720272D 
 1099      666E6F2D 
 1100 0033 6374696F 		.ascii	"ction=none' '-g' '-mcpu=cortex-m7' '-mthumb' '-mflo"
 1100      6E3D6E6F 
 1100      6E652720 
 1100      272D6727 
 1100      20272D6D 
 1101 0066 61742D61 		.ascii	"at-abi=hard' '-mfpu=fpv5-d16' '-mlibarch=armv7e-m+f"
 1101      62693D68 
 1101      61726427 
 1101      20272D6D 
 1101      6670753D 
 1102 0099 702E6470 		.ascii	"p.dp' '-march=armv7e-m+fp.dp' '-O2' '-fomit-frame-p"
 1102      2720272D 
 1102      6D617263 
 1102      683D6172 
 1102      6D763765 
 1103 00cc 6F696E74 		.ascii	"ointer' '-falign-functions=16' '-ffunction-sections"
 1103      65722720 
 1103      272D6661 
 1103      6C69676E 
 1103      2D66756E 
 1104 00ff 2720272D 		.ascii	"' '-fdata-sections' '-fno-common' '-flto' '-Xassemb"
 1104      66646174 
 1104      612D7365 
 1104      6374696F 
 1104      6E732720 
 1105 0132 6C657227 		.ascii	"ler' '-alms=build/lst/hal_pal.lst'\000"
 1105      20272D61 
 1105      6C6D733D 
 1105      6275696C 
 1105      642F6C73 
 1106              		.text
 1107              		.comm	__gnu_lto_slim,1,1
 1108              		.ident	"GCC: (15:10.3-2021.07-4) 10.3.1 20210621 (release)"
ARM GAS  /tmp/cc6fThWw.s 			page 38


DEFINED SYMBOLS
                            *ABS*:0000000000000000 hal_pal.c
     /tmp/cc6fThWw.s:22     .gnu.debuglto_.debug_info:0000000000000000 hal_pal.c.22e7ef6f
                            *COM*:0000000000000001 __gnu_lto_slim

NO UNDEFINED SYMBOLS
