ARM GAS  /tmp/ccKE8JAO.s 			page 1


   1              		.cpu cortex-m7
   2              		.eabi_attribute 28, 1
   3              		.eabi_attribute 20, 1
   4              		.eabi_attribute 21, 1
   5              		.eabi_attribute 23, 3
   6              		.eabi_attribute 24, 1
   7              		.eabi_attribute 25, 1
   8              		.eabi_attribute 26, 1
   9              		.eabi_attribute 30, 2
  10              		.eabi_attribute 34, 1
  11              		.eabi_attribute 18, 4
  12              		.file	"hal_pal_lld.c"
  13              		.file 1 "/usr/lib/gcc/arm-none-eabi/10.3.1/include/stdint.h"
  14              		.file 2 "third_party/ChibiOS/os/hal/ports/STM32/LLD/GPIOv2/stm32_gpio.h"
  15              		.file 3 "third_party/ChibiOS/os/hal/ports/STM32/LLD/GPIOv2/hal_pal_lld.h"
  16              		.file 4 "third_party/ChibiOS/os/hal/ports/STM32/LLD/GPIOv2/hal_pal_lld.c"
  17              		.section	.gnu.debuglto_.debug_info,"e",%progbits
  18              	.Ldebug_info0:
  19              		.hidden	hal_pal_lld.c.5953a898
  20              		.weak	hal_pal_lld.c.5953a898
  21              	hal_pal_lld.c.5953a898:
  22 0000 4B020000 		.4byte	0x24b
  23 0004 0400     		.2byte	0x4
  24 0006 00000000 		.4byte	.Ldebug_abbrev0
  25 000a 04       		.byte	0x4
  26 000b 01       		.uleb128 0x1
  27 000c C6000000 		.4byte	.LASF36
  28 0010 0C       		.byte	0xc
  29 0011 50020000 		.4byte	.LASF37
  30 0015 E5010000 		.4byte	.LASF38
  31 0019 00000000 		.4byte	.Ldebug_line0
  32 001d 02       		.uleb128 0x2
  33 001e 04       		.byte	0x4
  34 001f 05       		.byte	0x5
  35 0020 696E7400 		.ascii	"int\000"
  36 0024 03       		.uleb128 0x3
  37 0025 04       		.byte	0x4
  38 0026 07       		.byte	0x7
  39 0027 B6010000 		.4byte	.LASF0
  40 002b 03       		.uleb128 0x3
  41 002c 08       		.byte	0x8
  42 002d 05       		.byte	0x5
  43 002e 00000000 		.4byte	.LASF1
  44 0032 03       		.uleb128 0x3
  45 0033 08       		.byte	0x8
  46 0034 04       		.byte	0x4
  47 0035 44020000 		.4byte	.LASF2
  48 0039 03       		.uleb128 0x3
  49 003a 01       		.byte	0x1
  50 003b 06       		.byte	0x6
  51 003c 90020000 		.4byte	.LASF3
  52 0040 03       		.uleb128 0x3
  53 0041 02       		.byte	0x2
  54 0042 05       		.byte	0x5
  55 0043 BC000000 		.4byte	.LASF4
  56 0047 03       		.uleb128 0x3
  57 0048 04       		.byte	0x4
ARM GAS  /tmp/ccKE8JAO.s 			page 2


  58 0049 05       		.byte	0x5
  59 004a 3B020000 		.4byte	.LASF5
  60 004e 03       		.uleb128 0x3
  61 004f 01       		.byte	0x1
  62 0050 08       		.byte	0x8
  63 0051 70000000 		.4byte	.LASF6
  64 0055 04       		.uleb128 0x4
  65 0056 29020000 		.4byte	.LASF8
  66 005a 01       		.byte	0x1
  67 005b 31       		.byte	0x31
  68 005c 19       		.byte	0x19
  69 005d 61000000 		.4byte	0x61
  70 0061 03       		.uleb128 0x3
  71 0062 02       		.byte	0x2
  72 0063 07       		.byte	0x7
  73 0064 95000000 		.4byte	.LASF7
  74 0068 04       		.uleb128 0x4
  75 0069 32020000 		.4byte	.LASF9
  76 006d 01       		.byte	0x1
  77 006e 34       		.byte	0x34
  78 006f 19       		.byte	0x19
  79 0070 79000000 		.4byte	0x79
  80 0074 05       		.uleb128 0x5
  81 0075 68000000 		.4byte	0x68
  82 0079 03       		.uleb128 0x3
  83 007a 04       		.byte	0x4
  84 007b 07       		.byte	0x7
  85 007c 83000000 		.4byte	.LASF10
  86 0080 03       		.uleb128 0x3
  87 0081 08       		.byte	0x8
  88 0082 07       		.byte	0x7
  89 0083 59000000 		.4byte	.LASF11
  90 0087 03       		.uleb128 0x3
  91 0088 01       		.byte	0x1
  92 0089 08       		.byte	0x8
  93 008a C8010000 		.4byte	.LASF12
  94 008e 03       		.uleb128 0x3
  95 008f 01       		.byte	0x1
  96 0090 02       		.byte	0x2
  97 0091 A2020000 		.4byte	.LASF13
  98 0095 06       		.uleb128 0x6
  99 0096 04       		.byte	0x4
 100 0097 02       		.byte	0x2
 101 0098 5B       		.byte	0x5b
 102 0099 05       		.byte	0x5
 103 009a B9000000 		.4byte	0xb9
 104 009e 07       		.uleb128 0x7
 105 009f 73657400 		.ascii	"set\000"
 106 00a3 02       		.byte	0x2
 107 00a4 5C       		.byte	0x5c
 108 00a5 19       		.byte	0x19
 109 00a6 55000000 		.4byte	0x55
 110 00aa 00       		.byte	0
 111 00ab 08       		.uleb128 0x8
 112 00ac 16000000 		.4byte	.LASF14
 113 00b0 02       		.byte	0x2
 114 00b1 5D       		.byte	0x5d
ARM GAS  /tmp/ccKE8JAO.s 			page 3


 115 00b2 19       		.byte	0x19
 116 00b3 55000000 		.4byte	0x55
 117 00b7 02       		.byte	0x2
 118 00b8 00       		.byte	0
 119 00b9 09       		.uleb128 0x9
 120 00ba 04       		.byte	0x4
 121 00bb 02       		.byte	0x2
 122 00bc 59       		.byte	0x59
 123 00bd 0C       		.byte	0xc
 124 00be D7000000 		.4byte	0xd7
 125 00c2 0A       		.uleb128 0xa
 126 00c3 5700     		.ascii	"W\000"
 127 00c5 02       		.byte	0x2
 128 00c6 5A       		.byte	0x5a
 129 00c7 19       		.byte	0x19
 130 00c8 68000000 		.4byte	0x68
 131 00cc 0A       		.uleb128 0xa
 132 00cd 4800     		.ascii	"H\000"
 133 00cf 02       		.byte	0x2
 134 00d0 5E       		.byte	0x5e
 135 00d1 07       		.byte	0x7
 136 00d2 95000000 		.4byte	0x95
 137 00d6 00       		.byte	0
 138 00d7 05       		.uleb128 0x5
 139 00d8 B9000000 		.4byte	0xb9
 140 00dc 06       		.uleb128 0x6
 141 00dd 28       		.byte	0x28
 142 00de 02       		.byte	0x2
 143 00df 51       		.byte	0x51
 144 00e0 09       		.byte	0x9
 145 00e1 68010000 		.4byte	0x168
 146 00e5 08       		.uleb128 0x8
 147 00e6 1C000000 		.4byte	.LASF15
 148 00ea 02       		.byte	0x2
 149 00eb 53       		.byte	0x53
 150 00ec 19       		.byte	0x19
 151 00ed 74000000 		.4byte	0x74
 152 00f1 00       		.byte	0
 153 00f2 08       		.uleb128 0x8
 154 00f3 49000000 		.4byte	.LASF16
 155 00f7 02       		.byte	0x2
 156 00f8 54       		.byte	0x54
 157 00f9 19       		.byte	0x19
 158 00fa 74000000 		.4byte	0x74
 159 00fe 04       		.byte	0x4
 160 00ff 08       		.uleb128 0x8
 161 0100 0E000000 		.4byte	.LASF17
 162 0104 02       		.byte	0x2
 163 0105 55       		.byte	0x55
 164 0106 19       		.byte	0x19
 165 0107 74000000 		.4byte	0x74
 166 010b 08       		.byte	0x8
 167 010c 08       		.uleb128 0x8
 168 010d 06020000 		.4byte	.LASF18
 169 0111 02       		.byte	0x2
 170 0112 56       		.byte	0x56
 171 0113 19       		.byte	0x19
ARM GAS  /tmp/ccKE8JAO.s 			page 4


 172 0114 74000000 		.4byte	0x74
 173 0118 0C       		.byte	0xc
 174 0119 07       		.uleb128 0x7
 175 011a 49445200 		.ascii	"IDR\000"
 176 011e 02       		.byte	0x2
 177 011f 57       		.byte	0x57
 178 0120 19       		.byte	0x19
 179 0121 74000000 		.4byte	0x74
 180 0125 10       		.byte	0x10
 181 0126 07       		.uleb128 0x7
 182 0127 4F445200 		.ascii	"ODR\000"
 183 012b 02       		.byte	0x2
 184 012c 58       		.byte	0x58
 185 012d 19       		.byte	0x19
 186 012e 74000000 		.4byte	0x74
 187 0132 14       		.byte	0x14
 188 0133 08       		.uleb128 0x8
 189 0134 30000000 		.4byte	.LASF19
 190 0138 02       		.byte	0x2
 191 0139 5F       		.byte	0x5f
 192 013a 05       		.byte	0x5
 193 013b D7000000 		.4byte	0xd7
 194 013f 18       		.byte	0x18
 195 0140 08       		.uleb128 0x8
 196 0141 D2010000 		.4byte	.LASF20
 197 0145 02       		.byte	0x2
 198 0146 60       		.byte	0x60
 199 0147 19       		.byte	0x19
 200 0148 74000000 		.4byte	0x74
 201 014c 1C       		.byte	0x1c
 202 014d 08       		.uleb128 0x8
 203 014e A8000000 		.4byte	.LASF21
 204 0152 02       		.byte	0x2
 205 0153 61       		.byte	0x61
 206 0154 19       		.byte	0x19
 207 0155 74000000 		.4byte	0x74
 208 0159 20       		.byte	0x20
 209 015a 08       		.uleb128 0x8
 210 015b 7E000000 		.4byte	.LASF22
 211 015f 02       		.byte	0x2
 212 0160 62       		.byte	0x62
 213 0161 19       		.byte	0x19
 214 0162 74000000 		.4byte	0x74
 215 0166 24       		.byte	0x24
 216 0167 00       		.byte	0
 217 0168 04       		.uleb128 0x4
 218 0169 D8010000 		.4byte	.LASF23
 219 016d 02       		.byte	0x2
 220 016e 63       		.byte	0x63
 221 016f 03       		.byte	0x3
 222 0170 DC000000 		.4byte	0xdc
 223 0174 04       		.uleb128 0x4
 224 0175 3C000000 		.4byte	.LASF24
 225 0179 03       		.byte	0x3
 226 017a C2       		.byte	0xc2
 227 017b 12       		.byte	0x12
 228 017c 68000000 		.4byte	0x68
ARM GAS  /tmp/ccKE8JAO.s 			page 5


 229 0180 04       		.uleb128 0x4
 230 0181 50000000 		.4byte	.LASF25
 231 0185 03       		.byte	0x3
 232 0186 C7       		.byte	0xc7
 233 0187 12       		.byte	0x12
 234 0188 68000000 		.4byte	0x68
 235 018c 04       		.uleb128 0x4
 236 018d 1E020000 		.4byte	.LASF26
 237 0191 03       		.byte	0x3
 238 0192 D9       		.byte	0xd9
 239 0193 18       		.byte	0x18
 240 0194 98010000 		.4byte	0x198
 241 0198 0B       		.uleb128 0xb
 242 0199 04       		.byte	0x4
 243 019a 68010000 		.4byte	0x168
 244 019e 0C       		.uleb128 0xc
 245 019f A0010000 		.4byte	.LASF39
 246 01a3 04       		.byte	0x4
 247 01a4 59       		.byte	0x59
 248 01a5 06       		.byte	0x6
 249 01a6 46020000 		.4byte	0x246
 250 01aa 0D       		.uleb128 0xd
 251 01ab 19020000 		.4byte	.LASF27
 252 01af 04       		.byte	0x4
 253 01b0 59       		.byte	0x59
 254 01b1 27       		.byte	0x27
 255 01b2 8C010000 		.4byte	0x18c
 256 01b6 0D       		.uleb128 0xd
 257 01b7 14020000 		.4byte	.LASF28
 258 01bb 04       		.byte	0x4
 259 01bc 5A       		.byte	0x5a
 260 01bd 29       		.byte	0x29
 261 01be 74010000 		.4byte	0x174
 262 01c2 0D       		.uleb128 0xd
 263 01c3 CD010000 		.4byte	.LASF29
 264 01c7 04       		.byte	0x4
 265 01c8 5B       		.byte	0x5b
 266 01c9 25       		.byte	0x25
 267 01ca 80010000 		.4byte	0x180
 268 01ce 0E       		.uleb128 0xe
 269 01cf 9C020000 		.4byte	.LASF30
 270 01d3 04       		.byte	0x4
 271 01d4 5D       		.byte	0x5d
 272 01d5 0C       		.byte	0xc
 273 01d6 68000000 		.4byte	0x68
 274 01da 0E       		.uleb128 0xe
 275 01db 35000000 		.4byte	.LASF31
 276 01df 04       		.byte	0x4
 277 01e0 5E       		.byte	0x5e
 278 01e1 0C       		.byte	0xc
 279 01e2 68000000 		.4byte	0x68
 280 01e6 0E       		.uleb128 0xe
 281 01e7 0C020000 		.4byte	.LASF32
 282 01eb 04       		.byte	0x4
 283 01ec 5F       		.byte	0x5f
 284 01ed 0C       		.byte	0xc
 285 01ee 68000000 		.4byte	0x68
ARM GAS  /tmp/ccKE8JAO.s 			page 6


 286 01f2 0E       		.uleb128 0xe
 287 01f3 AD000000 		.4byte	.LASF33
 288 01f7 04       		.byte	0x4
 289 01f8 60       		.byte	0x60
 290 01f9 0C       		.byte	0xc
 291 01fa 68000000 		.4byte	0x68
 292 01fe 0E       		.uleb128 0xe
 293 01ff C3010000 		.4byte	.LASF34
 294 0203 04       		.byte	0x4
 295 0204 61       		.byte	0x61
 296 0205 0C       		.byte	0xc
 297 0206 68000000 		.4byte	0x68
 298 020a 0F       		.uleb128 0xf
 299 020b 62697400 		.ascii	"bit\000"
 300 020f 04       		.byte	0x4
 301 0210 62       		.byte	0x62
 302 0211 0C       		.byte	0xc
 303 0212 68000000 		.4byte	0x68
 304 0216 10       		.uleb128 0x10
 305 0217 0E       		.uleb128 0xe
 306 0218 B3000000 		.4byte	.LASF35
 307 021c 04       		.byte	0x4
 308 021d 65       		.byte	0x65
 309 021e 10       		.byte	0x10
 310 021f 68000000 		.4byte	0x68
 311 0223 0F       		.uleb128 0xf
 312 0224 6D3100   		.ascii	"m1\000"
 313 0227 04       		.byte	0x4
 314 0228 65       		.byte	0x65
 315 0229 1A       		.byte	0x1a
 316 022a 68000000 		.4byte	0x68
 317 022e 0F       		.uleb128 0xf
 318 022f 6D3200   		.ascii	"m2\000"
 319 0232 04       		.byte	0x4
 320 0233 65       		.byte	0x65
 321 0234 1E       		.byte	0x1e
 322 0235 68000000 		.4byte	0x68
 323 0239 0F       		.uleb128 0xf
 324 023a 6D3400   		.ascii	"m4\000"
 325 023d 04       		.byte	0x4
 326 023e 65       		.byte	0x65
 327 023f 22       		.byte	0x22
 328 0240 68000000 		.4byte	0x68
 329 0244 00       		.byte	0
 330 0245 00       		.byte	0
 331 0246 11       		.uleb128 0x11
 332 0247 22000000 		.4byte	.LASF40
 333 024b 04       		.byte	0x4
 334 024c 41       		.byte	0x41
 335 024d 06       		.byte	0x6
 336 024e 00       		.byte	0
 337              		.section	.gnu.debuglto_.debug_abbrev,"e",%progbits
 338              	.Ldebug_abbrev0:
 339 0000 01       		.uleb128 0x1
 340 0001 11       		.uleb128 0x11
 341 0002 01       		.byte	0x1
 342 0003 25       		.uleb128 0x25
ARM GAS  /tmp/ccKE8JAO.s 			page 7


 343 0004 0E       		.uleb128 0xe
 344 0005 13       		.uleb128 0x13
 345 0006 0B       		.uleb128 0xb
 346 0007 03       		.uleb128 0x3
 347 0008 0E       		.uleb128 0xe
 348 0009 1B       		.uleb128 0x1b
 349 000a 0E       		.uleb128 0xe
 350 000b 10       		.uleb128 0x10
 351 000c 17       		.uleb128 0x17
 352 000d 00       		.byte	0
 353 000e 00       		.byte	0
 354 000f 02       		.uleb128 0x2
 355 0010 24       		.uleb128 0x24
 356 0011 00       		.byte	0
 357 0012 0B       		.uleb128 0xb
 358 0013 0B       		.uleb128 0xb
 359 0014 3E       		.uleb128 0x3e
 360 0015 0B       		.uleb128 0xb
 361 0016 03       		.uleb128 0x3
 362 0017 08       		.uleb128 0x8
 363 0018 00       		.byte	0
 364 0019 00       		.byte	0
 365 001a 03       		.uleb128 0x3
 366 001b 24       		.uleb128 0x24
 367 001c 00       		.byte	0
 368 001d 0B       		.uleb128 0xb
 369 001e 0B       		.uleb128 0xb
 370 001f 3E       		.uleb128 0x3e
 371 0020 0B       		.uleb128 0xb
 372 0021 03       		.uleb128 0x3
 373 0022 0E       		.uleb128 0xe
 374 0023 00       		.byte	0
 375 0024 00       		.byte	0
 376 0025 04       		.uleb128 0x4
 377 0026 16       		.uleb128 0x16
 378 0027 00       		.byte	0
 379 0028 03       		.uleb128 0x3
 380 0029 0E       		.uleb128 0xe
 381 002a 3A       		.uleb128 0x3a
 382 002b 0B       		.uleb128 0xb
 383 002c 3B       		.uleb128 0x3b
 384 002d 0B       		.uleb128 0xb
 385 002e 39       		.uleb128 0x39
 386 002f 0B       		.uleb128 0xb
 387 0030 49       		.uleb128 0x49
 388 0031 13       		.uleb128 0x13
 389 0032 00       		.byte	0
 390 0033 00       		.byte	0
 391 0034 05       		.uleb128 0x5
 392 0035 35       		.uleb128 0x35
 393 0036 00       		.byte	0
 394 0037 49       		.uleb128 0x49
 395 0038 13       		.uleb128 0x13
 396 0039 00       		.byte	0
 397 003a 00       		.byte	0
 398 003b 06       		.uleb128 0x6
 399 003c 13       		.uleb128 0x13
ARM GAS  /tmp/ccKE8JAO.s 			page 8


 400 003d 01       		.byte	0x1
 401 003e 0B       		.uleb128 0xb
 402 003f 0B       		.uleb128 0xb
 403 0040 3A       		.uleb128 0x3a
 404 0041 0B       		.uleb128 0xb
 405 0042 3B       		.uleb128 0x3b
 406 0043 0B       		.uleb128 0xb
 407 0044 39       		.uleb128 0x39
 408 0045 0B       		.uleb128 0xb
 409 0046 01       		.uleb128 0x1
 410 0047 13       		.uleb128 0x13
 411 0048 00       		.byte	0
 412 0049 00       		.byte	0
 413 004a 07       		.uleb128 0x7
 414 004b 0D       		.uleb128 0xd
 415 004c 00       		.byte	0
 416 004d 03       		.uleb128 0x3
 417 004e 08       		.uleb128 0x8
 418 004f 3A       		.uleb128 0x3a
 419 0050 0B       		.uleb128 0xb
 420 0051 3B       		.uleb128 0x3b
 421 0052 0B       		.uleb128 0xb
 422 0053 39       		.uleb128 0x39
 423 0054 0B       		.uleb128 0xb
 424 0055 49       		.uleb128 0x49
 425 0056 13       		.uleb128 0x13
 426 0057 38       		.uleb128 0x38
 427 0058 0B       		.uleb128 0xb
 428 0059 00       		.byte	0
 429 005a 00       		.byte	0
 430 005b 08       		.uleb128 0x8
 431 005c 0D       		.uleb128 0xd
 432 005d 00       		.byte	0
 433 005e 03       		.uleb128 0x3
 434 005f 0E       		.uleb128 0xe
 435 0060 3A       		.uleb128 0x3a
 436 0061 0B       		.uleb128 0xb
 437 0062 3B       		.uleb128 0x3b
 438 0063 0B       		.uleb128 0xb
 439 0064 39       		.uleb128 0x39
 440 0065 0B       		.uleb128 0xb
 441 0066 49       		.uleb128 0x49
 442 0067 13       		.uleb128 0x13
 443 0068 38       		.uleb128 0x38
 444 0069 0B       		.uleb128 0xb
 445 006a 00       		.byte	0
 446 006b 00       		.byte	0
 447 006c 09       		.uleb128 0x9
 448 006d 17       		.uleb128 0x17
 449 006e 01       		.byte	0x1
 450 006f 0B       		.uleb128 0xb
 451 0070 0B       		.uleb128 0xb
 452 0071 3A       		.uleb128 0x3a
 453 0072 0B       		.uleb128 0xb
 454 0073 3B       		.uleb128 0x3b
 455 0074 0B       		.uleb128 0xb
 456 0075 39       		.uleb128 0x39
ARM GAS  /tmp/ccKE8JAO.s 			page 9


 457 0076 0B       		.uleb128 0xb
 458 0077 01       		.uleb128 0x1
 459 0078 13       		.uleb128 0x13
 460 0079 00       		.byte	0
 461 007a 00       		.byte	0
 462 007b 0A       		.uleb128 0xa
 463 007c 0D       		.uleb128 0xd
 464 007d 00       		.byte	0
 465 007e 03       		.uleb128 0x3
 466 007f 08       		.uleb128 0x8
 467 0080 3A       		.uleb128 0x3a
 468 0081 0B       		.uleb128 0xb
 469 0082 3B       		.uleb128 0x3b
 470 0083 0B       		.uleb128 0xb
 471 0084 39       		.uleb128 0x39
 472 0085 0B       		.uleb128 0xb
 473 0086 49       		.uleb128 0x49
 474 0087 13       		.uleb128 0x13
 475 0088 00       		.byte	0
 476 0089 00       		.byte	0
 477 008a 0B       		.uleb128 0xb
 478 008b 0F       		.uleb128 0xf
 479 008c 00       		.byte	0
 480 008d 0B       		.uleb128 0xb
 481 008e 0B       		.uleb128 0xb
 482 008f 49       		.uleb128 0x49
 483 0090 13       		.uleb128 0x13
 484 0091 00       		.byte	0
 485 0092 00       		.byte	0
 486 0093 0C       		.uleb128 0xc
 487 0094 2E       		.uleb128 0x2e
 488 0095 01       		.byte	0x1
 489 0096 3F       		.uleb128 0x3f
 490 0097 19       		.uleb128 0x19
 491 0098 03       		.uleb128 0x3
 492 0099 0E       		.uleb128 0xe
 493 009a 3A       		.uleb128 0x3a
 494 009b 0B       		.uleb128 0xb
 495 009c 3B       		.uleb128 0x3b
 496 009d 0B       		.uleb128 0xb
 497 009e 39       		.uleb128 0x39
 498 009f 0B       		.uleb128 0xb
 499 00a0 27       		.uleb128 0x27
 500 00a1 19       		.uleb128 0x19
 501 00a2 01       		.uleb128 0x1
 502 00a3 13       		.uleb128 0x13
 503 00a4 00       		.byte	0
 504 00a5 00       		.byte	0
 505 00a6 0D       		.uleb128 0xd
 506 00a7 05       		.uleb128 0x5
 507 00a8 00       		.byte	0
 508 00a9 03       		.uleb128 0x3
 509 00aa 0E       		.uleb128 0xe
 510 00ab 3A       		.uleb128 0x3a
 511 00ac 0B       		.uleb128 0xb
 512 00ad 3B       		.uleb128 0x3b
 513 00ae 0B       		.uleb128 0xb
ARM GAS  /tmp/ccKE8JAO.s 			page 10


 514 00af 39       		.uleb128 0x39
 515 00b0 0B       		.uleb128 0xb
 516 00b1 49       		.uleb128 0x49
 517 00b2 13       		.uleb128 0x13
 518 00b3 00       		.byte	0
 519 00b4 00       		.byte	0
 520 00b5 0E       		.uleb128 0xe
 521 00b6 34       		.uleb128 0x34
 522 00b7 00       		.byte	0
 523 00b8 03       		.uleb128 0x3
 524 00b9 0E       		.uleb128 0xe
 525 00ba 3A       		.uleb128 0x3a
 526 00bb 0B       		.uleb128 0xb
 527 00bc 3B       		.uleb128 0x3b
 528 00bd 0B       		.uleb128 0xb
 529 00be 39       		.uleb128 0x39
 530 00bf 0B       		.uleb128 0xb
 531 00c0 49       		.uleb128 0x49
 532 00c1 13       		.uleb128 0x13
 533 00c2 00       		.byte	0
 534 00c3 00       		.byte	0
 535 00c4 0F       		.uleb128 0xf
 536 00c5 34       		.uleb128 0x34
 537 00c6 00       		.byte	0
 538 00c7 03       		.uleb128 0x3
 539 00c8 08       		.uleb128 0x8
 540 00c9 3A       		.uleb128 0x3a
 541 00ca 0B       		.uleb128 0xb
 542 00cb 3B       		.uleb128 0x3b
 543 00cc 0B       		.uleb128 0xb
 544 00cd 39       		.uleb128 0x39
 545 00ce 0B       		.uleb128 0xb
 546 00cf 49       		.uleb128 0x49
 547 00d0 13       		.uleb128 0x13
 548 00d1 00       		.byte	0
 549 00d2 00       		.byte	0
 550 00d3 10       		.uleb128 0x10
 551 00d4 0B       		.uleb128 0xb
 552 00d5 01       		.byte	0x1
 553 00d6 00       		.byte	0
 554 00d7 00       		.byte	0
 555 00d8 11       		.uleb128 0x11
 556 00d9 2E       		.uleb128 0x2e
 557 00da 00       		.byte	0
 558 00db 3F       		.uleb128 0x3f
 559 00dc 19       		.uleb128 0x19
 560 00dd 03       		.uleb128 0x3
 561 00de 0E       		.uleb128 0xe
 562 00df 3A       		.uleb128 0x3a
 563 00e0 0B       		.uleb128 0xb
 564 00e1 3B       		.uleb128 0x3b
 565 00e2 0B       		.uleb128 0xb
 566 00e3 39       		.uleb128 0x39
 567 00e4 0B       		.uleb128 0xb
 568 00e5 27       		.uleb128 0x27
 569 00e6 19       		.uleb128 0x19
 570 00e7 00       		.byte	0
ARM GAS  /tmp/ccKE8JAO.s 			page 11


 571 00e8 00       		.byte	0
 572 00e9 00       		.byte	0
 573              		.section	.gnu.debuglto_.debug_line,"e",%progbits
 574              	.Ldebug_line0:
 575 0000 B4000000 		.4byte	.LELT0-.LSLT0
 576              	.LSLT0:
 577 0004 0400     		.2byte	0x4
 578 0006 AE000000 		.4byte	.LELTP0-.LASLTP0
 579              	.LASLTP0:
 580 000a 01       		.byte	0x1
 581 000b 01       		.byte	0x1
 582 000c 01       		.byte	0x1
 583 000d F6       		.byte	0xf6
 584 000e F2       		.byte	0xf2
 585 000f 0D       		.byte	0xd
 586 0010 00       		.byte	0
 587 0011 01       		.byte	0x1
 588 0012 01       		.byte	0x1
 589 0013 01       		.byte	0x1
 590 0014 01       		.byte	0x1
 591 0015 00       		.byte	0
 592 0016 00       		.byte	0
 593 0017 00       		.byte	0
 594 0018 01       		.byte	0x1
 595 0019 00       		.byte	0
 596 001a 00       		.byte	0
 597 001b 01       		.byte	0x1
 598 001c 74686972 		.ascii	"third_party/ChibiOS/os/hal/ports/STM32/LLD/GPIOv2"
 598      645F7061 
 598      7274792F 
 598      43686962 
 598      694F532F 
 599 004d 00       		.byte	0
 600 004e 2F757372 		.ascii	"/usr/lib/gcc/arm-none-eabi/10.3.1/include"
 600      2F6C6962 
 600      2F676363 
 600      2F61726D 
 600      2D6E6F6E 
 601 0077 00       		.byte	0
 602 0078 00       		.byte	0
 603 0079 73746469 		.ascii	"stdint.h\000"
 603      6E742E68 
 603      00
 604 0082 02       		.uleb128 0x2
 605 0083 00       		.uleb128 0
 606 0084 00       		.uleb128 0
 607 0085 73746D33 		.ascii	"stm32_gpio.h\000"
 607      325F6770 
 607      696F2E68 
 607      00
 608 0092 01       		.uleb128 0x1
 609 0093 00       		.uleb128 0
 610 0094 00       		.uleb128 0
 611 0095 68616C5F 		.ascii	"hal_pal_lld.h\000"
 611      70616C5F 
 611      6C6C642E 
 611      6800
ARM GAS  /tmp/ccKE8JAO.s 			page 12


 612 00a3 01       		.uleb128 0x1
 613 00a4 00       		.uleb128 0
 614 00a5 00       		.uleb128 0
 615 00a6 68616C5F 		.ascii	"hal_pal_lld.c\000"
 615      70616C5F 
 615      6C6C642E 
 615      6300
 616 00b4 01       		.uleb128 0x1
 617 00b5 00       		.uleb128 0
 618 00b6 00       		.uleb128 0
 619 00b7 00       		.byte	0
 620              	.LELTP0:
 621              	.LELT0:
 622              		.section	.gnu.debuglto_.debug_str,"eMS",%progbits,1
 623              	.LASF1:
 624 0000 6C6F6E67 		.ascii	"long long int\000"
 624      206C6F6E 
 624      6720696E 
 624      7400
 625              	.LASF17:
 626 000e 4F535045 		.ascii	"OSPEEDR\000"
 626      45445200 
 627              	.LASF14:
 628 0016 636C6561 		.ascii	"clear\000"
 628      7200
 629              	.LASF15:
 630 001c 4D4F4445 		.ascii	"MODER\000"
 630      5200
 631              	.LASF40:
 632 0022 5F70616C 		.ascii	"_pal_lld_init\000"
 632      5F6C6C64 
 632      5F696E69 
 632      7400
 633              	.LASF19:
 634 0030 42535252 		.ascii	"BSRR\000"
 634      00
 635              	.LASF31:
 636 0035 6F747970 		.ascii	"otyper\000"
 636      657200
 637              	.LASF24:
 638 003c 696F706F 		.ascii	"ioportmask_t\000"
 638      72746D61 
 638      736B5F74 
 638      00
 639              	.LASF16:
 640 0049 4F545950 		.ascii	"OTYPER\000"
 640      455200
 641              	.LASF25:
 642 0050 696F6D6F 		.ascii	"iomode_t\000"
 642      64655F74 
 642      00
 643              	.LASF11:
 644 0059 6C6F6E67 		.ascii	"long long unsigned int\000"
 644      206C6F6E 
 644      6720756E 
 644      7369676E 
 644      65642069 
ARM GAS  /tmp/ccKE8JAO.s 			page 13


 645              	.LASF6:
 646 0070 756E7369 		.ascii	"unsigned char\000"
 646      676E6564 
 646      20636861 
 646      7200
 647              	.LASF22:
 648 007e 41465248 		.ascii	"AFRH\000"
 648      00
 649              	.LASF10:
 650 0083 6C6F6E67 		.ascii	"long unsigned int\000"
 650      20756E73 
 650      69676E65 
 650      6420696E 
 650      7400
 651              	.LASF7:
 652 0095 73686F72 		.ascii	"short unsigned int\000"
 652      7420756E 
 652      7369676E 
 652      65642069 
 652      6E7400
 653              	.LASF21:
 654 00a8 4146524C 		.ascii	"AFRL\000"
 654      00
 655              	.LASF33:
 656 00ad 70757064 		.ascii	"pupdr\000"
 656      7200
 657              	.LASF35:
 658 00b3 616C7472 		.ascii	"altrmask\000"
 658      6D61736B 
 658      00
 659              	.LASF4:
 660 00bc 73686F72 		.ascii	"short int\000"
 660      7420696E 
 660      7400
 661              	.LASF36:
 662 00c6 474E5520 		.ascii	"GNU C17 10.3.1 20210621 (release) -mcpu=cortex-m7 -"
 662      43313720 
 662      31302E33 
 662      2E312032 
 662      30323130 
 663 00f9 6D746875 		.ascii	"mthumb -mfloat-abi=hard -mfpu=fpv5-d16 -march=armv7"
 663      6D62202D 
 663      6D666C6F 
 663      61742D61 
 663      62693D68 
 664 012c 652D6D2B 		.ascii	"e-m+fp.dp -ggdb -O2 -fomit-frame-pointer -falign-fu"
 664      66702E64 
 664      70202D67 
 664      67646220 
 664      2D4F3220 
 665 015f 6E637469 		.ascii	"nctions=16 -ffunction-sections -fdata-sections -fno"
 665      6F6E733D 
 665      3136202D 
 665      6666756E 
 665      6374696F 
 666 0192 2D636F6D 		.ascii	"-common -flto\000"
 666      6D6F6E20 
ARM GAS  /tmp/ccKE8JAO.s 			page 14


 666      2D666C74 
 666      6F00
 667              	.LASF39:
 668 01a0 5F70616C 		.ascii	"_pal_lld_setgroupmode\000"
 668      5F6C6C64 
 668      5F736574 
 668      67726F75 
 668      706D6F64 
 669              	.LASF0:
 670 01b6 756E7369 		.ascii	"unsigned int\000"
 670      676E6564 
 670      20696E74 
 670      00
 671              	.LASF34:
 672 01c3 616C7472 		.ascii	"altr\000"
 672      00
 673              	.LASF12:
 674 01c8 63686172 		.ascii	"char\000"
 674      00
 675              	.LASF29:
 676 01cd 6D6F6465 		.ascii	"mode\000"
 676      00
 677              	.LASF20:
 678 01d2 4C4F434B 		.ascii	"LOCKR\000"
 678      5200
 679              	.LASF23:
 680 01d8 73746D33 		.ascii	"stm32_gpio_t\000"
 680      325F6770 
 680      696F5F74 
 680      00
 681              	.LASF38:
 682 01e5 2F686F6D 		.ascii	"/home/ian/Documents/BPRL_balance\000"
 682      652F6961 
 682      6E2F446F 
 682      63756D65 
 682      6E74732F 
 683              	.LASF18:
 684 0206 50555044 		.ascii	"PUPDR\000"
 684      5200
 685              	.LASF32:
 686 020c 6F737065 		.ascii	"ospeedr\000"
 686      65647200 
 687              	.LASF28:
 688 0214 6D61736B 		.ascii	"mask\000"
 688      00
 689              	.LASF27:
 690 0219 706F7274 		.ascii	"port\000"
 690      00
 691              	.LASF26:
 692 021e 696F706F 		.ascii	"ioportid_t\000"
 692      72746964 
 692      5F7400
 693              	.LASF8:
 694 0229 75696E74 		.ascii	"uint16_t\000"
 694      31365F74 
 694      00
 695              	.LASF9:
ARM GAS  /tmp/ccKE8JAO.s 			page 15


 696 0232 75696E74 		.ascii	"uint32_t\000"
 696      33325F74 
 696      00
 697              	.LASF5:
 698 023b 6C6F6E67 		.ascii	"long int\000"
 698      20696E74 
 698      00
 699              	.LASF2:
 700 0244 6C6F6E67 		.ascii	"long double\000"
 700      20646F75 
 700      626C6500 
 701              	.LASF37:
 702 0250 74686972 		.ascii	"third_party/ChibiOS/os/hal/ports/STM32/LLD/GPIOv2/h"
 702      645F7061 
 702      7274792F 
 702      43686962 
 702      694F532F 
 703 0283 616C5F70 		.ascii	"al_pal_lld.c\000"
 703      616C5F6C 
 703      6C642E63 
 703      00
 704              	.LASF3:
 705 0290 7369676E 		.ascii	"signed char\000"
 705      65642063 
 705      68617200 
 706              	.LASF30:
 707 029c 6D6F6465 		.ascii	"moder\000"
 707      7200
 708              	.LASF13:
 709 02a2 5F426F6F 		.ascii	"_Bool\000"
 709      6C00
 710              		.text
 711              		.section	.gnu.lto_.profile.d777cbb355e9cf76,"e",%progbits
 712 0000 789C6362 		.ascii	"x\234cb\000\001\000\000\022\000\003"
 712      00010000 
 712      120003
 713              		.text
 714              		.section	.gnu.lto_.icf.d777cbb355e9cf76,"e",%progbits
 715 0000 789CE363 		.ascii	"x\234\343c@\000&\206i\277\016?\346f\234\373a\321\031"
 715      40002686 
 715      69BF0E3F 
 715      E6669CFB 
 715      61D119
 716 0013 0E060030 		.ascii	"\016\006\0000\272\006V"
 716      BA0656
 717              		.text
 718              		.section	.gnu.lto_.ipa_sra.d777cbb355e9cf76,"e",%progbits
 719 0000 789C1361 		.ascii	"x\234\023a@\000&\006\006FFf$\001\006F\006\000\003\030"
 719      40002606 
 719      06464666 
 719      24010646 
 719      06000318 
 720 0014 001D     		.ascii	"\000\035"
 721              		.text
 722              		.section	.gnu.lto_.inline.d777cbb355e9cf76,"e",%progbits
 723 0000 789C458E 		.ascii	"x\234E\216\261\012\302P\014Eon\036\265\203\203\223C"
 723      B10AC250 
ARM GAS  /tmp/ccKE8JAO.s 			page 16


 723      0C456F6E 
 723      1EB58383 
 723      9343
 724 0012 3FC5DFB1 		.ascii	"?\305\337\261\266\240\213\376\200(\270usq\024\341u\025"
 724      B6A08BFE 
 724      8028B875 
 724      737114E1 
 724      7515
 725 0024 07BB141C 		.ascii	"\007\273\024\034\2738\010\375\004\235\034\035\374\000"
 725      BB3808FD 
 725      049D1C1D 
 725      FC00
 726 0032 F368C14B 		.ascii	"\363h\301K\206\223\023HR\341\037\002\272\2610\225\300"
 726      86931348 
 726      52E11F02 
 726      BAB13095 
 726      C0
 727 0043 5BC33510 		.ascii	"[\3035\020u\212AA\360\300\353\335\354\270\020\345\322"
 727      758A4141 
 727      F0C0EBDD 
 727      ECB810E5 
 727      D2
 728 0054 2BF6EA55 		.ascii	"+\366\352U\204\220\251W\366\235re\023\271Jo\245\022"
 728      8490A957 
 728      F69D7265 
 728      13B94A6F 
 728      A512
 729 0066 8A19CB60 		.ascii	"\212\031\313`r\254\333'\347\300\360\323\234\277\232"
 729      72ACDB27 
 729      E7C0F0D3 
 729      9CBF9A
 730 0075 85B5E3F2 		.ascii	"\205\265\343\362P\237\230c\324\335\322YLX%\306\027\315"
 730      509F9863 
 730      D4DDD259 
 730      4C5825C6 
 730      17CD
 731 0087 63C448EE 		.ascii	"c\304H\356mq\323\314\301!\362u[h\352\010\027\036\302"
 731      6D71D3CC 
 731      C121F275 
 731      5B68EA08 
 731      171EC2
 732 009a 0FBD292B 		.ascii	"\017\275)+\340"
 732      E0
 733              		.text
 734              		.section	.gnu.lto_.jmpfuncs.d777cbb355e9cf76,"e",%progbits
 735 0000 789C1367 		.ascii	"x\234\023g@\000& fdfddd\257_\302\314\014\304,@\314\300"
 735      40002620 
 735      66646664 
 735      6464AF5F 
 735      C2CC0CC4 
 736 0018 0000218B 		.ascii	"\000\000!\213\003\241"
 736      03A1
 737              		.text
 738              		.section	.gnu.lto_.pureconst.d777cbb355e9cf76,"e",%progbits
 739 0000 789C6367 		.ascii	"x\234cg```bh`a\234\305\002\000\0041\001-"
 739      60606062 
 739      6860619C 
ARM GAS  /tmp/ccKE8JAO.s 			page 17


 739      C5020004 
 739      31012D
 740              		.text
 741              		.section	.gnu.lto_.lto.d777cbb355e9cf76,"e",%progbits
 742 0000 09000400 		.ascii	"\011\000\004\000\001\000\000\000"
 742      01000000 
 743              		.text
 744              		.section	.gnu.lto__pal_lld_init.432.d777cbb355e9cf76,"e",%progbits
 745 0000 789C2B61 		.ascii	"x\234+a``H\001be fdf`\2344\261\213\211\241\241\241\301"
 745      60604801 
 745      62652066 
 745      6466609C 
 745      34B18B89 
 746 0018 819D89B1 		.ascii	"\201\235\211\261qb\027'\343VF0\217\221\241\236\211\261"
 746      71621727 
 746      E3564630 
 746      8F91A19E 
 746      89B1
 747 002a 9E7132B3 		.ascii	"\236q2\263&\220\373\243ur\347a\306\206\025\007\030\227"
 747      2690FBA3 
 747      7572E761 
 747      C6861507 
 747      1897
 748 003c 303330CC 		.ascii	"030\314\003b(`\203\361\030\201x\375%\326\003\015\177"
 748      03622860 
 748      83F11881 
 748      78FD25D6 
 748      030D7F
 749 004f FEF73734 		.ascii	"\376\36774\\}\3148K\231\211\201\241\237\031dt\003\013"
 749      5C7DCC38 
 749      4B998981 
 749      A19F1964 
 749      74030B
 750 0062 63C30106 		.ascii	"c\303\001\006\206\011\314L\020N#\220\363\212\261A\211"
 750      8609CC4C 
 750      104E2390 
 750      F38AB141 
 750      89
 751 0073 E1136393 		.ascii	"\341\023c\223\002\330\230~fF\204:\006\006E\375\214\374"
 751      02D8987E 
 751      6646843A 
 751      060645FD 
 751      8CFC
 752 0085 DC54FDCC 		.ascii	"\334T\375\314\304<}\227\374\344\322\334\324\274\222"
 752      C43C7D97 
 752      FCE4D2DC 
 752      D4BC92
 753 0094 627DA780 		.ascii	"b}\247\200 \237\370\244\304\234\304\274\344T\006\207"
 753      209FF8A4 
 753      C49CC4BC 
 753      E4540687 
 754 00a4 928CCCA2 		.ascii	"\222\214\314\242\224\370\202\304\242\222J}\347\214\314"
 754      94F882C4 
 754      A2924A7D 
 754      E78CCC
 755 00b3 A44CFF60 		.ascii	"\244L\377`\375\374b\375\214\304\034\375\202\374\"\240"
 755      FDFC62FD 
ARM GAS  /tmp/ccKE8JAO.s 			page 18


 755      8CC41CFD 
 755      82FC22A0 
 756 00c3 F2E0105F 		.ascii	"\362\340\020_c#}\037\037\027}\367\000O\3772#\220\024"
 756      63237D1F 
 756      1F177DF7 
 756      004FFF32 
 756      239014
 757 00d6 507D4E7C 		.ascii	"P}N|NN\212^2\003\000\\\316L\211"
 757      4E4E8A5E 
 757      3203005C 
 757      CE4C89
 758              		.text
 759              		.section	.gnu.lto__pal_lld_setgroupmode.433.d777cbb355e9cf76,"e",%progbits
 760 0000 789C8D56 		.ascii	"x\234\215VmP\224U\024\276\347\275\357~\260\300\213\246"
 760      6D509455 
 760      14BEE7BD 
 760      EF7EB0C0 
 760      8BA6
 761 0012 A66929F8 		.ascii	"\246i)\370\375\201,P\031dcd\3154\315\200\200\366\337"
 761      FD812C50 
 761      19646364 
 761      CD34CD80 
 761      80F6DF
 762 0025 50980102 		.ascii	"P\230\001\002aVj\246_-*0CM\356Bj&R-NC\3750\324\361\003"
 762      61566AA6 
 762      5F2D2A30 
 762      434DEE42 
 762      6A26522D 
 763 0040 3F11C235 		.ascii	"?\021\3025\312\024\3151K\263\234,m\302\314\206,\222"
 763      CA14CD31 
 763      4BB39C2C 
 763      6DC2CC86 
 763      2C92
 764 0052 EC9C7377 		.ascii	"\354\234sw\337wws\030\230\341\354\275\347>\317\271\317"
 764      DF777773 
 764      1898E1EC 
 764      BDE73ECF 
 764      B9CF
 765 0064 3DF7BCF7 		.ascii	"=\367\274\367\336RC\210\343B\210;\370\017I\002\232\374"
 765      DE524388 
 765      E342883B 
 765      F80F4902 
 765      9AFC
 766 0076 8D9AF07A 		.ascii	"\215\232\360z\2759\016\015\232\375.nIm\203\377\015\015"
 766      BD390E0D 
 766      9AFD2E6E 
 766      496D83FF 
 766      0D0D
 767 0088 3E03EC25 		.ascii	">\003\354%\353-\276\253)pV\265u\255\316\037\377k\333"
 767      EB2DBEAB 
 767      297056B5 
 767      75ADCE1F 
 767      FF6BDB
 768 009b 0F13F4AD 		.ascii	"\017\023\364\255\276\253\360\366\245\326\371\272M\253"
 768      BEABF0F6 
 768      A5D6F9BA 
 768      4DAB
ARM GAS  /tmp/ccKE8JAO.s 			page 19


 769 00a9 F7C7F360 		.ascii	"\367\307\363`\203\337\340_;\274\323\024\000\216\344"
 769      83DFE05F 
 769      3BBCD314 
 769      008EE4
 770 00b8 A0668A8A 		.ascii	"\240f\212\212\357\204\026l\253H9\2168\355]\337n\025"
 770      EF84166C 
 770      AB48398E 
 770      38ED5DDF 
 770      6E15
 771 00ca 741B86E2 		.ascii	"t\033\206\342\206\213\020j8\236\301\212\230\240m\367"
 771      868B106A 
 771      389EC18A 
 771      98A06DF7 
 772 00da ED4E4139 		.ascii	"\355NA9;7\3269\364VD\237\2755\224\245'B\255\277\361"
 772      3B37D639 
 772      F456449F 
 772      BD3594A5 
 772      2742ADBF 
 773 00ef 4ABBC118 		.ascii	"J\273\301\030\003\232w5\376\334\222\316\035\020\257"
 773      039A7735 
 773      FEDC92CE 
 773      1D10AF
 774 00fe 6B52B7D9 		.ascii	"kR\267\331\035\3168W|B\242\001\330\025\326_\263\234"
 774      1DCE3857 
 774      7C42A201 
 774      D815D65F 
 774      B39C
 775 0110 87B0BFEA 		.ascii	"\207\260\277\352\232;{\300\333\336\005;p\2605\014h\221"
 775      9A3B7BC0 
 775      DBDE053B 
 775      70B0350C 
 775      6891
 776 0122 D0247748 		.ascii	"\320$wH\000=\324\322 \031[\262D\314\351\362z\317\234"
 776      003DD4D2 
 776      20195BB2 
 776      44CCE9F2 
 776      7ACF9C
 777 0135 3EE0F5C6 		.ascii	">\340\365\306\211\035R\302~@\016\354\003\330\013\202"
 777      891D52C2 
 777      7E400EEC 
 777      03D80B82 
 778 0145 1CE51F4B 		.ascii	"\034\345\037K\302\255\003\006\336:\330\266\331\360a"
 778      C2AD0306 
 778      DE3AD8B6 
 778      D9F061
 779 0154 681D3AA3 		.ascii	"h\035:\243\201z\371>\0066\204\200\207\332\232\031h\203"
 779      817AF93E 
 779      06368480 
 779      87DA9A19 
 779      6883
 780 0166 43D1405B 		.ascii	"C\321@[y\267d=\362M\240\237Y\204\356[\337`\370j\235"
 780      79B7643D 
 780      F24DA09F 
 780      5984EE5B 
 780      DF60F86A 
 781 017b 3BA41D8E 		.ascii	";\244\035\216D\302\205(o$\305\322gb;>[\337\340\035\263"
 781      44C28528 
ARM GAS  /tmp/ccKE8JAO.s 			page 20


 781      6F24C5D2 
 781      67623B3E 
 781      5BDFE01D 
 782 0190 2199B0C7 		.ascii	"!\231\260\307b\260\377\262\204M\026\366\244\205=\036"
 782      62B0FFB2 
 782      844D16F6 
 782      A4853D1E 
 783 01a0 83BDCDD8 		.ascii	"\203\275\315\330m\026\366\230\205\355\211\301\376\304"
 783      6D16F698 
 783      85ED89C1 
 783      FEC4
 784 01ae D8360B7B 		.ascii	"\3306\013{\324\302\366\306`\277a\354\307\026\366\210"
 784      D4C2F6C6 
 784      60BF61EC 
 784      C716F688 
 785 01be 850DC660 		.ascii	"\205\015\306`\277\224v\001'\001N\000|\012\320\015\320"
 785      BF947601 
 785      27014E00 
 785      7C0AD00D 
 785      D0
 786 01cf 057014D4 		.ascii	"\005p\024\324\256\001\205\351\260Rt\252\247)\234\242"
 786      AE0185E9 
 786      B05274AA 
 786      A7299CA2 
 787 01df BE98309D 		.ascii	"\276\2300\235\234\242=&\366\314Q\332N\236\361\213\030"
 787      9CA23D26 
 787      F6CC51DA 
 787      4E9EF18B 
 787      18
 788 01f0 E84E86EE 		.ascii	"\350N\206\356\263\240\007M\350\2271\3206\206vZ\320v"
 788      B3A0074D 
 788      E89731D0 
 788      3686765A 
 788      D076
 789 0202 137A2606 		.ascii	"\023z&\006\272E\307u\364\003\234\0068\005\3609\010\254"
 789      BA45C775 
 789      F4039C06 
 789      3805F039 
 789      08AC
 790 0214 6A51BE59 		.ascii	"jQ\276Y\307Q\327\377\327\027\211\374\344\254\255\313"
 790      C751D7FF 
 790      D71789FC 
 790      E4ACADCB 
 791 0224 7BF7DE46 		.ascii	"{\367\336F\257\367\312\224o/}\030\267\034\260D\034\032"
 791      AFF7CA94 
 791      6F2F7D18 
 791      B71CB044 
 791      1C1A
 792 0236 19494627 		.ascii	"\031IF'c#c'\343 \343D\343\244ju\270\250\025O&\201\272"
 792      63236327 
 792      E320E344 
 792      E3A46A75 
 792      B8A8154F 
 793 024d 89640C32 		.ascii	"\211d\0142Id\306\220\031K\346\0012\343\310\214'3\201"
 793      4964C690 
 793      194BE601 
 793      32E3C88C 
ARM GAS  /tmp/ccKE8JAO.s 			page 21


 793      273381
 794 0260 CC836426 		.ascii	"\314\203d&\222\231D\346!2\223\311L!\3630\231G\310L%"
 794      929944E6 
 794      213293C9 
 794      4C21F330 
 794      9947C84C 
 795 0275 338D4C32 		.ascii	"3\215L2\231\0242\323\311\314 3\223\314,2\263\311\314"
 795      991432D3 
 795      C9CC2033 
 795      93CC2C32 
 795      B3C9CC
 796 0288 213397CC 		.ascii	"!3\227\314<2\363\311, \223Jf\241\200\203\220F;\356\026"
 796      3C32F3C9 
 796      2C20934A 
 796      66A18083 
 796      90463BEE 
 797 029d 98937481 		.ascii	"\230\223t\201Y\311\020\230\227L\201iY\004p\030\236\240"
 797      59C91098 
 797      974C8169 
 797      59047018 
 797      9EA0
 798 02af D12C1ACD 		.ascii	"\321,\032\315\246\321'it\261\300\274=\005\310]BY~Z`"
 798      A6D12769 
 798      74B1C0BC 
 798      3D05C85D 
 798      42597E5A 
 799 02c4 F67204E6 		.ascii	"\366r\004\346\357\031\201\031\\\012p\000r)r\036\321"
 799      EF198119 
 799      5C0A7000 
 799      7229721E 
 799      D1
 800 02d5 96112D9F 		.ascii	"\226\021-\237h\005\024\252\220\"\013\261Q\212[C\355"
 800      680514AA 
 800      90220BB1 
 800      518A5B43 
 800      ED
 801 02e6 59E0ED12 		.ascii	"Y\340\355\022\302'5n\327b\373\027\360^\375\347\004\210"
 801      C227356E 
 801      D762FB17 
 801      F05EFDE7 
 801      0488
 802 02f8 9BB07E73 		.ascii	"\233\260~s\3035\010\310'\002r\021\035\017\016\2208\270"
 802      C33508C8 
 802      27027211 
 802      1D0F0E90 
 802      38B8
 803 030a 2E1943A0 		.ascii	".\031C\240\223q\303\012w\267\376\232= !\204s\202f\221"
 803      9371C30A 
 803      77B7FE9A 
 803      3D202184 
 803      73826691 
 804 031e B302EA6C 		.ascii	"\263\002\352lq\000(\362\011r2\371^\230<\200d\015\311"
 804      710028F2 
 804      097232F9 
 804      5E983C80 
 804      640DC9
 805 0331 906AF1B2 		.ascii	"\220j\361\262\321\005\347B\234O\311\301\034\1770bBi"
ARM GAS  /tmp/ccKE8JAO.s 			page 22


 805      D105E742 
 805      9C4FC9C1 
 805      1C7F3062 
 805      4269
 806 0343 4E68B388 		.ascii	"Nh\263\210O\242\337$v\223\203\211\315ab\257# u\223\350"
 806      4FA2DF24 
 806      76938389 
 806      CD6162AF 
 806      23207593 
 807 0358 B0888BD1 		.ascii	"\260\210\213\321\257\224&)r\0279\231\274)\310\361\336"
 807      AF942629 
 807      72173999 
 807      BC29C8F1 
 807      DE
 808 0369 CFC6C411 		.ascii	"\317\306\304\021\304\316%\356\223\022\017W\257\036\312"
 808      C4CE25EE 
 808      93120F57 
 808      AF1ECA
 809 0378 DABA1CCA 		.ascii	"\332\272\034\312k@fb[\343\2313\270E\342\323\271EKws"
 809      6B406662 
 809      5BE39933 
 809      B845E2D3 
 809      B9454B77 
 810 038d 8B3298C6 		.ascii	"\2132\230\306\255\203\330Z\310\223l\011\306\321'B\315"
 810      AD83D85A 
 810      C8936C09 
 810      C6D12742 
 810      CD
 811 039e ADC15006 		.ascii	"\255\301P\006\207q\324\206\0008\017\342\006l\270\321"
 811      8771D486 
 811      00380FE2 
 811      066CB8D1 
 812 03ae B30AFB4A 		.ascii	"\263\012\373J$\037\341C\2600 \237\322t\021\220\271F"
 812      241FE143 
 812      B030209F 
 812      D2741190 
 812      B946
 813 03c0 6BFF7527 		.ascii	"k\377u'F\030\2024\334\036\355\273\375\325\001Y`\374"
 813      46188234 
 813      DC1EEDBB 
 813      FDD50159 
 813      60FC
 814 03d2 DB5F3104 		.ascii	"\333_1\004nL\271v\223\034y\306\211\302!H\307tj\177\342"
 814      6E4CB976 
 814      931C79C6 
 814      89C22148 
 814      C7746A7F 
 815 03e7 BE2E33BE 		.ascii	"\276.3\276\353\257\031\202\014\314\222\366V'\216\347"
 815      EBAF1982 
 815      0CCC92F6 
 815      56278EE7 
 816 03f7 1B378990 		.ascii	"\0337\211\220\011\027A\333I\216B\343\255s/\341R\365"
 816      091741DB 
 816      498E42E3 
 816      AD732FE1 
 816      52F5
 817 0409 5A5CAA66 		.ascii	"Z\\\252f\026\310\266`<^o\334l\015\345\260\027\263\212"
ARM GAS  /tmp/ccKE8JAO.s 			page 23


 817      16C8B660 
 817      3C5E6FDC 
 817      6C0DE5B0 
 817      17B38A
 818 041c 9B92A9E4 		.ascii	"\233\222\251\344\261\263\243~\000\235\230p\273r\352"
 818      B1B3A37E 
 818      009D9870 
 818      BB72EA
 819 042b E41CAAEF 		.ascii	"\344\034\252\357\305\315^\302\011w\250L\367\3432\227"
 819      C5CD5EC2 
 819      0977A84C 
 819      F7E33297 
 820 043b 70B05D41 		.ascii	"p\260]A\2510\203\350r\302\002J\347MXw\267\341<\366\237"
 820      A93083E8 
 820      72C2024A 
 820      E74D5877 
 820      B7E13CF6 
 821 0450 4697229C 		.ascii	"F\227\"\234\246\036\023\366(BG\375 \006\2153\247\327"
 821      A61E13F6 
 821      284247FD 
 821      20068D33 
 821      A7D7
 822 0462 AC282E48 		.ascii	"\254(.H\305\021+J\016\272T\224S\324\343({\303\323R\302"
 822      C5112B4A 
 822      0EBA5494 
 822      53D4E328 
 822      7BC3D352 
 823 0477 E3556924 		.ascii	"\343Ui$\221<\223\365\014\372\025\353s\3521k?\263\272"
 823      913C93F5 
 823      0CFA15EB 
 823      73EA316B 
 823      3FB3BA
 824 048a 0F7F3435 		.ascii	"\017\17745 \023Bw\250\344\263\361C\272\332\361\\FAK"
 824      20134277 
 824      A8E4B3F1 
 824      43BADAF1 
 824      5C46414B 
 825 049e E10A88F4 		.ascii	"\341\012\210\364\017\270\353\202\357a;_\277\030\367"
 825      0FB8EB82 
 825      EF613B5F 
 825      BF18F7
 826 04ad 9D86614C 		.ascii	"\235\206aLN\"-\204\363G\25120\020\372\310\321\324p\015"
 826      4E222D84 
 826      F347A932 
 826      3010FAC8 
 826      D1D4700D 
 827 04c1 773E897D 		.ascii	"w>\211}n\232\346V\343\200\026\016}=\361>\261\257\252"
 827      6E9AE656 
 827      E380160E 
 827      7D3DF13E 
 827      B1AFAA
 828 04d4 D8486275 		.ascii	"\330Hbu\235\021\352\306\214\244\351G\344AXS/N:\226\322"
 828      9D11EAC6 
 828      8CA4E947 
 828      E4415853 
 828      2F4E3A96 
 829 04e9 C29A0651 		.ascii	"\302\232\006Q\323\003HG\237\3224\200\303\343\330\227"
ARM GAS  /tmp/ccKE8JAO.s 			page 24


 829      D3034847 
 829      9FD23480 
 829      C3E3D897 
 830 04f9 3E2A4D3F 		.ascii	">*M?\251\330HbM\207\"4\215\037I\323u\344i\254\211\276"
 830      A9D84862 
 830      4D872234 
 830      8D1F49D3 
 830      75E469AC 
 831 050f 4E543181 		.ascii	"NT1\201e\215W*.\243\212\007\331\2271*\025\277\250hH"
 831      658D572A 
 831      2EA38A07 
 831      D997312A 
 831      15BFA868 
 832 0524 62154750 		.ascii	"b\025GP\005~M\327{\312\361C\201\313\352S\362I[\307\306"
 832      057E4DD7 
 832      7BCAF143 
 832      81CBEA53 
 832      F2495BC7 
 833 0539 BA0BC22C 		.ascii	"\272\013\302,\361s\301\004B]\352\361\204\252\312\216"
 833      F173C104 
 833      425DEAF1 
 833      84AACA8E 
 834 0549 45AD90F6 		.ascii	"E\255\220\366\257\203\335\013L\340\371`\"/\352\006."
 834      AF83DD0B 
 834      4CE0F960 
 834      222FEA06 
 834      2E
 835 055a 6AE2488B 		.ascii	"j\342H\213\032@\0312\234hJ\355$\252$s\211\017!\035}"
 835      1A401932 
 835      9C684AED 
 835      24AA2473 
 835      890F211D 
 836 056f D61227B3 		.ascii	"\326\022'\263o\211Z\342\240\265\304\244\373\304\376"
 836      6F895AE2 
 836      A0B5C4A4 
 836      FBC4FE
 837 057e 4DC54612 		.ascii	"M\305F\022+tD)\274\030\241p\312H\012\177\307(z\244\302"
 837      2B744429 
 837      BC18A170 
 837      CA480A7F 
 837      C7287AA4 
 838 0593 87A3143E 		.ascii	"\207\243\024>\202t\364Y\012\247\262ot\012\377P\261\221"
 838      8274F459 
 838      0AA7B26F 
 838      740AFF50 
 838      B191
 839 05a5 C40A9DD1 		.ascii	"\304\012\235\321\331\376\026\263\315\2251- \247\215"
 839      D9FE16B3 
 839      CD95312D 
 839      20A78D
 840 05b4 247110C3 		.ascii	"$q\020\303\330\302\225A\022\223\2712\246Y\365\231\302"
 840      D8C29541 
 840      1293B932 
 840      A659F599 
 840      C2
 841 05c5 BE34256A 		.ascii	"\2764%j\330\022e\334'\332\035\025\015I,*\356\014^\203"
 841      D81265DC 
ARM GAS  /tmp/ccKE8JAO.s 			page 25


 841      27DA1D15 
 841      0D492C2A 
 841      EE0C5E83 
 842 05d9 608A1A8C 		.ascii	"`\212\032\214\0205}$Q\177\307\212\232\301\242\246[\242"
 842      10357D24 
 842      517FC78A 
 842      9AC1A2A6 
 842      5BA2
 843 05eb 66B26F74 		.ascii	"f\262ot\242\376\011\213\232\311*\356D\026\"\374\032"
 843      A2FE098B 
 843      9AC92AEE 
 843      441622FC 
 843      1A
 844 05fc 2E5757FB 		.ascii	".WW\373\201#_Y\011\374;b\217g\215\244u8\266\012gG\355"
 844      81235F59 
 844      09FC3B62 
 844      8F678DA4 
 844      7538B60A 
 845 0613 F11CA4A3 		.ascii	"\361\034\244\243\317\332\343\271\354\033\335\036\337"
 845      CFDAE3B9 
 845      EC1BDD1E 
 845      DF
 846 0620 0B57E15C 		.ascii	"\013W\341\\\226\030\037-q8B\342\274\221$\326j1e8?J\""
 846      96181F2D 
 846      713842E2 
 846      BC9124D6 
 846      6A316538 
 847 0637 DE0AF3D0 		.ascii	"\336\012\363\320gILe\337\350$\256\327Be\230\312\022"
 847      67494C65 
 847      DFE824AE 
 847      D7426598 
 847      CA12
 848 0649 1322AF70 		.ascii	"\023\"\257p|&\364\271\350\022\346\227\002\035\373\271"
 848      7C26F4B9 
 848      E812E697 
 848      021DFBB9 
 849 0659 74F92E50 		.ascii	"t\371.P\007?]\325\271\352=\320\247\251\003\004\257\343"
 849      073F5DD5 
 849      B9EA3DD0 
 849      A7A90304 
 849      AFE3
 850 066b 5C3A1A74 		.ascii	"\\:\032t\265)\030/1\352\035\265\245O\212\333\310\015"
 850      B529182F 
 850      31EA1DB5 
 850      A54F8ADB 
 850      C80D
 851 067d 0D1AFEBA 		.ascii	"\015\032\376\272\013Ai\216n\355\013]S\364\374\310\303"
 851      0B41698E 
 851      6EED0B5D 
 851      53F4FCC8 
 851      C3
 852 068e 633E3C13 		.ascii	"c><\023=\024\362\324=\033\206\014\240k\031\236\272\360"
 852      3D14F2D4 
 852      3D1B860C 
 852      A06B199E 
 852      BAF0
 853 06a0 55C49B68 		.ascii	"U\304\233h\031c\266\2071\227\321\225\217g\242\211\241"
ARM GAS  /tmp/ccKE8JAO.s 			page 26


 853      1963B687 
 853      3197D195 
 853      8F67A289 
 853      A1
 854 06b1 47483E63 		.ascii	"GH>c\336\213\304\024`!\232\030z\212\024\250\273WaZ\352"
 854      DE8BC414 
 854      60219A18 
 854      7A8A14A8 
 854      BB57615A 
 855 06c6 7BD15568 		.ascii	"{\321Uh\036z!\034=m\012C\017\225\004A\317G0\237\217"
 855      1E7A211C 
 855      3D6D0A43 
 855      0F950441 
 855      CF47309F 
 856 06db 42A4B84B 		.ascii	"B\244\270K\253*K\334eEk\334\317U\255~\245\262dM\315"
 856      AB2A4BDC 
 856      65456BDC 
 856      CF55AD7E 
 856      A5B2644D 
 857 06f0 5AF7D282 		.ascii	"Z\367\322\202\345\271+W\025U\024\255Y]\"rjJ\313<\305"
 857      E5B92B57 
 857      155514AD 
 857      595D2272 
 857      6A4ACB3C 
 858 0705 2BAB8B3C 		.ascii	"+\253\213<5\257\271\237--[U\226\277\302]\265\326]ZT"
 858      35AFB99F 
 858      2D2D5B55 
 858      96BFC25D 
 858      B5D65D5A 
 859 071a E1AEAEF2 		.ascii	"\341\256\256\362 |\305\213y\217f\272ss\237s?_\360B\376"
 859      207CC58B 
 859      798F66BA 
 859      73739F73 
 859      3F5FF042 
 860 072f AB993484 		.ascii	"\253\2314\204\370\212\225\025\025\305i\253\205N\250"
 860      F88A9515 
 860      15C569AB 
 860      854EA8
 861 073e 8951BEB4 		.ascii	"\211Q\276\264\307\263\037\177\264(+;K\350\225Ek_\326"
 861      C7B31F7F 
 861      B4282B3B 
 861      4BE89545 
 861      6B5FD6
 862 0751 2BAB8A4B 		.ascii	"+\253\212K\344\252\262\032\275\250\242\306c\253~\245"
 862      E4AAB21A 
 862      BDA8A2C6 
 862      63AB7EA5 
 863 0761 BAD8E3A8 		.ascii	"\272\330\343\250Z[]RR\354\261W\325\274V]\342\261\021"
 863      5A5B5D52 
 863      52ECB157 
 863      D5BC565D 
 863      E2B111
 864 0774 C4A3553E 		.ascii	"\304\243U>\246Ufj\225\031N\002\022\365?\3172\010\261"
 864      A655666A 
 864      95194E02 
 864      12F53FCF 
 864      3208B1
ARM GAS  /tmp/ccKE8JAO.s 			page 27


 865              		.text
 866              		.section	.gnu.lto_.symbol_nodes.d777cbb355e9cf76,"e",%progbits
 867 0000 789CB366 		.ascii	"x\234\263f\000\002\246\015\314\365\014\015@\300\302"
 867      0002A60D 
 867      CCF50C0D 
 867      40C0C2
 868 000f 38E11C03 		.ascii	"8\341\034\003C=\003\303\256\206FF\006F\006\260\344F"
 868      433D03C3 
 868      AE864646 
 868      064606B0 
 868      E446
 869 0021 E67AC60F 		.ascii	"\346z\306\017\277VX`\221c\000\000\350\012\016\252"
 869      BF565860 
 869      91630000 
 869      E80A0EAA 
 870              		.text
 871              		.section	.gnu.lto_.refs.d777cbb355e9cf76,"e",%progbits
 872 0000 789C6364 		.ascii	"x\234cd\000\002\000\000\012\000\002"
 872      00020000 
 872      0A0002
 873              		.text
 874              		.section	.gnu.lto_.decls.d777cbb355e9cf76,"e",%progbits
 875 0000 789CA595 		.ascii	"x\234\245\225{LSW\034\307\317\357\234\226^/\3256R\347"
 875      7B4C5357 
 875      1CC7CFEF 
 875      9C965E2F 
 875      D53652E7 
 876 0014 FE329D21 		.ascii	"\3762\235!\263\311\"\015%\276\376\032S\360\021P\232"
 876      B3C9220D 
 876      25BEFE1A 
 876      53F01150 
 876      9A
 877 0025 A259E63F 		.ascii	"\242Y\346?M\345v\322\214R\006\305l\376u\207\210\272"
 877      4DE576D2 
 877      8C5206C5 
 877      6CFE7587 
 877      88BA
 878 0037 387C6CC9 		.ascii	"8|l\311\3300\014b\266\230\350\034\213\333D\030\320\301"
 878      D8300C62 
 878      B698E81C 
 878      8BDB4418 
 878      D0C1
 879 0049 64F5397C 		.ascii	"d\3659|;\235\257\341\243<T\234\370bN\366;\367\336\266"
 879      3B9DAFE1 
 879      A33C549C 
 879      F8624EF6 
 879      3BF7DEB6 
 880 005d 60495CB6 		.ascii	"`I\\\266\323\374N\357=\347\363\373\376~\347w\357\271"
 880      D3FC4EEF 
 880      3DE7F3FB 
 880      FE7EE777 
 880      EFB9
 881 006f 679340C8 		.ascii	"g\223@\310q \244\233\0202\202\215\341\377\0114=Z\013"
 881      7120A49B 
 881      1032828D 
 881      E1FF0934 
 881      3D5A0B
ARM GAS  /tmp/ccKE8JAO.s 			page 28


 882 0082 DA0CB456 		.ascii	"\332\014\264V\264\273h\367\210\332(\332C~\001$\241\335"
 882      B4BB68F7 
 882      88DA28DA 
 882      437E0124 
 882      A1DD
 883 0094 0675B850 		.ascii	"\006u\270P\273\207(\373\\\003\024I\326\270\311h\226"
 883      BB8728FB 
 883      5C031449 
 883      D6B8C968 
 883      96
 884 00a5 51315AB4 		.ascii	"Q1Z\264\230<\366J\264\001\264\020Z\022Z\017\332M\264"
 884      983CF64A 
 884      B401B410 
 884      5A125A0F 
 884      DA4DB4
 885 00b8 1B6857D1 		.ascii	"\033hW\321z\321\"\321T\306\311g;\203\031\300\027fR\256"
 885      7AD122D1 
 885      54C6C967 
 885      3B8319C0 
 885      176652AE 
 886 00cc 08A3C42E 		.ascii	"\010\243\304.+\255c\025\201\037T\217\234dV\300\311\311"
 886      2BAD6315 
 886      811F548F 
 886      9C6456C0 
 886      C9C9
 887 00de A0C3DE02 		.ascii	"\240\303\336\002\326ZF\207?\336\177\305(\206dyP\016"
 887      D65A4687 
 887      3FDE7FC5 
 887      28866479 
 887      500E
 888 00f0 554E20D0 		.ascii	"UN \320\014p\000\0104\001\252\354\007\370\036\340;`"
 888      0C700008 
 888      3401AAEC 
 888      07F81EE0 
 888      3B60
 889 0102 4504C981 		.ascii	"E\004\311\201\203\275G'&\222?\216&\025q++\347|U\350"
 889      83BD4727 
 889      26923F8E 
 889      2615712B 
 889      2BE77C55 
 890 0117 56B7205E 		.ascii	"V\267 ^}1\3772[K\230\2149\257G\333\000D\311\315\254"
 890      7D31FF32 
 890      5B4B988C 
 890      39AF47DB 
 890      0044C9CD 
 891 012c 4C51B649 		.ascii	"LQ\266I\271\177\025\327\306\224\177\302\266\000W\177"
 891      B97F15D7 
 891      C6947FC2 
 891      B600577F 
 892 013c 54B5AB2E 		.ascii	"T\265\253.\231g3 \207*\364\004\272\000~A\365#\200\014"
 892      99673320 
 892      872AF404 
 892      BA007E41 
 892      F523800C 
 893 0150 AA1F0638 		.ascii	"\252\037\0068\004\254\206\243I\247O|~\201\246\244\246"
 893      04AC86A3 
 893      49A74F7C 
ARM GAS  /tmp/ccKE8JAO.s 			page 29


 893      7E81A6A4 
 893      A6
 894 0161 62312A65 		.ascii	"b1*e9D\243\251\0208\016\234\375\025\240\233\027\010"
 894      3944A3A9 
 894      10380E9C 
 894      FD15A09B 
 894      1708
 895 0173 C51E3FF9 		.ascii	"\305\036?\371p\244\302\276\355V\225\334-38\012p\014"
 895      70A4C2BE 
 895      ED5695DC 
 895      2D33380A 
 895      700C
 896 0185 38A48A13 		.ascii	"8\244\212\023\260\243\245s\256\261\265\247J6W\0309\022"
 896      B0A3A573 
 896      AEB1B5A7 
 896      4A365718 
 896      3912
 897 0197 4E40BA94 		.ascii	"N@\272\224\260\007\353\273\003\251\251\026\214:\330"
 897      B007EBBB 
 897      03A9A916 
 897      8C3AD8
 898 01a6 D6A3DF15 		.ascii	"\326\243\337\025R\260\203\000\247 \026?\2467\330\274"
 898      52B08300 
 898      A720163F 
 898      A637D8BC 
 899 01b6 B37AD2D6 		.ascii	"\263z\322\326\017\030\264\002\374<\016\302E0u]<\365"
 899      0F18B402 
 899      FC3C0EC2 
 899      4530755D 
 899      3CF5
 900 01c8 534AEA27 		.ascii	"SJ\352'\001N\360\324\261 w\232:\267L\262\324\277\000"
 900      014EF0D4 
 900      B120779A 
 900      3AB74CB2 
 900      D4BF00
 901 01db 54AA6A66 		.ascii	"T\252jf\317\260\216\025T\275\023X\025%l3\332'h\265\332"
 901      CFB08E15 
 901      54BD1358 
 901      15256C33 
 901      DA2768B5 
 902 01f0 A84D790A 		.ascii	"\250My\012!\312\032(\252\277t\367\312\266s\246Tl)\251"
 902      21CA1A28 
 902      AABF74F7 
 902      CAB673A6 
 902      546C29A9 
 903 0204 4ABB8635 		.ascii	"J\273\20658\264n\203l\2564\002\256\254\035\340z<\347"
 903      38B46E83 
 903      6CAE3402 
 903      AEAC1DE0 
 903      7A3CE7
 904 0217 365092E6 		.ascii	"6P\222\346LS\2349;\2069\303\273f \015\230p\373\316w"
 904      4C539C39 
 904      3B8639C3 
 904      BB66200D 
 904      9870FBCE 
 905 022c C3089C06 		.ascii	"\303\010\234\006\350\034\303\374\024\323\031\334\243"
 905      E81CC3FC 
ARM GAS  /tmp/ccKE8JAO.s 			page 30


 905      14D319DC 
 905      A3
 906 0239 D507B18B 		.ascii	"\325\007\261\213c\030\273*\243=[\\\367e\200K|\342\272"
 906      6318BB2A 
 906      A33D5B5C 
 906      F765804B 
 906      7CE2BA
 907 024c B2EE0840 		.ascii	"\262\356\010@\017\300M\200\033\000}\000\327\000\376"
 907      0FC04D80 
 907      1B007D00 
 907      D700FE
 908 025b 00B80570 		.ascii	"\000\270\005p\025\240\227\327\203\347\2707\236\343o"
 908      15A097D7 
 908      83E7B837 
 908      9EE36F
 909 026a 63B4CF6B 		.ascii	"c\264\317k9r\350\3538t!\021R\027\033\2163\035\211\013"
 909      3972E8EB 
 909      38742111 
 909      52171B8E 
 909      331D890B 
 910 027e D18476C7 		.ascii	"\321\204v\307\241\337\023V\242\352\034\216#W\022\013"
 910      A1DF1356 
 910      A2EA1C8E 
 910      2357120B 
 911 028e ABE97C13 		.ascii	"\253\351|\023\207\316%V6\235\260\257\370\203\243\233"
 911      87CE2556 
 911      369DB0AF 
 911      F883A39B 
 912 029e AFEF6D37 		.ascii	"\257\357m7\244<_\036\350\207\177Y \224\270\377Y_\203"
 912      A43C5F1E 
 912      E8877F59 
 912      2094B8FF 
 912      595F83
 913 02b1 CEA86CFC 		.ascii	"\316\250l\374\372\016\035\014\304C\335\346\022\204\355"
 913      FA0E1D0C 
 913      C443DDE6 
 913      1284ED
 914 02c0 5322ED68 		.ascii	"S\"\355hl^G\307\301\340\016D\3016\005\354\276\334p\304"
 914      6C5E47C7 
 914      C1E00E44 
 914      C13605EC 
 914      BEDC70C4 
 915 02d4 94F82119 		.ascii	"\224\370!\031\034\375a@lwO\313%\343\015P>\303:\011\000"
 915      1CFD6140 
 915      6C774FCB 
 915      25E30D50 
 915      3EC33A09 
 916 02e9 CECFC64E 		.ascii	"\316\317\306N$+\031\261\310T\246I\022\243\"\023\231"
 916      242B19B1 
 916      C854A649 
 916      12A32213 
 916      99
 917 02fa 2486619A 		.ascii	"$\206a\232m\210e\012\324f\022\205]\235`\026\365\002"
 917      6D88650A 
 917      D4661285 
 917      5D9D6016 
 917      F502
ARM GAS  /tmp/ccKE8JAO.s 			page 31


 918 030c A5118324 		.ascii	"\245\021\203$\332\206a\017\255O\262f\312:i\363\224\210"
 918      DA86610F 
 918      AD4FB266 
 918      CA3A69F3 
 918      9488
 919 031e 41A65B97 		.ascii	"A\246[\227Y22\261\217\030\302 \241\227S'\230\361*b\020"
 919      593232B1 
 919      8F18C220 
 919      A1975327 
 919      98F12A62 
 920 0333 8758FD47 		.ascii	"\207X\375GI\3221\272q\006niQr\360\235\233)\010\323L"
 920      49D231BA 
 920      71066E69 
 920      5172F09D 
 920      9B2908D3 
 921 0348 1DAC832D 		.ascii	"\035\254\203-$D\020\032\367N\021#\006\023J\330$\253"
 921      2444101A 
 921      F74E1123 
 921      06134AD8 
 921      24AB
 922 035a 59B29AC2 		.ascii	"Y\262\232\302\240\227$\321b#\230\204\344pdR\021\225"
 922      A09724D1 
 922      62239884 
 922      E4706452 
 922      1195
 923 036c 7542181C 		.ascii	"uB\030\034\014\214\016\371Z\377TQ/N\230f\265\021\"\221"
 923      0C8C0EF9 
 923      5AFF5451 
 923      2F4E9866 
 923      B5112291 
 924 0380 851475D9 		.ascii	"\205\024u\331H\264\201\001cJ\361[\000\233H\035\224\345"
 924      48B48101 
 924      634AF15B 
 924      009B481D 
 924      94E5
 925 0392 440C78F4 		.ascii	"D\014x\364P+!\262N0\032A\306\277\011\356\034\311\351"
 925      502B21B2 
 925      4E301A41 
 925      C6BF09EE 
 925      1CC9E9
 926 03a5 1049C440 		.ascii	"\020I\304@q\312\242\003\231B\334SL\"\000\265\311XB\345"
 926      71CAA203 
 926      9942DC53 
 926      4C2200B5 
 926      C95842E5 
 927 03b9 C73BD03A 		.ascii	"\307;\320:\340\267\240\036y\3210\312\270r4i4G\324\321"
 927      E0B7A01E 
 927      79D130CA 
 927      B8723469 
 927      3447D4D1 
 928 03cd D89F76CD 		.ascii	"\330\237v\315\001\252\351\320\350\211\246\372hAx?J<"
 928      01AAE9D0 
 928      E889A6FA 
 928      6841783F 
 928      4A3C
 929 03df 86808644 		.ascii	"\206\200\206DuT\037\015\210\371j\227<\206\002\323\321"
 929      75541F0D 
ARM GAS  /tmp/ccKE8JAO.s 			page 32


 929      88F96A97 
 929      3C8602D3 
 929      D1
 930 03f0 3E8ADF98 		.ascii	">\212\337\230\304\343\222$&\033MI;\024\361\275\371\242"
 930      C4E39224 
 930      261B4D49 
 930      3B14F1BD 
 930      F9A2
 931 0402 EDDCDA9B 		.ascii	"\355\334\332\233X6\371\351\236\366d0o\315$\300\372\224"
 931      5836F9E9 
 931      9EF66430 
 931      6FCD24C0 
 931      FA94
 932 0414 176F434B 		.ascii	"\027oCK\365\021q\252\314\317\014\331\002\205\261o\366"
 932      F51171AA 
 932      CCCF0CD9 
 932      0285B16F 
 932      F6
 933 0425 03D40B28 		.ascii	"\003\324\013(\276\375g\006\266\233\246\357\250\221\037"
 933      BEFD6706 
 933      B69BA6EF 
 933      A8911F
 934 0434 0F7EBAA9 		.ascii	"\017~\272\251\023v\340\331\202\270\016\011\030R^a\036"
 934      1376E0D9 
 934      82B80E09 
 934      18525E61 
 934      1E
 935 0445 6808F1FB 		.ascii	"h\010\361\373\000\177BN\227\216\035`\334\357a]\327Y"
 935      007F424E 
 935      978E1D60 
 935      DCEF615D 
 935      D759
 936 0457 51C7275B 		.ascii	"Q\307'[\000\0028\320t\266\255S\247\014\334\003x\314"
 936      000238D0 
 936      74B6AD53 
 936      A70CDC03 
 936      78CC
 937 0469 5FE78BEB 		.ascii	"_\347\213\353\277\255\206\024\365L\016iu\030\3264q\372"
 937      BFAD8614 
 937      F54C0E69 
 937      7518D634 
 937      71FA
 938 047b CCF970B5 		.ascii	"\314\371p\265i\3144\337\243\243\200\223\255u\247F\355"
 938      69CC34DF 
 938      A3A38093 
 938      AD75A746 
 938      ED
 939 048c C2BFE2BB 		.ascii	"\302\277\342\273\360)(@\357\360\276{\023\307\001\370"
 939      F0292840 
 939      EFF0BE7B 
 939      13C701F8 
 940 049c FED390DA 		.ascii	"\376\323\220\332\212\007_\252i\376\015\360\204gu\350"
 940      8A075FAA 
 940      69FE0DF0 
 940      846775E8 
 941 04ac 625DFF78 		.ascii	"b]\377x%\031A\277g\252Se\337\306::\275\246Fn<\300?9"
 941      251941BF 
ARM GAS  /tmp/ccKE8JAO.s 			page 33


 941      67AA5365 
 941      DFC63A3A 
 941      BDA6466E 
 942 04c4 6A41F079 		.ascii	"jA\360y<\212\025\344Q\254 u\214\274\036,\364\225J\356"
 942      3C8A15E4 
 942      51AC2075 
 942      8CBC1E2C 
 942      F4954AEE 
 943 04d8 124F69F0 		.ascii	"\022Oi\360}\373\202B\337*_^\276=Pf/\364\024\331K\002"
 943      7DFB8242 
 943      DF2A5F5E 
 943      BE3D5066 
 943      2FF414D9 
 944 04ee A5C1327B 		.ascii	"\245\3012{\376\362\245\031\016{nn\226}\221sI\336\032"
 944      FEF2A519 
 944      0E7B6E6E 
 944      967D9173 
 944      49DE1A
 945 0501 079F42BE 		.ascii	"\007\237B\276\310]T$\245\025\010\213\226\255\260.H\237"
 945      C85D5424 
 945      A515088B 
 945      96ADB02E 
 945      489F
 946 0513 43A68E19 		.ascii	"C\246\216\031N\2335oV\206g\356\274\271D\360\005\374"
 946      4E9B356F 
 946      568667EE 
 946      BCB944F0 
 946      05FC
 947 0525 01C9EB0E 		.ascii	"\001\311\353\016\012\345\276\342`\206\303\035\324\275"
 947      0AE5BEE2 
 947      6086C31D 
 947      D4BD
 948 0533 B1D095AB 		.ascii	"\261\320\225\253\317\315[\220\343\322\315\317w\271\340"
 948      CFCD5B90 
 948      E3D2CDCF 
 948      77B9E0
 949 0542 4D58AC2F 		.ascii	"MX\254/(\362zJ\025$}\266;\310\312\274\301W\354\205\001"
 949      28F27A4A 
 949      15247DB6 
 949      3BC8CABC 
 949      C157EC85 
 950 0557 BFD7EEF3 		.ascii	"\277\327\356\363\024\333\263\002\005\345~o1&3\337\351"
 950      14DBB302 
 950      05E57E6F 
 950      312633DF 
 950      E9
 951 0568 CA75AFF2 		.ascii	"\312u\257\362\024y\212\013\274\377%\367\262\240\037"
 951      14798A0B 
 951      BCFF25F7 
 951      B2A01F
 952 0577 53585DE2 		.ascii	"SX]\342\013\244\025\022\226\227\345bK\262\\z\347\012"
 952      0BA41512 
 952      9697E562 
 952      4BB25C7A 
 952      E70A
 953 0589 6796CB90 		.ascii	"g\226\313\220\227\357\314\316\316r%\345-\177\313\231"
 953      97EFCCCE 
ARM GAS  /tmp/ccKE8JAO.s 			page 34


 953      CE7225E5 
 953      2D7FCB99 
 954 0599 EDD22FCD 		.ascii	"\355\322/\315\313\312v\361\\\027\033\343^\356\240\350"
 954      CBCA76F1 
 954      5C171BE3 
 954      5EEEA0E8 
 955 05a9 0B706D9F 		.ascii	"\013pm\237\344\016\032\325K\277\247\354\035L9}61yJ\375"
 955      E40E1AD5 
 955      4BBFA7EC 
 955      1D4C397D 
 955      3631794A 
 956 05be 6BE67867 		.ascii	"k\346xg\372_{\273$M*!b\001N{\337\233\351\237C&Fk\343"
 956      FA5F7BBB 
 956      244D2A21 
 956      62014E7B 
 956      DF9BE99F 
 957 05d7 F615FB82 		.ascii	"\366\025\373\202\231\377\263\352dJL\016+\265\2724P^"
 957      99FFB3EA 
 957      644A4C0E 
 957      2BB5BA34 
 957      505E
 958 05e9 C28BFC0F 		.ascii	"\302\213\374\017t2\007\235"
 958      7432079D 
 959              		.text
 960              		.section	.gnu.lto_.symtab.d777cbb355e9cf76,"e",%progbits
 961 0000 5F70616C 		.ascii	"_pal_lld_init\000"
 961      5F6C6C64 
 961      5F696E69 
 961      7400
 962 000e 00       		.ascii	"\000"
 963 000f 00       		.ascii	"\000"
 964 0010 00       		.ascii	"\000"
 965 0011 00000000 		.ascii	"\000\000\000\000\000\000\000\000"
 965      00000000 
 966 0019 F6000000 		.ascii	"\366\000\000\000"
 967 001d 5F70616C 		.ascii	"_pal_lld_setgroupmode\000"
 967      5F6C6C64 
 967      5F736574 
 967      67726F75 
 967      706D6F64 
 968 0033 00       		.ascii	"\000"
 969 0034 00       		.ascii	"\000"
 970 0035 00       		.ascii	"\000"
 971 0036 00000000 		.ascii	"\000\000\000\000\000\000\000\000"
 971      00000000 
 972 003e 00010000 		.ascii	"\000\001\000\000"
 973              		.text
 974              		.section	.gnu.lto_.ext_symtab.d777cbb355e9cf76,"e",%progbits
 975 0000 01       		.ascii	"\001"
 976 0001 01       		.ascii	"\001"
 977 0002 00       		.ascii	"\000"
 978 0003 01       		.ascii	"\001"
 979 0004 00       		.ascii	"\000"
 980              		.text
 981              		.section	.gnu.lto_.opts,"e",%progbits
 982 0000 272D666E 		.ascii	"'-fno-openmp' '-fno-openacc' '-fno-pie' '-fcf-prote"
 982      6F2D6F70 
ARM GAS  /tmp/ccKE8JAO.s 			page 35


 982      656E6D70 
 982      2720272D 
 982      666E6F2D 
 983 0033 6374696F 		.ascii	"ction=none' '-g' '-mcpu=cortex-m7' '-mthumb' '-mflo"
 983      6E3D6E6F 
 983      6E652720 
 983      272D6727 
 983      20272D6D 
 984 0066 61742D61 		.ascii	"at-abi=hard' '-mfpu=fpv5-d16' '-mlibarch=armv7e-m+f"
 984      62693D68 
 984      61726427 
 984      20272D6D 
 984      6670753D 
 985 0099 702E6470 		.ascii	"p.dp' '-march=armv7e-m+fp.dp' '-O2' '-fomit-frame-p"
 985      2720272D 
 985      6D617263 
 985      683D6172 
 985      6D763765 
 986 00cc 6F696E74 		.ascii	"ointer' '-falign-functions=16' '-ffunction-sections"
 986      65722720 
 986      272D6661 
 986      6C69676E 
 986      2D66756E 
 987 00ff 2720272D 		.ascii	"' '-fdata-sections' '-fno-common' '-flto' '-Xassemb"
 987      66646174 
 987      612D7365 
 987      6374696F 
 987      6E732720 
 988 0132 6C657227 		.ascii	"ler' '-alms=build/lst/hal_pal_lld.lst'\000"
 988      20272D61 
 988      6C6D733D 
 988      6275696C 
 988      642F6C73 
 989              		.text
 990              		.comm	__gnu_lto_slim,1,1
 991              		.ident	"GCC: (15:10.3-2021.07-4) 10.3.1 20210621 (release)"
ARM GAS  /tmp/ccKE8JAO.s 			page 36


DEFINED SYMBOLS
                            *ABS*:0000000000000000 hal_pal_lld.c
     /tmp/ccKE8JAO.s:21     .gnu.debuglto_.debug_info:0000000000000000 hal_pal_lld.c.5953a898
                            *COM*:0000000000000001 __gnu_lto_slim

NO UNDEFINED SYMBOLS
