ARM GAS  /tmp/ccXX2gYm.s 			page 1


   1              		.cpu cortex-m7
   2              		.eabi_attribute 28, 1
   3              		.eabi_attribute 20, 1
   4              		.eabi_attribute 21, 1
   5              		.eabi_attribute 23, 3
   6              		.eabi_attribute 24, 1
   7              		.eabi_attribute 25, 1
   8              		.eabi_attribute 26, 1
   9              		.eabi_attribute 30, 2
  10              		.eabi_attribute 34, 1
  11              		.eabi_attribute 18, 4
  12              		.file	"hal_st.c"
  13              		.file 1 "/usr/lib/gcc/arm-none-eabi/10.3.1/include/stdint.h"
  14              		.file 2 "third_party/ChibiOS/os/rt/include/chtime.h"
  15              		.file 3 "third_party/ChibiOS/os/hal/ports/STM32/LLD/TIMv1/stm32_tim.h"
  16              		.file 4 "third_party/ChibiOS/os/hal/src/hal_st.c"
  17              		.file 5 "third_party/ChibiOS/os/hal/ports/STM32/LLD/SYSTICKv1/hal_st_lld.h"
  18              		.section	.gnu.debuglto_.debug_info,"e",%progbits
  19              	.Ldebug_info0:
  20              		.hidden	hal_st.c.7183fd65
  21              		.weak	hal_st.c.7183fd65
  22              	hal_st.c.7183fd65:
  23 0000 05030000 		.4byte	0x305
  24 0004 0400     		.2byte	0x4
  25 0006 00000000 		.4byte	.Ldebug_abbrev0
  26 000a 04       		.byte	0x4
  27 000b 01       		.uleb128 0x1
  28 000c 17010000 		.4byte	.LASF37
  29 0010 0C       		.byte	0xc
  30 0011 6A000000 		.4byte	.LASF38
  31 0015 3A020000 		.4byte	.LASF39
  32 0019 00000000 		.4byte	.Ldebug_line0
  33 001d 02       		.uleb128 0x2
  34 001e 04       		.byte	0x4
  35 001f 05       		.byte	0x5
  36 0020 696E7400 		.ascii	"int\000"
  37 0024 03       		.uleb128 0x3
  38 0025 04       		.byte	0x4
  39 0026 07       		.byte	0x7
  40 0027 02020000 		.4byte	.LASF0
  41 002b 03       		.uleb128 0x3
  42 002c 08       		.byte	0x8
  43 002d 05       		.byte	0x5
  44 002e 6E020000 		.4byte	.LASF1
  45 0032 03       		.uleb128 0x3
  46 0033 08       		.byte	0x8
  47 0034 04       		.byte	0x4
  48 0035 5B020000 		.4byte	.LASF2
  49 0039 03       		.uleb128 0x3
  50 003a 01       		.byte	0x1
  51 003b 06       		.byte	0x6
  52 003c C0020000 		.4byte	.LASF3
  53 0040 03       		.uleb128 0x3
  54 0041 02       		.byte	0x2
  55 0042 05       		.byte	0x5
  56 0043 0D010000 		.4byte	.LASF4
  57 0047 03       		.uleb128 0x3
ARM GAS  /tmp/ccXX2gYm.s 			page 2


  58 0048 04       		.byte	0x4
  59 0049 05       		.byte	0x5
  60 004a AC020000 		.4byte	.LASF5
  61 004e 03       		.uleb128 0x3
  62 004f 01       		.byte	0x1
  63 0050 08       		.byte	0x8
  64 0051 DC000000 		.4byte	.LASF6
  65 0055 03       		.uleb128 0x3
  66 0056 02       		.byte	0x2
  67 0057 07       		.byte	0x7
  68 0058 2C000000 		.4byte	.LASF7
  69 005c 04       		.uleb128 0x4
  70 005d A3020000 		.4byte	.LASF11
  71 0061 01       		.byte	0x1
  72 0062 34       		.byte	0x34
  73 0063 19       		.byte	0x19
  74 0064 6D000000 		.4byte	0x6d
  75 0068 05       		.uleb128 0x5
  76 0069 5C000000 		.4byte	0x5c
  77 006d 03       		.uleb128 0x3
  78 006e 04       		.byte	0x4
  79 006f 07       		.byte	0x7
  80 0070 EA000000 		.4byte	.LASF8
  81 0074 03       		.uleb128 0x3
  82 0075 08       		.byte	0x8
  83 0076 07       		.byte	0x7
  84 0077 C5000000 		.4byte	.LASF9
  85 007b 03       		.uleb128 0x3
  86 007c 01       		.byte	0x1
  87 007d 08       		.byte	0x8
  88 007e B5020000 		.4byte	.LASF10
  89 0082 06       		.uleb128 0x6
  90 0083 7B000000 		.4byte	0x7b
  91 0087 04       		.uleb128 0x4
  92 0088 22000000 		.4byte	.LASF12
  93 008c 02       		.byte	0x2
  94 008d 6D       		.byte	0x6d
  95 008e 12       		.byte	0x12
  96 008f 5C000000 		.4byte	0x5c
  97 0093 07       		.uleb128 0x7
  98 0094 68000000 		.4byte	0x68
  99 0098 A3000000 		.4byte	0xa3
 100 009c 08       		.uleb128 0x8
 101 009d 24000000 		.4byte	0x24
 102 00a1 03       		.byte	0x3
 103 00a2 00       		.byte	0
 104 00a3 05       		.uleb128 0x5
 105 00a4 93000000 		.4byte	0x93
 106 00a8 07       		.uleb128 0x7
 107 00a9 68000000 		.4byte	0x68
 108 00ad B8000000 		.4byte	0xb8
 109 00b1 08       		.uleb128 0x8
 110 00b2 24000000 		.4byte	0x24
 111 00b6 01       		.byte	0x1
 112 00b7 00       		.byte	0
 113 00b8 05       		.uleb128 0x5
 114 00b9 A8000000 		.4byte	0xa8
ARM GAS  /tmp/ccXX2gYm.s 			page 3


 115 00bd 03       		.uleb128 0x3
 116 00be 01       		.byte	0x1
 117 00bf 02       		.byte	0x2
 118 00c0 CC020000 		.4byte	.LASF13
 119 00c4 09       		.uleb128 0x9
 120 00c5 60       		.byte	0x60
 121 00c6 03       		.byte	0x3
 122 00c7 F601     		.2byte	0x1f6
 123 00c9 09       		.byte	0x9
 124 00ca E5010000 		.4byte	0x1e5
 125 00ce 0A       		.uleb128 0xa
 126 00cf 43523100 		.ascii	"CR1\000"
 127 00d3 03       		.byte	0x3
 128 00d4 F701     		.2byte	0x1f7
 129 00d6 19       		.byte	0x19
 130 00d7 68000000 		.4byte	0x68
 131 00db 00       		.byte	0
 132 00dc 0A       		.uleb128 0xa
 133 00dd 43523200 		.ascii	"CR2\000"
 134 00e1 03       		.byte	0x3
 135 00e2 F801     		.2byte	0x1f8
 136 00e4 19       		.byte	0x19
 137 00e5 68000000 		.4byte	0x68
 138 00e9 04       		.byte	0x4
 139 00ea 0B       		.uleb128 0xb
 140 00eb 92020000 		.4byte	.LASF14
 141 00ef 03       		.byte	0x3
 142 00f0 F901     		.2byte	0x1f9
 143 00f2 19       		.byte	0x19
 144 00f3 68000000 		.4byte	0x68
 145 00f7 08       		.byte	0x8
 146 00f8 0B       		.uleb128 0xb
 147 00f9 A4000000 		.4byte	.LASF15
 148 00fd 03       		.byte	0x3
 149 00fe FA01     		.2byte	0x1fa
 150 0100 19       		.byte	0x19
 151 0101 68000000 		.4byte	0x68
 152 0105 0C       		.byte	0xc
 153 0106 0A       		.uleb128 0xa
 154 0107 535200   		.ascii	"SR\000"
 155 010a 03       		.byte	0x3
 156 010b FB01     		.2byte	0x1fb
 157 010d 19       		.byte	0x19
 158 010e 68000000 		.4byte	0x68
 159 0112 10       		.byte	0x10
 160 0113 0A       		.uleb128 0xa
 161 0114 45475200 		.ascii	"EGR\000"
 162 0118 03       		.byte	0x3
 163 0119 FC01     		.2byte	0x1fc
 164 011b 19       		.byte	0x19
 165 011c 68000000 		.4byte	0x68
 166 0120 14       		.byte	0x14
 167 0121 0B       		.uleb128 0xb
 168 0122 97020000 		.4byte	.LASF16
 169 0126 03       		.byte	0x3
 170 0127 FD01     		.2byte	0x1fd
 171 0129 19       		.byte	0x19
ARM GAS  /tmp/ccXX2gYm.s 			page 4


 172 012a 68000000 		.4byte	0x68
 173 012e 18       		.byte	0x18
 174 012f 0B       		.uleb128 0xb
 175 0130 BA020000 		.4byte	.LASF17
 176 0134 03       		.byte	0x3
 177 0135 FE01     		.2byte	0x1fe
 178 0137 19       		.byte	0x19
 179 0138 68000000 		.4byte	0x68
 180 013c 1C       		.byte	0x1c
 181 013d 0B       		.uleb128 0xb
 182 013e 8D020000 		.4byte	.LASF18
 183 0142 03       		.byte	0x3
 184 0143 FF01     		.2byte	0x1ff
 185 0145 19       		.byte	0x19
 186 0146 68000000 		.4byte	0x68
 187 014a 20       		.byte	0x20
 188 014b 0A       		.uleb128 0xa
 189 014c 434E5400 		.ascii	"CNT\000"
 190 0150 03       		.byte	0x3
 191 0151 0002     		.2byte	0x200
 192 0153 19       		.byte	0x19
 193 0154 68000000 		.4byte	0x68
 194 0158 24       		.byte	0x24
 195 0159 0A       		.uleb128 0xa
 196 015a 50534300 		.ascii	"PSC\000"
 197 015e 03       		.byte	0x3
 198 015f 0102     		.2byte	0x201
 199 0161 19       		.byte	0x19
 200 0162 68000000 		.4byte	0x68
 201 0166 28       		.byte	0x28
 202 0167 0A       		.uleb128 0xa
 203 0168 41525200 		.ascii	"ARR\000"
 204 016c 03       		.byte	0x3
 205 016d 0202     		.2byte	0x202
 206 016f 19       		.byte	0x19
 207 0170 68000000 		.4byte	0x68
 208 0174 2C       		.byte	0x2c
 209 0175 0A       		.uleb128 0xa
 210 0176 52435200 		.ascii	"RCR\000"
 211 017a 03       		.byte	0x3
 212 017b 0302     		.2byte	0x203
 213 017d 19       		.byte	0x19
 214 017e 68000000 		.4byte	0x68
 215 0182 30       		.byte	0x30
 216 0183 0A       		.uleb128 0xa
 217 0184 43435200 		.ascii	"CCR\000"
 218 0188 03       		.byte	0x3
 219 0189 0402     		.2byte	0x204
 220 018b 19       		.byte	0x19
 221 018c A3000000 		.4byte	0xa3
 222 0190 34       		.byte	0x34
 223 0191 0B       		.uleb128 0xb
 224 0192 00000000 		.4byte	.LASF19
 225 0196 03       		.byte	0x3
 226 0197 0502     		.2byte	0x205
 227 0199 19       		.byte	0x19
 228 019a 68000000 		.4byte	0x68
ARM GAS  /tmp/ccXX2gYm.s 			page 5


 229 019e 44       		.byte	0x44
 230 019f 0A       		.uleb128 0xa
 231 01a0 44435200 		.ascii	"DCR\000"
 232 01a4 03       		.byte	0x3
 233 01a5 1302     		.2byte	0x213
 234 01a7 19       		.byte	0x19
 235 01a8 68000000 		.4byte	0x68
 236 01ac 48       		.byte	0x48
 237 01ad 0B       		.uleb128 0xb
 238 01ae F1010000 		.4byte	.LASF20
 239 01b2 03       		.byte	0x3
 240 01b3 1402     		.2byte	0x214
 241 01b5 19       		.byte	0x19
 242 01b6 68000000 		.4byte	0x68
 243 01ba 4C       		.byte	0x4c
 244 01bb 0A       		.uleb128 0xa
 245 01bc 4F5200   		.ascii	"OR\000"
 246 01bf 03       		.byte	0x3
 247 01c0 1502     		.2byte	0x215
 248 01c2 19       		.byte	0x19
 249 01c3 68000000 		.4byte	0x68
 250 01c7 50       		.byte	0x50
 251 01c8 0B       		.uleb128 0xb
 252 01c9 9D020000 		.4byte	.LASF21
 253 01cd 03       		.byte	0x3
 254 01ce 1602     		.2byte	0x216
 255 01d0 19       		.byte	0x19
 256 01d1 68000000 		.4byte	0x68
 257 01d5 54       		.byte	0x54
 258 01d6 0B       		.uleb128 0xb
 259 01d7 D2020000 		.4byte	.LASF22
 260 01db 03       		.byte	0x3
 261 01dc 1702     		.2byte	0x217
 262 01de 19       		.byte	0x19
 263 01df B8000000 		.4byte	0xb8
 264 01e3 58       		.byte	0x58
 265 01e4 00       		.byte	0
 266 01e5 0C       		.uleb128 0xc
 267 01e6 5E000000 		.4byte	.LASF23
 268 01ea 03       		.byte	0x3
 269 01eb 1902     		.2byte	0x219
 270 01ed 03       		.byte	0x3
 271 01ee C4000000 		.4byte	0xc4
 272 01f2 0D       		.uleb128 0xd
 273 01f3 05000000 		.4byte	.LASF28
 274 01f7 04       		.byte	0x4
 275 01f8 B3       		.byte	0xb3
 276 01f9 06       		.byte	0x6
 277 01fa BD000000 		.4byte	0xbd
 278 01fe 0E       		.uleb128 0xe
 279 01ff D7020000 		.4byte	.LASF40
 280 0203 04       		.byte	0x4
 281 0204 A3       		.byte	0xa3
 282 0205 0B       		.byte	0xb
 283 0206 87000000 		.4byte	0x87
 284 020a 18020000 		.4byte	0x218
 285 020e 0F       		.uleb128 0xf
ARM GAS  /tmp/ccXX2gYm.s 			page 6


 286 020f A9000000 		.4byte	.LASF24
 287 0213 28020000 		.4byte	0x228
 288 0217 00       		.byte	0
 289 0218 07       		.uleb128 0x7
 290 0219 82000000 		.4byte	0x82
 291 021d 28020000 		.4byte	0x228
 292 0221 08       		.uleb128 0x8
 293 0222 24000000 		.4byte	0x24
 294 0226 0A       		.byte	0xa
 295 0227 00       		.byte	0
 296 0228 06       		.uleb128 0x6
 297 0229 18020000 		.4byte	0x218
 298 022d 10       		.uleb128 0x10
 299 022e 2F020000 		.4byte	.LASF25
 300 0232 04       		.byte	0x4
 301 0233 93       		.byte	0x93
 302 0234 06       		.byte	0x6
 303 0235 4F020000 		.4byte	0x24f
 304 0239 11       		.uleb128 0x11
 305 023a 3F000000 		.4byte	.LASF27
 306 023e 04       		.byte	0x4
 307 023f 93       		.byte	0x93
 308 0240 1B       		.byte	0x1b
 309 0241 87000000 		.4byte	0x87
 310 0245 0F       		.uleb128 0xf
 311 0246 A9000000 		.4byte	.LASF24
 312 024a 28020000 		.4byte	0x228
 313 024e 00       		.byte	0
 314 024f 12       		.uleb128 0x12
 315 0250 F6010000 		.4byte	.LASF30
 316 0254 04       		.byte	0x4
 317 0255 85       		.byte	0x85
 318 0256 06       		.byte	0x6
 319 0257 10       		.uleb128 0x10
 320 0258 22020000 		.4byte	.LASF26
 321 025c 04       		.byte	0x4
 322 025d 77       		.byte	0x77
 323 025e 06       		.byte	0x6
 324 025f 79020000 		.4byte	0x279
 325 0263 11       		.uleb128 0x11
 326 0264 3F000000 		.4byte	.LASF27
 327 0268 04       		.byte	0x4
 328 0269 77       		.byte	0x77
 329 026a 1D       		.byte	0x1d
 330 026b 87000000 		.4byte	0x87
 331 026f 0F       		.uleb128 0xf
 332 0270 A9000000 		.4byte	.LASF24
 333 0274 89020000 		.4byte	0x289
 334 0278 00       		.byte	0
 335 0279 07       		.uleb128 0x7
 336 027a 82000000 		.4byte	0x82
 337 027e 89020000 		.4byte	0x289
 338 0282 08       		.uleb128 0x8
 339 0283 24000000 		.4byte	0x24
 340 0287 0C       		.byte	0xc
 341 0288 00       		.byte	0
 342 0289 06       		.uleb128 0x6
ARM GAS  /tmp/ccXX2gYm.s 			page 7


 343 028a 79020000 		.4byte	0x279
 344 028e 0D       		.uleb128 0xd
 345 028f 15000000 		.4byte	.LASF29
 346 0293 04       		.byte	0x4
 347 0294 67       		.byte	0x67
 348 0295 0B       		.byte	0xb
 349 0296 87000000 		.4byte	0x87
 350 029a 12       		.uleb128 0x12
 351 029b 67020000 		.4byte	.LASF31
 352 029f 04       		.byte	0x4
 353 02a0 45       		.byte	0x45
 354 02a1 06       		.byte	0x6
 355 02a2 13       		.uleb128 0x13
 356 02a3 47000000 		.4byte	.LASF32
 357 02a7 05       		.byte	0x5
 358 02a8 6C03     		.2byte	0x36c
 359 02aa 14       		.byte	0x14
 360 02ab BD000000 		.4byte	0xbd
 361 02af 13       		.uleb128 0x13
 362 02b0 7C020000 		.4byte	.LASF33
 363 02b4 05       		.byte	0x5
 364 02b5 5E03     		.2byte	0x35e
 365 02b7 19       		.byte	0x19
 366 02b8 87000000 		.4byte	0x87
 367 02bc 14       		.uleb128 0x14
 368 02bd FC000000 		.4byte	.LASF34
 369 02c1 05       		.byte	0x5
 370 02c2 5203     		.2byte	0x352
 371 02c4 14       		.byte	0x14
 372 02c5 D7020000 		.4byte	0x2d7
 373 02c9 15       		.uleb128 0x15
 374 02ca 3F000000 		.4byte	.LASF27
 375 02ce 05       		.byte	0x5
 376 02cf 5203     		.2byte	0x352
 377 02d1 2F       		.byte	0x2f
 378 02d2 87000000 		.4byte	0x87
 379 02d6 00       		.byte	0
 380 02d7 16       		.uleb128 0x16
 381 02d8 92000000 		.4byte	.LASF41
 382 02dc 05       		.byte	0x5
 383 02dd 4203     		.2byte	0x342
 384 02df 14       		.byte	0x14
 385 02e0 14       		.uleb128 0x14
 386 02e1 B2000000 		.4byte	.LASF35
 387 02e5 05       		.byte	0x5
 388 02e6 3203     		.2byte	0x332
 389 02e8 14       		.byte	0x14
 390 02e9 FB020000 		.4byte	0x2fb
 391 02ed 15       		.uleb128 0x15
 392 02ee 3F000000 		.4byte	.LASF27
 393 02f2 05       		.byte	0x5
 394 02f3 3203     		.2byte	0x332
 395 02f5 31       		.byte	0x31
 396 02f6 87000000 		.4byte	0x87
 397 02fa 00       		.byte	0
 398 02fb 13       		.uleb128 0x13
 399 02fc 0F020000 		.4byte	.LASF36
ARM GAS  /tmp/ccXX2gYm.s 			page 8


 400 0300 05       		.byte	0x5
 401 0301 2403     		.2byte	0x324
 402 0303 19       		.byte	0x19
 403 0304 87000000 		.4byte	0x87
 404 0308 00       		.byte	0
 405              		.section	.gnu.debuglto_.debug_abbrev,"e",%progbits
 406              	.Ldebug_abbrev0:
 407 0000 01       		.uleb128 0x1
 408 0001 11       		.uleb128 0x11
 409 0002 01       		.byte	0x1
 410 0003 25       		.uleb128 0x25
 411 0004 0E       		.uleb128 0xe
 412 0005 13       		.uleb128 0x13
 413 0006 0B       		.uleb128 0xb
 414 0007 03       		.uleb128 0x3
 415 0008 0E       		.uleb128 0xe
 416 0009 1B       		.uleb128 0x1b
 417 000a 0E       		.uleb128 0xe
 418 000b 10       		.uleb128 0x10
 419 000c 17       		.uleb128 0x17
 420 000d 00       		.byte	0
 421 000e 00       		.byte	0
 422 000f 02       		.uleb128 0x2
 423 0010 24       		.uleb128 0x24
 424 0011 00       		.byte	0
 425 0012 0B       		.uleb128 0xb
 426 0013 0B       		.uleb128 0xb
 427 0014 3E       		.uleb128 0x3e
 428 0015 0B       		.uleb128 0xb
 429 0016 03       		.uleb128 0x3
 430 0017 08       		.uleb128 0x8
 431 0018 00       		.byte	0
 432 0019 00       		.byte	0
 433 001a 03       		.uleb128 0x3
 434 001b 24       		.uleb128 0x24
 435 001c 00       		.byte	0
 436 001d 0B       		.uleb128 0xb
 437 001e 0B       		.uleb128 0xb
 438 001f 3E       		.uleb128 0x3e
 439 0020 0B       		.uleb128 0xb
 440 0021 03       		.uleb128 0x3
 441 0022 0E       		.uleb128 0xe
 442 0023 00       		.byte	0
 443 0024 00       		.byte	0
 444 0025 04       		.uleb128 0x4
 445 0026 16       		.uleb128 0x16
 446 0027 00       		.byte	0
 447 0028 03       		.uleb128 0x3
 448 0029 0E       		.uleb128 0xe
 449 002a 3A       		.uleb128 0x3a
 450 002b 0B       		.uleb128 0xb
 451 002c 3B       		.uleb128 0x3b
 452 002d 0B       		.uleb128 0xb
 453 002e 39       		.uleb128 0x39
 454 002f 0B       		.uleb128 0xb
 455 0030 49       		.uleb128 0x49
 456 0031 13       		.uleb128 0x13
ARM GAS  /tmp/ccXX2gYm.s 			page 9


 457 0032 00       		.byte	0
 458 0033 00       		.byte	0
 459 0034 05       		.uleb128 0x5
 460 0035 35       		.uleb128 0x35
 461 0036 00       		.byte	0
 462 0037 49       		.uleb128 0x49
 463 0038 13       		.uleb128 0x13
 464 0039 00       		.byte	0
 465 003a 00       		.byte	0
 466 003b 06       		.uleb128 0x6
 467 003c 26       		.uleb128 0x26
 468 003d 00       		.byte	0
 469 003e 49       		.uleb128 0x49
 470 003f 13       		.uleb128 0x13
 471 0040 00       		.byte	0
 472 0041 00       		.byte	0
 473 0042 07       		.uleb128 0x7
 474 0043 01       		.uleb128 0x1
 475 0044 01       		.byte	0x1
 476 0045 49       		.uleb128 0x49
 477 0046 13       		.uleb128 0x13
 478 0047 01       		.uleb128 0x1
 479 0048 13       		.uleb128 0x13
 480 0049 00       		.byte	0
 481 004a 00       		.byte	0
 482 004b 08       		.uleb128 0x8
 483 004c 21       		.uleb128 0x21
 484 004d 00       		.byte	0
 485 004e 49       		.uleb128 0x49
 486 004f 13       		.uleb128 0x13
 487 0050 2F       		.uleb128 0x2f
 488 0051 0B       		.uleb128 0xb
 489 0052 00       		.byte	0
 490 0053 00       		.byte	0
 491 0054 09       		.uleb128 0x9
 492 0055 13       		.uleb128 0x13
 493 0056 01       		.byte	0x1
 494 0057 0B       		.uleb128 0xb
 495 0058 0B       		.uleb128 0xb
 496 0059 3A       		.uleb128 0x3a
 497 005a 0B       		.uleb128 0xb
 498 005b 3B       		.uleb128 0x3b
 499 005c 05       		.uleb128 0x5
 500 005d 39       		.uleb128 0x39
 501 005e 0B       		.uleb128 0xb
 502 005f 01       		.uleb128 0x1
 503 0060 13       		.uleb128 0x13
 504 0061 00       		.byte	0
 505 0062 00       		.byte	0
 506 0063 0A       		.uleb128 0xa
 507 0064 0D       		.uleb128 0xd
 508 0065 00       		.byte	0
 509 0066 03       		.uleb128 0x3
 510 0067 08       		.uleb128 0x8
 511 0068 3A       		.uleb128 0x3a
 512 0069 0B       		.uleb128 0xb
 513 006a 3B       		.uleb128 0x3b
ARM GAS  /tmp/ccXX2gYm.s 			page 10


 514 006b 05       		.uleb128 0x5
 515 006c 39       		.uleb128 0x39
 516 006d 0B       		.uleb128 0xb
 517 006e 49       		.uleb128 0x49
 518 006f 13       		.uleb128 0x13
 519 0070 38       		.uleb128 0x38
 520 0071 0B       		.uleb128 0xb
 521 0072 00       		.byte	0
 522 0073 00       		.byte	0
 523 0074 0B       		.uleb128 0xb
 524 0075 0D       		.uleb128 0xd
 525 0076 00       		.byte	0
 526 0077 03       		.uleb128 0x3
 527 0078 0E       		.uleb128 0xe
 528 0079 3A       		.uleb128 0x3a
 529 007a 0B       		.uleb128 0xb
 530 007b 3B       		.uleb128 0x3b
 531 007c 05       		.uleb128 0x5
 532 007d 39       		.uleb128 0x39
 533 007e 0B       		.uleb128 0xb
 534 007f 49       		.uleb128 0x49
 535 0080 13       		.uleb128 0x13
 536 0081 38       		.uleb128 0x38
 537 0082 0B       		.uleb128 0xb
 538 0083 00       		.byte	0
 539 0084 00       		.byte	0
 540 0085 0C       		.uleb128 0xc
 541 0086 16       		.uleb128 0x16
 542 0087 00       		.byte	0
 543 0088 03       		.uleb128 0x3
 544 0089 0E       		.uleb128 0xe
 545 008a 3A       		.uleb128 0x3a
 546 008b 0B       		.uleb128 0xb
 547 008c 3B       		.uleb128 0x3b
 548 008d 05       		.uleb128 0x5
 549 008e 39       		.uleb128 0x39
 550 008f 0B       		.uleb128 0xb
 551 0090 49       		.uleb128 0x49
 552 0091 13       		.uleb128 0x13
 553 0092 00       		.byte	0
 554 0093 00       		.byte	0
 555 0094 0D       		.uleb128 0xd
 556 0095 2E       		.uleb128 0x2e
 557 0096 00       		.byte	0
 558 0097 3F       		.uleb128 0x3f
 559 0098 19       		.uleb128 0x19
 560 0099 03       		.uleb128 0x3
 561 009a 0E       		.uleb128 0xe
 562 009b 3A       		.uleb128 0x3a
 563 009c 0B       		.uleb128 0xb
 564 009d 3B       		.uleb128 0x3b
 565 009e 0B       		.uleb128 0xb
 566 009f 39       		.uleb128 0x39
 567 00a0 0B       		.uleb128 0xb
 568 00a1 27       		.uleb128 0x27
 569 00a2 19       		.uleb128 0x19
 570 00a3 49       		.uleb128 0x49
ARM GAS  /tmp/ccXX2gYm.s 			page 11


 571 00a4 13       		.uleb128 0x13
 572 00a5 00       		.byte	0
 573 00a6 00       		.byte	0
 574 00a7 0E       		.uleb128 0xe
 575 00a8 2E       		.uleb128 0x2e
 576 00a9 01       		.byte	0x1
 577 00aa 3F       		.uleb128 0x3f
 578 00ab 19       		.uleb128 0x19
 579 00ac 03       		.uleb128 0x3
 580 00ad 0E       		.uleb128 0xe
 581 00ae 3A       		.uleb128 0x3a
 582 00af 0B       		.uleb128 0xb
 583 00b0 3B       		.uleb128 0x3b
 584 00b1 0B       		.uleb128 0xb
 585 00b2 39       		.uleb128 0x39
 586 00b3 0B       		.uleb128 0xb
 587 00b4 27       		.uleb128 0x27
 588 00b5 19       		.uleb128 0x19
 589 00b6 49       		.uleb128 0x49
 590 00b7 13       		.uleb128 0x13
 591 00b8 01       		.uleb128 0x1
 592 00b9 13       		.uleb128 0x13
 593 00ba 00       		.byte	0
 594 00bb 00       		.byte	0
 595 00bc 0F       		.uleb128 0xf
 596 00bd 34       		.uleb128 0x34
 597 00be 00       		.byte	0
 598 00bf 03       		.uleb128 0x3
 599 00c0 0E       		.uleb128 0xe
 600 00c1 49       		.uleb128 0x49
 601 00c2 13       		.uleb128 0x13
 602 00c3 34       		.uleb128 0x34
 603 00c4 19       		.uleb128 0x19
 604 00c5 00       		.byte	0
 605 00c6 00       		.byte	0
 606 00c7 10       		.uleb128 0x10
 607 00c8 2E       		.uleb128 0x2e
 608 00c9 01       		.byte	0x1
 609 00ca 3F       		.uleb128 0x3f
 610 00cb 19       		.uleb128 0x19
 611 00cc 03       		.uleb128 0x3
 612 00cd 0E       		.uleb128 0xe
 613 00ce 3A       		.uleb128 0x3a
 614 00cf 0B       		.uleb128 0xb
 615 00d0 3B       		.uleb128 0x3b
 616 00d1 0B       		.uleb128 0xb
 617 00d2 39       		.uleb128 0x39
 618 00d3 0B       		.uleb128 0xb
 619 00d4 27       		.uleb128 0x27
 620 00d5 19       		.uleb128 0x19
 621 00d6 01       		.uleb128 0x1
 622 00d7 13       		.uleb128 0x13
 623 00d8 00       		.byte	0
 624 00d9 00       		.byte	0
 625 00da 11       		.uleb128 0x11
 626 00db 05       		.uleb128 0x5
 627 00dc 00       		.byte	0
ARM GAS  /tmp/ccXX2gYm.s 			page 12


 628 00dd 03       		.uleb128 0x3
 629 00de 0E       		.uleb128 0xe
 630 00df 3A       		.uleb128 0x3a
 631 00e0 0B       		.uleb128 0xb
 632 00e1 3B       		.uleb128 0x3b
 633 00e2 0B       		.uleb128 0xb
 634 00e3 39       		.uleb128 0x39
 635 00e4 0B       		.uleb128 0xb
 636 00e5 49       		.uleb128 0x49
 637 00e6 13       		.uleb128 0x13
 638 00e7 00       		.byte	0
 639 00e8 00       		.byte	0
 640 00e9 12       		.uleb128 0x12
 641 00ea 2E       		.uleb128 0x2e
 642 00eb 00       		.byte	0
 643 00ec 3F       		.uleb128 0x3f
 644 00ed 19       		.uleb128 0x19
 645 00ee 03       		.uleb128 0x3
 646 00ef 0E       		.uleb128 0xe
 647 00f0 3A       		.uleb128 0x3a
 648 00f1 0B       		.uleb128 0xb
 649 00f2 3B       		.uleb128 0x3b
 650 00f3 0B       		.uleb128 0xb
 651 00f4 39       		.uleb128 0x39
 652 00f5 0B       		.uleb128 0xb
 653 00f6 27       		.uleb128 0x27
 654 00f7 19       		.uleb128 0x19
 655 00f8 00       		.byte	0
 656 00f9 00       		.byte	0
 657 00fa 13       		.uleb128 0x13
 658 00fb 2E       		.uleb128 0x2e
 659 00fc 00       		.byte	0
 660 00fd 03       		.uleb128 0x3
 661 00fe 0E       		.uleb128 0xe
 662 00ff 3A       		.uleb128 0x3a
 663 0100 0B       		.uleb128 0xb
 664 0101 3B       		.uleb128 0x3b
 665 0102 05       		.uleb128 0x5
 666 0103 39       		.uleb128 0x39
 667 0104 0B       		.uleb128 0xb
 668 0105 27       		.uleb128 0x27
 669 0106 19       		.uleb128 0x19
 670 0107 49       		.uleb128 0x49
 671 0108 13       		.uleb128 0x13
 672 0109 00       		.byte	0
 673 010a 00       		.byte	0
 674 010b 14       		.uleb128 0x14
 675 010c 2E       		.uleb128 0x2e
 676 010d 01       		.byte	0x1
 677 010e 03       		.uleb128 0x3
 678 010f 0E       		.uleb128 0xe
 679 0110 3A       		.uleb128 0x3a
 680 0111 0B       		.uleb128 0xb
 681 0112 3B       		.uleb128 0x3b
 682 0113 05       		.uleb128 0x5
 683 0114 39       		.uleb128 0x39
 684 0115 0B       		.uleb128 0xb
ARM GAS  /tmp/ccXX2gYm.s 			page 13


 685 0116 27       		.uleb128 0x27
 686 0117 19       		.uleb128 0x19
 687 0118 01       		.uleb128 0x1
 688 0119 13       		.uleb128 0x13
 689 011a 00       		.byte	0
 690 011b 00       		.byte	0
 691 011c 15       		.uleb128 0x15
 692 011d 05       		.uleb128 0x5
 693 011e 00       		.byte	0
 694 011f 03       		.uleb128 0x3
 695 0120 0E       		.uleb128 0xe
 696 0121 3A       		.uleb128 0x3a
 697 0122 0B       		.uleb128 0xb
 698 0123 3B       		.uleb128 0x3b
 699 0124 05       		.uleb128 0x5
 700 0125 39       		.uleb128 0x39
 701 0126 0B       		.uleb128 0xb
 702 0127 49       		.uleb128 0x49
 703 0128 13       		.uleb128 0x13
 704 0129 00       		.byte	0
 705 012a 00       		.byte	0
 706 012b 16       		.uleb128 0x16
 707 012c 2E       		.uleb128 0x2e
 708 012d 00       		.byte	0
 709 012e 03       		.uleb128 0x3
 710 012f 0E       		.uleb128 0xe
 711 0130 3A       		.uleb128 0x3a
 712 0131 0B       		.uleb128 0xb
 713 0132 3B       		.uleb128 0x3b
 714 0133 05       		.uleb128 0x5
 715 0134 39       		.uleb128 0x39
 716 0135 0B       		.uleb128 0xb
 717 0136 27       		.uleb128 0x27
 718 0137 19       		.uleb128 0x19
 719 0138 00       		.byte	0
 720 0139 00       		.byte	0
 721 013a 00       		.byte	0
 722              		.section	.gnu.debuglto_.debug_line,"e",%progbits
 723              	.Ldebug_line0:
 724 0000 2E010000 		.4byte	.LELT0-.LSLT0
 725              	.LSLT0:
 726 0004 0400     		.2byte	0x4
 727 0006 28010000 		.4byte	.LELTP0-.LASLTP0
 728              	.LASLTP0:
 729 000a 01       		.byte	0x1
 730 000b 01       		.byte	0x1
 731 000c 01       		.byte	0x1
 732 000d F6       		.byte	0xf6
 733 000e F2       		.byte	0xf2
 734 000f 0D       		.byte	0xd
 735 0010 00       		.byte	0
 736 0011 01       		.byte	0x1
 737 0012 01       		.byte	0x1
 738 0013 01       		.byte	0x1
 739 0014 01       		.byte	0x1
 740 0015 00       		.byte	0
 741 0016 00       		.byte	0
ARM GAS  /tmp/ccXX2gYm.s 			page 14


 742 0017 00       		.byte	0
 743 0018 01       		.byte	0x1
 744 0019 00       		.byte	0
 745 001a 00       		.byte	0
 746 001b 01       		.byte	0x1
 747 001c 74686972 		.ascii	"third_party/ChibiOS/os/hal/ports/STM32/LLD/SYSTICKv"
 747      645F7061 
 747      7274792F 
 747      43686962 
 747      694F532F 
 748 004f 31       		.ascii	"1"
 749 0050 00       		.byte	0
 750 0051 74686972 		.ascii	"third_party/ChibiOS/os/hal/ports/STM32/LLD/TIMv1"
 750      645F7061 
 750      7274792F 
 750      43686962 
 750      694F532F 
 751 0081 00       		.byte	0
 752 0082 74686972 		.ascii	"third_party/ChibiOS/os/hal/src"
 752      645F7061 
 752      7274792F 
 752      43686962 
 752      694F532F 
 753 00a0 00       		.byte	0
 754 00a1 74686972 		.ascii	"third_party/ChibiOS/os/rt/include"
 754      645F7061 
 754      7274792F 
 754      43686962 
 754      694F532F 
 755 00c2 00       		.byte	0
 756 00c3 2F757372 		.ascii	"/usr/lib/gcc/arm-none-eabi/10.3.1/include"
 756      2F6C6962 
 756      2F676363 
 756      2F61726D 
 756      2D6E6F6E 
 757 00ec 00       		.byte	0
 758 00ed 00       		.byte	0
 759 00ee 73746469 		.ascii	"stdint.h\000"
 759      6E742E68 
 759      00
 760 00f7 05       		.uleb128 0x5
 761 00f8 00       		.uleb128 0
 762 00f9 00       		.uleb128 0
 763 00fa 63687469 		.ascii	"chtime.h\000"
 763      6D652E68 
 763      00
 764 0103 04       		.uleb128 0x4
 765 0104 00       		.uleb128 0
 766 0105 00       		.uleb128 0
 767 0106 73746D33 		.ascii	"stm32_tim.h\000"
 767      325F7469 
 767      6D2E6800 
 768 0112 02       		.uleb128 0x2
 769 0113 00       		.uleb128 0
 770 0114 00       		.uleb128 0
 771 0115 68616C5F 		.ascii	"hal_st.c\000"
 771      73742E63 
ARM GAS  /tmp/ccXX2gYm.s 			page 15


 771      00
 772 011e 03       		.uleb128 0x3
 773 011f 00       		.uleb128 0
 774 0120 00       		.uleb128 0
 775 0121 68616C5F 		.ascii	"hal_st_lld.h\000"
 775      73745F6C 
 775      6C642E68 
 775      00
 776 012e 01       		.uleb128 0x1
 777 012f 00       		.uleb128 0
 778 0130 00       		.uleb128 0
 779 0131 00       		.byte	0
 780              	.LELTP0:
 781              	.LELT0:
 782              		.section	.gnu.debuglto_.debug_str,"eMS",%progbits,1
 783              	.LASF19:
 784 0000 42445452 		.ascii	"BDTR\000"
 784      00
 785              	.LASF28:
 786 0005 73744973 		.ascii	"stIsAlarmActive\000"
 786      416C6172 
 786      6D416374 
 786      69766500 
 787              	.LASF29:
 788 0015 73744765 		.ascii	"stGetCounter\000"
 788      74436F75 
 788      6E746572 
 788      00
 789              	.LASF12:
 790 0022 73797374 		.ascii	"systime_t\000"
 790      696D655F 
 790      7400
 791              	.LASF7:
 792 002c 73686F72 		.ascii	"short unsigned int\000"
 792      7420756E 
 792      7369676E 
 792      65642069 
 792      6E7400
 793              	.LASF27:
 794 003f 61627374 		.ascii	"abstime\000"
 794      696D6500 
 795              	.LASF32:
 796 0047 73745F6C 		.ascii	"st_lld_is_alarm_active\000"
 796      6C645F69 
 796      735F616C 
 796      61726D5F 
 796      61637469 
 797              	.LASF23:
 798 005e 73746D33 		.ascii	"stm32_tim_t\000"
 798      325F7469 
 798      6D5F7400 
 799              	.LASF38:
 800 006a 74686972 		.ascii	"third_party/ChibiOS/os/hal/src/hal_st.c\000"
 800      645F7061 
 800      7274792F 
 800      43686962 
 800      694F532F 
ARM GAS  /tmp/ccXX2gYm.s 			page 16


 801              	.LASF41:
 802 0092 73745F6C 		.ascii	"st_lld_stop_alarm\000"
 802      6C645F73 
 802      746F705F 
 802      616C6172 
 802      6D00
 803              	.LASF15:
 804 00a4 44494552 		.ascii	"DIER\000"
 804      00
 805              	.LASF24:
 806 00a9 5F5F6675 		.ascii	"__func__\000"
 806      6E635F5F 
 806      00
 807              	.LASF35:
 808 00b2 73745F6C 		.ascii	"st_lld_start_alarm\000"
 808      6C645F73 
 808      74617274 
 808      5F616C61 
 808      726D00
 809              	.LASF9:
 810 00c5 6C6F6E67 		.ascii	"long long unsigned int\000"
 810      206C6F6E 
 810      6720756E 
 810      7369676E 
 810      65642069 
 811              	.LASF6:
 812 00dc 756E7369 		.ascii	"unsigned char\000"
 812      676E6564 
 812      20636861 
 812      7200
 813              	.LASF8:
 814 00ea 6C6F6E67 		.ascii	"long unsigned int\000"
 814      20756E73 
 814      69676E65 
 814      6420696E 
 814      7400
 815              	.LASF34:
 816 00fc 73745F6C 		.ascii	"st_lld_set_alarm\000"
 816      6C645F73 
 816      65745F61 
 816      6C61726D 
 816      00
 817              	.LASF4:
 818 010d 73686F72 		.ascii	"short int\000"
 818      7420696E 
 818      7400
 819              	.LASF37:
 820 0117 474E5520 		.ascii	"GNU C17 10.3.1 20210621 (release) -mcpu=cortex-m7 -"
 820      43313720 
 820      31302E33 
 820      2E312032 
 820      30323130 
 821 014a 6D746875 		.ascii	"mthumb -mfloat-abi=hard -mfpu=fpv5-d16 -march=armv7"
 821      6D62202D 
 821      6D666C6F 
 821      61742D61 
 821      62693D68 
ARM GAS  /tmp/ccXX2gYm.s 			page 17


 822 017d 652D6D2B 		.ascii	"e-m+fp.dp -ggdb -O2 -fomit-frame-pointer -falign-fu"
 822      66702E64 
 822      70202D67 
 822      67646220 
 822      2D4F3220 
 823 01b0 6E637469 		.ascii	"nctions=16 -ffunction-sections -fdata-sections -fno"
 823      6F6E733D 
 823      3136202D 
 823      6666756E 
 823      6374696F 
 824 01e3 2D636F6D 		.ascii	"-common -flto\000"
 824      6D6F6E20 
 824      2D666C74 
 824      6F00
 825              	.LASF20:
 826 01f1 444D4152 		.ascii	"DMAR\000"
 826      00
 827              	.LASF30:
 828 01f6 73745374 		.ascii	"stStopAlarm\000"
 828      6F70416C 
 828      61726D00 
 829              	.LASF0:
 830 0202 756E7369 		.ascii	"unsigned int\000"
 830      676E6564 
 830      20696E74 
 830      00
 831              	.LASF36:
 832 020f 73745F6C 		.ascii	"st_lld_get_counter\000"
 832      6C645F67 
 832      65745F63 
 832      6F756E74 
 832      657200
 833              	.LASF26:
 834 0222 73745374 		.ascii	"stStartAlarm\000"
 834      61727441 
 834      6C61726D 
 834      00
 835              	.LASF25:
 836 022f 73745365 		.ascii	"stSetAlarm\000"
 836      74416C61 
 836      726D00
 837              	.LASF39:
 838 023a 2F686F6D 		.ascii	"/home/ian/Documents/BPRL_balance\000"
 838      652F6961 
 838      6E2F446F 
 838      63756D65 
 838      6E74732F 
 839              	.LASF2:
 840 025b 6C6F6E67 		.ascii	"long double\000"
 840      20646F75 
 840      626C6500 
 841              	.LASF31:
 842 0267 7374496E 		.ascii	"stInit\000"
 842      697400
 843              	.LASF1:
 844 026e 6C6F6E67 		.ascii	"long long int\000"
 844      206C6F6E 
ARM GAS  /tmp/ccXX2gYm.s 			page 18


 844      6720696E 
 844      7400
 845              	.LASF33:
 846 027c 73745F6C 		.ascii	"st_lld_get_alarm\000"
 846      6C645F67 
 846      65745F61 
 846      6C61726D 
 846      00
 847              	.LASF18:
 848 028d 43434552 		.ascii	"CCER\000"
 848      00
 849              	.LASF14:
 850 0292 534D4352 		.ascii	"SMCR\000"
 850      00
 851              	.LASF16:
 852 0297 43434D52 		.ascii	"CCMR1\000"
 852      3100
 853              	.LASF21:
 854 029d 43434D52 		.ascii	"CCMR3\000"
 854      3300
 855              	.LASF11:
 856 02a3 75696E74 		.ascii	"uint32_t\000"
 856      33325F74 
 856      00
 857              	.LASF5:
 858 02ac 6C6F6E67 		.ascii	"long int\000"
 858      20696E74 
 858      00
 859              	.LASF10:
 860 02b5 63686172 		.ascii	"char\000"
 860      00
 861              	.LASF17:
 862 02ba 43434D52 		.ascii	"CCMR2\000"
 862      3200
 863              	.LASF3:
 864 02c0 7369676E 		.ascii	"signed char\000"
 864      65642063 
 864      68617200 
 865              	.LASF13:
 866 02cc 5F426F6F 		.ascii	"_Bool\000"
 866      6C00
 867              	.LASF22:
 868 02d2 43435852 		.ascii	"CCXR\000"
 868      00
 869              	.LASF40:
 870 02d7 73744765 		.ascii	"stGetAlarm\000"
 870      74416C61 
 870      726D00
 871              		.text
 872              		.section	.gnu.lto_.profile.888c1c1f71a02f58,"e",%progbits
 873 0000 789C6362 		.ascii	"x\234cb\000\001\000\000\022\000\003"
 873      00010000 
 873      120003
 874              		.text
 875              		.section	.gnu.lto_.icf.888c1c1f71a02f58,"e",%progbits
 876 0000 789CD362 		.ascii	"x\234\323b@\000v\206\353'f\177\347`\374t\370>+\323\374"
 876      40007686 
ARM GAS  /tmp/ccXX2gYm.s 			page 19


 876      EB27667F 
 876      E760FC74 
 876      F83E2BD3 
 877 0015 DDA7A7B0 		.ascii	"\335\247\247\2602/;\267\3416?Kg\317M#\326WS\026\356"
 877      322F3BB7 
 877      E1363F4B 
 877      67CF4D23 
 877      D6575316 
 878 002a 61675BF5 		.ascii	"ag[\365u\363Dn\006\000\267\014\023\325"
 878      75F3446E 
 878      0600B70C 
 878      13D5
 879              		.text
 880              		.section	.gnu.lto_.ipa_sra.888c1c1f71a02f58,"e",%progbits
 881 0000 789C5364 		.ascii	"x\234Sd@\000v\006\006F\006FF\006f&F\020\227\221\231"
 881      40007606 
 881      06460646 
 881      46066626 
 881      46109791 
 882 0015 819105C2 		.ascii	"\201\221\005\302be`fc`f\000\000\010\271\000N"
 882      62656066 
 882      63606600 
 882      0008B900 
 882      4E
 883              		.text
 884              		.section	.gnu.lto_.inline.888c1c1f71a02f58,"e",%progbits
 885 0000 789CFBC6 		.ascii	"x\234\373\306\200\000\354\014\014,\015@\300\234\306"
 885      8000EC0C 
 885      0C2C0D40 
 885      C09CC6
 886 000f C8C0C4C0 		.ascii	"\310\300\304\300\320\010d\32610\260\201\204\230R\230"
 886      D00864D6 
 886      3130B081 
 886      84985298 
 887 001f 40420C8C 		.ascii	"@B\014\214\\ \205\214Pu)@uL`\351d4uL`\356\001\246T\240"
 887      5C20858C 
 887      50752940 
 887      754C60E9 
 887      6434754C 
 888 0039 0A36885A 		.ascii	"\0126\210Z4\025\314\004\315`!\250\202\225\240\0126\202"
 888      3415CC04 
 888      CD6021A8 
 888      8295A00A 
 888      3682
 889 004b EE600000 		.ascii	"\356`\000\000\325j4\253"
 889      D56A34AB 
 890              		.text
 891              		.section	.gnu.lto_.jmpfuncs.888c1c1f71a02f58,"e",%progbits
 892 0000 789C5362 		.ascii	"x\234Sb@\000v\020\301\310\300\300\304\310\310X\277\204"
 892      40007610 
 892      C1C8C0C0 
 892      C4C8C858 
 892      BF84
 893 0012 99819981 		.ascii	"\231\201\231\201\201\005\312de``\003J\002\000-7\002"
 893      8105CA64 
 893      65606003 
 893      4A02002D 
ARM GAS  /tmp/ccXX2gYm.s 			page 20


 893      3702
 894 0024 91       		.ascii	"\221"
 895              		.text
 896              		.section	.gnu.lto_.pureconst.888c1c1f71a02f58,"e",%progbits
 897 0000 789C05C1 		.ascii	"x\234\005\301\001\021\000 \014\304\260\037\024\346\000"
 897      01110020 
 897      0CC4B01F 
 897      14E600
 898 000f EDBBAA25 		.ascii	"\355\273\252%yI:C\311\222-\310\221+\0372\332\004\203"
 898      79493A43 
 898      C9922DC8 
 898      912B1F32 
 898      DA0483
 899              		.text
 900              		.section	.gnu.lto_.lto.888c1c1f71a02f58,"e",%progbits
 901 0000 09000400 		.ascii	"\011\000\004\000\001\000\000\000"
 901      01000000 
 902              		.text
 903              		.section	.gnu.lto_stInit.432.888c1c1f71a02f58,"e",%progbits
 904 0000 789CEB65 		.ascii	"x\234\353e``\360\001be fdf`\2344\261\213\211\241\241"
 904      6060F001 
 904      62652066 
 904      6466609C 
 904      34B18B89 
 905 0016 A1C1819D 		.ascii	"\241\301\201\235\211\261qb\027'\343VF0\217\221\241\236"
 905      89B17162 
 905      1727E356 
 905      46308F91 
 905      A19E
 906 0028 89B19E71 		.ascii	"\211\261\236q2\263&\220\373\243ur\357a\306\206\025\007"
 906      32B32690 
 906      FBA37572 
 906      EF61C686 
 906      1507
 907 003a 18973033 		.ascii	"\030\227030\314\003b(`\203\361\030\201x\375%\326\003"
 907      30CC0362 
 907      286083F1 
 907      188178FD 
 907      25D603
 908 004d 0D7FFEF7 		.ascii	"\015\177\376\36774\334}\3048O\031(\336\317\0142\272"
 908      3734DC7D 
 908      C4384F19 
 908      28DECF0C 
 908      32BA
 909 005f 8185B1E1 		.ascii	"\201\205\261\341\000\003\303\004f&\010\247\021\310y"
 909      0003C304 
 909      662608A7 
 909      11C879
 910 006e C5D8F068 		.ascii	"\305\330\360h\3671F\206\017\214\315\012\014-\214LK\230"
 910      F7314686 
 910      0F8CCD0A 
 910      0C2D8C4C 
 910      4B98
 911 0080 19E73103 		.ascii	"\031\3471\003\015Y\302\314\304\360\211\261\351\301^"
 911      0D59C2CC 
 911      C4F089B1 
 911      E9C15E
ARM GAS  /tmp/ccXX2gYm.s 			page 21


 912 008f 37B0F9FD 		.ascii	"7\260\371\375\314\214\010\003\030\030\024\3653\362s"
 912      CC8C0803 
 912      181814F5 
 912      33F273
 913 009e 53F53313 		.ascii	"S\3653\023\363\364]\362\223KsS\363J\212\365\235\002"
 913      F3F45DF2 
 913      934B7353 
 913      F34A8AF5 
 913      9D02
 914 00b0 827CE293 		.ascii	"\202|\342\223\022s\022\363\222S\0314J22\213R\342\013"
 914      127312F3 
 914      92531934 
 914      4A32328B 
 914      52E20B
 915 00c3 128B4A2A 		.ascii	"\022\213J*\365\23532\2232\375\203\365\363\213\3653\022"
 915      F59D3332 
 915      9332FD83 
 915      F5F38BF5 
 915      3312
 916 00d5 73F48B8B 		.ascii	"s\364\213\213\222At|q\211^2\003\000\314\212M\033"
 916      9241747C 
 916      71895E32 
 916      0300CC8A 
 916      4D1B
 917              		.text
 918              		.section	.gnu.lto_stGetCounter.433.888c1c1f71a02f58,"e",%progbits
 919 0000 789C7D4F 		.ascii	"x\234}O=K\003A\024|s{&i\254l-\024D\264\311\372\361\007"
 919      3D4B0341 
 919      147C737B 
 919      2669AC6C 
 919      2D1444B4 
 920 0018 446DC488 		.ascii	"Dm\304\210b\322X\205K\014\\ &\222D\301*k\304F\204hl"
 920      62D25885 
 920      4B0C5C20 
 920      269244C1 
 920      2A6BC446 
 921 002f 52248212 		.ascii	"R$\202\022D+\021\"~\313ae'X[i#\"\"\006\305B\320\267"
 921      442B1122 
 921      7ECB6165 
 921      27585B69 
 921      23222206 
 922 0047 97D42EEC 		.ascii	"\227\324.\354\356\233\2673\363f\273AT \242n\336\020"
 922      EE9BB733 
 922      F366BB41 
 922      5420A26E 
 922      DE10
 923 0059 84E2E69A 		.ascii	"\204\342\346\232AJ\251!\257\201\345\315\265\273J\315"
 923      414AA921 
 923      AF81E5CD 
 923      B5BB4ACD 
 924 0069 C409DC06 		.ascii	"\304\011\334\006(g \207-Q\026(\212*\223\315f\005t\364"
 924      28672087 
 924      2D511628 
 924      8A2A93CD 
 924      660574F4 
 925 007d 3A4A7DAF 		.ascii	":J}\257n\335=y\312\373\216Y\025\006m3\341\030\250\361"
 925      6EDD3D79 
ARM GAS  /tmp/ccXX2gYm.s 			page 22


 925      CAFB8E59 
 925      15066D33 
 925      E118A8F1 
 926 0091 00BD3CA4 		.ascii	"\000\275<\244;<\2045n\015\234\2024`\363\357\327\035"
 926      3B3C8435 
 926      6E0D9C82 
 926      3460F3EF 
 926      D71D
 927 00a3 669F80BB 		.ascii	"f\237\200\273\232\2103\367Q+\017\357[\034\365\363[P"
 927      9A8833F7 
 927      512B0FEF 
 927      5B1CF5F3 
 927      5B50
 928 00b5 EAB7FDFA 		.ascii	"\352\267\375\372\341\313\307\306U\301>\005\241S*\023"
 928      E1CBC7C6 
 928      55C13E05 
 928      A1532A13 
 929 00c5 CA21DA10 		.ascii	"\312!\332\020F\003\2540x\201\332\365\352\263\376\271"
 929      4603AC30 
 929      7881DAF5 
 929      EAB3FEB9 
 930 00d5 5EAADFB6 		.ascii	"^\252\337\266\261\231F\217\225z\0118\007\275\341\346"
 930      B199468F 
 930      957A0938 
 930      07BDE1E6 
 931 00e5 F2A07557 		.ascii	"\362\240uW\030\315\360\246\233\242Q\271.\214\366\300"
 931      18CDF0A6 
 931      9BA251B9 
 931      2E8CF6C0 
 932 00f5 535A7009 		.ascii	"SZp\011\\\200\372v\224z\356\252\012\017\256P\021n:\372"
 932      5C80FA76 
 932      947AEEAA 
 932      0A0FAE50 
 932      116E3AFA 
 933 0109 40FEFDA8 		.ascii	"@\376\375\250x\361\354\343\320l\245?X\020\0159\362\216"
 933      78F1ECE3 
 933      D06CA53F 
 933      58100D39 
 933      F28E
 934 011b 869DD24E 		.ascii	"\206\235\322N\315\305d\334J\312\321Tta.\226\314f\344"
 934      CDC564DC 
 934      4ACAD154 
 934      74612E96 
 934      CC66E4
 935 012e F0D47420 		.ascii	"\360\324t \034\261\022V2\032\243\236\254\035O\317\206"
 935      1CB11256 
 935      321AA39E 
 935      AC1D4FCF 
 935      86
 936 013f E7AD7476 		.ascii	"\347\255tvI\216\330\361H|2(S\031i[\011\231IG\365\035"
 936      498ED8F1 
 936      487C3228 
 936      5319695B 
 936      09994947 
 937 0155 CE64FD51 		.ascii	"\316d\375Q\032\376\2078\237J\263o0418 \003\201Q\031"
 937      1AFE8738 
 937      9F4AB36F 
ARM GAS  /tmp/ccXX2gYm.s 			page 23


 937      30343138 
 937      20038151 
 938 016a 9C0986C6 		.ascii	"\234\011\206\306F\306\027\373\233\362p\"1\353\267\351"
 938      46C617FB 
 938      9BF27022 
 938      31EBB7E9 
 939 017a 0FF04593 		.ascii	"\017\360E\223\341"
 939      E1
 940              		.text
 941              		.section	.gnu.lto_stStartAlarm.434.888c1c1f71a02f58,"e",%progbits
 942 0000 789C8D52 		.ascii	"x\234\215RKh\023Q\024\275g^\222\261+\241\013qQ\244\376"
 942      4B681351 
 942      14BD675E 
 942      92B12BA1 
 942      0B7151A4 
 943 0015 F0B3C898 		.ascii	"\360\263\310\230\026?Ki\013*MQL]\270\012\2234\222@>"
 943      163F4B69 
 943      0B2A4D51 
 943      4C5DB80A 
 943      93349240 
 944 002a 258982AB 		.ascii	"%\211\202\253>SD(bl\273)R\013J\220\350\306\017\250\215"
 944      3E534428 
 944      626CBB29 
 944      520B4A90 
 944      E8C60FA8 
 945 003f 5A3B56B1 		.ascii	"Z;V\261\256D\304\215\270\260\306\215\024\374\320\200"
 945      AE44C48D 
 945      B8B0C68D 
 945      14FCD080 
 946 004f B4A0C4FB 		.ascii	"\264\240\304\373^&\025\272\020\007\336\334{\356\273"
 946      5E2615BA 
 946      1007DEDC 
 946      7BEEBB
 947 005e E79CF7EE 		.ascii	"\347\234\367\356L\257At\213\210\266\362\202 \214\215"
 947      4CAF4174 
 947      8B88B6F2 
 947      82208C8D 
 948 006e 8E1824A5 		.ascii	"\216\030$\245<h\03287:\322\202\0124\002\015\031\030"
 948      3C681A38 
 948      373AD282 
 948      0A34020D 
 948      1918
 949 0080 C2B8D8C5 		.ascii	"\302\270\330\305p\371\374\370\367\347\220e\007%A4\305"
 949      70F9FCF8 
 949      F7E79065 
 949      07254134 
 949      C5
 950 0091 4B3F9302 		.ascii	"K?\223\002c\242$\000\217\233\031h\347L\364\321\016G"
 950      63A22400 
 950      8F9B1968 
 950      E74CF4D1 
 950      0E47
 951 00a3 CA3733D3 		.ascii	"\31273\323R\266PI\010<\004s\360\000\270\017R\205\023"
 951      52B65049 
 951      083C0473 
 951      F000B80F 
 951      528513
ARM GAS  /tmp/ccXX2gYm.s 			page 24


 952 00b6 9F3D443E 		.ascii	"\237=D>W\011L\3219\360\010JS\221\227\357\\X\254l{9,"
 952      57094CD1 
 952      39F0084A 
 952      539197EF 
 952      5C58AC6C 
 953 00cd 0F37F970 		.ascii	"\0177\371p\371x\014\245\360\325\313\235\333U\347\304"
 953      F9780CA5 
 953      F0D5CB9D 
 953      DB55E7C4 
 954 00dd CAD44553 		.ascii	"\312\324ES\276\222\236\265N\334\3318\244O]\341w\000"
 954      BE929EB5 
 954      4EDCD938 
 954      A44F5DE1 
 954      7700
 955 00ef 4FB85651 		.ascii	"O\270VQR\312\0333\332O\265\334~\353u\344\257zQ\312\372"
 955      52CA1B33 
 955      DA4FB5DC 
 955      7EEB75E4 
 955      AF7A51CA 
 956 0104 A6D793F5 		.ascii	"\246\327\223\365u>\003\230\346\215\242P\223\221\036"
 956      753E0398 
 956      E68DA250 
 956      93911E
 957 0113 4887E8B2 		.ascii	"H\207\350\2620\032`\230\301\"d\2656\017\025\267\254"
 957      301A6098 
 957      C12264B5 
 957      360F15B7 
 957      AC
 958 0124 BEAA3F4D 		.ascii	"\276\252?M\016\205v\366\271.\014U\251}\272\364\256\266"
 958      0E8576F6 
 958      B92E0C55 
 958      A97DBAF4 
 958      AEB6
 959 0136 D0CA567A 		.ascii	"\320\312Vz\377}m\002x\012\372\206\271+7\333\334\231"
 959      FF7D6D02 
 959      780AFA86 
 959      B92B37DB 
 959      DC99
 960 0148 7940AB99 		.ascii	"y@\253\2316`t\003<%/\034`V\357\356\271&\345\227\365"
 960      36607403 
 960      3C252F1C 
 960      6056EFEE 
 960      B926E597 
 961 015d 25E1C333 		.ascii	"%\341\3033\\\025\372\354\035\\*o(\011\023s\300n]rM\253"
 961      5C15FAEC 
 961      1D5C2A6F 
 961      28091373 
 961      C06E5D72 
 962 0173 1F6A1B95 		.ascii	"\037j\033\225\305R\271m\255TS\307\304\013\326\201\""
 962      C552B96D 
 962      AD5453C7 
 962      C40BD681 
 962      22
 963 0184 2963FED8 		.ascii	")c\376\330\232\370\361?\210\363L4\376\022\225c\341\307"
 963      9AF8F13F 
 963      88F34C34 
 963      FE129563 
ARM GAS  /tmp/ccXX2gYm.s 			page 25


 963      E1C7
 964 0196 DD7BB341 		.ascii	"\335{\263A\236\254\0320-\241\260\260rH\377\037E\321"
 964      9EAC1A30 
 964      2DA1B0B0 
 964      7248FF1F 
 964      45D1
 965 01a8 B8110A8E 		.ascii	"\270\021\012\216\202\233\255x&\025\263\022v\332\352"
 965      829BAD78 
 965      2615B312 
 965      76DAEA
 966 01b7 C9444FA7 		.ascii	"\311DO\247b\351|\316\352:v<\030\216\330I;\035\215\321"
 966      62E97CCE 
 966      EA3A763C 
 966      188ED849 
 966      3B1D8DD1 
 967 01cb CE7C3C91 		.ascii	"\316|<\221\035\010\017\332\331\374Y\253;\236\210$\216"
 967      1D080FDA 
 967      D9FC59AB 
 967      3B9E8824 
 967      8E
 968 01dc 86AC4CCE 		.ascii	"\206\254L\316\212\333I+\227\215\252\030\316\345\375"
 968      8ADB492B 
 968      978DAA18 
 968      CEE5FD
 969 01eb 5132ED48 		.ascii	"Q2\355H.\237H\305Z\233\025\377\376\300\201\316S\003"
 969      2E9F48C5 
 969      5A9B15FF 
 969      FEC081CE 
 969      5303
 970 01fd FBF652D7 		.ascii	"\373\366R\327?4\0063Y\266\014\365\367uvX\301`\217\025"
 970      3F340633 
 970      59B60CF5 
 970      F7757658 
 970      C1608F15 
 971 0211 3A19EA3F 		.ascii	":\031\352?\322\335{&\340*\207\223\311\001\177\234\376"
 971      D2DD7B26 
 971      E02A8793 
 971      C9017F9C 
 971      FE
 972 0222 0005BCF7 		.ascii	"\000\005\274\367\207"
 972      87
 973              		.text
 974              		.section	.gnu.lto_stStopAlarm.435.888c1c1f71a02f58,"e",%progbits
 975 0000 789C7D8F 		.ascii	"x\234}\217=K\003A\020\206\347\275\365\203`!\330X\213"
 975      3D4B0341 
 975      1086E7BD 
 975      F5836021 
 975      D8588B
 976 0013 4D6CB21A 		.ascii	"Ml\262\032\377\200$i\304\210\342\245\261\012\227\017"
 976      FF802469 
 976      C488E2A5 
 976      B10A970F 
 977 0023 B8837C91 		.ascii	"\270\203|\221;\005\253\254\021\033Qb\022\013\301\250"
 977      3B05ABAC 
 977      111B5162 
 977      120BC1A8 
 978 0033 0821A413 		.ascii	"\010!\244\023\0135j\023\004\021,\365\017\210\225X\250"
ARM GAS  /tmp/ccXX2gYm.s 			page 26


 978      0B356A13 
 978      04112CF5 
 978      0F889558 
 978      A8
 979 0044 440C1682 		.ascii	"D\014\026\202\356]\202\245\013\303\3163;\363\316\273"
 979      EE5D82A5 
 979      0BC3CE33 
 979      3BF3CEBB 
 980 0054 03202A10 		.ascii	"\003 *\020\321\250\0140B\251\270\241\220\020b\252_\301"
 980      D1A80C30 
 980      42A9B8A1 
 980      901062AA 
 980      5FC1
 981 0066 6A71C385 		.ascii	"jq\303\205S8\004\312)\310\241\314\306$~\255\227\267"
 981      533804CA 
 981      29C8A1CC 
 981      C6247EAD 
 981      97B7
 982 0078 6E20EA4D 		.ascii	"n \352MT\031\321\201\214\356\351\353\022*\014N\016\234"
 982      5419D181 
 982      8CEEE9EB 
 982      122A0C4E 
 982      0E9C
 983 008a 816CB0A7 		.ascii	"\201l\260\247n\275$\345d\321\356\303\271\363&\327\323"
 983      6EBD24E5 
 983      64D1EEC3 
 983      B9F326D7 
 983      D3
 984 009b F17D6F53 		.ascii	"\361}oS|\377\024\204xs7*5\227T(0\333\204\350\201h\022"
 984      7CFF1484 
 984      7873372A 
 984      35975428 
 984      30DB84E8 
 985 00b2 6D33A503 		.ascii	"m3\245\003k\022^ \236\016\357`\337\037\237\233;\355"
 985      6B125E20 
 985      9E0EEF60 
 985      DF1F9F9B 
 985      3BED
 986 00c4 C721A9E4 		.ascii	"\307!\251\344T\367\332\273@\003\364\212\353V}X.-\261"
 986      54F7DABB 
 986      4003F48A 
 986      EB567D58 
 986      2E2DB1
 987 00d7 AA34407F 		.ascii	"\2524@\177\231#\"\251\006\2522\005\227\300\005h\374"
 987      992322A9 
 987      06AA3205 
 987      97C00568 
 987      FC
 988 00e8 4888E7C1 		.ascii	"H\210\347\301*c\270\302>s|\331\335\322$\265\220\177"
 988      2A63B8C2 
 988      3E737CD9 
 988      DDD224B5 
 988      907F
 989 00fa 3FC93F04 		.ascii	"?\311?\004\244i\347w\005\326\221@\276i\343\010\327\323"
 989      A469E777 
 989      05D69140 
 989      BE69E308 
ARM GAS  /tmp/ccXX2gYm.s 			page 27


 989      D7D3
 990 010c C93837B4 		.ascii	"\31187\264\024\017\244\243K\311x\3122\271o~!\030\216"
 990      140FA4A3 
 990      4BC978CA 
 990      32B96F7E 
 990      21188E
 991 011f 68092D15 		.ascii	"h\011-\025\215\223\333\322\215l,\234\321\262\326\012"
 991      8D93DBD2 
 991      8D6C2C9C 
 991      D1B2D60A 
 992 012f F7EB46C4 		.ascii	"\367\353F\304\230Sy\332\344\272\226\340f6j\337a\323"
 992      985379DA 
 992      E4BA96E0 
 992      66366ADF 
 992      61D3
 993 0141 F244C9F7 		.ascii	"\362D\311\367Oc&\235\225\272jhv\322\313\203\301\000"
 993      4F63269D 
 993      95BA6A68 
 993      76D2CB83 
 993      C100
 994 0153 5717D5D0 		.ascii	"W\027\325\320\264\177fy\242;\036N$b\036\235~\001\343"
 994      B47F6679 
 994      A23B1E4E 
 994      24621E9D 
 994      7E01E3
 995 0166 708AC8   		.ascii	"p\212\310"
 996              		.text
 997              		.section	.gnu.lto_stSetAlarm.436.888c1c1f71a02f58,"e",%progbits
 998 0000 789C7D51 		.ascii	"x\234}QKh\023Q\024\275g\336$!n\204.\\\271h\025Q\273"
 998      4B681351 
 998      14BD67DE 
 998      24216E84 
 998      2E5CB968 
 999 0017 C8D8143F 		.ascii	"\310\330\024?\013\027\322v\341'E1u\341*L>\222\201|J"
 999      0B17D276 
 999      E1274531 
 999      75E12A4C 
 999      3E92817C 
 1000 002c 66145CF5 		.ascii	"f\024\\\365\231\"B\021c\333M\221*(\203\324\010~\026"
 1000      99224211 
 1000      63DB4D91 
 1000      2A2883D4 
 1000      087E16
 1001 003f 6A63FC8C 		.ascii	"jc\374\214\205\202\212\013\021E\202\240\265+qQ\264B"
 1001      85828A0B 
 1001      114582A0 
 1001      B52B7151 
 1001      B442
 1002 0051 E942D0FB 		.ascii	"\351B\320\373&\323.\\8\360\346\336{\356\275\347\274"
 1002      26D32E5C 
 1002      38F0E6DE 
 1002      7BEEBDE7 
 1002      BC
 1003 0062 7B5F0B44 		.ascii	"{_\013Du\"\332\312\007\20201>\246\221\224\362@D\303"
 1003      7522DACA 
 1003      07823031 
 1003      3EA69194 
ARM GAS  /tmp/ccXX2gYm.s 			page 28


 1003      F24044C3 
 1004 0076 B9F1B128 		.ascii	"\271\361\261(\032\360#\320\210\206\021L\212\235\034"
 1004      1AF023D0 
 1004      8886114C 
 1004      8A9D1C
 1005 0085 AE9E9FBC 		.ascii	"\256\236\237\274=\0179\343\301\025D\327\370\370\337"
 1005      3D0F39E3 
 1005      C11544D7 
 1005      F8F8DF
 1006 0094 B4C08470 		.ascii	"\264\300\204p\005\240\007\236\206N\366\304 m\367\244"
 1006      05A0079E 
 1006      864EF6C4 
 1006      206DF7A4 
 1007 00a4 7CDB9C95 		.ascii	"|\333\234\2252J\256\020x\004\356\301C\340\001\2533p"
 1007      324AAE10 
 1007      7804EEC1 
 1007      43E001AB 
 1007      3370
 1008 00b6 A2A11385 		.ascii	"\242\241\023\205\003&p\213\357\003\217\2418U\363\352"
 1008      0326708B 
 1008      EF038FA1 
 1008      3855F3EA 
 1009 00c6 BD0BF5E6 		.ascii	"\275\013\365\346\376\371Qyp\255\037A?\232P\014\257B"
 1009      FEF95179 
 1009      70AD1F41 
 1009      3F9A500C 
 1009      AF42
 1010 00d8 5CB94D55 		.ascii	"\\\271MUN\265\352\027#\362\245\324\377U\342\312\366"
 1010      4EB5EA17 
 1010      23F2A5D4 
 1010      FF55E2CA 
 1010      F6
 1011 00e9 25C36A84 		.ascii	"%\303j\204\217q<a\254\241\250\2246\236\372z\252\344"
 1011      8F713C61 
 1011      ACA1A894 
 1011      369EFA7A 
 1011      AAE4
 1012 00fb EEBB9027 		.ascii	"\356\273\220'\177\377\251I\371\245\373\315\364\235\250"
 1012      7FFFA949 
 1012      F9A5FBCD 
 1012      F49DA8
 1013 010a AE01B39C 		.ascii	"\256\001\263\234\250\011\265\031\251CzD\227\205\326"
 1013      A809B519 
 1013      A9437A44 
 1013      9785D6
 1014 0119 0E4639F8 		.ascii	"\016F9\370\016\271\370\3515\224\335\262\376[\374\274"
 1014      0EB9F8E9 
 1014      3594DDB2 
 1014      FE5BFCBC 
 1015 0129 814DB593 		.ascii	"\201M\265\223un\010M!\277\276^z\277\262\320\301R~\276"
 1015      756E084D 
 1015      21BFBE5E 
 1015      7ABFB2D0 
 1015      C1527EBE 
 1016 013d B532053C 		.ascii	"\2652\005<\003-a\356\312\255\315\301\316t\320\272\347"
 1016      032D61EE 
 1016      CAADCDC1 
ARM GAS  /tmp/ccXX2gYm.s 			page 29


 1016      CE74D0BA 
 1016      E7
 1017 014e 0B707413 		.ascii	"\013pt\023\274\245\020<\340\271\237\335u]\312o\033]"
 1017      BCA5103C 
 1017      E0B99FDD 
 1017      755DCA6F 
 1017      1B5D
 1018 0160 11C60B5C 		.ascii	"\021\306\013\\\025\376\335\343\014\315lrE\004s@\267"
 1018      15FEDDE3 
 1018      0CCD6C72 
 1018      45047340 
 1018      B7
 1019 0171 0FB545AB 		.ascii	"\017\265E\253?\356/\177H\360\234j\\ZFu\341\347a\377"
 1019      3FEE2F7F 
 1019      48F09C6A 
 1019      5C5A4675 
 1019      E1E761FF 
 1020 0185 B56AA2CD 		.ascii	"\265j\242\315\217\252\247\302.#_.\346\014\313,\031\003"
 1020      8FAAA7C2 
 1020      2E235F2E 
 1020      E60CCB2C 
 1020      1903
 1021 0197 E5CCE962 		.ascii	"\345\314\351b\256\344\330F\337\261\343\211T\332,\230"
 1021      AEE4D846 
 1021      DFB1E389 
 1021      54DA2C98 
 1022 01a7 A54C8E76 		.ascii	"\245L\216v8y\253\222M\015\233\025\347\254\321\237\267"
 1022      3879AB92 
 1022      4D0D9B15 
 1022      E7ACD19F 
 1022      B7
 1023 01b8 D2D6D1A4 		.ascii	"\322\326\321\244Q\266\215\274Y0\354JF\331\224\355\304"
 1023      51B68DBC 
 1023      5930EC4A 
 1023      46D994ED 
 1023      C4
 1024 01c9 321431D3 		.ascii	"2\0241\323\266c\025s\035kHlo\317\276\336S\331=\273\251"
 1024      B6631573 
 1024      1D6B486C 
 1024      6FCFBEDE 
 1024      53D93DBB 
 1025 01de EF3F1CC3 		.ascii	"\357?\034\303\345\012K&\207\006{\343F\"1`$O&\207\016"
 1025      E50A4B26 
 1025      87067BE3 
 1025      46223160 
 1025      244F2687 
 1026 01f3 F51F39D3 		.ascii	"\365\0379\323\0230\247\012\205l,O\177\001\342\234\322"
 1026      1330A70A 
 1026      856C2C4F 
 1026      7F01E29C 
 1026      D2
 1027 0204 FD       		.ascii	"\375"
 1028              		.text
 1029              		.section	.gnu.lto_stGetAlarm.437.888c1c1f71a02f58,"e",%progbits
 1030 0000 789C7D50 		.ascii	"x\234}PMK[A\024\275\347\3153*\322\225\177\300\212\370"
 1030      4D4B5B41 
 1030      14BDE7CD 
ARM GAS  /tmp/ccXX2gYm.s 			page 30


 1030      332AD295 
 1030      7FC08AF8 
 1031 0014 85387EFC 		.ascii	"\2058~\374\001Q7bDi\334\270\012\317\030x\201\230H\222"
 1031      01513762 
 1031      4469DCB8 
 1031      0ACF1878 
 1031      81984892 
 1032 0028 0A5D392A 		.ascii	"\012]9*nD\210\321\215`\024*\017Q\020D\360\263Uy\270"
 1032      6E4488D1 
 1032      8D60142A 
 1032      0F511044 
 1032      F0B35579 
 1033 003d 12DC1477 		.ascii	"\022\334\024w\256\004A\024\027R,m]\010zg\022\\:0s\357"
 1033      AE044114 
 1033      17522C6D 
 1033      5D087A67 
 1033      125C3A30 
 1034 0053 3973EEB9 		.ascii	"9s\356\271w\246\037DY\"\252\345\015AX\310\315Z\244\224"
 1034      77A61F44 
 1034      5922AAE5 
 1034      0D4158C8 
 1034      CD5AA494 
 1035 0067 EA28B530 		.ascii	"\352(\2650\231\233}\335\332\265q\000C\200&,L`Q\344\005"
 1035      999B7DDD 
 1035      DAB57100 
 1035      4380262C 
 1035      4C6051E4 
 1036 007c 1684C762 		.ascii	"\026\204\307b\273\230\001U\015\276R\3173\213\027\267"
 1036      BB980155 
 1036      0DBE52CF 
 1036      338B17B7 
 1037 008c 81FC866F 		.ascii	"\201\374\206o{\302\242U\026\354\001\273\334@\257\000"
 1037      7BC2A255 
 1037      16EC01BB 
 1037      DC40AF00 
 1038 009c 69869B70 		.ascii	"i\206\233p\215\311\201C\220\006l\376|\267\306\352\003"
 1038      8DC98143 
 1038      90066CFE 
 1038      7CB7C6EA 
 1038      03
 1039 00ad 30AB8538 		.ascii	"0\253\20582\227\272r\373\262\304W/\257Y\245\256\233"
 1039      3297BA72 
 1039      FBB2C457 
 1039      2FAF59A5 
 1039      AE9B
 1040 00bf 8EF3FBE5 		.ascii	"\216\363\373\345l\354\011\366\311\012=\245\262\241|"
 1040      6CEC09F6 
 1040      C90A3DA5 
 1040      B2A17C
 1041 00ce A2796115 		.ascii	"\242ya\025\3004\203\007\250\233\345\013\350X\375~\334"
 1041      C0348307 
 1041      A89BE50B 
 1041      E858FD7E 
 1041      DC
 1042 00df AC56E8F0 		.ascii	"\254V\350\360\347\357\334\313\277\363J\3667d\356\377"
 1042      E7EFDCCB 
 1042      BFF34AF6 
ARM GAS  /tmp/ccXX2gYm.s 			page 31


 1042      3764EEFF 
 1043 00ef 12F003F4 		.ascii	"\022\360\003\364\210\263_\233\237\326\204U|\217m\006"
 1043      88B35F9B 
 1043      9FD68455 
 1043      7C8F6D06 
 1044 00ff 2B64C698 		.ascii	"+d\306\230\321:\270q\011\216\201\237\346\266\345\273"
 1044      D13AB871 
 1044      098E819F 
 1044      E6B6E5BB 
 1045 010f 52F7359E 		.ascii	"R\3675\236\010\340\004+\302\314\334\306\324F\235'Jq"
 1045      08E0042B 
 1045      C2CCDCC6 
 1045      D4469D27 
 1045      4A71
 1046 0121 0A341A8A 		.ascii	"\0124\032\212\2360\365{\347\351\352\276\214_\307\015"
 1046      9E30F57B 
 1046      E7E9EABE 
 1046      8C5FC70D 
 1047 0131 F44F6445 		.ascii	"\364OdE\301\024S\276\206\237\245\233\034\215\312\230"
 1047      C11453BE 
 1047      869FA59B 
 1047      1C8DCA98 
 1048 0141 9390DDC9 		.ascii	"\223\220\335\311\310\327\321h\"\223\226\235\003_\202"
 1048      C8D7D168 
 1048      2293969D 
 1048      035F82
 1049 0150 E16127EE 		.ascii	"\341a'\356$\"Q\252\317\270\261\324Hx\314Ie\276\311."
 1049      242251AA 
 1049      CFB8B1D4 
 1049      4878CC49 
 1049      65BEC92E 
 1050 0164 37361CEB 		.ascii	"76\034\353\017\311dZ\272N\\\246S\021\035\303\351Ls\204"
 1050      0FC9645A 
 1050      BA4E5CA6 
 1050      53111DC3 
 1050      E94C7384 
 1051 0178 3A3F108E 		.ascii	":?\020\216%S\354\033\032\354ko\223\301`\267\014\015"
 1051      2553EC1B 
 1051      1AEC6B6F 
 1051      93C160B7 
 1051      0C0D
 1052 018a 85067BBA 		.ascii	"\205\006{\272z\307[\213\345\341x|\244\331\2457\331\034"
 1052      7AC75B8B 
 1052      E5E1787C 
 1052      A4D9A537 
 1052      D91C
 1053 019c A1E9     		.ascii	"\241\351"
 1054              		.text
 1055              		.section	.gnu.lto_stIsAlarmActive.438.888c1c1f71a02f58,"e",%progbits
 1056 0000 789C7D50 		.ascii	"x\234}PMK[A\024\275\347\315S\333m\377@q#\272\311\244"
 1056      4D4B5B41 
 1056      14BDE7CD 
 1056      53DB6DFF 
 1056      407123BA 
 1057 0016 FA074A92 		.ascii	"\372\007J\222\2154\305b\334\270z\274|\300\013\344\213"
 1057      8D34C562 
 1057      DCB87ABC 
ARM GAS  /tmp/ccXX2gYm.s 			page 32


 1057      7CC00BE4 
 1057      8B
 1058 0027 240AAE9C 		.ascii	"$\012\256\234&\210 \205h\002\"b\013}<J\273i]\030k\253"
 1058      26882085 
 1058      68022262 
 1058      0B7D3C4A 
 1058      BB695D18 
 1059 003d 8547C13F 		.ascii	"\205G\301?\020p\247\264t\331\342\007\226V\027\005\275"
 1059      1070A7B4 
 1059      74D9E207 
 1059      96561705 
 1059      BD
 1060 004e 33E9DA81 		.ascii	"3\351\332\201\271s\317\271\367\236{\230\030\210ZD4\302"
 1060      B973CFB9 
 1060      F79E7B98 
 1060      18885A44 
 1060      34C2
 1061 0060 1782D05E 		.ascii	"\027\202\320^[\261H)\365x\310\302\363\265\225\363\367"
 1061      5BB14829 
 1061      F578C8C2 
 1061      F3B595F3 
 1061      F7
 1062 0071 3B36BA30 		.ascii	";6\2720\004h\321\302\":b,T\352z\251\363\353\020\233"
 1062      0468D1C2 
 1062      223A622C 
 1062      54EA7AA9 
 1062      F3EB109B 
 1063 0085 6F430482 		.ascii	"oC\004\202\350\025ON J\346\014\032\314r[\002&\007vA"
 1063      E8154F4E 
 1063      204AE60C 
 1063      1ACC725B 
 1063      02260776 
 1064 009a 1AB0CCF5 		.ascii	"\032\260\314\365_\237{\273`V7\342\243)\262\011\372\320"
 1064      5F9F7BBB 
 1064      605637E2 
 1064      A329B209 
 1064      FAD0
 1065 00ac 1B08D5BF 		.ascii	"\033\010\325\277\233\226R\337\"\007\307\373\367\007"
 1065      9B9652DF 
 1065      2207C7FB 
 1065      F707
 1066 00ba 2C0A045B 		.ascii	",\012\004[\342`\223^B-\241\235)\033*$Z\025V\0374\031"
 1066      E260935E 
 1066      422DA19D 
 1066      291B2A24 
 1066      5A15561F 
 1067 00d0 FC84F287 		.ascii	"\374\204\362\207t\374\375\347\305\336\325\367\007,\253"
 1067      74FCFDE7 
 1067      C5DED5F7 
 1067      072CAB
 1068 00df D18F2F57 		.ascii	"\321\217/W\033\300\036\350\014_\017\336=\364\205\305"
 1068      1BC01EE8 
 1068      0C5F0FDE 
 1068      3DF485C5 
 1069 00ef 2EDA2210 		.ascii	".\332\"\020\226\361\323\317\214\012\2437\340-\002\237"
 1069      96F1D3CF 
 1069      8C0AA337 
ARM GAS  /tmp/ccXX2gYm.s 			page 33


 1069      E02D029F 
 1070 00ff 814FA0E8 		.ascii	"\201O\240\350k\245\356\005\302\306>^\012c\2235\232\353"
 1070      6BA5EE05 
 1070      C2C63E5E 
 1070      0A639335 
 1070      9AEB
 1071 0111 CBA7B62F 		.ascii	"\313\247\266/\004\353\350Q\300\322do\371\010\276\320"
 1071      04EBE851 
 1071      C0D2646F 
 1071      F908BED0 
 1072 0121 7C9F24BA 		.ascii	"|\237$\272D\343b\273w\242?\216\013d\234\367\327\240"
 1072      44E362BB 
 1072      77A23F8E 
 1072      0B649CF7 
 1072      D7A0
 1073 0133 116A382C 		.ascii	"\021j8,\275r1'\363nI&\312\231\271b\256T\257\311\330"
 1073      BD723127 
 1073      F36E4926 
 1073      CA99B962 
 1073      AE54AFC9 
 1074 0148 B3E9A493 		.ascii	"\263\351\244\223v\013n)\223\243\321\272\227\257f\235"
 1074      760B6E29 
 1074      93A3D1BA 
 1074      97AF669D 
 1075 0158 8A5BAD2F 		.ascii	"\212[\255/\310\270\227O\347\247R\262\\\223\236[\220"
 1075      C8B8974F 
 1075      E7A752B2 
 1075      5C939E5B 
 1075      90
 1076 0169 B56A46BF 		.ascii	"\265jF\277N\255\036\311P\354\216\306J\271\312\272\251"
 1076      4EAD1EC9 
 1076      50EC8EC6 
 1076      4AB9CABA 
 1076      A9
 1077 017a 99A713E3 		.ascii	"\231\247\023\3432\231L\310\324ljf2\376d\376\321\377"
 1077      32994CC8 
 1077      D46C6A66 
 1077      32FE64FE 
 1077      D1FF
 1078 018c 71A750C8 		.ascii	"q\247P\310F<\272\005\020_\233S"
 1078      463CBA05 
 1078      105F9B53 
 1079              		.text
 1080              		.section	.gnu.lto_.symbol_nodes.888c1c1f71a02f58,"e",%progbits
 1081 0000 789C75CF 		.ascii	"x\234u\317\311\021\2000\014CQ\031\005R\006\315\320\227"
 1081      C9118030 
 1081      0C435119 
 1081      055206CD 
 1081      D097
 1082 0012 420794C2 		.ascii	"B\007\224\302\316\014E\320\014\005@X\256\376\327g\035"
 1082      CE0C45D0 
 1082      0C054058 
 1082      AEFED767 
 1082      1D
 1083 0023 7C2257F4 		.ascii	"|\"W\364\024R.Xw\000\002\366\324\032\014/\016\224\271"
 1083      14522E58 
 1083      770002F6 
ARM GAS  /tmp/ccXX2gYm.s 			page 34


 1083      D41A0C2F 
 1083      0E94B9
 1084 0036 3852858B 		.ascii	"8R\205\213\023E\027g*\270\270P\245\213+Uyh\033\025\257"
 1084      13451767 
 1084      2AB8B850 
 1084      A58B2B55 
 1084      79681B15 
 1085 004b BFFA3DC0 		.ascii	"\277\372=\300\363\332\243D\374f\015nd\011?n"
 1085      F3DAA344 
 1085      FC660D6E 
 1085      64093F6E 
 1086              		.text
 1087              		.section	.gnu.lto_.refs.888c1c1f71a02f58,"e",%progbits
 1088 0000 789C6364 		.ascii	"x\234cd\000\002\000\000\012\000\002"
 1088      00020000 
 1088      0A0002
 1089              		.text
 1090              		.section	.gnu.lto_.decls.888c1c1f71a02f58,"e",%progbits
 1091 0000 789CAD56 		.ascii	"x\234\255VmPT\327\031>\3579w\331\345\262\006B\210\351"
 1091      6D5054D7 
 1091      193EEF39 
 1091      77D9E5B2 
 1091      064288E9 
 1092 0014 F4C36E4C 		.ascii	"\364\303nL3l?\342\3122\325\366Gg\320\305XG1\316Bg\332"
 1092      336C3FE2 
 1092      CA32D5F6 
 1092      4767D0C5 
 1092      584731CE 
 1093 002b FED921DC 		.ascii	"\376\331!\334M\330\031`){u\232\376\351-\242(\012R\250"
 1093      4DD81960 
 1093      297B759A 
 1093      FEE92DA2 
 1093      280A52A8 
 1094 003f 866AAA68 		.ascii	"\206j\252h\322\204\324\250\233\211\266\352Z\263`\215"
 1094      D284D4A8 
 1094      9B89B6EA 
 1094      5AB3608D 
 1095 004f 1B254A1A 		.ascii	"\033%J\032R\260j\003\361kU\022\215\232\372\201b\337"
 1095      52B06A03 
 1095      F16B5512 
 1095      8D9AFA81 
 1095      62DF
 1096 0061 733F5996 		.ascii	"s?Y\226t\322\231^}\317=\347\354\363<\357s\336{\356\271"
 1096      74D2995E 
 1096      7DCF3DE7 
 1096      ECF33CEF 
 1096      73DE7BEE 
 1097 0076 4C7112F2 		.ascii	"Lq\022\362kJ\310\3670\036\340\345 \204\274\217\001\030"
 1097      6B4AC8F7 
 1097      301EE0E5 
 1097      2084BC8F 
 1097      0118
 1098 0088 31A25D7C 		.ascii	"1\242]|\256\007\3430\306\273\030\3070\336\3038\201\361"
 1098      AE07E330 
 1098      C6BB18C7 
 1098      30DEC338 
 1098      81F1
ARM GAS  /tmp/ccXX2gYm.s 			page 35


 1099 009a 0F8C4192 		.ascii	"\017\214A\222~\255@\001\206\367J\214\223\030\335\372"
 1099      7EAD4001 
 1099      86F74A8C 
 1099      9318DDFA 
 1100 00aa 3CD5B526 		.ascii	"<\325\265&\343\254A\216\035\357\271\030yz\376|\214o"
 1100      E3AC418E 
 1100      1DEFB918 
 1100      797AFE7C 
 1100      8C6F
 1101 00bc E0FCD731 		.ascii	"\340\374\3271\206t__\005M\207\373\371&\244\353\264\203"
 1101      86745F5F 
 1101      054D87FB 
 1101      F926A4EB 
 1101      B483
 1102 00ce E6B97282 		.ascii	"\346\271r\202\226\241s\225hZ\334\237\310\261\030SuM"
 1102      96A17395 
 1102      685ADC9F 
 1102      C8B11853 
 1102      754D
 1103 00e0 BEBEC727 		.ascii	"\276\276\307'\321|\021\347\004]s\242\037\203\313\353"
 1103      D17C11E7 
 1103      045D73A2 
 1103      1F83CBEB 
 1104 00f0 F2C424DC 		.ascii	"\362\304$\334M_\322\017\350~\270\026\257\357\223\223"
 1104      4D5FD20F 
 1104      E87EB816 
 1104      AFEF9393 
 1105 0100 686DD1B5 		.ascii	"hm\321\265\276\250F\223i\361\347\224?\211\326\016\234"
 1105      BEA84693 
 1105      69F1E794 
 1105      3F89D60E 
 1105      9C
 1106 0111 B3E1BDFF 		.ascii	"\263\341\275\377\013\352l\254\213?\343oO\302oc\220\017"
 1106      0BEA6CAC 
 1106      8B3FE36F 
 1106      4FC26F63 
 1106      900F
 1107 0123 7CD364AB 		.ascii	"|\323d\253=\302(\361(\352\3253\225\300\2375Fa\026{\232"
 1107      3DC228F1 
 1107      28EAD533 
 1107      95C09F35 
 1107      4661167B 
 1108 0138 237341C0 		.ascii	"#sA\3006\017\\\233\030}k\371\346v\247\030W\224kJ\274"
 1108      360F5C9B 
 1108      187D6BF9 
 1108      E676A718 
 1108      57946B4A 
 1109 014d 2193C07E 		.ascii	"!\223\300~\200}@`/\240\312_\000\366\000\354\006\204"
 1109      807D4060 
 1109      2FA0CA5F 
 1109      00F600EC 
 1109      0684
 1110 015f 6D3F1B3B 		.ascii	"m?\033;\343<\017\252\007A\002\200\301Y\330\210\344\347"
 1110      E33C0FAA 
 1110      07410280 
 1110      C159D888 
 1110      E4E7
ARM GAS  /tmp/ccXX2gYm.s 			page 36


 1111 0171 8CE42954 		.ascii	"\214\344)T\241\031\022\243\"\023\231$&`\232\373&+rP"
 1111      A11912A3 
 1111      22139924 
 1111      26609AFB 
 1111      262B7250 
 1112 0185 77B6E8E8 		.ascii	"w\266\350\350:\0049\242\315Ai\322.\211\356\273\360\006"
 1112      3A0439A2 
 1112      CD4169D2 
 1112      2E89EEBB 
 1112      F006
 1113 0197 EDCC7015 		.ascii	"\355\314p\025)\202\264\366\321\244]\241\255\213\363"
 1113      2982B4F6 
 1113      D1A45DA1 
 1113      AD8BF3
 1114 01a6 0A8BB04D 		.ascii	"\012\213\260M\332\023 !k\211\340\310\301^\322.\336d"
 1114      DA132021 
 1114      6B89E0C8 
 1114      C15ED22E 
 1114      DE64
 1115 01b8 9DCD19D2 		.ascii	"\235\315\031\322{tU>$@\224\274y\270\222\"\207cZv\017"
 1115      7B74553E 
 1115      244094BC 
 1115      79B89222 
 1115      87635A76 
 1116 01cd EBC14510 		.ascii	"\353\301E\020\207#\272\363Q1i\317F\011\267\344\312\221"
 1116      8723BAF3 
 1116      513169CF 
 1116      4609B7E4 
 1116      CA91
 1117 01df 5CD909B0 		.ascii	"\\\331\011\260I\222\230\347&hB\362z\213\250\210\312"
 1117      499298E7 
 1117      266842F2 
 1117      7A8BA888 
 1117      CA
 1118 01f0 8223015E 		.ascii	"\202#\001^\006N\2572|\3451\321&fNs\271\011\221\310\323"
 1118      064EAF32 
 1118      7CE531D1 
 1118      26664E73 
 1118      B90991C8 
 1119 0205 1475D903 		.ascii	"\024u\331\003\343\002;\346\224\254!\200[\244^\312\026"
 1119      E3023BE6 
 1119      94AC2180 
 1119      5BA45ECA 
 1119      16
 1120 0216 26F125A0 		.ascii	"&\361%\240\324E\210\"8\234NP\360\226\031X(-\361\212"
 1120      D4458822 
 1120      389C4E50 
 1120      F0961958 
 1120      282DF18A 
 1121 022a 2469A7F8 		.ascii	"$i\247\370S\236\000\012\005\213)f\020\200.\206%T\377"
 1121      539E000A 
 1121      058B2966 
 1121      10802E86 
 1121      2554FF
 1122 023d F106F406 		.ascii	"\361\006\364\006\370\020\264w\333H\243\316\363gLu4\207"
 1122      F810B477 
 1122      DB48A3CE 
ARM GAS  /tmp/ccXX2gYm.s 			page 37


 1122      F3674C75 
 1122      3487
 1123 024f 68B3E64D 		.ascii	"h\263\346M\357s\000\325u\250\376\330A\343\350Ix;N\334"
 1123      EF7300D5 
 1123      75A8FED8 
 1123      41E3E849 
 1123      783B4EDC 
 1124 0263 84800E31 		.ascii	"\204\200\0161t4\216\0160\271z\227\347P\301t<G\345\245"
 1124      74348E0E 
 1124      30B97A97 
 1124      E750C174 
 1124      3C47E5A5 
 1125 0277 18B72489 		.ascii	"\030\267$\211)kX\"\332\000\367\315\226\203\003\277\272"
 1125      296B5822 
 1125      DA00F7CD 
 1125      968303BF 
 1125      BA
 1126 0288 806553A2 		.ascii	"\200eS\242\315\275\014rZ\213\010\260\260\266\007\251"
 1126      CDBD0C72 
 1126      5A8B08B0 
 1126      B0B607A9 
 1127 0298 BA077310 		.ascii	"\272\007s\020\324\030k9&>\206\240\021E\311\203J\210"
 1127      D4186B39 
 1127      263E86A0 
 1127      1145C983 
 1127      4A88
 1128 02aa 03BCCDF5 		.ascii	"\003\274\315\365\273Q:\254\312\014\266\015\264N\231"
 1128      BB513AAC 
 1128      CA0CB60D 
 1128      B44E99
 1129 02b9 DED1A1DC 		.ascii	"\336\321\241\334>\323xz\333\023\303{\025e\005\342\035"
 1129      3ED3787A 
 1129      DB13C37B 
 1129      156505E2 
 1129      1D
 1130 02ca 1C030701 		.ascii	"\034\003\007\001w\252\232\372 \022\376\012p\000\012"
 1130      77AA9AFA 
 1130      2012FE0A 
 1130      70000A
 1131 02d9 37DA18B2 		.ascii	"7\332\030\262\221y\367d\303\250\335\324\216\201)\376"
 1131      9179F764 
 1131      C3A8DDD4 
 1131      8E8129FE 
 1132 02e9 3753BCFB 		.ascii	"7S\274\373\310\275\013\214\213_;qv\345C}\374\245\001"
 1132      C8BD0B8C 
 1132      8B5F3B71 
 1132      76E5437D 
 1132      FCA501
 1133 02fc FC190E99 		.ascii	"\374\031\016\231\272\207L\335\026\033;\256\352\336X"
 1133      BA874CDD 
 1133      161B3BAE 
 1133      EADE58
 1134 030b 7FEB13C6 		.ascii	"\177\353\023\306O!\256\031\306\211\015\365\357~\236"
 1134      4F21AE19 
 1134      C6890DF5 
 1134      EF7E9E
 1135 031a 35C92212 		.ascii	"5\311\"\022\310=\002j\242\2657:G\262\325DW\017\375\242"
ARM GAS  /tmp/ccXX2gYm.s 			page 38


 1135      C83D026A 
 1135      A2B5373A 
 1135      47B2D544 
 1135      570FFDA2 
 1136 032e 8BEF68FC 		.ascii	"\213\357h\374\025\3361\323\274c\246\031\020\330)5M\177"
 1136      15DE31D3 
 1136      BC63A619 
 1136      10D82935 
 1136      4D7F
 1137 0340 774F9472 		.ascii	"wO\224rJ\264yE\243\222S\217$\201\257\371\250I:j\222"
 1137      4AB47945 
 1137      A392538F 
 1137      2481AFF9 
 1137      A8493A6A 
 1138 0355 4E08ECA2 		.ascii	"N\010\354\242Jjl;\236\241r\266[\034L\324krzM\316\016"
 1138      4A6A6C3B 
 1138      9EA172B6 
 1138      5B1C4CD4 
 1138      6B727A4D 
 1139 036b 815D5739 		.ascii	"\201]W9]\347o\265j\336\216\235\037_\204\343&\351\270"
 1139      5DE76FB5 
 1139      6ADE8E9D 
 1139      1F5F84E3 
 1139      26E9B8
 1140 037e 491A63EC 		.ascii	"I\032c\354>\0361\315\024\211\031\373\233v\277,|\015"
 1140      3E1E31CD 
 1140      148919FB 
 1140      9B76BF2C 
 1140      7C0D
 1141 0390 00FF6752 		.ascii	"\000\377gR\350\207z\236\255\037\360DI*\015N\002\205"
 1141      E8877A9E 
 1141      AD1FF044 
 1141      492A0D4E 
 1141      0285
 1142 03a2 3093C0FB 		.ascii	"0\223\300\373\200S\004\376\016\360\001?M^\215o\032\002"
 1142      805304FE 
 1142      0EF0013F 
 1142      4D5E8D6F 
 1142      1A02
 1143 03b4 B356FDD6 		.ascii	"\263V\375\326C\371\320|(\373\266\266\310\252\235+\207"
 1143      43F9D07C 
 1143      28FBB6B6 
 1143      C8AA9D2B 
 1143      87
 1144 03c5 F5527D08 		.ascii	"\365R}\010\320g\232\3513\315\\g\254\235\033\241-#\353"
 1144      D0679AE9 
 1144      33CD5C67 
 1144      AC9D1BA1 
 1144      2D23EB
 1145 03d8 DF764EEF 		.ascii	"\337vN\357P\224\333cm\257\357su/\357t\363J\015\230\234"
 1145      5094DB63 
 1145      6DAFEF73 
 1145      752FEF74 
 1145      F34A0D98 
 1146 03ed 01D037E5 		.ascii	"\001\3207\345\321\323\321Q\207S=\363:{\324rj\247\036"
 1146      D1D3D151 
 1146      87533DF3 
ARM GAS  /tmp/ccXX2gYm.s 			page 39


 1146      3A7BD472 
 1146      6AA71E
 1147 0400 819340B4 		.ascii	"\201\223@\264\3159\250\335\034\352\036\215k\203>\302"
 1147      CD39A8DD 
 1147      1CEA1E8D 
 1147      6B833EC2 
 1148 0410 3EA68425 		.ascii	">\246\204%\325l+\343\027\373\034\342\320\304s\363\243"
 1148      D56C2BE3 
 1148      17FB1CE2 
 1148      D0C473F3 
 1148      A3
 1149 0421 F1E726FB 		.ascii	"\361\347&\373\214j\314\004a7\221yG\037\306\011\273\257"
 1149      8C6ACC04 
 1149      61379179 
 1149      471FC609 
 1149      BBAF
 1150 0433 7767AA6D 		.ascii	"wg\252m\216\232F\001V\317\264i\206\031\332/\217\356"
 1150      8E9A4601 
 1150      56CFB469 
 1150      8619DA2F 
 1150      8FEE
 1151 0445 728A8A9E 		.ascii	"r\212\212\236\001'\015\223#\230\307\003Wx!G\016_\352"
 1151      01270D93 
 1151      2398C703 
 1151      57782147 
 1151      0E5FEA
 1152 0458 9D927E7A 		.ascii	"\235\222~z\1774\341\364\336\271\361\324j\310E\251\006"
 1152      7F34E1F4 
 1152      DEB9F1D4 
 1152      6AC845A9 
 1152      06
 1153 0469 45E9A4F0 		.ascii	"E\351\244\360\011\300%\200$\327\372\024T=\276\242\316"
 1153      09C02580 
 1153      24D7FA14 
 1153      543DBEA2 
 1153      CE
 1154 047a FE55B12C 		.ascii	"\376U\261,\0134\224\016b+u{n\326\304\010k\321G.\326"
 1154      0B34940E 
 1154      622B757B 
 1154      6ED6C408 
 1154      6BD1472E 
 1155 048f 86A30DFA 		.ascii	"\206\243\015\372\350+\350\235\260\255\030\257al\307"
 1155      E82BE89D 
 1155      B0AD18AF 
 1155      616CC7
 1156 049e D889F116 		.ascii	"\330\211\361\026\306^\214\003:j\210hK\316`q\306\223"
 1156      C65E8C03 
 1156      3A6A8868 
 1156      4BCE6071 
 1156      C693
 1157 04b0 EFF9F45E 		.ascii	"\357\371\364^\3246\331b\227S\276\330\231\010\331\035"
 1157      D436D962 
 1157      9753BED8 
 1157      9908D91D 
 1158 04c0 3BD64553 		.ascii	";\326ES\026q\032\340\024\3074P\025\247n\343W\256T\244"
 1158      16711AE0 
 1158      14C73450 
ARM GAS  /tmp/ccXX2gYm.s 			page 40


 1158      15A76EE3 
 1158      57AE54A4 
 1159 04d4 AC211DF3 		.ascii	"\254!\035\363\235\221\376\326sY\337\232x=\2021\214\233"
 1159      9D91FED6 
 1159      7359DF9A 
 1159      783D8231 
 1159      8C9B
 1160 04e6 67E3E607 		.ascii	"g\343\346\007\273\036z\011]89\375\337\000/R\323\314"
 1160      BB1E7A09 
 1160      5D3839FD 
 1160      DF002F52 
 1160      D3CC
 1161 04f8 4DDE1410 		.ascii	"M\336\024\020\204E\337x\2636\201\273\026!gS \037\363"
 1161      8445DF78 
 1161      B33681BB 
 1161      16216753 
 1161      201FF3
 1162 050b 663FA898 		.ascii	"f?\250\230\321u\370\372i:\243)\240\244\245s\317\302"
 1162      D175F8FA 
 1162      693AA329 
 1162      A0A4A573 
 1162      CFC2
 1163 051d DC4DC7A0 		.ascii	"\334M\307\240\320V\004\255}S\340\311\256\002\\V1\306"
 1163      D05604AD 
 1163      7D53E0C9 
 1163      AE025C56 
 1163      31C6
 1164 052f 83B9382E 		.ascii	"\203\2718.\331\035K\350~\212\320)+\331\016\323\364p"
 1164      D91D4BE8 
 1164      7E8AD029 
 1164      2BD90ED3 
 1164      F470
 1165 0541 0AE48C05 		.ascii	"\012\344\214\005i6!\027R \347\307\245\032\263R\335N"
 1165      69362117 
 1165      5220E7C7 
 1165      A51AB352 
 1165      DD4E
 1166 0553 01DD1A07 		.ascii	"\001\335\032\007Zm\012\335H\301|f\345\272j\351<H\301"
 1166      5A6D0ADD 
 1166      48C17C66 
 1166      E5BA6AE9 
 1166      3C48C1
 1167 0566 784CC876 		.ascii	"xL\310vS\345\\z\2315\310mKe,ME/\340.\255\200+(\324S"
 1167      53E55C7A 
 1167      9935C86D 
 1167      4B652C4D 
 1167      452FE02E 
 1168 0580 0E3176C5 		.ascii	"\0161v\305?-\231\373\226\314\235\364Ei\2305\246\233"
 1168      3F2D99FB 
 1168      96CC9DF4 
 1168      45699835 
 1168      A69B
 1169 0592 6B29908B 		.ascii	"k)\220\213\026\344\256%s/\3751\240\035ms\306\005\002"
 1169      16E4AE25 
 1169      732FFD31 
 1169      A01D6D73 
 1169      C60502
ARM GAS  /tmp/ccXX2gYm.s 			page 41


 1170 05a5 BFA1F8A7 		.ascii	"\277\241\370\247\003N\"\010\337\325V\012m\024\326P\330"
 1170      034E2208 
 1170      DFD5560A 
 1170      6D14D650 
 1170      D8
 1171 05b6 40611585 		.ascii	"@a\025\205\325\024~G\241\205\302J\012\033)\254\243\320"
 1171      D5147E47 
 1171      A185C24A 
 1171      0A1B29AC 
 1171      A3D0
 1172 05c8 41613D85 		.ascii	"Aa=\205&\012\315\024~K\241\221\302Z\012\277\247\320"
 1172      260ACD14 
 1172      7E4BA191 
 1172      C25A0ABF 
 1172      A7D0
 1173 05da CEFF18E0 		.ascii	"\316\377\030\340\251\233Lw\327\323+\256?\225\235&\346"
 1173      A99B4C77 
 1173      D7D32BAE 
 1173      3F959D26 
 1173      E6
 1174 05eb 5FE93B40 		.ascii	"_\351;@\307\25421\237\247\357~\304\260\345\002\177\325"
 1174      C7AC3231 
 1174      9FA7EF7E 
 1174      C4B0E502 
 1174      7FD5
 1175 05fd 122713A3 		.ascii	"\022'\023\243\031\217L\\\016l\242\377\227\005a\202\341"
 1175      198F4C5C 
 1175      0E6CA2FF 
 1175      97056182 
 1175      E1
 1176 060e 810FD6DB 		.ascii	"\201\017\326\333\254c\372%\313\311\037\020\301\326\011"
 1176      AC63FA25 
 1176      CBC91F10 
 1176      C1D609
 1177 061d 647A6B87 		.ascii	"dzk\207\262w\254\255\367\207\370\276\342w\247[\340_"
 1177      B277ACAD 
 1177      F787F8BE 
 1177      E277A75B 
 1177      E05F
 1178 062f ACCD543B 		.ascii	"\254\315T;\360a\013\305\276\361\231\030\265\261m\032"
 1178      F0610BC5 
 1178      BEF19918 
 1178      B5B16D1A 
 1179 063f E1DAE57D 		.ascii	"\341\332\345}\321aP\232\320x.\377,v\032\370\255\024"
 1179      D161509A 
 1179      D0782EFF 
 1179      2C761AF8 
 1179      AD14
 1180 0651 FB067EC8 		.ascii	"\373\006~\310\306\366h\370hS\254\026\277@\255?\346\037"
 1180      C6F668F8 
 1180      6853AC16 
 1180      BF40AD3F 
 1180      E61F
 1181 0663 8A6D06F8 		.ascii	"\212m\006\370e\212}\363smcGt\360\237\0140*\277b\200"
 1181      658A7DF3 
 1181      736D6347 
 1181      74F09F0C 
ARM GAS  /tmp/ccXX2gYm.s 			page 42


 1181      302ABF62 
 1182 0678 FF48B16F 		.ascii	"\377H\261o\200\017\330\330\240\356\344`\354\234\351"
 1182      800FD8D8 
 1182      A0EEE460 
 1182      EC9CE9
 1183 0687 049DBF6A 		.ascii	"\004\235\277j\340_\243\3307\360\273l\354\222\216?\035"
 1183      E05FA3D8 
 1183      37F0BB6C 
 1183      EC928E3F 
 1183      1D
 1184 0698 B39CE3E7 		.ascii	"\263\234\343\347\260\313\300\277N\261o\340\267\331H"
 1184      B0CBC0BF 
 1184      4EB16FE0 
 1184      B7D948
 1185 06a7 BE5C19AA 		.ascii	"\276\\\031\252\223\002\265\345u\362\013\036_e\350\331"
 1185      9302B5E5 
 1185      75F20B1E 
 1185      5F65E8D9 
 1186 06b7 D033A59E 		.ascii	"\3203\245\236p\304SY^\345\211\324U\360{ \"\317\250p"
 1186      70C45359 
 1186      5EE589D4 
 1186      55F07B20 
 1186      22CFA870 
 1187 06cb CC5FFC13 		.ascii	"\314_\374\023\227\257`6\3115ff\314.\370A\341s\322\254"
 1187      97AF6036 
 1187      C9356666 
 1187      CC2EF841 
 1187      E173D2AC 
 1188 06df EF93CCC8 		.ascii	"\357\223\314\310\013\0219T\035\014\310\254`\026\311"
 1188      0B113954 
 1188      1D0CC8AC 
 1188      6016C9
 1189 06ee 2EAFAB5E 		.ascii	".\257\253^6;\370T\365w\237\253\235!\325\022\261\"\\"
 1189      363BF854 
 1189      F5779FAB 
 1189      9D21D512 
 1189      B1225C
 1190 0701 27077FF9 		.ascii	"'\007\177\371T\365l\222\021\221\027\324\204\344\307"
 1190      54F56C92 
 1190      119117D4 
 1190      84E4C7
 1191 0710 3D95E1EA 		.ascii	"=\225\341\352\240'T^\343)\016W,\255\016\326\310\021"
 1191      A027545E 
 1191      E3290E57 
 1191      2CAD0ED6 
 1191      C811
 1192 0722 CFDC25FE 		.ascii	"\317\334%\376E\201g\313\253\312k*\202\304\375%]\021"
 1192      458167CB 
 1192      ABCA6B2A 
 1192      82C4FD25 
 1192      5D11
 1193 0734 67449E1F 		.ascii	"gD\236\037\224}\341\2455r\260\016\007\2452R\346T\241"
 1193      947DE1A5 
 1193      3572B00E 
 1193      07A53252 
 1193      E654A1
 1194 0747 852C3E08 		.ascii	"\205,>\010\327\252}\021\373A\331\350\316\327\273\331"
ARM GAS  /tmp/ccXX2gYm.s 			page 43


 1194      D7AA7D11 
 1194      FB41D9E8 
 1194      CED7BBD9 
 1195 0757 E826A2F6 		.ascii	"\350&\242\366\346T\310\241eA[`n8\\\205\274@U\225\024"
 1195      E654C8A1 
 1195      65415B60 
 1195      6E385C85 
 1195      BC405595 
 1196 076c 08A1D1B9 		.ascii	"\010\241\321\271\377\305F-\256*\342)-+)\364z\026-*\366"
 1196      FFC5462D 
 1196      AE2AE229 
 1196      2D2B29F4 
 1196      7A162D2A 
 1197 0781 94FEACB4 		.ascii	"\224\376\254\264l\201o\341\262\002\335\034\027\231Q"
 1197      6C816FE1 
 1197      B202DD1C 
 1197      179951
 1198 0790 496C3E5F 		.ascii	"Il>_\211\277\320\2614T#\027z\0032}\306/\024\227\314"
 1198      89BFD0B1 
 1198      34542317 
 1198      7A03327D 
 1198      C62F1497 
 1199 07a5 F1B3629F 		.ascii	"\361\263b\237_\230[\\\346g>\237\237\3711\346\370\375"
 1199      5F985B5C 
 1199      E6673E9F 
 1199      9FF931E6 
 1199      F8FD
 1200 07b7 6C49A98F 		.ascii	"lI\251\217\371\026\227\011>\337<\277J\364\252m\001\233"
 1200      F9169709 
 1200      3EDF3CBF 
 1200      4AF4AA6D 
 1200      019B
 1201 07c9 37DF4F4B 		.ascii	"7\337OK\221\271`"
 1201      91B960
 1202 07d0 9E5F282D 		.ascii	"\236_(-A\264\317\357\305(@\344O\375?\372\037\\\226-"
 1202      41B4CFEF 
 1202      C52840E4 
 1202      4FFD3FFA 
 1202      1F5C962D 
 1203 07e4 28418711 		.ascii	"(A\207\021\271\232\233\011U\243\301,s\020\220s\365\265"
 1203      B99A9B09 
 1203      55A3C12C 
 1203      73109073 
 1203      F5B5
 1204 07f6 3F1F9403 		.ascii	"?\037\224\003\025ZM\215\251\010/l\240\234W\353as*\\"
 1204      155A4D8D 
 1204      A9082F6C 
 1204      A09C57EB 
 1204      61732A5C 
 1205 080a ABCDE418 		.ascii	"\253\315\344\0303A9u\342ycb\252Q\325\2106\016\224\253"
 1205      33413975 
 1205      E2796362 
 1205      AA51D588 
 1205      360E94AB 
 1206 081e 25FF0FC5 		.ascii	"%\377\017\305DX\274"
 1206      4458BC
 1207              		.text
ARM GAS  /tmp/ccXX2gYm.s 			page 44


 1208              		.section	.gnu.lto_.symtab.888c1c1f71a02f58,"e",%progbits
 1209 0000 7374496E 		.ascii	"stInit\000"
 1209      697400
 1210 0007 00       		.ascii	"\000"
 1211 0008 00       		.ascii	"\000"
 1212 0009 00       		.ascii	"\000"
 1213 000a 00000000 		.ascii	"\000\000\000\000\000\000\000\000"
 1213      00000000 
 1214 0012 C2000000 		.ascii	"\302\000\000\000"
 1215 0016 73744765 		.ascii	"stGetCounter\000"
 1215      74436F75 
 1215      6E746572 
 1215      00
 1216 0023 00       		.ascii	"\000"
 1217 0024 00       		.ascii	"\000"
 1218 0025 00       		.ascii	"\000"
 1219 0026 00000000 		.ascii	"\000\000\000\000\000\000\000\000"
 1219      00000000 
 1220 002e C5000000 		.ascii	"\305\000\000\000"
 1221 0032 73745374 		.ascii	"stStartAlarm\000"
 1221      61727441 
 1221      6C61726D 
 1221      00
 1222 003f 00       		.ascii	"\000"
 1223 0040 00       		.ascii	"\000"
 1224 0041 00       		.ascii	"\000"
 1225 0042 00000000 		.ascii	"\000\000\000\000\000\000\000\000"
 1225      00000000 
 1226 004a C9000000 		.ascii	"\311\000\000\000"
 1227 004e 73745374 		.ascii	"stStopAlarm\000"
 1227      6F70416C 
 1227      61726D00 
 1228 005a 00       		.ascii	"\000"
 1229 005b 00       		.ascii	"\000"
 1230 005c 00       		.ascii	"\000"
 1231 005d 00000000 		.ascii	"\000\000\000\000\000\000\000\000"
 1231      00000000 
 1232 0065 CB000000 		.ascii	"\313\000\000\000"
 1233 0069 73745365 		.ascii	"stSetAlarm\000"
 1233      74416C61 
 1233      726D00
 1234 0074 00       		.ascii	"\000"
 1235 0075 00       		.ascii	"\000"
 1236 0076 00       		.ascii	"\000"
 1237 0077 00000000 		.ascii	"\000\000\000\000\000\000\000\000"
 1237      00000000 
 1238 007f CD000000 		.ascii	"\315\000\000\000"
 1239 0083 73744765 		.ascii	"stGetAlarm\000"
 1239      74416C61 
 1239      726D00
 1240 008e 00       		.ascii	"\000"
 1241 008f 00       		.ascii	"\000"
 1242 0090 00       		.ascii	"\000"
 1243 0091 00000000 		.ascii	"\000\000\000\000\000\000\000\000"
 1243      00000000 
 1244 0099 CF000000 		.ascii	"\317\000\000\000"
 1245 009d 73744973 		.ascii	"stIsAlarmActive\000"
ARM GAS  /tmp/ccXX2gYm.s 			page 45


 1245      416C6172 
 1245      6D416374 
 1245      69766500 
 1246 00ad 00       		.ascii	"\000"
 1247 00ae 00       		.ascii	"\000"
 1248 00af 00       		.ascii	"\000"
 1249 00b0 00000000 		.ascii	"\000\000\000\000\000\000\000\000"
 1249      00000000 
 1250 00b8 D6000000 		.ascii	"\326\000\000\000"
 1251 00bc 73745F6C 		.ascii	"st_lld_init\000"
 1251      6C645F69 
 1251      6E697400 
 1252 00c8 00       		.ascii	"\000"
 1253 00c9 02       		.ascii	"\002"
 1254 00ca 00       		.ascii	"\000"
 1255 00cb 00000000 		.ascii	"\000\000\000\000\000\000\000\000"
 1255      00000000 
 1256 00d3 D8000000 		.ascii	"\330\000\000\000"
 1257              		.text
 1258              		.section	.gnu.lto_.ext_symtab.888c1c1f71a02f58,"e",%progbits
 1259 0000 01       		.ascii	"\001"
 1260 0001 01       		.ascii	"\001"
 1261 0002 00       		.ascii	"\000"
 1262 0003 01       		.ascii	"\001"
 1263 0004 00       		.ascii	"\000"
 1264 0005 01       		.ascii	"\001"
 1265 0006 00       		.ascii	"\000"
 1266 0007 01       		.ascii	"\001"
 1267 0008 00       		.ascii	"\000"
 1268 0009 01       		.ascii	"\001"
 1269 000a 00       		.ascii	"\000"
 1270 000b 01       		.ascii	"\001"
 1271 000c 00       		.ascii	"\000"
 1272 000d 01       		.ascii	"\001"
 1273 000e 00       		.ascii	"\000"
 1274 000f 01       		.ascii	"\001"
 1275 0010 00       		.ascii	"\000"
 1276              		.text
 1277              		.section	.gnu.lto_.opts,"e",%progbits
 1278 0000 272D666E 		.ascii	"'-fno-openmp' '-fno-openacc' '-fno-pie' '-fcf-prote"
 1278      6F2D6F70 
 1278      656E6D70 
 1278      2720272D 
 1278      666E6F2D 
 1279 0033 6374696F 		.ascii	"ction=none' '-g' '-mcpu=cortex-m7' '-mthumb' '-mflo"
 1279      6E3D6E6F 
 1279      6E652720 
 1279      272D6727 
 1279      20272D6D 
 1280 0066 61742D61 		.ascii	"at-abi=hard' '-mfpu=fpv5-d16' '-mlibarch=armv7e-m+f"
 1280      62693D68 
 1280      61726427 
 1280      20272D6D 
 1280      6670753D 
 1281 0099 702E6470 		.ascii	"p.dp' '-march=armv7e-m+fp.dp' '-O2' '-fomit-frame-p"
 1281      2720272D 
 1281      6D617263 
ARM GAS  /tmp/ccXX2gYm.s 			page 46


 1281      683D6172 
 1281      6D763765 
 1282 00cc 6F696E74 		.ascii	"ointer' '-falign-functions=16' '-ffunction-sections"
 1282      65722720 
 1282      272D6661 
 1282      6C69676E 
 1282      2D66756E 
 1283 00ff 2720272D 		.ascii	"' '-fdata-sections' '-fno-common' '-flto' '-Xassemb"
 1283      66646174 
 1283      612D7365 
 1283      6374696F 
 1283      6E732720 
 1284 0132 6C657227 		.ascii	"ler' '-alms=build/lst/hal_st.lst'\000"
 1284      20272D61 
 1284      6C6D733D 
 1284      6275696C 
 1284      642F6C73 
 1285              		.text
 1286              		.comm	__gnu_lto_slim,1,1
 1287              		.ident	"GCC: (15:10.3-2021.07-4) 10.3.1 20210621 (release)"
ARM GAS  /tmp/ccXX2gYm.s 			page 47


DEFINED SYMBOLS
                            *ABS*:0000000000000000 hal_st.c
     /tmp/ccXX2gYm.s:22     .gnu.debuglto_.debug_info:0000000000000000 hal_st.c.7183fd65
                            *COM*:0000000000000001 __gnu_lto_slim

NO UNDEFINED SYMBOLS
