ARM GAS  /tmp/ccvWDxg1.s 			page 1


   1              		.cpu cortex-m7
   2              		.eabi_attribute 28, 1
   3              		.eabi_attribute 20, 1
   4              		.eabi_attribute 21, 1
   5              		.eabi_attribute 23, 3
   6              		.eabi_attribute 24, 1
   7              		.eabi_attribute 25, 1
   8              		.eabi_attribute 26, 1
   9              		.eabi_attribute 30, 2
  10              		.eabi_attribute 34, 1
  11              		.eabi_attribute 18, 4
  12              		.file	"memstreams.c"
  13              		.file 1 "/usr/lib/gcc/arm-none-eabi/10.3.1/include/stddef.h"
  14              		.file 2 "/usr/lib/gcc/arm-none-eabi/10.3.1/include/stdint.h"
  15              		.file 3 "third_party/ChibiOS/os/rt/include/chearly.h"
  16              		.file 4 "third_party/ChibiOS/os/hal/lib/streams/memstreams.h"
  17              		.file 5 "third_party/ChibiOS/os/hal/lib/streams/memstreams.c"
  18              		.section	.gnu.debuglto_.debug_info,"e",%progbits
  19              	.Ldebug_info0:
  20              		.hidden	memstreams.c.61f87c5a
  21              		.weak	memstreams.c.61f87c5a
  22              	memstreams.c.61f87c5a:
  23 0000 3E030000 		.4byte	0x33e
  24 0004 0400     		.2byte	0x4
  25 0006 00000000 		.4byte	.Ldebug_abbrev0
  26 000a 04       		.byte	0x4
  27 000b 01       		.uleb128 0x1
  28 000c 36010000 		.4byte	.LASF28
  29 0010 0C       		.byte	0xc
  30 0011 07000000 		.4byte	.LASF29
  31 0015 4D000000 		.4byte	.LASF30
  32 0019 00000000 		.4byte	.Ldebug_line0
  33 001d 02       		.uleb128 0x2
  34 001e 04       		.byte	0x4
  35 001f 05       		.byte	0x5
  36 0020 696E7400 		.ascii	"int\000"
  37 0024 03       		.uleb128 0x3
  38 0025 00000000 		.4byte	.LASF11
  39 0029 01       		.byte	0x1
  40 002a D1       		.byte	0xd1
  41 002b 17       		.byte	0x17
  42 002c 30000000 		.4byte	0x30
  43 0030 04       		.uleb128 0x4
  44 0031 04       		.byte	0x4
  45 0032 07       		.byte	0x7
  46 0033 40000000 		.4byte	.LASF0
  47 0037 04       		.uleb128 0x4
  48 0038 08       		.byte	0x8
  49 0039 05       		.byte	0x5
  50 003a 28010000 		.4byte	.LASF1
  51 003e 04       		.uleb128 0x4
  52 003f 08       		.byte	0x8
  53 0040 04       		.byte	0x4
  54 0041 7B000000 		.4byte	.LASF2
  55 0045 04       		.uleb128 0x4
  56 0046 01       		.byte	0x1
  57 0047 06       		.byte	0x6
ARM GAS  /tmp/ccvWDxg1.s 			page 2


  58 0048 87000000 		.4byte	.LASF3
  59 004c 04       		.uleb128 0x4
  60 004d 01       		.byte	0x1
  61 004e 08       		.byte	0x8
  62 004f 93000000 		.4byte	.LASF4
  63 0053 04       		.uleb128 0x4
  64 0054 02       		.byte	0x2
  65 0055 05       		.byte	0x5
  66 0056 17020000 		.4byte	.LASF5
  67 005a 04       		.uleb128 0x4
  68 005b 02       		.byte	0x2
  69 005c 07       		.byte	0x7
  70 005d A1000000 		.4byte	.LASF6
  71 0061 04       		.uleb128 0x4
  72 0062 04       		.byte	0x4
  73 0063 05       		.byte	0x5
  74 0064 28020000 		.4byte	.LASF7
  75 0068 04       		.uleb128 0x4
  76 0069 04       		.byte	0x4
  77 006a 07       		.byte	0x7
  78 006b E1000000 		.4byte	.LASF8
  79 006f 04       		.uleb128 0x4
  80 0070 08       		.byte	0x8
  81 0071 07       		.byte	0x7
  82 0072 4B020000 		.4byte	.LASF9
  83 0076 05       		.uleb128 0x5
  84 0077 04       		.byte	0x4
  85 0078 04       		.uleb128 0x4
  86 0079 01       		.byte	0x1
  87 007a 08       		.byte	0x8
  88 007b FE000000 		.4byte	.LASF10
  89 007f 03       		.uleb128 0x3
  90 0080 18010000 		.4byte	.LASF12
  91 0084 02       		.byte	0x2
  92 0085 28       		.byte	0x28
  93 0086 18       		.byte	0x18
  94 0087 61000000 		.4byte	0x61
  95 008b 03       		.uleb128 0x3
  96 008c 03010000 		.4byte	.LASF13
  97 0090 02       		.byte	0x2
  98 0091 2E       		.byte	0x2e
  99 0092 18       		.byte	0x18
 100 0093 4C000000 		.4byte	0x4c
 101 0097 06       		.uleb128 0x6
 102 0098 8B000000 		.4byte	0x8b
 103 009c 03       		.uleb128 0x3
 104 009d 0B010000 		.4byte	.LASF14
 105 00a1 03       		.byte	0x3
 106 00a2 58       		.byte	0x58
 107 00a3 19       		.byte	0x19
 108 00a4 7F000000 		.4byte	0x7f
 109 00a8 04       		.uleb128 0x4
 110 00a9 01       		.byte	0x1
 111 00aa 02       		.byte	0x2
 112 00ab 45020000 		.4byte	.LASF15
 113 00af 07       		.uleb128 0x7
 114 00b0 04       		.byte	0x4
ARM GAS  /tmp/ccvWDxg1.s 			page 3


 115 00b1 8B000000 		.4byte	0x8b
 116 00b5 08       		.uleb128 0x8
 117 00b6 24000000 		.4byte	0x24
 118 00ba CE000000 		.4byte	0xce
 119 00be 09       		.uleb128 0x9
 120 00bf 76000000 		.4byte	0x76
 121 00c3 09       		.uleb128 0x9
 122 00c4 CE000000 		.4byte	0xce
 123 00c8 09       		.uleb128 0x9
 124 00c9 24000000 		.4byte	0x24
 125 00cd 00       		.byte	0
 126 00ce 07       		.uleb128 0x7
 127 00cf 04       		.byte	0x4
 128 00d0 97000000 		.4byte	0x97
 129 00d4 07       		.uleb128 0x7
 130 00d5 04       		.byte	0x4
 131 00d6 B5000000 		.4byte	0xb5
 132 00da 08       		.uleb128 0x8
 133 00db 24000000 		.4byte	0x24
 134 00df F3000000 		.4byte	0xf3
 135 00e3 09       		.uleb128 0x9
 136 00e4 76000000 		.4byte	0x76
 137 00e8 09       		.uleb128 0x9
 138 00e9 AF000000 		.4byte	0xaf
 139 00ed 09       		.uleb128 0x9
 140 00ee 24000000 		.4byte	0x24
 141 00f2 00       		.byte	0
 142 00f3 07       		.uleb128 0x7
 143 00f4 04       		.byte	0x4
 144 00f5 DA000000 		.4byte	0xda
 145 00f9 08       		.uleb128 0x8
 146 00fa 9C000000 		.4byte	0x9c
 147 00fe 0D010000 		.4byte	0x10d
 148 0102 09       		.uleb128 0x9
 149 0103 76000000 		.4byte	0x76
 150 0107 09       		.uleb128 0x9
 151 0108 8B000000 		.4byte	0x8b
 152 010c 00       		.byte	0
 153 010d 07       		.uleb128 0x7
 154 010e 04       		.byte	0x4
 155 010f F9000000 		.4byte	0xf9
 156 0113 08       		.uleb128 0x8
 157 0114 9C000000 		.4byte	0x9c
 158 0118 22010000 		.4byte	0x122
 159 011c 09       		.uleb128 0x9
 160 011d 76000000 		.4byte	0x76
 161 0121 00       		.byte	0
 162 0122 07       		.uleb128 0x7
 163 0123 04       		.byte	0x4
 164 0124 13010000 		.4byte	0x113
 165 0128 0A       		.uleb128 0xa
 166 0129 6E000000 		.4byte	.LASF31
 167 012d 18       		.byte	0x18
 168 012e 04       		.byte	0x4
 169 012f 3D       		.byte	0x3d
 170 0130 08       		.byte	0x8
 171 0131 84010000 		.4byte	0x184
ARM GAS  /tmp/ccvWDxg1.s 			page 4


 172 0135 0B       		.uleb128 0xb
 173 0136 C7000000 		.4byte	.LASF16
 174 013a 04       		.byte	0x4
 175 013b 3E       		.byte	0x3e
 176 013c 03       		.byte	0x3
 177 013d 24000000 		.4byte	0x24
 178 0141 00       		.byte	0
 179 0142 0B       		.uleb128 0xb
 180 0143 B4000000 		.4byte	.LASF17
 181 0147 04       		.byte	0x4
 182 0148 3E       		.byte	0x3e
 183 0149 03       		.byte	0x3
 184 014a D4000000 		.4byte	0xd4
 185 014e 04       		.byte	0x4
 186 014f 0B       		.uleb128 0xb
 187 0150 DC000000 		.4byte	.LASF18
 188 0154 04       		.byte	0x4
 189 0155 3E       		.byte	0x3e
 190 0156 03       		.byte	0x3
 191 0157 F3000000 		.4byte	0xf3
 192 015b 08       		.byte	0x8
 193 015c 0C       		.uleb128 0xc
 194 015d 70757400 		.ascii	"put\000"
 195 0161 04       		.byte	0x4
 196 0162 3E       		.byte	0x3e
 197 0163 03       		.byte	0x3
 198 0164 0D010000 		.4byte	0x10d
 199 0168 0C       		.byte	0xc
 200 0169 0C       		.uleb128 0xc
 201 016a 67657400 		.ascii	"get\000"
 202 016e 04       		.byte	0x4
 203 016f 3E       		.byte	0x3e
 204 0170 03       		.byte	0x3
 205 0171 22010000 		.4byte	0x122
 206 0175 10       		.byte	0x10
 207 0176 0B       		.uleb128 0xb
 208 0177 F3000000 		.4byte	.LASF19
 209 017b 04       		.byte	0x4
 210 017c 3E       		.byte	0x3e
 211 017d 03       		.byte	0x3
 212 017e 0D010000 		.4byte	0x10d
 213 0182 14       		.byte	0x14
 214 0183 00       		.byte	0
 215 0184 06       		.uleb128 0x6
 216 0185 28010000 		.4byte	0x128
 217 0189 0D       		.uleb128 0xd
 218 018a 14       		.byte	0x14
 219 018b 04       		.byte	0x4
 220 018c 46       		.byte	0x46
 221 018d 09       		.byte	0x9
 222 018e D4010000 		.4byte	0x1d4
 223 0192 0C       		.uleb128 0xc
 224 0193 766D7400 		.ascii	"vmt\000"
 225 0197 04       		.byte	0x4
 226 0198 48       		.byte	0x48
 227 0199 1E       		.byte	0x1e
 228 019a D4010000 		.4byte	0x1d4
ARM GAS  /tmp/ccvWDxg1.s 			page 5


 229 019e 00       		.byte	0
 230 019f 0B       		.uleb128 0xb
 231 01a0 21020000 		.4byte	.LASF20
 232 01a4 04       		.byte	0x4
 233 01a5 49       		.byte	0x49
 234 01a6 03       		.byte	0x3
 235 01a7 AF000000 		.4byte	0xaf
 236 01ab 04       		.byte	0x4
 237 01ac 0B       		.uleb128 0xb
 238 01ad F9000000 		.4byte	.LASF21
 239 01b1 04       		.byte	0x4
 240 01b2 49       		.byte	0x49
 241 01b3 03       		.byte	0x3
 242 01b4 24000000 		.4byte	0x24
 243 01b8 08       		.byte	0x8
 244 01b9 0C       		.uleb128 0xc
 245 01ba 656F7300 		.ascii	"eos\000"
 246 01be 04       		.byte	0x4
 247 01bf 49       		.byte	0x49
 248 01c0 03       		.byte	0x3
 249 01c1 24000000 		.4byte	0x24
 250 01c5 0C       		.byte	0xc
 251 01c6 0B       		.uleb128 0xb
 252 01c7 10020000 		.4byte	.LASF22
 253 01cb 04       		.byte	0x4
 254 01cc 49       		.byte	0x49
 255 01cd 03       		.byte	0x3
 256 01ce 24000000 		.4byte	0x24
 257 01d2 10       		.byte	0x10
 258 01d3 00       		.byte	0
 259 01d4 07       		.uleb128 0x7
 260 01d5 04       		.byte	0x4
 261 01d6 84010000 		.4byte	0x184
 262 01da 03       		.uleb128 0x3
 263 01db 31020000 		.4byte	.LASF23
 264 01df 04       		.byte	0x4
 265 01e0 4A       		.byte	0x4a
 266 01e1 03       		.byte	0x3
 267 01e2 89010000 		.4byte	0x189
 268 01e6 0E       		.uleb128 0xe
 269 01e7 766D7400 		.ascii	"vmt\000"
 270 01eb 05       		.byte	0x5
 271 01ec 64       		.byte	0x64
 272 01ed 22       		.byte	0x22
 273 01ee 84010000 		.4byte	0x184
 274 01f2 0F       		.uleb128 0xf
 275 01f3 BA000000 		.4byte	.LASF32
 276 01f7 05       		.byte	0x5
 277 01f8 74       		.byte	0x74
 278 01f9 06       		.byte	0x6
 279 01fa 2F020000 		.4byte	0x22f
 280 01fe 10       		.uleb128 0x10
 281 01ff 6D737000 		.ascii	"msp\000"
 282 0203 05       		.byte	0x5
 283 0204 74       		.byte	0x74
 284 0205 21       		.byte	0x21
 285 0206 2F020000 		.4byte	0x22f
ARM GAS  /tmp/ccvWDxg1.s 			page 6


 286 020a 11       		.uleb128 0x11
 287 020b 21020000 		.4byte	.LASF20
 288 020f 05       		.byte	0x5
 289 0210 74       		.byte	0x74
 290 0211 2F       		.byte	0x2f
 291 0212 AF000000 		.4byte	0xaf
 292 0216 11       		.uleb128 0x11
 293 0217 F9000000 		.4byte	.LASF21
 294 021b 05       		.byte	0x5
 295 021c 75       		.byte	0x75
 296 021d 1A       		.byte	0x1a
 297 021e 24000000 		.4byte	0x24
 298 0222 10       		.uleb128 0x10
 299 0223 656F7300 		.ascii	"eos\000"
 300 0227 05       		.byte	0x5
 301 0228 75       		.byte	0x75
 302 0229 27       		.byte	0x27
 303 022a 24000000 		.4byte	0x24
 304 022e 00       		.byte	0
 305 022f 07       		.uleb128 0x7
 306 0230 04       		.byte	0x4
 307 0231 DA010000 		.4byte	0x1da
 308 0235 12       		.uleb128 0x12
 309 0236 3E020000 		.4byte	.LASF24
 310 023a 05       		.byte	0x5
 311 023b 58       		.byte	0x58
 312 023c 0E       		.byte	0xe
 313 023d 9C000000 		.4byte	0x9c
 314 0241 67020000 		.4byte	0x267
 315 0245 10       		.uleb128 0x10
 316 0246 697000   		.ascii	"ip\000"
 317 0249 05       		.byte	0x5
 318 024a 58       		.byte	0x58
 319 024b 1B       		.byte	0x1b
 320 024c 76000000 		.4byte	0x76
 321 0250 10       		.uleb128 0x10
 322 0251 6200     		.ascii	"b\000"
 323 0253 05       		.byte	0x5
 324 0254 58       		.byte	0x58
 325 0255 27       		.byte	0x27
 326 0256 8B000000 		.4byte	0x8b
 327 025a 0E       		.uleb128 0xe
 328 025b 6D737000 		.ascii	"msp\000"
 329 025f 05       		.byte	0x5
 330 0260 5A       		.byte	0x5a
 331 0261 11       		.byte	0x11
 332 0262 2F020000 		.4byte	0x22f
 333 0266 00       		.byte	0
 334 0267 12       		.uleb128 0x12
 335 0268 D7000000 		.4byte	.LASF25
 336 026c 05       		.byte	0x5
 337 026d 4D       		.byte	0x4d
 338 026e 0E       		.byte	0xe
 339 026f 9C000000 		.4byte	0x9c
 340 0273 99020000 		.4byte	0x299
 341 0277 10       		.uleb128 0x10
 342 0278 697000   		.ascii	"ip\000"
ARM GAS  /tmp/ccvWDxg1.s 			page 7


 343 027b 05       		.byte	0x5
 344 027c 4D       		.byte	0x4d
 345 027d 19       		.byte	0x19
 346 027e 76000000 		.4byte	0x76
 347 0282 0E       		.uleb128 0xe
 348 0283 6200     		.ascii	"b\000"
 349 0285 05       		.byte	0x5
 350 0286 4E       		.byte	0x4e
 351 0287 0B       		.byte	0xb
 352 0288 8B000000 		.4byte	0x8b
 353 028c 0E       		.uleb128 0xe
 354 028d 6D737000 		.ascii	"msp\000"
 355 0291 05       		.byte	0x5
 356 0292 4F       		.byte	0x4f
 357 0293 11       		.byte	0x11
 358 0294 2F020000 		.4byte	0x22f
 359 0298 00       		.byte	0
 360 0299 12       		.uleb128 0x12
 361 029a 3B000000 		.4byte	.LASF26
 362 029e 05       		.byte	0x5
 363 029f 43       		.byte	0x43
 364 02a0 0E       		.byte	0xe
 365 02a1 9C000000 		.4byte	0x9c
 366 02a5 CB020000 		.4byte	0x2cb
 367 02a9 10       		.uleb128 0x10
 368 02aa 697000   		.ascii	"ip\000"
 369 02ad 05       		.byte	0x5
 370 02ae 43       		.byte	0x43
 371 02af 19       		.byte	0x19
 372 02b0 76000000 		.4byte	0x76
 373 02b4 10       		.uleb128 0x10
 374 02b5 6200     		.ascii	"b\000"
 375 02b7 05       		.byte	0x5
 376 02b8 43       		.byte	0x43
 377 02b9 25       		.byte	0x25
 378 02ba 8B000000 		.4byte	0x8b
 379 02be 0E       		.uleb128 0xe
 380 02bf 6D737000 		.ascii	"msp\000"
 381 02c3 05       		.byte	0x5
 382 02c4 44       		.byte	0x44
 383 02c5 11       		.byte	0x11
 384 02c6 2F020000 		.4byte	0x22f
 385 02ca 00       		.byte	0
 386 02cb 12       		.uleb128 0x12
 387 02cc 11010000 		.4byte	.LASF27
 388 02d0 05       		.byte	0x5
 389 02d1 39       		.byte	0x39
 390 02d2 0F       		.byte	0xf
 391 02d3 24000000 		.4byte	0x24
 392 02d7 08030000 		.4byte	0x308
 393 02db 10       		.uleb128 0x10
 394 02dc 697000   		.ascii	"ip\000"
 395 02df 05       		.byte	0x5
 396 02e0 39       		.byte	0x39
 397 02e1 1C       		.byte	0x1c
 398 02e2 76000000 		.4byte	0x76
 399 02e6 10       		.uleb128 0x10
ARM GAS  /tmp/ccvWDxg1.s 			page 8


 400 02e7 627000   		.ascii	"bp\000"
 401 02ea 05       		.byte	0x5
 402 02eb 39       		.byte	0x39
 403 02ec 29       		.byte	0x29
 404 02ed AF000000 		.4byte	0xaf
 405 02f1 10       		.uleb128 0x10
 406 02f2 6E00     		.ascii	"n\000"
 407 02f4 05       		.byte	0x5
 408 02f5 39       		.byte	0x39
 409 02f6 34       		.byte	0x34
 410 02f7 24000000 		.4byte	0x24
 411 02fb 0E       		.uleb128 0xe
 412 02fc 6D737000 		.ascii	"msp\000"
 413 0300 05       		.byte	0x5
 414 0301 3A       		.byte	0x3a
 415 0302 11       		.byte	0x11
 416 0303 2F020000 		.4byte	0x22f
 417 0307 00       		.byte	0
 418 0308 13       		.uleb128 0x13
 419 0309 20010000 		.4byte	.LASF33
 420 030d 05       		.byte	0x5
 421 030e 2F       		.byte	0x2f
 422 030f 0F       		.byte	0xf
 423 0310 24000000 		.4byte	0x24
 424 0314 10       		.uleb128 0x10
 425 0315 697000   		.ascii	"ip\000"
 426 0318 05       		.byte	0x5
 427 0319 2F       		.byte	0x2f
 428 031a 1D       		.byte	0x1d
 429 031b 76000000 		.4byte	0x76
 430 031f 10       		.uleb128 0x10
 431 0320 627000   		.ascii	"bp\000"
 432 0323 05       		.byte	0x5
 433 0324 2F       		.byte	0x2f
 434 0325 30       		.byte	0x30
 435 0326 CE000000 		.4byte	0xce
 436 032a 10       		.uleb128 0x10
 437 032b 6E00     		.ascii	"n\000"
 438 032d 05       		.byte	0x5
 439 032e 2F       		.byte	0x2f
 440 032f 3B       		.byte	0x3b
 441 0330 24000000 		.4byte	0x24
 442 0334 0E       		.uleb128 0xe
 443 0335 6D737000 		.ascii	"msp\000"
 444 0339 05       		.byte	0x5
 445 033a 30       		.byte	0x30
 446 033b 11       		.byte	0x11
 447 033c 2F020000 		.4byte	0x22f
 448 0340 00       		.byte	0
 449 0341 00       		.byte	0
 450              		.section	.gnu.debuglto_.debug_abbrev,"e",%progbits
 451              	.Ldebug_abbrev0:
 452 0000 01       		.uleb128 0x1
 453 0001 11       		.uleb128 0x11
 454 0002 01       		.byte	0x1
 455 0003 25       		.uleb128 0x25
 456 0004 0E       		.uleb128 0xe
ARM GAS  /tmp/ccvWDxg1.s 			page 9


 457 0005 13       		.uleb128 0x13
 458 0006 0B       		.uleb128 0xb
 459 0007 03       		.uleb128 0x3
 460 0008 0E       		.uleb128 0xe
 461 0009 1B       		.uleb128 0x1b
 462 000a 0E       		.uleb128 0xe
 463 000b 10       		.uleb128 0x10
 464 000c 17       		.uleb128 0x17
 465 000d 00       		.byte	0
 466 000e 00       		.byte	0
 467 000f 02       		.uleb128 0x2
 468 0010 24       		.uleb128 0x24
 469 0011 00       		.byte	0
 470 0012 0B       		.uleb128 0xb
 471 0013 0B       		.uleb128 0xb
 472 0014 3E       		.uleb128 0x3e
 473 0015 0B       		.uleb128 0xb
 474 0016 03       		.uleb128 0x3
 475 0017 08       		.uleb128 0x8
 476 0018 00       		.byte	0
 477 0019 00       		.byte	0
 478 001a 03       		.uleb128 0x3
 479 001b 16       		.uleb128 0x16
 480 001c 00       		.byte	0
 481 001d 03       		.uleb128 0x3
 482 001e 0E       		.uleb128 0xe
 483 001f 3A       		.uleb128 0x3a
 484 0020 0B       		.uleb128 0xb
 485 0021 3B       		.uleb128 0x3b
 486 0022 0B       		.uleb128 0xb
 487 0023 39       		.uleb128 0x39
 488 0024 0B       		.uleb128 0xb
 489 0025 49       		.uleb128 0x49
 490 0026 13       		.uleb128 0x13
 491 0027 00       		.byte	0
 492 0028 00       		.byte	0
 493 0029 04       		.uleb128 0x4
 494 002a 24       		.uleb128 0x24
 495 002b 00       		.byte	0
 496 002c 0B       		.uleb128 0xb
 497 002d 0B       		.uleb128 0xb
 498 002e 3E       		.uleb128 0x3e
 499 002f 0B       		.uleb128 0xb
 500 0030 03       		.uleb128 0x3
 501 0031 0E       		.uleb128 0xe
 502 0032 00       		.byte	0
 503 0033 00       		.byte	0
 504 0034 05       		.uleb128 0x5
 505 0035 0F       		.uleb128 0xf
 506 0036 00       		.byte	0
 507 0037 0B       		.uleb128 0xb
 508 0038 0B       		.uleb128 0xb
 509 0039 00       		.byte	0
 510 003a 00       		.byte	0
 511 003b 06       		.uleb128 0x6
 512 003c 26       		.uleb128 0x26
 513 003d 00       		.byte	0
ARM GAS  /tmp/ccvWDxg1.s 			page 10


 514 003e 49       		.uleb128 0x49
 515 003f 13       		.uleb128 0x13
 516 0040 00       		.byte	0
 517 0041 00       		.byte	0
 518 0042 07       		.uleb128 0x7
 519 0043 0F       		.uleb128 0xf
 520 0044 00       		.byte	0
 521 0045 0B       		.uleb128 0xb
 522 0046 0B       		.uleb128 0xb
 523 0047 49       		.uleb128 0x49
 524 0048 13       		.uleb128 0x13
 525 0049 00       		.byte	0
 526 004a 00       		.byte	0
 527 004b 08       		.uleb128 0x8
 528 004c 15       		.uleb128 0x15
 529 004d 01       		.byte	0x1
 530 004e 27       		.uleb128 0x27
 531 004f 19       		.uleb128 0x19
 532 0050 49       		.uleb128 0x49
 533 0051 13       		.uleb128 0x13
 534 0052 01       		.uleb128 0x1
 535 0053 13       		.uleb128 0x13
 536 0054 00       		.byte	0
 537 0055 00       		.byte	0
 538 0056 09       		.uleb128 0x9
 539 0057 05       		.uleb128 0x5
 540 0058 00       		.byte	0
 541 0059 49       		.uleb128 0x49
 542 005a 13       		.uleb128 0x13
 543 005b 00       		.byte	0
 544 005c 00       		.byte	0
 545 005d 0A       		.uleb128 0xa
 546 005e 13       		.uleb128 0x13
 547 005f 01       		.byte	0x1
 548 0060 03       		.uleb128 0x3
 549 0061 0E       		.uleb128 0xe
 550 0062 0B       		.uleb128 0xb
 551 0063 0B       		.uleb128 0xb
 552 0064 3A       		.uleb128 0x3a
 553 0065 0B       		.uleb128 0xb
 554 0066 3B       		.uleb128 0x3b
 555 0067 0B       		.uleb128 0xb
 556 0068 39       		.uleb128 0x39
 557 0069 0B       		.uleb128 0xb
 558 006a 01       		.uleb128 0x1
 559 006b 13       		.uleb128 0x13
 560 006c 00       		.byte	0
 561 006d 00       		.byte	0
 562 006e 0B       		.uleb128 0xb
 563 006f 0D       		.uleb128 0xd
 564 0070 00       		.byte	0
 565 0071 03       		.uleb128 0x3
 566 0072 0E       		.uleb128 0xe
 567 0073 3A       		.uleb128 0x3a
 568 0074 0B       		.uleb128 0xb
 569 0075 3B       		.uleb128 0x3b
 570 0076 0B       		.uleb128 0xb
ARM GAS  /tmp/ccvWDxg1.s 			page 11


 571 0077 39       		.uleb128 0x39
 572 0078 0B       		.uleb128 0xb
 573 0079 49       		.uleb128 0x49
 574 007a 13       		.uleb128 0x13
 575 007b 38       		.uleb128 0x38
 576 007c 0B       		.uleb128 0xb
 577 007d 00       		.byte	0
 578 007e 00       		.byte	0
 579 007f 0C       		.uleb128 0xc
 580 0080 0D       		.uleb128 0xd
 581 0081 00       		.byte	0
 582 0082 03       		.uleb128 0x3
 583 0083 08       		.uleb128 0x8
 584 0084 3A       		.uleb128 0x3a
 585 0085 0B       		.uleb128 0xb
 586 0086 3B       		.uleb128 0x3b
 587 0087 0B       		.uleb128 0xb
 588 0088 39       		.uleb128 0x39
 589 0089 0B       		.uleb128 0xb
 590 008a 49       		.uleb128 0x49
 591 008b 13       		.uleb128 0x13
 592 008c 38       		.uleb128 0x38
 593 008d 0B       		.uleb128 0xb
 594 008e 00       		.byte	0
 595 008f 00       		.byte	0
 596 0090 0D       		.uleb128 0xd
 597 0091 13       		.uleb128 0x13
 598 0092 01       		.byte	0x1
 599 0093 0B       		.uleb128 0xb
 600 0094 0B       		.uleb128 0xb
 601 0095 3A       		.uleb128 0x3a
 602 0096 0B       		.uleb128 0xb
 603 0097 3B       		.uleb128 0x3b
 604 0098 0B       		.uleb128 0xb
 605 0099 39       		.uleb128 0x39
 606 009a 0B       		.uleb128 0xb
 607 009b 01       		.uleb128 0x1
 608 009c 13       		.uleb128 0x13
 609 009d 00       		.byte	0
 610 009e 00       		.byte	0
 611 009f 0E       		.uleb128 0xe
 612 00a0 34       		.uleb128 0x34
 613 00a1 00       		.byte	0
 614 00a2 03       		.uleb128 0x3
 615 00a3 08       		.uleb128 0x8
 616 00a4 3A       		.uleb128 0x3a
 617 00a5 0B       		.uleb128 0xb
 618 00a6 3B       		.uleb128 0x3b
 619 00a7 0B       		.uleb128 0xb
 620 00a8 39       		.uleb128 0x39
 621 00a9 0B       		.uleb128 0xb
 622 00aa 49       		.uleb128 0x49
 623 00ab 13       		.uleb128 0x13
 624 00ac 00       		.byte	0
 625 00ad 00       		.byte	0
 626 00ae 0F       		.uleb128 0xf
 627 00af 2E       		.uleb128 0x2e
ARM GAS  /tmp/ccvWDxg1.s 			page 12


 628 00b0 01       		.byte	0x1
 629 00b1 3F       		.uleb128 0x3f
 630 00b2 19       		.uleb128 0x19
 631 00b3 03       		.uleb128 0x3
 632 00b4 0E       		.uleb128 0xe
 633 00b5 3A       		.uleb128 0x3a
 634 00b6 0B       		.uleb128 0xb
 635 00b7 3B       		.uleb128 0x3b
 636 00b8 0B       		.uleb128 0xb
 637 00b9 39       		.uleb128 0x39
 638 00ba 0B       		.uleb128 0xb
 639 00bb 27       		.uleb128 0x27
 640 00bc 19       		.uleb128 0x19
 641 00bd 01       		.uleb128 0x1
 642 00be 13       		.uleb128 0x13
 643 00bf 00       		.byte	0
 644 00c0 00       		.byte	0
 645 00c1 10       		.uleb128 0x10
 646 00c2 05       		.uleb128 0x5
 647 00c3 00       		.byte	0
 648 00c4 03       		.uleb128 0x3
 649 00c5 08       		.uleb128 0x8
 650 00c6 3A       		.uleb128 0x3a
 651 00c7 0B       		.uleb128 0xb
 652 00c8 3B       		.uleb128 0x3b
 653 00c9 0B       		.uleb128 0xb
 654 00ca 39       		.uleb128 0x39
 655 00cb 0B       		.uleb128 0xb
 656 00cc 49       		.uleb128 0x49
 657 00cd 13       		.uleb128 0x13
 658 00ce 00       		.byte	0
 659 00cf 00       		.byte	0
 660 00d0 11       		.uleb128 0x11
 661 00d1 05       		.uleb128 0x5
 662 00d2 00       		.byte	0
 663 00d3 03       		.uleb128 0x3
 664 00d4 0E       		.uleb128 0xe
 665 00d5 3A       		.uleb128 0x3a
 666 00d6 0B       		.uleb128 0xb
 667 00d7 3B       		.uleb128 0x3b
 668 00d8 0B       		.uleb128 0xb
 669 00d9 39       		.uleb128 0x39
 670 00da 0B       		.uleb128 0xb
 671 00db 49       		.uleb128 0x49
 672 00dc 13       		.uleb128 0x13
 673 00dd 00       		.byte	0
 674 00de 00       		.byte	0
 675 00df 12       		.uleb128 0x12
 676 00e0 2E       		.uleb128 0x2e
 677 00e1 01       		.byte	0x1
 678 00e2 03       		.uleb128 0x3
 679 00e3 0E       		.uleb128 0xe
 680 00e4 3A       		.uleb128 0x3a
 681 00e5 0B       		.uleb128 0xb
 682 00e6 3B       		.uleb128 0x3b
 683 00e7 0B       		.uleb128 0xb
 684 00e8 39       		.uleb128 0x39
ARM GAS  /tmp/ccvWDxg1.s 			page 13


 685 00e9 0B       		.uleb128 0xb
 686 00ea 27       		.uleb128 0x27
 687 00eb 19       		.uleb128 0x19
 688 00ec 49       		.uleb128 0x49
 689 00ed 13       		.uleb128 0x13
 690 00ee 01       		.uleb128 0x1
 691 00ef 13       		.uleb128 0x13
 692 00f0 00       		.byte	0
 693 00f1 00       		.byte	0
 694 00f2 13       		.uleb128 0x13
 695 00f3 2E       		.uleb128 0x2e
 696 00f4 01       		.byte	0x1
 697 00f5 03       		.uleb128 0x3
 698 00f6 0E       		.uleb128 0xe
 699 00f7 3A       		.uleb128 0x3a
 700 00f8 0B       		.uleb128 0xb
 701 00f9 3B       		.uleb128 0x3b
 702 00fa 0B       		.uleb128 0xb
 703 00fb 39       		.uleb128 0x39
 704 00fc 0B       		.uleb128 0xb
 705 00fd 27       		.uleb128 0x27
 706 00fe 19       		.uleb128 0x19
 707 00ff 49       		.uleb128 0x49
 708 0100 13       		.uleb128 0x13
 709 0101 00       		.byte	0
 710 0102 00       		.byte	0
 711 0103 00       		.byte	0
 712              		.section	.gnu.debuglto_.debug_line,"e",%progbits
 713              	.Ldebug_line0:
 714 0000 D2000000 		.4byte	.LELT0-.LSLT0
 715              	.LSLT0:
 716 0004 0400     		.2byte	0x4
 717 0006 CC000000 		.4byte	.LELTP0-.LASLTP0
 718              	.LASLTP0:
 719 000a 01       		.byte	0x1
 720 000b 01       		.byte	0x1
 721 000c 01       		.byte	0x1
 722 000d F6       		.byte	0xf6
 723 000e F2       		.byte	0xf2
 724 000f 0D       		.byte	0xd
 725 0010 00       		.byte	0
 726 0011 01       		.byte	0x1
 727 0012 01       		.byte	0x1
 728 0013 01       		.byte	0x1
 729 0014 01       		.byte	0x1
 730 0015 00       		.byte	0
 731 0016 00       		.byte	0
 732 0017 00       		.byte	0
 733 0018 01       		.byte	0x1
 734 0019 00       		.byte	0
 735 001a 00       		.byte	0
 736 001b 01       		.byte	0x1
 737 001c 74686972 		.ascii	"third_party/ChibiOS/os/hal/lib/streams"
 737      645F7061 
 737      7274792F 
 737      43686962 
 737      694F532F 
ARM GAS  /tmp/ccvWDxg1.s 			page 14


 738 0042 00       		.byte	0
 739 0043 74686972 		.ascii	"third_party/ChibiOS/os/rt/include"
 739      645F7061 
 739      7274792F 
 739      43686962 
 739      694F532F 
 740 0064 00       		.byte	0
 741 0065 2F757372 		.ascii	"/usr/lib/gcc/arm-none-eabi/10.3.1/include"
 741      2F6C6962 
 741      2F676363 
 741      2F61726D 
 741      2D6E6F6E 
 742 008e 00       		.byte	0
 743 008f 00       		.byte	0
 744 0090 73746464 		.ascii	"stddef.h\000"
 744      65662E68 
 744      00
 745 0099 03       		.uleb128 0x3
 746 009a 00       		.uleb128 0
 747 009b 00       		.uleb128 0
 748 009c 73746469 		.ascii	"stdint.h\000"
 748      6E742E68 
 748      00
 749 00a5 03       		.uleb128 0x3
 750 00a6 00       		.uleb128 0
 751 00a7 00       		.uleb128 0
 752 00a8 63686561 		.ascii	"chearly.h\000"
 752      726C792E 
 752      6800
 753 00b2 02       		.uleb128 0x2
 754 00b3 00       		.uleb128 0
 755 00b4 00       		.uleb128 0
 756 00b5 6D656D73 		.ascii	"memstreams.h\000"
 756      74726561 
 756      6D732E68 
 756      00
 757 00c2 01       		.uleb128 0x1
 758 00c3 00       		.uleb128 0
 759 00c4 00       		.uleb128 0
 760 00c5 6D656D73 		.ascii	"memstreams.c\000"
 760      74726561 
 760      6D732E63 
 760      00
 761 00d2 01       		.uleb128 0x1
 762 00d3 00       		.uleb128 0
 763 00d4 00       		.uleb128 0
 764 00d5 00       		.byte	0
 765              	.LELTP0:
 766              	.LELT0:
 767              		.section	.gnu.debuglto_.debug_str,"eMS",%progbits,1
 768              	.LASF11:
 769 0000 73697A65 		.ascii	"size_t\000"
 769      5F7400
 770              	.LASF29:
 771 0007 74686972 		.ascii	"third_party/ChibiOS/os/hal/lib/streams/memstreams.c"
 771      645F7061 
 771      7274792F 
ARM GAS  /tmp/ccvWDxg1.s 			page 15


 771      43686962 
 771      694F532F 
 772 003a 00       		.ascii	"\000"
 773              	.LASF26:
 774 003b 5F707574 		.ascii	"_put\000"
 774      00
 775              	.LASF0:
 776 0040 756E7369 		.ascii	"unsigned int\000"
 776      676E6564 
 776      20696E74 
 776      00
 777              	.LASF30:
 778 004d 2F686F6D 		.ascii	"/home/ian/Documents/BPRL_balance\000"
 778      652F6961 
 778      6E2F446F 
 778      63756D65 
 778      6E74732F 
 779              	.LASF31:
 780 006e 4D656D53 		.ascii	"MemStreamVMT\000"
 780      74726561 
 780      6D564D54 
 780      00
 781              	.LASF2:
 782 007b 6C6F6E67 		.ascii	"long double\000"
 782      20646F75 
 782      626C6500 
 783              	.LASF3:
 784 0087 7369676E 		.ascii	"signed char\000"
 784      65642063 
 784      68617200 
 785              	.LASF4:
 786 0093 756E7369 		.ascii	"unsigned char\000"
 786      676E6564 
 786      20636861 
 786      7200
 787              	.LASF6:
 788 00a1 73686F72 		.ascii	"short unsigned int\000"
 788      7420756E 
 788      7369676E 
 788      65642069 
 788      6E7400
 789              	.LASF17:
 790 00b4 77726974 		.ascii	"write\000"
 790      6500
 791              	.LASF32:
 792 00ba 6D734F62 		.ascii	"msObjectInit\000"
 792      6A656374 
 792      496E6974 
 792      00
 793              	.LASF16:
 794 00c7 696E7374 		.ascii	"instance_offset\000"
 794      616E6365 
 794      5F6F6666 
 794      73657400 
 795              	.LASF25:
 796 00d7 5F676574 		.ascii	"_get\000"
 796      00
ARM GAS  /tmp/ccvWDxg1.s 			page 16


 797              	.LASF18:
 798 00dc 72656164 		.ascii	"read\000"
 798      00
 799              	.LASF8:
 800 00e1 6C6F6E67 		.ascii	"long unsigned int\000"
 800      20756E73 
 800      69676E65 
 800      6420696E 
 800      7400
 801              	.LASF19:
 802 00f3 756E6765 		.ascii	"unget\000"
 802      7400
 803              	.LASF21:
 804 00f9 73697A65 		.ascii	"size\000"
 804      00
 805              	.LASF10:
 806 00fe 63686172 		.ascii	"char\000"
 806      00
 807              	.LASF13:
 808 0103 75696E74 		.ascii	"uint8_t\000"
 808      385F7400 
 809              	.LASF14:
 810 010b 6D73675F 		.ascii	"msg_t\000"
 810      7400
 811              	.LASF27:
 812 0111 5F726561 		.ascii	"_reads\000"
 812      647300
 813              	.LASF12:
 814 0118 696E7433 		.ascii	"int32_t\000"
 814      325F7400 
 815              	.LASF33:
 816 0120 5F777269 		.ascii	"_writes\000"
 816      74657300 
 817              	.LASF1:
 818 0128 6C6F6E67 		.ascii	"long long int\000"
 818      206C6F6E 
 818      6720696E 
 818      7400
 819              	.LASF28:
 820 0136 474E5520 		.ascii	"GNU C17 10.3.1 20210621 (release) -mcpu=cortex-m7 -"
 820      43313720 
 820      31302E33 
 820      2E312032 
 820      30323130 
 821 0169 6D746875 		.ascii	"mthumb -mfloat-abi=hard -mfpu=fpv5-d16 -march=armv7"
 821      6D62202D 
 821      6D666C6F 
 821      61742D61 
 821      62693D68 
 822 019c 652D6D2B 		.ascii	"e-m+fp.dp -ggdb -O2 -fomit-frame-pointer -falign-fu"
 822      66702E64 
 822      70202D67 
 822      67646220 
 822      2D4F3220 
 823 01cf 6E637469 		.ascii	"nctions=16 -ffunction-sections -fdata-sections -fno"
 823      6F6E733D 
 823      3136202D 
ARM GAS  /tmp/ccvWDxg1.s 			page 17


 823      6666756E 
 823      6374696F 
 824 0202 2D636F6D 		.ascii	"-common -flto\000"
 824      6D6F6E20 
 824      2D666C74 
 824      6F00
 825              	.LASF22:
 826 0210 6F666673 		.ascii	"offset\000"
 826      657400
 827              	.LASF5:
 828 0217 73686F72 		.ascii	"short int\000"
 828      7420696E 
 828      7400
 829              	.LASF20:
 830 0221 62756666 		.ascii	"buffer\000"
 830      657200
 831              	.LASF7:
 832 0228 6C6F6E67 		.ascii	"long int\000"
 832      20696E74 
 832      00
 833              	.LASF23:
 834 0231 4D656D6F 		.ascii	"MemoryStream\000"
 834      72795374 
 834      7265616D 
 834      00
 835              	.LASF24:
 836 023e 5F756E67 		.ascii	"_unget\000"
 836      657400
 837              	.LASF15:
 838 0245 5F426F6F 		.ascii	"_Bool\000"
 838      6C00
 839              	.LASF9:
 840 024b 6C6F6E67 		.ascii	"long long unsigned int\000"
 840      206C6F6E 
 840      6720756E 
 840      7369676E 
 840      65642069 
 841              		.text
 842              		.section	.gnu.lto_.profile.cb37edc8968d445f,"e",%progbits
 843 0000 789C6362 		.ascii	"x\234cb\000\001\000\000\022\000\003"
 843      00010000 
 843      120003
 844              		.text
 845              		.section	.gnu.lto_.icf.cb37edc8968d445f,"e",%progbits
 846 0000 789CD361 		.ascii	"x\234\323a@\000v\206\207\357\216\265s0\316\2741\273"
 846      40007686 
 846      87EF8EB5 
 846      7330CEBC 
 846      31BB
 847 0012 858DA97F 		.ascii	"\205\215\251\177\333\367O\234\314G\036\365w\262\261"
 847      DBF74F9C 
 847      CC471EF5 
 847      77B2B1
 848 0021 ECBDF1E9 		.ascii	"\354\275\361\351\003\023\353\353\2553\2161\263\275\231"
 848      0313EBEB 
 848      AD338E31 
 848      B3BD99
ARM GAS  /tmp/ccvWDxg1.s 			page 18


 849 0030 F068170B 		.ascii	"\360h\027\013\003\000\345\355\025\224"
 849      0300E5ED 
 849      1594
 850              		.text
 851              		.section	.gnu.lto_.ipa_sra.cb37edc8968d445f,"e",%progbits
 852 0000 789CCB63 		.ascii	"x\234\313c@\0006\006&\030\223\231\221\021L1!D\230\231"
 852      40003606 
 852      26189399 
 852      91114C31 
 852      21449899 
 853 0014 C1340703 		.ascii	"\3014\007\003;\204\313\330\310\003\221a\004\252adA\223"
 853      3B84CBD8 
 853      C8039161 
 853      04AA6164 
 853      4193
 854 0026 054B8054 		.ascii	"\005K\200T\200eYY\030\320\000#\003\000~\315\001\353"
 854      80655959 
 854      18D00023 
 854      03007ECD 
 854      01EB
 855              		.text
 856              		.section	.gnu.lto_.inline.cb37edc8968d445f,"e",%progbits
 857 0000 789CCD92 		.ascii	"x\234\315\222\257N\003A\020\207\177;\263-\033\256MN"
 857      AF4E0341 
 857      10877F3B 
 857      B32D1BAE 
 857      4D4E
 858 0012 56204EF2 		.ascii	"V N\362\030<\001\206\027h\357Z\320\274\000\271&\204"
 858      183C0186 
 858      1768EF5A 
 858      D0BC00B9 
 858      2684
 859 0024 044142F1 		.ascii	"\004AB\361\020D\011\002\203 H(\301a\020$\004G\352\260"
 859      10440902 
 859      83204828 
 859      C1611024 
 859      0447EAB0 
 860 0038 3508A085 		.ascii	"5\010\240\205\271\241w{\374\021\3241g\276\235\335\271"
 860      B9A1777B 
 860      FC11D431 
 860      67BE9DDD 
 860      B9
 861 0049 F96EF656 		.ascii	"\371n\366V\030ET\201\372\366\321\353\204V\015\303\364"
 861      18455481 
 861      FAF6D1EB 
 861      84560DC3 
 861      F4
 862 005a 65879730 		.ascii	"e\207\2270\205\246\202\001G\230\257\366n\236\307\324"
 862      85A68201 
 862      4798AFF6 
 862      6E9EC7D4 
 863 006a 06DCE9F5 		.ascii	"\006\334\351\365\361;\265\011\004\223JPL\260\005\303"
 863      F13BB509 
 863      04934A50 
 863      4CB005C3 
 864 007a FAACF359 		.ascii	"\372\254\363Y\007\253\324F\015\346j\347`\314-BH9#\004"
 864      07ABD446 
ARM GAS  /tmp/ccvWDxg1.s 			page 19


 864      0DE66AE7 
 864      60CC2D42 
 864      48392304 
 865 008e 29C56888 		.ascii	")\305h\210\223Am\377\254\367XRj\346J\251)9\261:%\300"
 865      93416DFF 
 865      ACF75852 
 865      6AE64AA9 
 865      2939B13A 
 866 00a4 DCC3F0EE 		.ascii	"\334\303\360\356\362\257N<\334\272\235H\325lN\204`\263"
 866      F2AF4E3C 
 866      DCBA9D48 
 866      D56C4E84 
 866      60B3
 867 00b6 7B72A14E 		.ascii	"{r\241N\353}\246=\026\037S\010}W\003\272\362\356\015"
 867      EB7DA63D 
 867      161F5308 
 867      7D5703BA 
 867      F2EE0D
 868 00c9 99EF678F 		.ascii	"\231\357g\217/j\"Q\021\034Hk'M\316\357_8\266p\242\251"
 868      2F6A2251 
 868      111C486B 
 868      274DCEEF 
 868      5F38B670 
 869 00df DCB26ACF 		.ascii	"\334\262j\317\243\247\364\215\022\213r>\314>k\272\222"
 869      A3A7F48D 
 869      128B723E 
 869      CC3E6BBA 
 869      92
 870 00f0 85AF6E58 		.ascii	"\205\257nX\221d\204Y\017^3\366\227\301\221\022\274e"
 870      91648459 
 870      0F5E33F6 
 870      97C19112 
 870      BC65
 871 0102 900F004E 		.ascii	"\220\017\000N\313f\276TRJd\2009-\370\223\221?\031\025"
 871      CB66BE54 
 871      524A6480 
 871      392DF893 
 871      913F1915 
 872 0116 FB8BD2DE 		.ascii	"\373\213\322\336\3263\325\335\345\354\261?\214K\177"
 872      D633D5DD 
 872      E5ECB13F 
 872      8C4B7F
 873 0125 DF7F14AE 		.ascii	"\337\177\024\256h\353\001wd\236\371%\"\0208\244Nf#\361"
 873      68EB0177 
 873      649EF925 
 873      221038A4 
 873      4E6623F1 
 874 0139 016970C1 		.ascii	"\001ip\301\337"
 874      DF
 875              		.text
 876              		.section	.gnu.lto_.jmpfuncs.cb37edc8968d445f,"e",%progbits
 877 0000 789C854E 		.ascii	"x\234\205NA\012\2000\014K\326n\036\367c\367\231=\304"
 877      410A8030 
 877      0C4BD66E 
 877      1EF763F7 
 877      993DC4
 878 0013 9BCF72E9 		.ascii	"\233\317r\351\020\034\010\032\0104i\033r\342AA\"\255"
ARM GAS  /tmp/ccvWDxg1.s 			page 20


 878      101C081A 
 878      0834691B 
 878      72E24141 
 878      22AD
 879 0025 750B3A85 		.ascii	"u\013:\205\230\323j\232\311\335B\261[\254Q|'\301\303"
 879      98D36A9A 
 879      C9DD42B1 
 879      5BAC517C 
 879      27C1C3
 880 0038 09F112AA 		.ascii	"\011\361\022\252\242\276\265\257)y\246\274N\376S\363"
 880      A2BEB5AF 
 880      2979A6BC 
 880      4EFE53F3 
 881 0048 AC58F55E 		.ascii	"\254X\365^\332]&\210\001\362\2104\031"
 881      DA5D2688 
 881      01F28834 
 881      19
 882              		.text
 883              		.section	.gnu.lto_.pureconst.cb37edc8968d445f,"e",%progbits
 884 0000 789C1366 		.ascii	"x\234\023f```c\230\305\3028\213\205i\026\013\363,\026"
 884      60606063 
 884      98C5C238 
 884      8B856916 
 884      0BF32C16 
 885 0014 96592CAC 		.ascii	"\226Y,\254\263X\000%\275\003\335"
 885      B3580025 
 885      BD03DD
 886              		.text
 887              		.section	.gnu.lto_.lto.cb37edc8968d445f,"e",%progbits
 888 0000 09000400 		.ascii	"\011\000\004\000\001\000\000\000"
 888      01000000 
 889              		.text
 890              		.section	.gnu.lto__writes.432.cb37edc8968d445f,"e",%progbits
 891 0000 789C7D92 		.ascii	"x\234}\222Oh\023A\024\306\3377\263\331Ml\2437\275*R"
 891      4F681341 
 891      14C6DF37 
 891      B3D94D6C 
 891      A337BD2A 
 892 0015 C44B57C1 		.ascii	"\304KW\301\252'\021\365\250(\366$\004\312&F\022\310"
 892      AA2711F5 
 892      A828F624 
 892      04CA2646 
 892      12C8
 893 0027 3FB2A928 		.ascii	"?\262\251(\036:\255\232C.\265\255\307\030K\010\305z"
 893      1E3AAD9A 
 893      432EB5AD 
 893      C7184B08 
 893      C57A
 894 0039 11A462D5 		.ascii	"\021\244b\325V#\"\024A\320\202\007\005)\010b\364 \241"
 894      56232214 
 894      41D08207 
 894      05290862 
 894      F420A1
 895 004c 200A0AF5 		.ascii	" \012\012\365\315l\240\015X\017\363v\336\233\337\233"
 895      CD6CA00D 
 895      580FF376 
 895      DE9BDF9B 
ARM GAS  /tmp/ccvWDxg1.s 			page 21


 896 005c EF9B996D 		.ascii	"\357\233\231m\011\242+D\324\307\003\22209Q\021\244\224"
 896      09A22B44 
 896      D4C70392 
 896      30395111 
 896      A494
 897 006e 3AEA088C 		.ascii	":\352\010\214NT~\316\354\3063\230\0344\"0\202)Y\225"
 897      4E547ECE 
 897      ECC63398 
 897      1C342230 
 897      82295995 
 898 0082 98940D66 		.ascii	"\230\224\015f\255\316\014\330\271\267\251\324\257\353"
 898      ADCE0CD8 
 898      B9B7A9D4 
 898      AFEB
 899 0090 532B47AA 		.ascii	"S+G\252w\232VC\012\252\361\372\003`\016\274/1'\317\321"
 899      779A5643 
 899      0AAAF1FA 
 899      03600EBC 
 899      2F3127CF 
 900 00a5 1E66DE2C 		.ascii	"\036f\336,\316+\025\241\206\224x\210\015\014\027b7m"
 900      CE2B15A1 
 900      86947888 
 900      0D0C1762 
 900      376D
 901 00b7 CDF901D7 		.ascii	"\315\371\001\327\352p\026\036usV\354\266\341.\006\334"
 901      EA70161E 
 901      757356EC 
 901      B6E12E06 
 901      DC
 902 00c8 EF0E27F0 		.ascii	"\357\016'\360\244\233\023\261\273v\240|I\307>\206\333"
 902      A49B13B1 
 902      BB76A07C 
 902      49C73E86 
 902      DB
 903 00d9 ADE5C292 		.ascii	"\255\345\302\222b{!,\242\313`l\316\266\011O\241m\353"
 903      627B212C 
 903      A2CB606C 
 903      CEB6094F 
 903      A16DEB
 904 00ec 8BE0716F 		.ascii	"\213\340qo9\324T\177\326\306\225Z\373\214/+\241m\340"
 904      39D4547F 
 904      D6C6955A 
 904      FB8C2F2B 
 904      A16DE0
 905 00ff 4D6DA183 		.ascii	"Mm\241\203\324\301\", \3043\307\326\301\321\265\260"
 905      D4C1222C 
 905      20C433C7 
 905      D6C1D1B5 
 905      B0
 906 0110 0E11601E 		.ascii	"\016\021`\036=\340\325^\3401o5.\365\205*\013\252ItC"
 906      3DE0D55E 
 906      E0316F35 
 906      2EF5852A 
 906      0BAA4974 
 907 0125 8A2019E5 		.ascii	"\212 \031\345\344\033\324\247\267Q\376\214M\017\262"
 907      E41BD4A7 
 907      B751FE8C 
ARM GAS  /tmp/ccvWDxg1.s 			page 22


 907      4D0FB2
 908 0134 7A5D464C 		.ascii	"z]FL\351]\224\276cla6Z\227\350\\q\010\372\0203\372%"
 908      E95D94BE 
 908      636C6136 
 908      5A97E85C 
 908      7108FA10 
 909 014b C20D1966 		.ascii	"\302\015\031f\022M\320\276 \025x\216[\306\270i\333Q"
 909      124DD0BE 
 909      2015788E 
 909      5BC6B869 
 909      DB51
 910 015d 97E27FF0 		.ascii	"\227\342\177\360\013\206a\340\253\265\362kQ\227\222"
 910      0B8661E0 
 910      ABB5F26B 
 910      519792
 911 016c 75B84717 		.ascii	"u\270G\027V\313\202\352\3222\265\0366#\370\030\234\033"
 911      56CB82EA 
 911      D232B51E 
 911      3623F818 
 911      9C1B
 912 017e 5BEF4FF1 		.ascii	"[\357O\361\257`$\276n\255\313\320\346\022\016^\262\204"
 912      AF6024BE 
 912      6EADCBD0 
 912      E6120E5E 
 912      B284
 913 0190 0824EE97 		.ascii	"\010$\356\227\177\260\204\315\015Z\242\215\362\264C"
 913      7FB084CD 
 913      0D5AA28D 
 913      F2B443
 914 019f D7201A32 		.ascii	"\327 \0322R\323.\314R/K4\344\026\243\362!\220\230e\011"
 914      52D32ECC 
 914      522F4B34 
 914      E416A3F2 
 914      21909865 
 915 01b4 E75F12E6 		.ascii	"\347_\022\346\255\227\326\217P-\263\301\260\361\354"
 915      AD97D68F 
 915      502DB3C1 
 915      B0F1EC
 916 01c3 E8CE7605 		.ascii	"\350\316v\005\233\266\275\012\332\2307R\037\243\264"
 916      9BB6BD0A 
 916      DA983752 
 916      1FA3B4
 917 01d2 CA573FA0 		.ascii	"\312W?\240\017H\372\235\260\376ND\273\334T>\233t\323"
 917      0F48FA9D 
 917      B0FE4E44 
 917      BBDC543E 
 917      9B74D3
 918 01e5 5ECE3D91 		.ascii	"^\316=\221O\014g\223\271\222\357\036;s\366\344P\334"
 918      4F0C6793 
 918      B992EF1E 
 918      3B73F6E4 
 918      50DC
 919 01f7 CB78B944 		.ascii	"\313x\271D\222\016\224R\351\342\371\241\202W,]v\217"
 919      920E9452 
 919      E9E2F9A1 
 919      82572C5D 
 919      768F
ARM GAS  /tmp/ccvWDxg1.s 			page 23


 920 0209 A7D2F1F4 		.ascii	"\247\322\361\364\351A7\357\273)/\343f\322q\327/\025"
 920      E94137EF 
 920      BB292FE3 
 920      66D271D7 
 920      2F15
 921 021b 935ED677 		.ascii	"\223^\326w\263\311lg\332\237 \221.l\337X\350?\270\377"
 921      B3C96C67 
 921      DA9F2091 
 921      2E6CDF58 
 921      E83FB8FF 
 922 022f C2E14389 		.ascii	"\302\341C\211\001\217D\274\200\234\314\372\205\277\012"
 922      018F44BC 
 922      809CCCFA 
 922      85BF0A
 923 023e F3041F   		.ascii	"\363\004\037"
 924              		.text
 925              		.section	.gnu.lto__reads.433.cb37edc8968d445f,"e",%progbits
 926 0000 789C7D92 		.ascii	"x\234}\222Oh\023A\024\306\3377\263\233?\264\241\027"
 926      4F681341 
 926      14C6DF37 
 926      B39B3FB4 
 926      A117
 927 0012 E9590F2A 		.ascii	"\351Y\017*^\272\012V=\211\250xR\024{\022\002e\023#Y"
 927      5EBA0A56 
 927      3D89A878 
 927      52147B12 
 927      02651323 
 928 0027 C826211B 		.ascii	"\310&!\033E\361\320i\325\034r\251i.\036b(K\020=\011"
 928      45F1D069 
 928      D51C72A9 
 928      692E1E62 
 928      284B103D 
 929 003c 52B16AD4 		.ascii	"R\261j\324\210T\213\027\245\340A\274y(TDbA\264\376\177"
 929      88548B17 
 929      A5E041BC 
 929      79285444 
 929      6241B4FE 
 930 0051 B31B680B 		.ascii	"\263\033h\013\326\303\276\335y\363{\363}o\336.\011\242"
 930      D6C3BEDD 
 930      79F37BF3 
 930      7D6FDE2E 
 930      09A2
 931 0063 8B44B48D 		.ascii	"\213D\264\215\037H\302T\255*H)u *0^\253\276\2706c\340"
 931      1F48C254 
 931      AD2A4829 
 931      75202A30 
 931      5EABBEB8 
 932 007a 09820468 		.ascii	"\011\202\004hL`\014u\331\220\230\222-\206\215\336\027"
 932      4C600C75 
 932      D9909892 
 932      2D868DDE 
 932      17
 933 008b B0794747 		.ascii	"\260yGG\251oW\352+\373\0337;FK\012j\362\376]`\006|0"
 933      A96F57EA 
 933      2BFB1B37 
 933      3B464B0A 
 933      6AF2FE5D 
ARM GAS  /tmp/ccvWDxg1.s 			page 24


 934 00a3 31274FD1 		.ascii	"1'O\321vf^\267g\225\212SKJ\334\303\032\206\023\311w"
 934      76665EB7 
 934      67958A53 
 934      4B4ADCC3 
 934      1A8613C9 
 935 00b8 A6E6BC90 		.ascii	"\246\346\274\220{\333\343\014\334_\317\031\311\305\200"
 935      7BDBE30C 
 935      DC5FCF19 
 935      C9C580
 936 00c7 3B17721F 		.ascii	";\027r\037{\234\300\303\365\234H~6C\345\363:ne\270\373"
 936      7B9CC0C3 
 936      F59C487E 
 936      3643E5F3 
 936      3A6E65B8 
 937 00dc 7DA138AF 		.ascii	"}\2418\257\330\236\211GXg0\371\303\214\020\036C\333"
 937      D89E8947 
 937      586730F9 
 937      C38C101E 
 937      43DB
 938 00ee D637C1CF 		.ascii	"\3267\301\317\355\005\263\243~\376\231T\352\325W,\326"
 938      ED05B3A3 
 938      7EFE9954 
 938      EAD5572C 
 938      D6
 939 00ff 8F0C800F 		.ascii	"\217\014\200\017\215\010\035\244\016\006\241\015S\033"
 939      8D081DA4 
 939      0E06A10D 
 939      531B
 940 010d 8AE810D5 		.ascii	"\212\350\020\325\271\230\016q`\026}\340\335~\340\001"
 940      B9980E71 
 940      60167DE0 
 940      DD7EE001 
 941 011d 1F3529F5 		.ascii	"\0375)\365\215*\003\252CtU\212p1\316\213\017P\357\277"
 941      8D2A03AA 
 941      4374558A 
 941      7031CE8B 
 941      0F50EFBF 
 942 0131 24F83531 		.ascii	"$\37051=\302\352\276\214\007\251\225\004}\302D\373V"
 942      3DC2EABE 
 942      8C07A995 
 942      047DC244 
 942      FB56
 943 0143 C297E85D 		.ascii	"\302\227\350]\261\011\335\304\015=\211XKF\231D\007\264"
 943      B109DDC4 
 943      0D3D8958 
 943      4B469944 
 943      07B4
 944 0155 335C0A3C 		.ascii	"3\\\012<\305\365\300\270.[\032\364\245\370\037\374\214"
 944      C5F5C0B8 
 944      2E5B1AF4 
 944      A5F81FFC 
 944      8C
 945 0166 6104F0A5 		.ascii	"a\004\360\245feN\370R\262\016\327\350\304rE\220/\215"
 945      66654EF8 
 945      52B20ED7 
 945      E8C47245 
 945      902F8D
ARM GAS  /tmp/ccvWDxg1.s 			page 25


 946 0179 20D7C766 		.ascii	" \327\307f\004\267\301\353\300\326\257c\374+\204\022"
 946      04B7C1EB 
 946      C0D6AF63 
 946      FC2B8412 
 947 0189 9B7C696E 		.ascii	"\233|in,a`\216%D(q\247\362\206\317\212p\201\226\350"
 947      2C61608E 
 947      25442871 
 947      A7F286CF 
 947      8A708196 
 948 019e A2321DA5 		.ascii	"\2422\035\245\313\020-\031kj\027\276\354\017vy*a\363"
 948      CB102D19 
 948      6B6A17BE 
 948      EC0F7679 
 948      2A61F3
 949 01b1 BF7B1203 		.ascii	"\277{\022\003\276\214\376K\"\230\365\374j\013\215\012"
 949      BE8CFE4B 
 949      2298F5FC 
 949      6A0B8D0A 
 950 01c1 1B8C059E 		.ascii	"\033\214\005\236\243\272\262[\305\206e/\3032\346\003"
 950      A3BAB25B 
 950      C586652F 
 950      C332E603 
 951 01d1 A9DA73D0 		.ascii	"\251\332s\3202\337\375\260\356\220\364\240\260:(\242"
 951      32DFFDB0 
 951      EE90F4A0 
 951      B03A28A2 
 952 01e1 2D56B6E0 		.ascii	"-V\266\340f,\307\316[\207\013\351\263n&_\366\254\203"
 952      662CC7CE 
 952      5B870BE9 
 952      B36E265F 
 952      F6AC83
 953 01f4 274E1E1D 		.ascii	"'N\036\035M\3319;\237\316\320\356r\326)\235\036-\332"
 953      4DD9393B 
 953      9FCED0EE 
 953      72D6299D 
 953      1E2DDA
 954 0207 A5F205EB 		.ascii	"\245\362\005\353P\326I9\307G\254\202ge\355\234\225s"
 954      50D64939 
 954      C747AC82 
 954      6765ED9C 
 954      9573
 955 0219 5296572E 		.ascii	"R\226W.el\327\263\334\214\333\373\034J\223p\212\203"
 955      656CD7B3 
 955      DC8CDBFB 
 955      1C4A9370 
 955      8A83
 956 022b 6B13437B 		.ascii	"k\023C{v\235\331\2677=l\223H\025\221\227\256W\374\013"
 956      769DD9B7 
 956      373D6C93 
 956      48159197 
 956      AE57FC0B 
 957 023f 853D06C0 		.ascii	"\205=\006\300"
 958              		.text
 959              		.section	.gnu.lto__put.434.cb37edc8968d445f,"e",%progbits
 960 0000 789C7D52 		.ascii	"x\234}RMHTQ\024>\337\275\367\315\233\301\232eE\213\250"
 960      4D485451 
 960      143EDFBD 
ARM GAS  /tmp/ccvWDxg1.s 			page 26


 960      F7CD9BC1 
 960      9A65458B 
 961 0015 4544103E 		.ascii	"ED\020>#\373\331%\375\354\202\"W\201 o\246\211\031p"
 961      23FBD925 
 961      FDEC8222 
 961      5781206F 
 961      A6891970 
 962 0029 549C116A 		.ascii	"T\234\021j\223\327\237\\\214\205\216\2661T\3425\204"
 962      93D79F5C 
 962      8C858EB6 
 962      3154E235 
 962      84
 963 003a 6E0A4D49 		.ascii	"n\012MI\313lD2\010\204\250E\356\244\202\320\026!\255"
 963      CB6C4432 
 963      0884A845 
 963      EEA482D0 
 963      1621AD
 964 004d 22ECE7DC 		.ascii	"\"\354\347\334\367&5\310\026\357p\317\231\357\357\236"
 964      F72635C8 
 964      16EF70CF 
 964      99EFEF9E 
 965 005d 3B1F05D1 		.ascii	";\037\005\321U\":\313\037,Bo>'Hk]e\013\321\221\357\022"
 965      55223ACB 
 965      1F2C426F 
 965      3E27486B 
 965      5D650BD1 
 966 0074 7886E1A1 		.ascii	"x\206\341\241C\252=\037]|\377\366\244\222\270\235\317"
 966      43AA3D1F 
 966      5D7CFFF6 
 966      A492B89D 
 966      CF
 967 0085 BDEBAFF4 		.ascii	"\275\353\257\364\021\012\255\353hP\213\220\012-\350"
 967      110AADEB 
 967      68508B90 
 967      0A2DE8
 968 0094 930312BD 		.ascii	"\223\003\022\275\262 \011\252t\002\366\036d\320\267"
 968      B22009AA 
 968      7402F61E 
 968      64D0B7
 969 00a3 1B7D5D73 		.ascii	"\033}]s\366\300pQ\025\244\240!\006L\000\343`cb\240\274"
 969      F6C07051 
 969      15A4A021 
 969      064C00E3 
 969      606362A0 
 970 00b8 44078A5A 		.ascii	"D\007\212Z\277\236\232\324:B\005)\361\030\2330<\250"
 970      BF9E9AD4 
 970      3A420529 
 970      F1189B30 
 970      3CA8
 971 00ca 19B10C2E 		.ascii	"\031\261\014.\023\340\026\306\265\226<V\230\362qGPa"
 971      13E016C6 
 971      B5963C56 
 971      98F27147 
 971      5061
 972 00dc 50AA66DC 		.ascii	"P\252f\334\012\364\232M\335\317\320\325\233\367r\321"
 972      0AF49A4D 
 972      DDCFD0D5 
ARM GAS  /tmp/ccvWDxg1.s 			page 27


 972      9BF772D1 
 973 00ec 9ED67041 		.ascii	"\236\326pAZx\212\277|kf\254\020a\032&\215Y\000\177\017"
 973      5A788ABF 
 973      7C6B66AC 
 973      10611A26 
 973      8D59007F 
 974 0101 DF5845BD 		.ascii	"\337XE\275\366\253[\353\245]\213k\237\302Q\260jH\230"
 974      F6AB5BEB 
 974      A55D8B6B 
 974      9FC251B0 
 974      6A4898
 975 0114 62EC6C65 		.ascii	"b\354le\212e\332\220)6\027\021\001&Q\006<a\201ni\026"
 975      8A65DA90 
 975      29361711 
 975      01265106 
 975      3C61816E 
 976 012a A2157491 		.ascii	"\242\025t\221\250G\212\240i\345\3463\364\207\376\371"
 976      A8478AA0 
 976      69E5E633 
 976      F487FEF9 
 977 013a 086F948F 		.ascii	"\010o\224\217mw\253\331\327\223\021\177<8\017\372\202"
 977      6D77ABD9 
 977      D793117F 
 977      3C380FFA 
 977      82
 978 014b B6E991ED 		.ascii	"\266\351\221\355\236Dik\026\314\005\356\203\371\034"
 978      9E44696B 
 978      16CC05EE 
 978      83F91C
 979 015a 3DCC50CC 		.ascii	"=\314P\314\200*\2026\202\347\030\3643\373\264\235\236"
 979      802A8236 
 979      82E718F4 
 979      33FBB49D 
 979      9E
 980 016b 14FF03CF 		.ascii	"\024\377\003\3172\330\\n\005\035\313s\273\331\203\361"
 980      32D85C6E 
 980      051DCB73 
 980      BBD983F1 
 981 017b 86CC01E5 		.ascii	"\206\314\001\345\354\255\241\037r=\340\350\237$\333"
 981      ECADA11F 
 981      723DE0E8 
 981      9F24DB
 982 018a 3C29B796 		.ascii	"<)\267\226\2641\307\222\302\367o\037\353\\\020\236T"
 982      B431C792 
 982      C2F76F1F 
 982      EB5C109E 
 982      54
 983 019b 4C30B2CC 		.ascii	"L0\262\314\276\263\262\247t\011\376_\370\012\313(\030"
 983      BEB3B2A7 
 983      7409FE5F 
 983      F80ACB28 
 983      18
 984 01ac 80C20B90 		.ascii	"\200\302\013\220'\313|\253\261P\340\024\365\244\365"
 984      27CB7CAB 
 984      B150E014 
 984      F5A4F5
 985 01bb 2F2732C9 		.ascii	"/'2\311_\226\222\263\315@'\307\0161\330\010\363\312"
ARM GAS  /tmp/ccvWDxg1.s 			page 28


 985      5F9692B3 
 985      CD4027C7 
 985      0E31D808 
 985      F3CA
 986 01cd 0D7B3587 		.ascii	"\015{5\207-\251\257\002*s|\273\211y\370\027V\033/\362"
 986      2DA9AF02 
 986      2A737CBB 
 986      8979F817 
 986      561B2FF2 
 987 01e1 156D55FC 		.ascii	"\025mU\374\273\315\363\357\260\215\254\300u\361st5\314"
 987      BBCDF3EF 
 987      B08DACC0 
 987      75F17374 
 987      35CC
 988 01f3 8F14B424 		.ascii	"\217\024\264$\037<J\362\243b\343Q\211\3669\311\206t"
 988      1F3C4AF2 
 988      A362E351 
 988      89F639C9 
 988      8674
 989 0205 C249B9F5 		.ascii	"\302I\271\365\316\231\206xs:Q\237\3158\247.\\<W\033"
 989      CE998678 
 989      733A519F 
 989      CD38A72E 
 989      5C3C571B 
 990 0219 73EBDCFA 		.ascii	"s\353\334\372x\202*\263\311T\323\345\332F\267){\315"
 990      78822AB3 
 990      C954D3E5 
 990      DA46B729 
 990      7BCD
 991 022b 399D4CC5 		.ascii	"9\235L\305R\347\253\235\206\214\223t\353\234\272T\314"
 991      52E7AB9D 
 991      868C9374 
 991      EB9CBA54 
 991      CC
 992 023c C9649B12 		.ascii	"\311d\233\022n:\343\244\023\351\322\261<N\"\325\270"
 992      6E3AE3A4 
 992      13E9D2B1 
 992      3C4E22D5 
 992      B8
 993 024d 63F3A0FC 		.ascii	"c\363\240\374\330\341+'\216\307\217\272\204\230Lg\032"
 993      D8E12B27 
 993      8EC78FBA 
 993      84984C67 
 993      1A
 994 025e 7F03020C 		.ascii	"\177\003\002\014\016*"
 994      0E2A
 995              		.text
 996              		.section	.gnu.lto__get.435.cb37edc8968d445f,"e",%progbits
 997 0000 789C7D92 		.ascii	"x\234}\222MHTQ\024\307\317\377\336\367\346\303\324\245"
 997      4D485451 
 997      14C7CFFF 
 997      DEF7E6C3 
 997      D4A5
 998 0012 50AB5A44 		.ascii	"P\253ZD\004\3453\262\217]\322\307.(r\025\010\362f\232"
 998      04E533B2 
 998      8F5DD2C7 
 998      2E287215 
ARM GAS  /tmp/ccvWDxg1.s 			page 29


 998      08F2669A 
 999 0026 98014765 		.ascii	"\230\001Gef\242\332\344u4\203\261\320\321\026\021:\305"
 999      66A2DAE4 
 999      753483B1 
 999      D0D11611 
 999      3AC5
 1000 0038 6B08DB54 		.ascii	"k\010\333TD\222\226\332\210$-#\211\212\"\2606Z\224\322"
 1000      449296DA 
 1000      88242D23 
 1000      898A22B0 
 1000      365A94D2 
 1001 004c A608A5CE 		.ascii	"\246\010\245\316\2753\251A\0053w\3569\374\316\377\374"
 1001      BD33A941 
 1001      053377EE 
 1001      39FCCEFF 
 1001      FC
 1002 005d CFB9332B 		.ascii	"\317\2713+\210\316\020\321!\376\302&\364e3\202\224R"
 1002      88CE10D1 
 1002      21FEC226 
 1002      F4653382 
 1002      9452
 1003 006f 757E213A 		.ascii	"u~!:\263\335\002\343\030\312m\263:\262\225\257fg\366"
 1003      B3DD02E3 
 1003      18CA6DB3 
 1003      3AB295AF 
 1003      6667F6
 1004 0082 591297B3 		.ascii	"Y\022\227\263\231\205\253\265\206\260\320\276B\203\332"
 1004      9985ABB5 
 1004      86B0D0BE 
 1004      4283DA
 1005 0091 84B4D086 		.ascii	"\204\264\320\206~9 \321'\363\222`\225n\300\306\255\014"
 1005      7E3920D1 
 1005      27F39260 
 1005      956EC0C6 
 1005      AD0C
 1006 00a3 7D3FDF3F 		.ascii	"}?\337?8\345\037\030*Xy)(\307\3000p\037\334\230\030"
 1006      38E51F18 
 1006      2A587929 
 1006      28C7C030 
 1006      701FDC98 
 1007 00b8 94C7694B 		.ascii	"\224\307iKA\251g\243#J\005)/%\036`\015\303\211\206o"
 1007      41A967A3 
 1007      234A0529 
 1007      2F251E60 
 1007      0DC38986 
 1008 00cd 56914CEA 		.ascii	"V\221L\352s3\303\213\327nd*{\333\003y\356<\212?\024"
 1008      7333C38B 
 1008      D76E642A 
 1008      7BDB0379 
 1008      EE3C8A3F 
 1009 00e2 1B2EDA1A 		.ascii	"\033.\332\032=\275\202\346>tU\334U\214\332xd\320\235"
 1009      3DBD82E6 
 1009      3E7455DC 
 1009      558CDA78 
 1009      64D09D
 1010 00f5 A83160DA 		.ascii	"\2501`\332\366\021\306\200\207\320\236\364\032\370\303"
 1010      F611C680 
ARM GAS  /tmp/ccvWDxg1.s 			page 30


 1010      87D09EF4 
 1010      1AF8C3
 1011 0104 893BCFED 		.ascii	"\211;\317\355\202Z\372\331\243\324\302\372\361\267\237"
 1011      825AFAD9 
 1011      A3D4C2FA 
 1011      F1B79F
 1012 0113 02156013 		.ascii	"\002\025`\023>\241\017\311\207\337\322\207\255C\037"
 1012      3EA10FC9 
 1012      87DFD287 
 1012      AD431F
 1013 0122 1F22008C 		.ascii	"\037\"\000\214\240L+\225\353\220\250G\352\315(\013\252"
 1013      A04C2B95 
 1013      EB90A847 
 1013      EACD280B 
 1013      AA
 1014 0133 40D42B45 		.ascii	"@\324+E1h\347\340#\324\373\361\351 \257\326\\'|\374"
 1014      3168E7E0 
 1014      23D4FBF1 
 1014      E920AFD6 
 1014      5C277CFC 
 1015 0147 93BE5ECF 		.ascii	"\223\276^\317\016<\0310\251\231i\320\027\244\307nUx"
 1015      0E3C1930 
 1015      A99969D0 
 1015      17A4C76E 
 1015      5578
 1016 0159 12A52D5A 		.ascii	"\022\245-Z\320\263\334\004\313\360\024\001F1\001\252"
 1016      D0B3DC04 
 1016      CBF01401 
 1016      463101AA 
 1017 0169 2986413C 		.ascii	")\206A<\306\240q\257\313\346\253<)\376\007O2\254\327"
 1017      C6A071AF 
 1017      CBE6AB3C 
 1017      29FE074F 
 1017      32ACD7
 1018 017c 348FCEB9 		.ascii	"4\217\316\271\251\015\334\303\323\216I\373\224\223\227"
 1018      A90DDCC3 
 1018      D38E49FB 
 1018      949397
 1019 018b 72CB72C5 		.ascii	"r\313r\305\347\313\337N*=)\377-\351\307\024K\012\323"
 1019      E7CBDF4E 
 1019      2A3D29FF 
 1019      2DE9C714 
 1019      4B0AD3
 1020 019e BFE35ED7 		.ascii	"\277\343^\327g\341I\213\013\264,W_\351\336\356\311\262"
 1020      67E1498B 
 1020      0BB42C57 
 1020      5FE9DEEE 
 1020      C9B2
 1021 01b0 D21CFC57 		.ascii	"\322\034\374W1\"s|\267\031\303\023\220Y\300:\336\035"
 1021      3122737C 
 1021      B719C313 
 1021      9059C03A 
 1021      DE1D
 1022 01c2 63A6ED6B 		.ascii	"c\246\355k\323\266c\240k\231SL\011]\031\204\361\262"
 1022      D3B663A0 
 1022      6B99534C 
 1022      095D1984 
ARM GAS  /tmp/ccvWDxg1.s 			page 31


 1022      F1B2
 1023 01d4 98C1DF8C 		.ascii	"\230\301\337\214\220\006\236\026\007\343\032#\363\246"
 1023      90069E16 
 1023      07E31A23 
 1023      F3A6
 1024 01e2 E87EE9C2 		.ascii	"\350~\351\302\013\226)\327\342zDk\365)\276\"]\307\264"
 1024      0B9629D7 
 1024      E27A446B 
 1024      F529BE22 
 1024      5DC7B4
 1025 01f5 8FF33FE0 		.ascii	"\217\363?\340\323M\004\316\211\333\303\213\001~\035"
 1025      D34D04CE 
 1025      89DBC38B 
 1025      017E1D
 1026 0204 2E91EF86 		.ascii	".\221\357\206\243\374\222X}I\242MN\264%\036qbn\263s"
 1026      A3FC9258 
 1026      7D49A24D 
 1026      4EB4251E 
 1026      71626EB3 
 1027 0219 B0257C2A 		.ascii	"\260%|*\036iN%\235\375G\217\035n\014\271Mns8B\265\251"
 1027      1E694E25 
 1027      9DFD478F 
 1027      1D6E0CB9 
 1027      4D6E7338 
 1028 0230 682C71A2 		.ascii	"h,q\242\261\325M\244\316:\007\242\261P\354H\275\323"
 1028      B1D54DA4 
 1028      CE3A07A2 
 1028      B150EC48 
 1028      BDD3
 1029 0242 9274A26E 		.ascii	"\222t\242n\223\323\024\0139\311T\"\342\306\223N<\022"
 1029      93D3140B 
 1029      39C95422 
 1029      E2C6934E 
 1029      3C12
 1030 0254 2F5DABC3 		.ascii	"/]\253\303$b\255Uk\023\325\273w\234\334\273'\274\313"
 1030      2462AD55 
 1030      6B13D5BB 
 1030      779CDCBB 
 1030      27BCCB
 1031 0267 25194FB6 		.ascii	"%\031O\266\"\364\013\301\002\023a"
 1031      22F40BC1 
 1031      021361
 1032              		.text
 1033              		.section	.gnu.lto__unget.436.cb37edc8968d445f,"e",%progbits
 1034 0000 789C7592 		.ascii	"x\234u\222Mh\023A\024\307\337\177f\266\233\224Zo\036"
 1034      4D681341 
 1034      14C7DF7F 
 1034      66B69B94 
 1034      5A6F1E
 1035 0013 F4A2A088 		.ascii	"\364\242\240\210\227n\305\372q\263\370q\023\024\213"
 1035      976EC5FA 
 1035      71B3F871 
 1035      13148B
 1036 0022 07215036 		.ascii	"\007!P61\222@\322\226&\005\275\330\351\207=\304C\233"
 1036      319240D2 
 1036      962605BD 
 1036      D8E9873D 
ARM GAS  /tmp/ccvWDxg1.s 			page 32


 1036      C4439B
 1037 0035 B4079558 		.ascii	"\264\007\225X$\006\261^\004\2516\375P#\241\365$-\036"
 1037      2406B15E 
 1037      04A936FD 
 1037      5023A1F5 
 1037      242D1E
 1038 0048 3C7810F4 		.ascii	"<x\020\364 \325\203\004A\320b\251ovcZA\027f\230\367"
 1038      20D58304 
 1038      41D062A9 
 1038      6F76635A 
 1038      41176698 
 1039 005d F6FF7FBF 		.ascii	"\366\377\177\2777o7#\210\256\020\321i^\260\010\271l"
 1039      376F3723 
 1039      88AE10D1 
 1039      695EB008 
 1039      B96C
 1040 006f 4690D6BA 		.ascii	"F\220\326\272\335\026b8{C\340\031n\336\272\240\206\262"
 1040      DD166238 
 1040      7B43E019 
 1040      6EDEBAA0 
 1040      86B2
 1041 0081 CDAB9F1E 		.ascii	"\315\253\237\036\036W\022\023\331\314r\276\315S(\014"
 1041      1E571213 
 1041      D9CC72BE 
 1041      CD53280C 
 1042 0091 D4D5A07E 		.ascii	"\324\325\240~!\025\3721.\363\0229Y\224\004U;\001\273"
 1042      2115FA31 
 1042      2EF31239 
 1042      59940455 
 1042      3B01BB
 1043 00a4 0FB0E8C7 		.ascii	"\017\260\350\307\365\361R\305\316?(\253\242\0244\311"
 1043      F5F152C5 
 1043      CE3F28AB 
 1043      A21434C9 
 1044 00b4 8227C034 		.ascii	"\202'\3004\030L,\224\027i\177Y\353\225\371\222\326A"
 1044      184C2C94 
 1044      17697F59 
 1044      EB95F992 
 1044      D641
 1045 00c6 2A4A8919 		.ascii	"*J\211\031l\321p\"\264h\012\312\224\257[\236\326ZrZ"
 1045      6CD17022 
 1045      B4680ACA 
 1045      94AF5B9E 
 1045      D65A725A 
 1046 00da 61D6D31D 		.ascii	"a\326\323\035B\253Q\251\320\212\362\353\365\231}\037"
 1046      42AB51A9 
 1046      D08AF2EB 
 1046      F5997D1F 
 1047 00ea 4BAB73F7 		.ascii	"K\253s\3672\315c\003\201\242\2640\217\277\270\241w\252"
 1047      32CD6303 
 1047      81A2B430 
 1047      8FBFB8A1 
 1047      77AA
 1048 00fc 81B000D3 		.ascii	"\201\260\000\323\215\031\000\257Go\254\262\376\2651"
 1048      8D1900AF 
 1048      476FACB2 
 1048      FEB531
ARM GAS  /tmp/ccvWDxg1.s 			page 33


 1049 010b AAF5F2AE 		.ascii	"\252\365\362\256\017\023v\023\270h\2030\233\241\331"
 1049      0F137613 
 1049      B8688330 
 1049      9BA1D9
 1050 011a CA6C166F 		.ascii	"\312l\026o\302\006Jh\004\346\3305*\315\024\264\202."
 1050      C2064A68 
 1050      04E6D835 
 1050      2ACD14B4 
 1050      822E
 1051 012c 138D49E1 		.ascii	"\023\215I\341\007\003\034|\201\376\370})\310c\344\343"
 1051      07031C7C 
 1051      81FEF87D 
 1051      29C863E4 
 1051      E3
 1052 013d E0DD0E86 		.ascii	"\340\335\016\206\025\244\355\245\177.\201\276bpaj[A"
 1052      15A4EDA5 
 1052      7F2E81BE 
 1052      6270616A 
 1052      5B41
 1053 014f A2362A0B 		.ascii	"\2426*\013\246\353\373`?\367\033`)\236\203Z\3750\210"
 1053      A6EBFB60 
 1053      3FF71B60 
 1053      299E835A 
 1053      FD3088
 1054 0162 17B8E335 		.ascii	"\027\270\3435\372\031\303\253\225\235\005\337\023\364"
 1054      FA19C3AB 
 1054      959D05DF 
 1054      13F4
 1055 0170 AE62B8F2 		.ascii	"\256b\270\362\345\323\267k\262\316]\367\000C\371\221"
 1055      E5D3B76B 
 1055      B2CE5DF7 
 1055      0043F991 
 1056 0180 75668ABA 		.ascii	"uf\212\272z\203\237\355\206\\\315\340_02\242\212Ob\237"
 1056      7A839FED 
 1056      865CCDE0 
 1056      5F3032A2 
 1056      8A4F629F 
 1057 0194 576AE34F 		.ascii	"Wj\343O\257M\005)\377\337\241\215E\366\231~\230\373"
 1057      AF4D0529 
 1057      FFDFA18D 
 1057      45F6997E 
 1057      98FB
 1058 01a6 78E43543 		.ascii	"x\3445C\025\033L\025v\337\236\332[\273&\377.^\205U\024"
 1058      151B4C15 
 1058      76DF9EDA 
 1058      5BBB26FF 
 1058      2E5E8555 
 1059 01bb 8D40E115 		.ascii	"\215@\341\025\030\325\350\241r\266w\027\2659\303o\030"
 1059      18D5E8A1 
 1059      72B67717 
 1059      B539C36F 
 1059      18
 1060 01cc 6CE7D716 		.ascii	"l\347\327\026\347\327`\031\277\3005\361~\246\032\340"
 1060      E7D76019 
 1060      BFC035F1 
 1060      7EA61AE0 
 1061 01dc B1FA21C9 		.ascii	"\261\372!\311\311\331\030\177\006l~\006\242=N\254;\031"
ARM GAS  /tmp/ccvWDxg1.s 			page 34


 1061      C9D9187F 
 1061      066C7E06 
 1061      A23D4EAC 
 1061      3B19
 1062 01ee 75E26E97 		.ascii	"u\342n\227s\252;\322\227\214v\245S\316\211s\347\317"
 1062      73AA3BD2 
 1062      978C76A5 
 1062      53CE8973 
 1062      E7CF
 1063 0200 7486DD84 		.ascii	"t\206\335\204\333\025\211R[:\026\357\275\324\331\343"
 1063      DB158952 
 1063      5B3A16EF 
 1063      BDD4D9E3 
 1064 0210 F6A6AF3A 		.ascii	"\366\246\257:'c\361p\374l\207\323\235rbn\302I\304\303"
 1064      2763F170 
 1064      FC6C87D3 
 1064      9D72626E 
 1064      C249C4C3 
 1065 0224 4E2ADD1B 		.ascii	"N*\335\033u\223)'\031M\326\216-\021\022\361\236\035"
 1065      75932927 
 1065      194DD68E 
 1065      2D1112F1 
 1065      9E1D
 1066 0236 5B132D47 		.ascii	"[\023-G\016^>v4r\330%\204e2\325\363\033\263\217\373"
 1066      0E5E3E76 
 1066      3472D825 
 1066      846532D5 
 1066      F31BB38F 
 1067 024b 55       		.ascii	"U"
 1068              		.text
 1069              		.section	.gnu.lto_vmt.437.cb37edc8968d445f,"e",%progbits
 1070 0000 789C9BC4 		.ascii	"x\234\233\304\300\300\020\301\000\001s\230\031[\030"
 1070      C0C010C1 
 1070      00017398 
 1070      195B18
 1071 000f 9B1A1AFE 		.ascii	"\233\032\032\376\034\352|6Q\224q\0113\303<f\204\350"
 1071      1CEA7C36 
 1071      51947109 
 1071      33C33C66 
 1071      84E8
 1072 0021 8BB34011 		.ascii	"\213\263@\021\306y\314\214\010\221c\0205L\010\021\273"
 1072      C679CC8C 
 1072      08916310 
 1072      354C0811 
 1072      BB
 1073 0032 25CC4CF3 		.ascii	"%\314L\363\230\231\341\002+\314\22603\317cf\001\011"
 1073      9899E102 
 1073      2BCC9630 
 1073      33CF6366 
 1073      0109
 1074 0044 4C625EC2 		.ascii	"Lb^\302\314\302\310`\331\324\321 \261\204\231u.3\003"
 1074      CCC2C860 
 1074      D9D4D120 
 1074      B1849975 
 1074      2E3303
 1075 0057 E34EC6B9 		.ascii	"\343N\306\271\314\214\214;\200$\023\343v \311\314\270"
 1075      CC8C8C3B 
ARM GAS  /tmp/ccvWDxg1.s 			page 35


 1075      802413E3 
 1075      7620C9CC 
 1075      B8
 1076 0068 0D48B230 		.ascii	"\015H\2620n\005\222\254\214[\030\031\024\3653\362sS"
 1076      6E0592AC 
 1076      8C5B1819 
 1076      14F533F2 
 1076      7353
 1077 007a F53313F3 		.ascii	"\3653\023\363\364]\362\223KsS\363J\212\365\235\002\202"
 1077      F45DF293 
 1077      4B7353F3 
 1077      4A8AF59D 
 1077      0282
 1078 008c 7CE29312 		.ascii	"|\342\223\022s\022\363\222S\031LJ22\213R\342\013\022"
 1078      7312F392 
 1078      53194C4A 
 1078      32328B52 
 1078      E20B12
 1079 009f 8B4A2AF5 		.ascii	"\213J*\365\23532\2232\375\203\365\363\213\3653\022s"
 1079      9D333293 
 1079      32FD83F5 
 1079      F38BF533 
 1079      1273
 1080 00b1 F4733293 		.ascii	"\364s2\223\364\213K\212R\023s\213\365sSs\241L\275d\006"
 1080      F48B4B8A 
 1080      5213738B 
 1080      F5735373 
 1080      A14CBD64 
 1081 00c6 00972049 		.ascii	"\000\227 I\307"
 1081      C7
 1082              		.text
 1083              		.section	.gnu.lto_msObjectInit.438.cb37edc8968d445f,"e",%progbits
 1084 0000 789C8D92 		.ascii	"x\234\215\222\313k\324P\024\306\317\227s\223\231\"\350"
 1084      CB6BD450 
 1084      14C6CF97 
 1084      73939922 
 1084      E8
 1085 0011 465C2B5D 		.ascii	"F\\+]\210\233F\301\327RTp#(\272r1\224\314\230a\002\223"
 1085      889B46C1 
 1085      D7525470 
 1085      2328BA72 
 1085      3194CC98 
 1086 0028 99324917 		.ascii	"\2312I\027\352\242\267\265\012\316\302\351C\\\210\272"
 1086      EAA2B7B5 
 1086      0ACEC2E9 
 1086      435C88BA 
 1087 0038 1882CCCE 		.ascii	"\030\202\314\316\225Z\337\221QJ\021Q\374\007*B\241\212"
 1087      955ADF91 
 1087      514A1151 
 1087      FC072A42 
 1087      A18A
 1088 004a 8A56C40A 		.ascii	"\212V\304\012\365qo\022\251uQ\032\270p\276\303\367;"
 1088      F5716F12 
 1088      A975511A 
 1088      B870BEC3 
 1088      F73B
 1089 005c E7E64B2E 		.ascii	"\347\346K.\030Dg\211\250W\0350ab\274i\220\224r_\316"
ARM GAS  /tmp/ccvWDxg1.s 			page 36


 1089      18446789 
 1089      A8571D30 
 1089      6162BC69 
 1089      9094725F 
 1090 0071 C0F078B3 		.ascii	"\300\360x\263\007\217\221(\320\220\201!L\3626%\027\317"
 1090      078F9128 
 1090      D0908121 
 1090      4CF23625 
 1090      17CF
 1091 0083 4D7EE842 		.ascii	"M~\350BvbDLt]\235\344\271\312\230\340\210\001\221U\006"
 1091      7662444C 
 1091      745D9DE4 
 1091      B9CA98E0 
 1091      88019155 
 1092 0098 36AB8A4F 		.ascii	"6\253\212O\320\326X\312W3SR\366P\304\214;P\014n\003"
 1092      D0D658CA 
 1092      57335352 
 1092      F650C48C 
 1092      3B500C6E 
 1093 00ad B740BA51 		.ascii	"\267@\272Q\370\305\332\027\246\276\331\314'pw\245O\024"
 1093      F8C5DA17 
 1093      A6BED9CC 
 1093      277077A5 
 1093      4F14
 1094 00bf 9A7A329F 		.ascii	"\232z2\237I|\237?v/\256\037S70q\177\245\317,\\N|\022"
 1094      497C9F3F 
 1094      762FAE1F 
 1094      53373071 
 1094      7FA5CF2C 
 1095 00d7 E9C097D9 		.ascii	"\351\300\227\331@\023\017\3777\266\005\221\365\367\025"
 1095      40130FFF 
 1095      37B60591 
 1095      F5F715
 1096 00e6 548F6EBE 		.ascii	"T\217n\2766c\271\364\273%\345\334\034\226z\327\031\300"
 1096      3663B9F4 
 1096      BB25E5DC 
 1096      1C967AD7 
 1096      19C0
 1097 00f8 1404700F 		.ascii	"\024\004p\017\026\360\000y\340\221\262\265Xg$\005dL"
 1097      16F00079 
 1097      E091B2B5 
 1097      58672405 
 1097      644C
 1098 010a 34C6462A 		.ascii	"4\306F*\206\225x\017\371vv\032\364\011#\227\232?\221"
 1098      8695780F 
 1098      F976761A 
 1098      F4092397 
 1098      9A3F91
 1099 011d 05C1D0E1 		.ascii	"\005\301\320\341\334\320Qv\224\264\332*\232\030\264"
 1099      DCD05176 
 1099      94B4DA2A 
 1099      9A18B4
 1100 012c 5DE97CC4 		.ascii	"]\351|\3049<\3015^\0160\227\270Ga\251\262\303\224\242"
 1100      393CC135 
 1100      5E0E3097 
 1100      B84761A9 
 1100      B2C394A2 
ARM GAS  /tmp/ccvWDxg1.s 			page 37


 1101 0140 22E23C9E 		.ascii	"\"\342<\236\002]\320(\316K9\277Q\033\237!]\371%]y\345"
 1101      025DD028 
 1101      CE4B39BF 
 1101      511B9F21 
 1101      5DF9255D 
 1102 0156 DD8655F6 		.ascii	"\335\206U\366\010L\253=\212h\263H\250\257k\241L\314"
 1102      084CAB3D 
 1102      8A68B348 
 1102      A8AF6BA1 
 1102      4CCC
 1103 0168 28CAD094 		.ascii	"(\312\320\224\225P\337\326F=W\024k*\237P\337Sja~u\352"
 1103      9550DFD6 
 1103      463D5714 
 1103      6B2A9F50 
 1103      DF536A61 
 1104 017f 85A2D437 		.ascii	"\205\242\3247\3211\230\352\246\013\030y\363\343P\362"
 1104      D13198EA 
 1104      A60B1879 
 1104      F3E350F2 
 1105 018f 77B518CB 		.ascii	"w\265\030\313\231\023m\261+u\337\265=\247f\037\254\227"
 1105      99136DB1 
 1105      2B75DFB5 
 1105      3DA7661F 
 1105      AC97
 1106 01a1 067DB716 		.ascii	"\006}\267\026\006\366\376\243\307\016\367\027\235\252"
 1106      06F6FEA3 
 1106      C70EF717 
 1106      9DAA
 1107 01af 532BB9B4 		.ascii	"S+\271\2643\254x\215\223\375\003N#<e\037\250xE\357\310"
 1107      33AC788D 
 1107      93FD034E 
 1107      233C651F 
 1107      A87845EF 
 1108 01c4 71BB1ED8 		.ascii	"q\273\036\330\025\247jW\275\242\035\204\015\327\361"
 1108      15A76A57 
 1108      BDA21D84 
 1108      0DD7F1
 1109 01d3 03DB77FD 		.ascii	"\003\333w\375\254\354+\021\373\301\300\246\177;}\273"
 1109      ACEC2B11 
 1109      FBC1C0A6 
 1109      7F3B7DBB 
 1110 01e3 7794F7EE 		.ascii	"w\224\367\356)\355r\310*\016\226\313nC\004\336i\227"
 1110      29ED72C8 
 1110      2A0E96CB 
 1110      6E4304DE 
 1110      6997
 1111 01f5 DD7AF007 		.ascii	"\335z\360\007^\231\363\212"
 1111      5E99F38A 
 1112              		.text
 1113              		.section	.gnu.lto_.symbol_nodes.cb37edc8968d445f,"e",%progbits
 1114 0000 789C75CF 		.ascii	"x\234u\317\335\015@@\020\004\340Ys(C\013j\320\330\336"
 1114      DD0D4040 
 1114      1004E059 
 1114      7328430B 
 1114      6AD0D8DE 
 1115 0014 250A5082 		.ascii	"%\012P\202\022\374\023E\250E\0078D\342\341\346i\223"
 1115      12FC1345 
ARM GAS  /tmp/ccvWDxg1.s 			page 38


 1115      A8450738 
 1115      44E2E1E6 
 1115      6993
 1116 0026 6FE66177 		.ascii	"o\346aw\\\211:*\354\025#\325\006(\260\324\316\345\020"
 1116      5C893A2A 
 1116      EC1523D5 
 1116      0628B0D4 
 1116      CEE510
 1117 0039 DCDA5325 		.ascii	"\334\332S%\254\0035\012kKeX\033\252\011\353D\215\177"
 1117      AC03350A 
 1117      6B4B6558 
 1117      1BAA09EB 
 1117      448D7F
 1118 004c BA5A272F 		.ascii	"\272Z'/\306#a\013\2002S\223\343Mv7\341\177\36152}\366"
 1118      C623610B 
 1118      80325393 
 1118      E34D7637 
 1118      E17FF135 
 1119 0063 654AF39D 		.ascii	"eJ\363\2358\001\210\363@\374"
 1119      380188F3 
 1119      40FC
 1120              		.text
 1121              		.section	.gnu.lto_.refs.cb37edc8968d445f,"e",%progbits
 1122 0000 789C05C1 		.ascii	"x\234\005\301\007\001\000\000\010\303\260\256\034\003"
 1122      07010000 
 1122      08C3B0AE 
 1122      1C03
 1123 000e F8F74A72 		.ascii	"\370\367Jr@\306\225Y\333\022\243<\003\360\000C"
 1123      40C69559 
 1123      DB12A33C 
 1123      03F00043 
 1124              		.text
 1125              		.section	.gnu.lto_.decls.cb37edc8968d445f,"e",%progbits
 1126 0000 789C9D56 		.ascii	"x\234\235Vkp\023\327\025\276\347^\275\274(\310\001S"
 1126      6B7013D7 
 1126      15BEE75E 
 1126      BDBC28C8 
 1126      0153
 1127 0012 D2494B0D 		.ascii	"\322IK\015%\211g:\240\332\264\220\177x\232N:\235\224"
 1127      2589673A 
 1127      A0DAB490 
 1127      7F789A4E 
 1127      3A9D94
 1128 0025 8449DACC 		.ascii	"\204I\332\314\220NGcK\262\255\214%\271\222\034B~-`\010"
 1128      904E4763 
 1128      4BB2AD8C 
 1128      25B9921C 
 1128      427E2D60 
 1129 003a E16114DE 		.ascii	"\341a\024\336\304\004;\200k\002\204\020\260[\202\023"
 1129      C4043B80 
 1129      6B028410 
 1129      B05B8213 
 1130 004a 2CCB3411 		.ascii	",\3134\021\257B\214\215I\002\001b02v\300\030cL\036\246"
 1130      AF428C8D 
 1130      49020162 
 1130      303276C0 
 1130      18634C1E 
ARM GAS  /tmp/ccvWDxg1.s 			page 39


 1131 005f E7DE5DED 		.ascii	"\347\336]\355J\266\230i\272\366\331]\235\375\316\367"
 1131      4AB69869 
 1131      BAF6D95D 
 1131      9DFDCEF7 
 1132 006f 9D7BF6DE 		.ascii	"\235{\366\336s\367\257VB\256\000\032%\344>\036\026B"
 1132      73F7AF56 
 1132      42AE001A 
 1132      25E43E1E 
 1132      1642
 1133 0081 C8676866 		.ascii	"\310ghf\264F\264\010\332<\264b\264&\264(\3329\242\034"
 1133      B446B408 
 1133      DA3CB462 
 1133      B426B428 
 1133      DA39A21C 
 1134 0095 1C7315AD 		.ascii	"\034s\025\255\033\255\007\355\026\332]4@\276\207\321"
 1134      1BAD07ED 
 1134      16DA5D34 
 1134      40BE87D1 
 1135 00a5 F09F3C0E 		.ascii	"\360\237<\016$\345\270\211\277\307\340u\034Z\226\252"
 1135      24E5B889 
 1135      BFC7E075 
 1135      1C5A96AA 
 1136 00b5 519CC43B 		.ascii	"Q\234\304;O\325\354@{\002\261\323\320\030\336\267\252"
 1136      4FD5EC40 
 1136      7B02B1D3 
 1136      D018DEB7 
 1136      AA
 1137 00c6 79B5A351 		.ascii	"y\265\243QU\347\341\021\334\374\350D\237\224\206?\222"
 1137      55E7E111 
 1137      DCFCE844 
 1137      9F94863F 
 1137      92
 1138 00d7 C43F929B 		.ascii	"\304?\222\233\363\236I\342\276\365\000\356\343#\270"
 1138      F39E49E2 
 1138      BEF500EE 
 1138      E323B8
 1139 00e6 3B93EA32 		.ascii	";\223\35222w\256;2oP\3535\3628\363\000\336s*w:\336\344"
 1139      3277AE3B 
 1139      326F50EB 
 1139      35F238F3 
 1139      00DE732A 
 1140 00fe 9C396F77 		.ascii	"\2349ow\032\336\216\037\231/\035\301\331\223\206s\016"
 1140      1ADE8E1F 
 1140      992F1DC1 
 1140      D9938673 
 1140      0E
 1141 010f 824C789D 		.ascii	"\202Lx\235\210\200\011h?E{\024\024\256\307@y\366\013"
 1141      88800968 
 1141      3F457B14 
 1141      14AEC740 
 1141      79F60B
 1142 0122 BC4E41FB 		.ascii	"\274NA\373%\332d\264IhS\321\214*g\267Z\207\304|\031"
 1142      25DA64B4 
 1142      496853D1 
 1142      8C2A67B7 
 1142      5A87C47C 
 1143 0137 7930D4C8 		.ascii	"y0\324\310\300kIR\356\347\324\\\033\325|\247\203\242"
ARM GAS  /tmp/ccvWDxg1.s 			page 40


 1143      C06B4952 
 1143      EEE7D45C 
 1143      1BD57CA7 
 1143      83A2
 1144 0149 C739DBD4 		.ascii	"\3079\333\324\234\023\265>\243\346\017\017\230\203k"
 1144      9C13B53E 
 1144      A3E60F0F 
 1144      98836B
 1145 0158 18CC033E 		.ascii	"\030\314\003>\331m\342\216\353\331eqD\037%\360O\005"
 1145      D96DE28E 
 1145      EBD96571 
 1145      441F25F0 
 1145      4F05
 1146 016a 3D7B0C7B 		.ascii	"={\014{\221#\307\201\001\317Y\220]\305\350\232\333w"
 1146      9123C781 
 1146      01CF5990 
 1146      5DC5E89A 
 1146      DB77
 1147 017c 63262922 		.ascii	"c&)\"\313}r\244\"\203\300!\200\017\201\300A@\226\177"
 1147      CB7D72A4 
 1147      2283C021 
 1147      800F81C0 
 1147      4140967F 
 1148 0190 013400D4 		.ascii	"\0014\000\324\003\202\177\006\367\225\013a\177#\030"
 1148      03827F06 
 1148      F7950B61 
 1148      7F2318
 1149 019f 76E29355 		.ascii	"v\342\223U1\340aq9\272\220\021\230\001\277&p\030\020"
 1149      31E06171 
 1149      39BA9011 
 1149      9801BF26 
 1149      701810
 1150 01b2 80411F03 		.ascii	"\200A\037\003|\004\010\0328\262c\307\030\253\340\256"
 1150      7C04081A 
 1150      38B263C7 
 1150      18ABE0AE 
 1151 01c2 891AA009 		.ascii	"\211\032\240\011Tv\002\021<!\240\263\362\375N\233`\211"
 1151      54760211 
 1151      3C21A0B3 
 1151      F2FD4E9B 
 1151      6089
 1152 01d4 3C98E562 		.ascii	"<\230\345b\345\221]\222\316\322\254\263D\201(\303\311"
 1152      E5915D92 
 1152      CED2ACB3 
 1152      448128C3 
 1152      C9
 1153 01e5 14670B73 		.ascii	"\024g\013s\023\346!\314GX9a\013\270\300\201\325\357"
 1153      13E621CC 
 1153      47583961 
 1153      0BB8C081 
 1153      D5EF
 1154 01f7 0D18C62B 		.ascii	"\015\030\306+\205\210\210\"\300Q\200c\200\374Dd\320"
 1154      85888822 
 1154      C0518063 
 1154      80FC4464 
 1154      D0
 1155 0208 DC7FA759 		.ascii	"\334\177\247Y\001D\322\003j\227o\334\373\220\256~\\"
ARM GAS  /tmp/ccvWDxg1.s 			page 41


 1155      0144D203 
 1155      6A976FDC 
 1155      FB90AE7E 
 1155      5C
 1156 0219 573F9150 		.ascii	"W?\221P\317\022\305\254\001\266\0240\302\272tx\011\033"
 1156      CF12C5AC 
 1156      01B61430 
 1156      C2BA7478 
 1156      091B
 1157 022b 3F951FC8 		.ascii	"?\225\037\310Z\201\304\006\002\377\0018\311cNsbh\003"
 1157      5A81C406 
 1157      02FF0138 
 1157      C9634E73 
 1157      626803
 1158 023e 68076805 		.ascii	"h\007h\005\370\014\200/\024\202\364C\215\307nn{\374"
 1158      F80C802F 
 1158      1482F443 
 1158      8DC76E6E 
 1158      7BFC
 1159 0250 8383B2FC 		.ascii	"\203\203\262\374\306#\320\010\360o\340\340\204\326\021"
 1159      C623D008 
 1159      F06FE0E0 
 1159      84D611
 1160 025f 7E3A041C 		.ascii	"~:\004\034\030\336\202\214&\016\371d4$7\025q*\005\321"
 1160      18DE828C 
 1160      260EF964 
 1160      34243715 
 1160      712A05D1 
 1161 0273 A221FA36 		.ascii	"\242!\3726\265\254\036\033^\310p\014\020K\301\3305\310"
 1161      B5AC1E1B 
 1161      5EC8700C 
 1161      104BC1D8 
 1161      35C8
 1162 0285 E6CEB258 		.ascii	"\346\316\262X\004\360M\301\247\243\020\230\011\273\302"
 1162      04F04DC1 
 1162      A7A31098 
 1162      09BBC2
 1163 0294 074BDB4E 		.ascii	"\007K\333N~W\373\320\370\221\003\205\263\360\240\241"
 1163      7E57FBD0 
 1163      F8910385 
 1163      B3F0A0A1 
 1164 02a4 62CCD9C8 		.ascii	"b\314\331\310\372]F\275\244\035:\3679eZ\354\356l\274"
 1164      FA5D46BD 
 1164      A41D3AF7 
 1164      39655AEC 
 1164      EE6CBC
 1165 02b7 60BD0A62 		.ascii	"`\275\012b\361\032\\\000pn&\236$\362\022#Y2\225\251"
 1165      F11A5C00 
 1165      706E269E 
 1165      24F21223 
 1165      593295A9 
 1166 02cb C9C5A8C4 		.ascii	"\311\305\250\304$\346\222b0)g\200\345[h\216M\262\354"
 1166      24E69262 
 1166      30296780 
 1166      E55B688E 
 1166      4DB2EC
 1167 02de 6C814CC9 		.ascii	"l\201L\311h\2414nvI9\337\302\036Zc\312\316\227\015\256"
ARM GAS  /tmp/ccvWDxg1.s 			page 42


 1167      68A1346E 
 1167      764939DF 
 1167      C21E5A63 
 1167      CACE970D 
 1168 02f3 9513E266 		.ascii	"\225\023\342f\231\206\237\315\232\221\217\347\2709\006"
 1168      99869FCD 
 1168      9A918FE7 
 1168      B83906
 1169 0302 2E8C9A6B 		.ascii	".\214\232k\260d\342]\334,\015\260\232U&\327I\272\354"
 1169      B064E25D 
 1169      DC2C0DB0 
 1169      9A5526D7 
 1169      49BAEC
 1170 0315 09AC86E4 		.ascii	"\011\254\206\344\312\313\302\361\344[,\223lQ\026eO\023"
 1170      CACBC2F1 
 1170      E45B2C93 
 1170      6C511665 
 1170      4F13
 1171 0327 62B1ECDB 		.ascii	"b\261\354\333;A\212\233mH\221\343\312\316te\333b`t\271"
 1171      3B418A9B 
 1171      6D4891E3 
 1171      CACE7465 
 1171      DB626074 
 1172 033c A4AC1C82 		.ascii	"\244\254\034\202I\270\362\362\362\251\204\314\006K\014"
 1172      49B8F2F2 
 1172      F2A984CC 
 1172      064B0C
 1173 034b F21858F3 		.ascii	"\362\030X\363\344\313=\023%\243\2241);\207\020\027y"
 1173      E4CB3D13 
 1173      25A39431 
 1173      293B8710 
 1173      1779
 1174 035d 9A222FBB 		.ascii	"\232\"/\273\2378\300\214\232.\375'@\216D\363({&\216"
 1174      9F38C08C 
 1174      9A2EFD27 
 1174      408E44F3 
 1174      287B268E 
 1175 0371 BB0FA5D9 		.ascii	"\273\017\245\331\204\310\006\213\325\0122^2\034\317"
 1175      84C8068B 
 1175      D50A325E 
 1175      321CCF
 1176 0380 B8E6E649 		.ascii	"\270\346\346I$n\246\370(\313\0002\005=R2aC\3506c\301"
 1176      246EA6F8 
 1176      28CB0032 
 1176      053D5232 
 1176      6143E836 
 1177 0396 C51F3F81 		.ascii	"\305\037?\201z\022\215\002\224\0150!#\374|\212S\025"
 1177      7A128D02 
 1177      940D3021 
 1177      23FC7C8A 
 1177      5315
 1178 03a8 CD218A57 		.ascii	"\315!\212W\273\250\367\034@U\036\252\366\030\265\367"
 1178      BBA8F71C 
 1178      40551EAA 
 1178      F618B5F7 
 1179 03b8 A822FC9C 		.ascii	"\250\"\374\234D\256A@\205$x\224\030\025\240\305\252"
 1179      44AE4140 
ARM GAS  /tmp/ccvWDxg1.s 			page 43


 1179      85247894 
 1179      1815A0C5 
 1179      AA
 1180 03c9 B75C4380 		.ascii	"\267\\C\200ir\214\210KI\\\247$\032m\"%\242\374\300y"
 1180      69728C88 
 1180      4B495CA7 
 1180      241A6D22 
 1180      25A2FCC0 
 1181 03de 537DB8E3 		.ascii	"S}\270\343\265.,\233\\_\275*\0032\303\371\004X\230\362"
 1181      B52E2C9B 
 1181      5C5FBD2A 
 1181      0332C3F9 
 1181      045898F2 
 1182 03f2 2755FDD5 		.ascii	"'U\375\325\373\254\006\216\305&\344G\307\352\365o\326"
 1182      FBAC068E 
 1182      C526E447 
 1182      C7EAF56F 
 1182      D6
 1183 0403 1B85A318 		.ascii	"\033\205\243\030\316\203X\306T,c\336JL\242\304fq\307"
 1183      CE8358C6 
 1183      542C63DE 
 1183      4A4CA2C4 
 1183      6671C7
 1184 0416 5BC3AB6C 		.ascii	"[\303\253l\275`\271y\266=j\222\344\221\275\362k@\034"
 1184      BD60B979 
 1184      B63D6A92 
 1184      E491BDF2 
 1184      6B401C
 1185 0429 CEF5CB00 		.ascii	"\316\365\313\000\227x\303\212\035mm\207\211\010\353"
 1185      9778C38A 
 1185      1D6D6D87 
 1185      8908EB
 1186 0438 95E52CE8 		.ascii	"\225\345,\350\004\270\010\360\025\037\002.\031\270\300"
 1186      04B808F0 
 1186      151F022E 
 1186      19B8C0
 1187 0447 3792F026 		.ascii	"7\222\360&yhp\315\212\0263\256\324E\0104\340#\370Rm"
 1187      796870CD 
 1187      8A1633AE 
 1187      D4450834 
 1187      E023F852 
 1188 045c 3A04EF08 		.ascii	":\004\357\010|\001\3609\314\336ld\247\205t\367PE\217"
 1188      7C01F039 
 1188      CCDE6C64 
 1188      A78574F7 
 1188      50458F
 1189 046f 4DCD97E7 		.ascii	"M\315\227\347\337\360y\333=\226N#\216\261\327T\215}"
 1189      DFF079DB 
 1189      3D964E23 
 1189      8EB1D754 
 1189      8D7D
 1190 0481 6F2F7E5D 		.ascii	"o/~]\316T\004\342\000]\232@\227&p\315\300\332\251\002"
 1190      CE5404E2 
 1190      005D9A40 
 1190      972670CD 
 1190      C0DAA902 
 1191 0495 3EA88331 		.ascii	">\250\2031\233\353\032\370\272\006n0\260\363J9\233>"
ARM GAS  /tmp/ccvWDxg1.s 			page 44


 1191      9BEB1AF8 
 1191      BA066E30 
 1191      B0F34A39 
 1191      9B3E
 1192 04a7 AC33886C 		.ascii	"\2543\210l\032\225r^\350\355\336@\205\003\373\3057\274"
 1192      1A95725E 
 1192      E8EDDE40 
 1192      8503FBC5 
 1192      37BC
 1193 04b9 087D9DE1 		.ascii	"\010}\235\341\016\223\232\360\015\356hl\337\336j\320"
 1193      0E939AF0 
 1193      0DEE686C 
 1193      DFDE6AD0 
 1194 04c9 326ED433 		.ascii	"2n\3243\356C\376\233j\306}\367\016\227\355\344\253\017"
 1194      EE43FE9B 
 1194      6AC67DF7 
 1194      0E97EDE4 
 1194      AB0F
 1195 04db BDD0ABA5 		.ascii	"\275\320\253\245\320\253\245p\334\310:\323\247\360\365"
 1195      D0ABA570 
 1195      DCC83AD3 
 1195      A7F0F5
 1196 04ea BAC1668B 		.ascii	"\272\301f\213pD\001ns\305\372\370\212\375LMa\200;\326"
 1196      7044016E 
 1196      73C5FAF8 
 1196      8AFD4C4D 
 1196      61803BD6 
 1197 04fe 5E6E3995 		.ascii	"^n9\2256\205A\344\277\223(\332E\354\301FQ\206A\200~"
 1197      368541E4 
 1197      BF9328DA 
 1197      45ECC146 
 1197      51864180 
 1198 0513 2D877E2D 		.ascii	"-\207~-\207e&\326\223>\207o\256E{2\022\216{\\\362\375"
 1198      876526D6 
 1198      933E876F 
 1198      AE457B32 
 1198      128E7B5C 
 1199 0529 B71685CD 		.ascii	"\267\026\205\315\211\302|\313=_.\371\240\022R\266$\002"
 1199      89C27CCB 
 1199      3D5F2EF9 
 1199      A01252B6 
 1199      2402
 1200 053b DFEBFBCD 		.ascii	"\337\353\373\315\362\350\356\355\306\324\035\013\233"
 1200      F2E8EEED 
 1200      C6D41D0B 
 1200      9B
 1201 0548 6912E0FC 		.ascii	"i\022\340\374\211\375mI\233\352\017z\367\034V\272g\303"
 1201      89FD6D49 
 1201      9BEA0F7A 
 1201      F71C56BA 
 1201      67C3
 1202 055a 9B6BF72B 		.ascii	"\233k\367+\357b\030\340;.9\274\257\372\022\325\306]"
 1202      EF6218E0 
 1202      3B2E39BC 
 1202      AFFA12D5 
 1202      C65D
 1203 056c A20D5BC6 		.ascii	"\242\015[\306Uw_\011\032\2709\260\3258e\023\276\201"
ARM GAS  /tmp/ccvWDxg1.s 			page 45


 1203      55775F09 
 1203      1AB839B0 
 1203      D5386513 
 1203      BE81
 1204 057e DE96BF2B 		.ascii	"\336\226\277+o\000;\315\2206\372!m\364\375\214\015Q"
 1204      6F003BCD 
 1204      9036FA21 
 1204      6DF4FD8C 
 1204      0D51
 1205 0590 C2EE8B0A 		.ascii	"\302\356\213\012\354\253\352:\306\207\007\213\261I\260"
 1205      ECABEA3A 
 1205      C687078B 
 1205      B149B0
 1206 059f 0AC67DDB 		.ascii	"\012\306}\333j\267\266\362\"\300\022\244\257\240\351"
 1206      6AB7B6F2 
 1206      22C012A4 
 1206      AFA0E9
 1207 05ae EA74A26B 		.ascii	"\352t\242k[\317\030\341\360\300\353\034Q7Xq>C}U\313"
 1207      5BCF18E1 
 1207      F0C0EB1C 
 1207      51375871 
 1207      3E437D55 
 1208 05c3 B8E3ECE2 		.ascii	"\270\343\354\342\225\203c'\257dB\345\343\315\335\007"
 1208      95836327 
 1208      AF6442E5 
 1208      E3CDDD07 
 1209 05d3 94F8E5A8 		.ascii	"\224\370\345\250\\)TnU\337\376\007\237_\260\222\302"
 1209      5C29546E 
 1209      55DFFE07 
 1209      9F5FB092 
 1209      C2
 1210 05e4 0AF46E10 		.ascii	"\012\364n\020\336\335\033w\234\026\371T\242\366*N4p"
 1210      DEDD1B77 
 1210      9C16F954 
 1210      A2F62A4E 
 1210      3470
 1211 05f6 E187D3FA 		.ascii	"\341\207\323\372b,V\306\016\253\3611v\006x\203\212\321"
 1211      622C56C6 
 1211      0EABF131 
 1211      76067883 
 1211      8AD1
 1212 0608 9F69B871 		.ascii	"\237i\270q\014\246lZ&\017}\377ES\336\0269\272H\266^"
 1212      0CA66C5A 
 1212      260F7DFF 
 1212      4553DE16 
 1212      39BA48B6 
 1213 061d 62888045 		.ascii	"b\210\200ETT\000\226\"x\021U\277\264\306\301#\242WD"
 1213      54540096 
 1213      22781155 
 1213      BFB4C6C1 
 1213      23A25744 
 1214 0631 807D2464 		.ascii	"\200}$d\367T\035h\245\372;\211\353\357d=\257KD\251\313"
 1214      F7541D68 
 1214      A5FA3B89 
 1214      EBEF643D 
 1214      AF4B44A9 
 1215 0646 A97B1B98 		.ascii	"\251{\033\230\016\272\242\2036r\320\021\001:pue}\322"
ARM GAS  /tmp/ccvWDxg1.s 			page 46


 1215      0EBAA283 
 1215      3672D011 
 1215      013A7075 
 1215      657DD2
 1216 0659 DBEDD341 		.ascii	"\333\355\323A\2339\350\250\000U\307\232+\307\352\240"
 1216      9B39E8A8 
 1216      0055C79A 
 1216      2BC7EAA0 
 1217 0669 411D54C5 		.ascii	"A\035T\305A\247\030a\0279p\354;\375wnX\246N\025_#\374"
 1217      41A71861 
 1217      173970EC 
 1217      3BFD776E 
 1217      58A64E15 
 1218 0680 1BE3F08A 		.ascii	"\033\343\360\212\341\245f\231o\353\353)\254\243PC\323"
 1218      E1A56699 
 1218      6FEBEB29 
 1218      ACA35043 
 1218      D3
 1219 0691 7C1CE89F 		.ascii	"|\034\350\237\017[R\020\312\247\201\276\325\257\245"
 1219      0F5B5210 
 1219      CAA781BE 
 1219      D5AFA5
 1220 06a0 B0868ACF 		.ascii	"\260\206\212\317\245\032^$\250\246\260\215\302v\012"
 1220      A51A5E24 
 1220      A8A6B08D 
 1220      C2760A
 1221 06af EF50D84A 		.ascii	"\357P\330Ja\007U>lT\272\215\0246\244\320\215\376\244"
 1221      6107553E 
 1221      6C54BA8D 
 1221      1436A4D0 
 1221      8DFEA4
 1222 06c2 A9A2F0D6 		.ascii	"\251\242\360\326(\305\024\304f\012\233F\223\344\246"
 1222      28C514C4 
 1222      660A9B46 
 1222      93E4A6
 1223 06d1 CABC3D7A 		.ascii	"\312\274=z\\\207\304\267J\344\370\235\273b\345UD\376"
 1223      5C87C4B7 
 1223      4AE4F89D 
 1223      BB62E555 
 1223      44FE
 1224 06e3 E7013CB6 		.ascii	"\347\001<\266.\314[\365\211\226q\0131\006j\371N\316"
 1224      2ECC5BF5 
 1224      8996710B 
 1224      31066AF9 
 1224      4ECE
 1225 06f5 B14A2CE1 		.ascii	"\261J,\341\277|\263\273\030\262Wl\354;n\323_JXO\241"
 1225      BF7CB3BB 
 1225      18B2576C 
 1225      EC3B6ED3 
 1225      5F4A584F 
 1226 070a 4E9964A3 		.ascii	"N\231d\243V\301\355\335U\303&\021\021\346\021/k\001"
 1226      56C1EDDD 
 1226      55C32611 
 1226      11E6112F 
 1226      6B01
 1227 071c 1E81FFEA 		.ascii	"\036\201\377\352H]\253$\360\357R\330\311\347r\375\226"
 1227      485DAB24 
ARM GAS  /tmp/ccvWDxg1.s 			page 47


 1227      F0EF52D8 
 1227      C9E772FD 
 1227      96
 1228 072d 8A4B4901 		.ascii	"\212KI\001%Z@1\237\244\010\030\352\333~G\011\331Ma\227"
 1228      255A4031 
 1228      9FA40818 
 1228      EADB7E47 
 1228      09D94D61 
 1229 0742 587AD7B6 		.ascii	"Xz\327\2664e\244\235\376\357\241\355Q2\353\275^\367"
 1229      3465A49D 
 1229      FEEFA1ED 
 1229      5132EBBD 
 1229      5EF7
 1230 0754 69D27CAA 		.ascii	"i\322|\252\325S\337\313k0#T\342\011\270\034e\005\201"
 1230      D553DFCB 
 1230      6B302354 
 1230      E209B81C 
 1230      650581
 1231 0767 D002FB53 		.ascii	"\320\002\373S%\236B\317s/\330\375A{IA\251\275\324Sh"
 1231      259E42CF 
 1231      732FD8FD 
 1231      417B4941 
 1231      A9BDD453 
 1232 077c 0F8602EE 		.ascii	"\017\206\002\356\002o\320\356u{\325\333\351N\313\037"
 1232      026FD0EE 
 1232      757BD5DB 
 1232      E94ECB1F 
 1233 078c 9EFD4BF6 		.ascii	"\236\375K\366S\271\263\310O\222\275\323g\346\026=9\313"
 1233      53B9B3C8 
 1233      4F92BDD3 
 1233      67E6163D 
 1233      39CB
 1234 079e F9DB0262 		.ascii	"\371\333\002b\012z^s;B\346r\217/\364\244#\304\334\376"
 1234      0A7A5E73 
 1234      3B42E672 
 1234      8F2FF4A4 
 1234      23C4DCFE 
 1235 07b2 A081BB4C 		.ascii	"\240\201\273L\205\345EE\356\000{\305\033\262\316q{_"
 1235      85E54545 
 1235      EE007BC5 
 1235      1BB2CE71 
 1235      7B5F
 1236 07c4 10912FCE 		.ascii	"\020\221/\316\371\263\311_T\024t\207"
 1236      F9B3C95F 
 1236      54147487 
 1237 07d0 26DB4BFC 		.ascii	"&\333K\374^\267\335S\340\263\377\336\357,\367\272}\241"
 1237      5EB7DD53 
 1237      E0B3FFDE 
 1237      EF2CF7BA 
 1237      7DA1
 1238 07e2 A0FD7773 		.ascii	"\240\375ws\237\377\223\243\260\240\264\300\347t\223"
 1238      9FFF93A3 
 1238      B0A0B4C0 
 1238      E77493
 1239 07f1 DFFCF864 		.ascii	"\337\374\370dK\010\227\362\007\026(j,w&\261\025\004"
 1239      4B0897F2 
 1239      0716286A 
ARM GAS  /tmp/ccvWDxg1.s 			page 48


 1239      2C7726B1 
 1239      1504
 1240 0803 BCAFCC72 		.ascii	"\274\257\314rO\363\376\252\250l\272\253\214HN\177 \344"
 1240      4FF3FEAA 
 1240      A86CBAAB 
 1240      8C484E7F 
 1240      20E4
 1241 0815 7E759A77 		.ascii	"~u\232w\02618\312\312CFo\260\330\021\372?\264\234\030"
 1241      163138CA 
 1241      CA43466F 
 1241      B0D811FA 
 1241      3FB49C18 
 1242 0829 5FEC0E99 		.ascii	"_\354\016\231\034\345>qA\257+hv\314\017xB\356\240\325"
 1242      1CE53E71 
 1242      41AF2B68 
 1242      76CC0F78 
 1242      42EEA0D5 
 1243 083d 1B7CAEF0 		.ascii	"\033|\256\360e\2673\364G\237'd\302(g\331\002C\251\273"
 1243      65B733F4 
 1243      479F2764 
 1243      C22867D9 
 1243      0243A9BB 
 1244 0851 A0C8ECF3 		.ascii	"\240\310\354\363\207J\002\376\371\220k.\362e\007\313"
 1244      874A02FE 
 1244      F9906B2E 
 1244      F26507CB 
 1245 0861 DC4EF4F8 		.ascii	"\334N\364\370|\345\245\245?\267\227\007\003v\217\317"
 1245      7CE5A5A5 
 1245      3FB79707 
 1245      03768FCF 
 1246 0871 595AEE72 		.ascii	"YZ\356r\333}\356\371\252\256\307W\214\343b\250\3010"
 1246      DB7DEEF9 
 1246      AAAEC757 
 1246      8CE362A8 
 1246      C130
 1247 0883 5D039731 		.ascii	"]\003\2271\012\021\233\307\027\014\361J9\224\212\032"
 1247      0A119BC7 
 1247      170CF14A 
 1247      39948A1A 
 1248 0893 4522FF05 		.ascii	"E\"\377\005\241\332uC"
 1248      A1DA7543 
 1249              		.text
 1250              		.section	.gnu.lto_.symtab.cb37edc8968d445f,"e",%progbits
 1251 0000 6D734F62 		.ascii	"msObjectInit\000"
 1251      6A656374 
 1251      496E6974 
 1251      00
 1252 000d 00       		.ascii	"\000"
 1253 000e 00       		.ascii	"\000"
 1254 000f 00       		.ascii	"\000"
 1255 0010 00000000 		.ascii	"\000\000\000\000\000\000\000\000"
 1255      00000000 
 1256 0018 01010000 		.ascii	"\001\001\000\000"
 1257              		.text
 1258              		.section	.gnu.lto_.ext_symtab.cb37edc8968d445f,"e",%progbits
 1259 0000 01       		.ascii	"\001"
 1260 0001 01       		.ascii	"\001"
ARM GAS  /tmp/ccvWDxg1.s 			page 49


 1261 0002 00       		.ascii	"\000"
 1262              		.text
 1263              		.section	.gnu.lto_.opts,"e",%progbits
 1264 0000 272D666E 		.ascii	"'-fno-openmp' '-fno-openacc' '-fno-pie' '-fcf-prote"
 1264      6F2D6F70 
 1264      656E6D70 
 1264      2720272D 
 1264      666E6F2D 
 1265 0033 6374696F 		.ascii	"ction=none' '-g' '-mcpu=cortex-m7' '-mthumb' '-mflo"
 1265      6E3D6E6F 
 1265      6E652720 
 1265      272D6727 
 1265      20272D6D 
 1266 0066 61742D61 		.ascii	"at-abi=hard' '-mfpu=fpv5-d16' '-mlibarch=armv7e-m+f"
 1266      62693D68 
 1266      61726427 
 1266      20272D6D 
 1266      6670753D 
 1267 0099 702E6470 		.ascii	"p.dp' '-march=armv7e-m+fp.dp' '-O2' '-fomit-frame-p"
 1267      2720272D 
 1267      6D617263 
 1267      683D6172 
 1267      6D763765 
 1268 00cc 6F696E74 		.ascii	"ointer' '-falign-functions=16' '-ffunction-sections"
 1268      65722720 
 1268      272D6661 
 1268      6C69676E 
 1268      2D66756E 
 1269 00ff 2720272D 		.ascii	"' '-fdata-sections' '-fno-common' '-flto' '-Xassemb"
 1269      66646174 
 1269      612D7365 
 1269      6374696F 
 1269      6E732720 
 1270 0132 6C657227 		.ascii	"ler' '-alms=build/lst/memstreams.lst'\000"
 1270      20272D61 
 1270      6C6D733D 
 1270      6275696C 
 1270      642F6C73 
 1271              		.text
 1272              		.comm	__gnu_lto_slim,1,1
 1273              		.ident	"GCC: (15:10.3-2021.07-4) 10.3.1 20210621 (release)"
ARM GAS  /tmp/ccvWDxg1.s 			page 50


DEFINED SYMBOLS
                            *ABS*:0000000000000000 memstreams.c
     /tmp/ccvWDxg1.s:22     .gnu.debuglto_.debug_info:0000000000000000 memstreams.c.61f87c5a
                            *COM*:0000000000000001 __gnu_lto_slim

NO UNDEFINED SYMBOLS
