ARM GAS  /tmp/ccQnoo61.s 			page 1


   1              		.cpu cortex-m7
   2              		.eabi_attribute 28, 1
   3              		.eabi_attribute 20, 1
   4              		.eabi_attribute 21, 1
   5              		.eabi_attribute 23, 3
   6              		.eabi_attribute 24, 1
   7              		.eabi_attribute 25, 1
   8              		.eabi_attribute 26, 1
   9              		.eabi_attribute 30, 2
  10              		.eabi_attribute 34, 1
  11              		.eabi_attribute 18, 4
  12              		.file	"nullstreams.c"
  13              		.file 1 "/usr/lib/gcc/arm-none-eabi/10.3.1/include/stddef.h"
  14              		.file 2 "/usr/lib/gcc/arm-none-eabi/10.3.1/include/stdint.h"
  15              		.file 3 "third_party/ChibiOS/os/rt/include/chearly.h"
  16              		.file 4 "third_party/ChibiOS/os/hal/lib/streams/nullstreams.h"
  17              		.file 5 "third_party/ChibiOS/os/hal/lib/streams/nullstreams.c"
  18              		.section	.gnu.debuglto_.debug_info,"e",%progbits
  19              	.Ldebug_info0:
  20              		.hidden	nullstreams.c.21a8b18d
  21              		.weak	nullstreams.c.21a8b18d
  22              	nullstreams.c.21a8b18d:
  23 0000 A0020000 		.4byte	0x2a0
  24 0004 0400     		.2byte	0x4
  25 0006 00000000 		.4byte	.Ldebug_abbrev0
  26 000a 04       		.byte	0x4
  27 000b 01       		.uleb128 0x1
  28 000c 29010000 		.4byte	.LASF22
  29 0010 0C       		.byte	0xc
  30 0011 07000000 		.4byte	.LASF23
  31 0015 57000000 		.4byte	.LASF24
  32 0019 00000000 		.4byte	.Ldebug_line0
  33 001d 02       		.uleb128 0x2
  34 001e 04       		.byte	0x4
  35 001f 05       		.byte	0x5
  36 0020 696E7400 		.ascii	"int\000"
  37 0024 03       		.uleb128 0x3
  38 0025 00000000 		.4byte	.LASF5
  39 0029 01       		.byte	0x1
  40 002a D1       		.byte	0xd1
  41 002b 17       		.byte	0x17
  42 002c 30000000 		.4byte	0x30
  43 0030 04       		.uleb128 0x4
  44 0031 04       		.byte	0x4
  45 0032 07       		.byte	0x7
  46 0033 4A000000 		.4byte	.LASF0
  47 0037 04       		.uleb128 0x4
  48 0038 08       		.byte	0x8
  49 0039 05       		.byte	0x5
  50 003a 1B010000 		.4byte	.LASF1
  51 003e 04       		.uleb128 0x4
  52 003f 08       		.byte	0x8
  53 0040 04       		.byte	0x4
  54 0041 78000000 		.4byte	.LASF2
  55 0045 04       		.uleb128 0x4
  56 0046 01       		.byte	0x1
  57 0047 06       		.byte	0x6
ARM GAS  /tmp/ccQnoo61.s 			page 2


  58 0048 9A000000 		.4byte	.LASF3
  59 004c 04       		.uleb128 0x4
  60 004d 02       		.byte	0x2
  61 004e 05       		.byte	0x5
  62 004f 03020000 		.4byte	.LASF4
  63 0053 03       		.uleb128 0x3
  64 0054 13010000 		.4byte	.LASF6
  65 0058 02       		.byte	0x2
  66 0059 28       		.byte	0x28
  67 005a 18       		.byte	0x18
  68 005b 5F000000 		.4byte	0x5f
  69 005f 04       		.uleb128 0x4
  70 0060 04       		.byte	0x4
  71 0061 05       		.byte	0x5
  72 0062 18020000 		.4byte	.LASF7
  73 0066 03       		.uleb128 0x3
  74 0067 05010000 		.4byte	.LASF8
  75 006b 02       		.byte	0x2
  76 006c 2E       		.byte	0x2e
  77 006d 18       		.byte	0x18
  78 006e 77000000 		.4byte	0x77
  79 0072 05       		.uleb128 0x5
  80 0073 66000000 		.4byte	0x66
  81 0077 04       		.uleb128 0x4
  82 0078 01       		.byte	0x1
  83 0079 08       		.byte	0x8
  84 007a A6000000 		.4byte	.LASF9
  85 007e 04       		.uleb128 0x4
  86 007f 02       		.byte	0x2
  87 0080 07       		.byte	0x7
  88 0081 B4000000 		.4byte	.LASF10
  89 0085 04       		.uleb128 0x4
  90 0086 04       		.byte	0x4
  91 0087 07       		.byte	0x7
  92 0088 CD000000 		.4byte	.LASF11
  93 008c 04       		.uleb128 0x4
  94 008d 08       		.byte	0x8
  95 008e 07       		.byte	0x7
  96 008f 27020000 		.4byte	.LASF12
  97 0093 03       		.uleb128 0x3
  98 0094 0D010000 		.4byte	.LASF13
  99 0098 03       		.byte	0x3
 100 0099 58       		.byte	0x58
 101 009a 19       		.byte	0x19
 102 009b 53000000 		.4byte	0x53
 103 009f 04       		.uleb128 0x4
 104 00a0 01       		.byte	0x1
 105 00a1 08       		.byte	0x8
 106 00a2 00010000 		.4byte	.LASF14
 107 00a6 06       		.uleb128 0x6
 108 00a7 04       		.byte	0x4
 109 00a8 04       		.uleb128 0x4
 110 00a9 01       		.byte	0x1
 111 00aa 02       		.byte	0x2
 112 00ab 21020000 		.4byte	.LASF15
 113 00af 07       		.uleb128 0x7
 114 00b0 04       		.byte	0x4
ARM GAS  /tmp/ccQnoo61.s 			page 3


 115 00b1 66000000 		.4byte	0x66
 116 00b5 08       		.uleb128 0x8
 117 00b6 24000000 		.4byte	0x24
 118 00ba CE000000 		.4byte	0xce
 119 00be 09       		.uleb128 0x9
 120 00bf A6000000 		.4byte	0xa6
 121 00c3 09       		.uleb128 0x9
 122 00c4 CE000000 		.4byte	0xce
 123 00c8 09       		.uleb128 0x9
 124 00c9 24000000 		.4byte	0x24
 125 00cd 00       		.byte	0
 126 00ce 07       		.uleb128 0x7
 127 00cf 04       		.byte	0x4
 128 00d0 72000000 		.4byte	0x72
 129 00d4 07       		.uleb128 0x7
 130 00d5 04       		.byte	0x4
 131 00d6 B5000000 		.4byte	0xb5
 132 00da 08       		.uleb128 0x8
 133 00db 24000000 		.4byte	0x24
 134 00df F3000000 		.4byte	0xf3
 135 00e3 09       		.uleb128 0x9
 136 00e4 A6000000 		.4byte	0xa6
 137 00e8 09       		.uleb128 0x9
 138 00e9 AF000000 		.4byte	0xaf
 139 00ed 09       		.uleb128 0x9
 140 00ee 24000000 		.4byte	0x24
 141 00f2 00       		.byte	0
 142 00f3 07       		.uleb128 0x7
 143 00f4 04       		.byte	0x4
 144 00f5 DA000000 		.4byte	0xda
 145 00f9 08       		.uleb128 0x8
 146 00fa 93000000 		.4byte	0x93
 147 00fe 0D010000 		.4byte	0x10d
 148 0102 09       		.uleb128 0x9
 149 0103 A6000000 		.4byte	0xa6
 150 0107 09       		.uleb128 0x9
 151 0108 66000000 		.4byte	0x66
 152 010c 00       		.byte	0
 153 010d 07       		.uleb128 0x7
 154 010e 04       		.byte	0x4
 155 010f F9000000 		.4byte	0xf9
 156 0113 08       		.uleb128 0x8
 157 0114 93000000 		.4byte	0x93
 158 0118 22010000 		.4byte	0x122
 159 011c 09       		.uleb128 0x9
 160 011d A6000000 		.4byte	0xa6
 161 0121 00       		.byte	0
 162 0122 07       		.uleb128 0x7
 163 0123 04       		.byte	0x4
 164 0124 13010000 		.4byte	0x113
 165 0128 0A       		.uleb128 0xa
 166 0129 3C000000 		.4byte	.LASF25
 167 012d 18       		.byte	0x18
 168 012e 04       		.byte	0x4
 169 012f 35       		.byte	0x35
 170 0130 08       		.byte	0x8
 171 0131 84010000 		.4byte	0x184
ARM GAS  /tmp/ccQnoo61.s 			page 4


 172 0135 0B       		.uleb128 0xb
 173 0136 DF000000 		.4byte	.LASF16
 174 013a 04       		.byte	0x4
 175 013b 36       		.byte	0x36
 176 013c 03       		.byte	0x3
 177 013d 24000000 		.4byte	0x24
 178 0141 00       		.byte	0
 179 0142 0B       		.uleb128 0xb
 180 0143 C7000000 		.4byte	.LASF17
 181 0147 04       		.byte	0x4
 182 0148 36       		.byte	0x36
 183 0149 03       		.byte	0x3
 184 014a D4000000 		.4byte	0xd4
 185 014e 04       		.byte	0x4
 186 014f 0B       		.uleb128 0xb
 187 0150 F5000000 		.4byte	.LASF18
 188 0154 04       		.byte	0x4
 189 0155 36       		.byte	0x36
 190 0156 03       		.byte	0x3
 191 0157 F3000000 		.4byte	0xf3
 192 015b 08       		.byte	0x8
 193 015c 0C       		.uleb128 0xc
 194 015d 70757400 		.ascii	"put\000"
 195 0161 04       		.byte	0x4
 196 0162 36       		.byte	0x36
 197 0163 03       		.byte	0x3
 198 0164 0D010000 		.4byte	0x10d
 199 0168 0C       		.byte	0xc
 200 0169 0C       		.uleb128 0xc
 201 016a 67657400 		.ascii	"get\000"
 202 016e 04       		.byte	0x4
 203 016f 36       		.byte	0x36
 204 0170 03       		.byte	0x3
 205 0171 22010000 		.4byte	0x122
 206 0175 10       		.byte	0x10
 207 0176 0B       		.uleb128 0xb
 208 0177 FA000000 		.4byte	.LASF19
 209 017b 04       		.byte	0x4
 210 017c 36       		.byte	0x36
 211 017d 03       		.byte	0x3
 212 017e 0D010000 		.4byte	0x10d
 213 0182 14       		.byte	0x14
 214 0183 00       		.byte	0
 215 0184 05       		.uleb128 0x5
 216 0185 28010000 		.4byte	0x128
 217 0189 0D       		.uleb128 0xd
 218 018a 04       		.byte	0x4
 219 018b 04       		.byte	0x4
 220 018c 3E       		.byte	0x3e
 221 018d 09       		.byte	0x9
 222 018e A0010000 		.4byte	0x1a0
 223 0192 0C       		.uleb128 0xc
 224 0193 766D7400 		.ascii	"vmt\000"
 225 0197 04       		.byte	0x4
 226 0198 40       		.byte	0x40
 227 0199 1F       		.byte	0x1f
 228 019a A0010000 		.4byte	0x1a0
ARM GAS  /tmp/ccQnoo61.s 			page 5


 229 019e 00       		.byte	0
 230 019f 00       		.byte	0
 231 01a0 07       		.uleb128 0x7
 232 01a1 04       		.byte	0x4
 233 01a2 84010000 		.4byte	0x184
 234 01a6 03       		.uleb128 0x3
 235 01a7 0D020000 		.4byte	.LASF20
 236 01ab 04       		.byte	0x4
 237 01ac 42       		.byte	0x42
 238 01ad 03       		.byte	0x3
 239 01ae 89010000 		.4byte	0x189
 240 01b2 0E       		.uleb128 0xe
 241 01b3 766D7400 		.ascii	"vmt\000"
 242 01b7 05       		.byte	0x5
 243 01b8 56       		.byte	0x56
 244 01b9 23       		.byte	0x23
 245 01ba 84010000 		.4byte	0x184
 246 01be 0F       		.uleb128 0xf
 247 01bf 8B000000 		.4byte	.LASF26
 248 01c3 05       		.byte	0x5
 249 01c4 61       		.byte	0x61
 250 01c5 06       		.byte	0x6
 251 01c6 D7010000 		.4byte	0x1d7
 252 01ca 10       		.uleb128 0x10
 253 01cb 6E737000 		.ascii	"nsp\000"
 254 01cf 05       		.byte	0x5
 255 01d0 61       		.byte	0x61
 256 01d1 21       		.byte	0x21
 257 01d2 D7010000 		.4byte	0x1d7
 258 01d6 00       		.byte	0
 259 01d7 07       		.uleb128 0x7
 260 01d8 04       		.byte	0x4
 261 01d9 A6010000 		.4byte	0x1a6
 262 01dd 11       		.uleb128 0x11
 263 01de FA000000 		.4byte	.LASF19
 264 01e2 05       		.byte	0x5
 265 01e3 4D       		.byte	0x4d
 266 01e4 0E       		.byte	0xe
 267 01e5 93000000 		.4byte	0x93
 268 01e9 03020000 		.4byte	0x203
 269 01ed 10       		.uleb128 0x10
 270 01ee 697000   		.ascii	"ip\000"
 271 01f1 05       		.byte	0x5
 272 01f2 4D       		.byte	0x4d
 273 01f3 1A       		.byte	0x1a
 274 01f4 A6000000 		.4byte	0xa6
 275 01f8 10       		.uleb128 0x10
 276 01f9 6200     		.ascii	"b\000"
 277 01fb 05       		.byte	0x5
 278 01fc 4D       		.byte	0x4d
 279 01fd 26       		.byte	0x26
 280 01fe 66000000 		.4byte	0x66
 281 0202 00       		.byte	0
 282 0203 12       		.uleb128 0x12
 283 0204 67657400 		.ascii	"get\000"
 284 0208 05       		.byte	0x5
 285 0209 46       		.byte	0x46
ARM GAS  /tmp/ccQnoo61.s 			page 6


 286 020a 0E       		.byte	0xe
 287 020b 93000000 		.4byte	0x93
 288 020f 1F020000 		.4byte	0x21f
 289 0213 10       		.uleb128 0x10
 290 0214 697000   		.ascii	"ip\000"
 291 0217 05       		.byte	0x5
 292 0218 46       		.byte	0x46
 293 0219 18       		.byte	0x18
 294 021a A6000000 		.4byte	0xa6
 295 021e 00       		.byte	0
 296 021f 12       		.uleb128 0x12
 297 0220 70757400 		.ascii	"put\000"
 298 0224 05       		.byte	0x5
 299 0225 3E       		.byte	0x3e
 300 0226 0E       		.byte	0xe
 301 0227 93000000 		.4byte	0x93
 302 022b 45020000 		.4byte	0x245
 303 022f 10       		.uleb128 0x10
 304 0230 697000   		.ascii	"ip\000"
 305 0233 05       		.byte	0x5
 306 0234 3E       		.byte	0x3e
 307 0235 18       		.byte	0x18
 308 0236 A6000000 		.4byte	0xa6
 309 023a 10       		.uleb128 0x10
 310 023b 6200     		.ascii	"b\000"
 311 023d 05       		.byte	0x5
 312 023e 3E       		.byte	0x3e
 313 023f 24       		.byte	0x24
 314 0240 66000000 		.4byte	0x66
 315 0244 00       		.byte	0
 316 0245 11       		.uleb128 0x11
 317 0246 EF000000 		.4byte	.LASF21
 318 024a 05       		.byte	0x5
 319 024b 35       		.byte	0x35
 320 024c 0F       		.byte	0xf
 321 024d 24000000 		.4byte	0x24
 322 0251 76020000 		.4byte	0x276
 323 0255 10       		.uleb128 0x10
 324 0256 697000   		.ascii	"ip\000"
 325 0259 05       		.byte	0x5
 326 025a 35       		.byte	0x35
 327 025b 1B       		.byte	0x1b
 328 025c A6000000 		.4byte	0xa6
 329 0260 10       		.uleb128 0x10
 330 0261 627000   		.ascii	"bp\000"
 331 0264 05       		.byte	0x5
 332 0265 35       		.byte	0x35
 333 0266 28       		.byte	0x28
 334 0267 AF000000 		.4byte	0xaf
 335 026b 10       		.uleb128 0x10
 336 026c 6E00     		.ascii	"n\000"
 337 026e 05       		.byte	0x5
 338 026f 35       		.byte	0x35
 339 0270 33       		.byte	0x33
 340 0271 24000000 		.4byte	0x24
 341 0275 00       		.byte	0
 342 0276 13       		.uleb128 0x13
ARM GAS  /tmp/ccQnoo61.s 			page 7


 343 0277 84000000 		.4byte	.LASF27
 344 027b 05       		.byte	0x5
 345 027c 2D       		.byte	0x2d
 346 027d 0F       		.byte	0xf
 347 027e 24000000 		.4byte	0x24
 348 0282 10       		.uleb128 0x10
 349 0283 697000   		.ascii	"ip\000"
 350 0286 05       		.byte	0x5
 351 0287 2D       		.byte	0x2d
 352 0288 1C       		.byte	0x1c
 353 0289 A6000000 		.4byte	0xa6
 354 028d 10       		.uleb128 0x10
 355 028e 627000   		.ascii	"bp\000"
 356 0291 05       		.byte	0x5
 357 0292 2D       		.byte	0x2d
 358 0293 2F       		.byte	0x2f
 359 0294 CE000000 		.4byte	0xce
 360 0298 10       		.uleb128 0x10
 361 0299 6E00     		.ascii	"n\000"
 362 029b 05       		.byte	0x5
 363 029c 2D       		.byte	0x2d
 364 029d 3A       		.byte	0x3a
 365 029e 24000000 		.4byte	0x24
 366 02a2 00       		.byte	0
 367 02a3 00       		.byte	0
 368              		.section	.gnu.debuglto_.debug_abbrev,"e",%progbits
 369              	.Ldebug_abbrev0:
 370 0000 01       		.uleb128 0x1
 371 0001 11       		.uleb128 0x11
 372 0002 01       		.byte	0x1
 373 0003 25       		.uleb128 0x25
 374 0004 0E       		.uleb128 0xe
 375 0005 13       		.uleb128 0x13
 376 0006 0B       		.uleb128 0xb
 377 0007 03       		.uleb128 0x3
 378 0008 0E       		.uleb128 0xe
 379 0009 1B       		.uleb128 0x1b
 380 000a 0E       		.uleb128 0xe
 381 000b 10       		.uleb128 0x10
 382 000c 17       		.uleb128 0x17
 383 000d 00       		.byte	0
 384 000e 00       		.byte	0
 385 000f 02       		.uleb128 0x2
 386 0010 24       		.uleb128 0x24
 387 0011 00       		.byte	0
 388 0012 0B       		.uleb128 0xb
 389 0013 0B       		.uleb128 0xb
 390 0014 3E       		.uleb128 0x3e
 391 0015 0B       		.uleb128 0xb
 392 0016 03       		.uleb128 0x3
 393 0017 08       		.uleb128 0x8
 394 0018 00       		.byte	0
 395 0019 00       		.byte	0
 396 001a 03       		.uleb128 0x3
 397 001b 16       		.uleb128 0x16
 398 001c 00       		.byte	0
 399 001d 03       		.uleb128 0x3
ARM GAS  /tmp/ccQnoo61.s 			page 8


 400 001e 0E       		.uleb128 0xe
 401 001f 3A       		.uleb128 0x3a
 402 0020 0B       		.uleb128 0xb
 403 0021 3B       		.uleb128 0x3b
 404 0022 0B       		.uleb128 0xb
 405 0023 39       		.uleb128 0x39
 406 0024 0B       		.uleb128 0xb
 407 0025 49       		.uleb128 0x49
 408 0026 13       		.uleb128 0x13
 409 0027 00       		.byte	0
 410 0028 00       		.byte	0
 411 0029 04       		.uleb128 0x4
 412 002a 24       		.uleb128 0x24
 413 002b 00       		.byte	0
 414 002c 0B       		.uleb128 0xb
 415 002d 0B       		.uleb128 0xb
 416 002e 3E       		.uleb128 0x3e
 417 002f 0B       		.uleb128 0xb
 418 0030 03       		.uleb128 0x3
 419 0031 0E       		.uleb128 0xe
 420 0032 00       		.byte	0
 421 0033 00       		.byte	0
 422 0034 05       		.uleb128 0x5
 423 0035 26       		.uleb128 0x26
 424 0036 00       		.byte	0
 425 0037 49       		.uleb128 0x49
 426 0038 13       		.uleb128 0x13
 427 0039 00       		.byte	0
 428 003a 00       		.byte	0
 429 003b 06       		.uleb128 0x6
 430 003c 0F       		.uleb128 0xf
 431 003d 00       		.byte	0
 432 003e 0B       		.uleb128 0xb
 433 003f 0B       		.uleb128 0xb
 434 0040 00       		.byte	0
 435 0041 00       		.byte	0
 436 0042 07       		.uleb128 0x7
 437 0043 0F       		.uleb128 0xf
 438 0044 00       		.byte	0
 439 0045 0B       		.uleb128 0xb
 440 0046 0B       		.uleb128 0xb
 441 0047 49       		.uleb128 0x49
 442 0048 13       		.uleb128 0x13
 443 0049 00       		.byte	0
 444 004a 00       		.byte	0
 445 004b 08       		.uleb128 0x8
 446 004c 15       		.uleb128 0x15
 447 004d 01       		.byte	0x1
 448 004e 27       		.uleb128 0x27
 449 004f 19       		.uleb128 0x19
 450 0050 49       		.uleb128 0x49
 451 0051 13       		.uleb128 0x13
 452 0052 01       		.uleb128 0x1
 453 0053 13       		.uleb128 0x13
 454 0054 00       		.byte	0
 455 0055 00       		.byte	0
 456 0056 09       		.uleb128 0x9
ARM GAS  /tmp/ccQnoo61.s 			page 9


 457 0057 05       		.uleb128 0x5
 458 0058 00       		.byte	0
 459 0059 49       		.uleb128 0x49
 460 005a 13       		.uleb128 0x13
 461 005b 00       		.byte	0
 462 005c 00       		.byte	0
 463 005d 0A       		.uleb128 0xa
 464 005e 13       		.uleb128 0x13
 465 005f 01       		.byte	0x1
 466 0060 03       		.uleb128 0x3
 467 0061 0E       		.uleb128 0xe
 468 0062 0B       		.uleb128 0xb
 469 0063 0B       		.uleb128 0xb
 470 0064 3A       		.uleb128 0x3a
 471 0065 0B       		.uleb128 0xb
 472 0066 3B       		.uleb128 0x3b
 473 0067 0B       		.uleb128 0xb
 474 0068 39       		.uleb128 0x39
 475 0069 0B       		.uleb128 0xb
 476 006a 01       		.uleb128 0x1
 477 006b 13       		.uleb128 0x13
 478 006c 00       		.byte	0
 479 006d 00       		.byte	0
 480 006e 0B       		.uleb128 0xb
 481 006f 0D       		.uleb128 0xd
 482 0070 00       		.byte	0
 483 0071 03       		.uleb128 0x3
 484 0072 0E       		.uleb128 0xe
 485 0073 3A       		.uleb128 0x3a
 486 0074 0B       		.uleb128 0xb
 487 0075 3B       		.uleb128 0x3b
 488 0076 0B       		.uleb128 0xb
 489 0077 39       		.uleb128 0x39
 490 0078 0B       		.uleb128 0xb
 491 0079 49       		.uleb128 0x49
 492 007a 13       		.uleb128 0x13
 493 007b 38       		.uleb128 0x38
 494 007c 0B       		.uleb128 0xb
 495 007d 00       		.byte	0
 496 007e 00       		.byte	0
 497 007f 0C       		.uleb128 0xc
 498 0080 0D       		.uleb128 0xd
 499 0081 00       		.byte	0
 500 0082 03       		.uleb128 0x3
 501 0083 08       		.uleb128 0x8
 502 0084 3A       		.uleb128 0x3a
 503 0085 0B       		.uleb128 0xb
 504 0086 3B       		.uleb128 0x3b
 505 0087 0B       		.uleb128 0xb
 506 0088 39       		.uleb128 0x39
 507 0089 0B       		.uleb128 0xb
 508 008a 49       		.uleb128 0x49
 509 008b 13       		.uleb128 0x13
 510 008c 38       		.uleb128 0x38
 511 008d 0B       		.uleb128 0xb
 512 008e 00       		.byte	0
 513 008f 00       		.byte	0
ARM GAS  /tmp/ccQnoo61.s 			page 10


 514 0090 0D       		.uleb128 0xd
 515 0091 13       		.uleb128 0x13
 516 0092 01       		.byte	0x1
 517 0093 0B       		.uleb128 0xb
 518 0094 0B       		.uleb128 0xb
 519 0095 3A       		.uleb128 0x3a
 520 0096 0B       		.uleb128 0xb
 521 0097 3B       		.uleb128 0x3b
 522 0098 0B       		.uleb128 0xb
 523 0099 39       		.uleb128 0x39
 524 009a 0B       		.uleb128 0xb
 525 009b 01       		.uleb128 0x1
 526 009c 13       		.uleb128 0x13
 527 009d 00       		.byte	0
 528 009e 00       		.byte	0
 529 009f 0E       		.uleb128 0xe
 530 00a0 34       		.uleb128 0x34
 531 00a1 00       		.byte	0
 532 00a2 03       		.uleb128 0x3
 533 00a3 08       		.uleb128 0x8
 534 00a4 3A       		.uleb128 0x3a
 535 00a5 0B       		.uleb128 0xb
 536 00a6 3B       		.uleb128 0x3b
 537 00a7 0B       		.uleb128 0xb
 538 00a8 39       		.uleb128 0x39
 539 00a9 0B       		.uleb128 0xb
 540 00aa 49       		.uleb128 0x49
 541 00ab 13       		.uleb128 0x13
 542 00ac 00       		.byte	0
 543 00ad 00       		.byte	0
 544 00ae 0F       		.uleb128 0xf
 545 00af 2E       		.uleb128 0x2e
 546 00b0 01       		.byte	0x1
 547 00b1 3F       		.uleb128 0x3f
 548 00b2 19       		.uleb128 0x19
 549 00b3 03       		.uleb128 0x3
 550 00b4 0E       		.uleb128 0xe
 551 00b5 3A       		.uleb128 0x3a
 552 00b6 0B       		.uleb128 0xb
 553 00b7 3B       		.uleb128 0x3b
 554 00b8 0B       		.uleb128 0xb
 555 00b9 39       		.uleb128 0x39
 556 00ba 0B       		.uleb128 0xb
 557 00bb 27       		.uleb128 0x27
 558 00bc 19       		.uleb128 0x19
 559 00bd 01       		.uleb128 0x1
 560 00be 13       		.uleb128 0x13
 561 00bf 00       		.byte	0
 562 00c0 00       		.byte	0
 563 00c1 10       		.uleb128 0x10
 564 00c2 05       		.uleb128 0x5
 565 00c3 00       		.byte	0
 566 00c4 03       		.uleb128 0x3
 567 00c5 08       		.uleb128 0x8
 568 00c6 3A       		.uleb128 0x3a
 569 00c7 0B       		.uleb128 0xb
 570 00c8 3B       		.uleb128 0x3b
ARM GAS  /tmp/ccQnoo61.s 			page 11


 571 00c9 0B       		.uleb128 0xb
 572 00ca 39       		.uleb128 0x39
 573 00cb 0B       		.uleb128 0xb
 574 00cc 49       		.uleb128 0x49
 575 00cd 13       		.uleb128 0x13
 576 00ce 00       		.byte	0
 577 00cf 00       		.byte	0
 578 00d0 11       		.uleb128 0x11
 579 00d1 2E       		.uleb128 0x2e
 580 00d2 01       		.byte	0x1
 581 00d3 03       		.uleb128 0x3
 582 00d4 0E       		.uleb128 0xe
 583 00d5 3A       		.uleb128 0x3a
 584 00d6 0B       		.uleb128 0xb
 585 00d7 3B       		.uleb128 0x3b
 586 00d8 0B       		.uleb128 0xb
 587 00d9 39       		.uleb128 0x39
 588 00da 0B       		.uleb128 0xb
 589 00db 27       		.uleb128 0x27
 590 00dc 19       		.uleb128 0x19
 591 00dd 49       		.uleb128 0x49
 592 00de 13       		.uleb128 0x13
 593 00df 01       		.uleb128 0x1
 594 00e0 13       		.uleb128 0x13
 595 00e1 00       		.byte	0
 596 00e2 00       		.byte	0
 597 00e3 12       		.uleb128 0x12
 598 00e4 2E       		.uleb128 0x2e
 599 00e5 01       		.byte	0x1
 600 00e6 03       		.uleb128 0x3
 601 00e7 08       		.uleb128 0x8
 602 00e8 3A       		.uleb128 0x3a
 603 00e9 0B       		.uleb128 0xb
 604 00ea 3B       		.uleb128 0x3b
 605 00eb 0B       		.uleb128 0xb
 606 00ec 39       		.uleb128 0x39
 607 00ed 0B       		.uleb128 0xb
 608 00ee 27       		.uleb128 0x27
 609 00ef 19       		.uleb128 0x19
 610 00f0 49       		.uleb128 0x49
 611 00f1 13       		.uleb128 0x13
 612 00f2 01       		.uleb128 0x1
 613 00f3 13       		.uleb128 0x13
 614 00f4 00       		.byte	0
 615 00f5 00       		.byte	0
 616 00f6 13       		.uleb128 0x13
 617 00f7 2E       		.uleb128 0x2e
 618 00f8 01       		.byte	0x1
 619 00f9 03       		.uleb128 0x3
 620 00fa 0E       		.uleb128 0xe
 621 00fb 3A       		.uleb128 0x3a
 622 00fc 0B       		.uleb128 0xb
 623 00fd 3B       		.uleb128 0x3b
 624 00fe 0B       		.uleb128 0xb
 625 00ff 39       		.uleb128 0x39
 626 0100 0B       		.uleb128 0xb
 627 0101 27       		.uleb128 0x27
ARM GAS  /tmp/ccQnoo61.s 			page 12


 628 0102 19       		.uleb128 0x19
 629 0103 49       		.uleb128 0x49
 630 0104 13       		.uleb128 0x13
 631 0105 00       		.byte	0
 632 0106 00       		.byte	0
 633 0107 00       		.byte	0
 634              		.section	.gnu.debuglto_.debug_line,"e",%progbits
 635              	.Ldebug_line0:
 636 0000 D4000000 		.4byte	.LELT0-.LSLT0
 637              	.LSLT0:
 638 0004 0400     		.2byte	0x4
 639 0006 CE000000 		.4byte	.LELTP0-.LASLTP0
 640              	.LASLTP0:
 641 000a 01       		.byte	0x1
 642 000b 01       		.byte	0x1
 643 000c 01       		.byte	0x1
 644 000d F6       		.byte	0xf6
 645 000e F2       		.byte	0xf2
 646 000f 0D       		.byte	0xd
 647 0010 00       		.byte	0
 648 0011 01       		.byte	0x1
 649 0012 01       		.byte	0x1
 650 0013 01       		.byte	0x1
 651 0014 01       		.byte	0x1
 652 0015 00       		.byte	0
 653 0016 00       		.byte	0
 654 0017 00       		.byte	0
 655 0018 01       		.byte	0x1
 656 0019 00       		.byte	0
 657 001a 00       		.byte	0
 658 001b 01       		.byte	0x1
 659 001c 74686972 		.ascii	"third_party/ChibiOS/os/hal/lib/streams"
 659      645F7061 
 659      7274792F 
 659      43686962 
 659      694F532F 
 660 0042 00       		.byte	0
 661 0043 74686972 		.ascii	"third_party/ChibiOS/os/rt/include"
 661      645F7061 
 661      7274792F 
 661      43686962 
 661      694F532F 
 662 0064 00       		.byte	0
 663 0065 2F757372 		.ascii	"/usr/lib/gcc/arm-none-eabi/10.3.1/include"
 663      2F6C6962 
 663      2F676363 
 663      2F61726D 
 663      2D6E6F6E 
 664 008e 00       		.byte	0
 665 008f 00       		.byte	0
 666 0090 73746464 		.ascii	"stddef.h\000"
 666      65662E68 
 666      00
 667 0099 03       		.uleb128 0x3
 668 009a 00       		.uleb128 0
 669 009b 00       		.uleb128 0
 670 009c 73746469 		.ascii	"stdint.h\000"
ARM GAS  /tmp/ccQnoo61.s 			page 13


 670      6E742E68 
 670      00
 671 00a5 03       		.uleb128 0x3
 672 00a6 00       		.uleb128 0
 673 00a7 00       		.uleb128 0
 674 00a8 63686561 		.ascii	"chearly.h\000"
 674      726C792E 
 674      6800
 675 00b2 02       		.uleb128 0x2
 676 00b3 00       		.uleb128 0
 677 00b4 00       		.uleb128 0
 678 00b5 6E756C6C 		.ascii	"nullstreams.h\000"
 678      73747265 
 678      616D732E 
 678      6800
 679 00c3 01       		.uleb128 0x1
 680 00c4 00       		.uleb128 0
 681 00c5 00       		.uleb128 0
 682 00c6 6E756C6C 		.ascii	"nullstreams.c\000"
 682      73747265 
 682      616D732E 
 682      6300
 683 00d4 01       		.uleb128 0x1
 684 00d5 00       		.uleb128 0
 685 00d6 00       		.uleb128 0
 686 00d7 00       		.byte	0
 687              	.LELTP0:
 688              	.LELT0:
 689              		.section	.gnu.debuglto_.debug_str,"eMS",%progbits,1
 690              	.LASF5:
 691 0000 73697A65 		.ascii	"size_t\000"
 691      5F7400
 692              	.LASF23:
 693 0007 74686972 		.ascii	"third_party/ChibiOS/os/hal/lib/streams/nullstreams."
 693      645F7061 
 693      7274792F 
 693      43686962 
 693      694F532F 
 694 003a 6300     		.ascii	"c\000"
 695              	.LASF25:
 696 003c 4E756C6C 		.ascii	"NullStreamVMT\000"
 696      53747265 
 696      616D564D 
 696      5400
 697              	.LASF0:
 698 004a 756E7369 		.ascii	"unsigned int\000"
 698      676E6564 
 698      20696E74 
 698      00
 699              	.LASF24:
 700 0057 2F686F6D 		.ascii	"/home/ian/Documents/BPRL_balance\000"
 700      652F6961 
 700      6E2F446F 
 700      63756D65 
 700      6E74732F 
 701              	.LASF2:
 702 0078 6C6F6E67 		.ascii	"long double\000"
ARM GAS  /tmp/ccQnoo61.s 			page 14


 702      20646F75 
 702      626C6500 
 703              	.LASF27:
 704 0084 77726974 		.ascii	"writes\000"
 704      657300
 705              	.LASF26:
 706 008b 6E756C6C 		.ascii	"nullObjectInit\000"
 706      4F626A65 
 706      6374496E 
 706      697400
 707              	.LASF3:
 708 009a 7369676E 		.ascii	"signed char\000"
 708      65642063 
 708      68617200 
 709              	.LASF9:
 710 00a6 756E7369 		.ascii	"unsigned char\000"
 710      676E6564 
 710      20636861 
 710      7200
 711              	.LASF10:
 712 00b4 73686F72 		.ascii	"short unsigned int\000"
 712      7420756E 
 712      7369676E 
 712      65642069 
 712      6E7400
 713              	.LASF17:
 714 00c7 77726974 		.ascii	"write\000"
 714      6500
 715              	.LASF11:
 716 00cd 6C6F6E67 		.ascii	"long unsigned int\000"
 716      20756E73 
 716      69676E65 
 716      6420696E 
 716      7400
 717              	.LASF16:
 718 00df 696E7374 		.ascii	"instance_offset\000"
 718      616E6365 
 718      5F6F6666 
 718      73657400 
 719              	.LASF21:
 720 00ef 72656164 		.ascii	"reads\000"
 720      7300
 721              	.LASF18:
 722 00f5 72656164 		.ascii	"read\000"
 722      00
 723              	.LASF19:
 724 00fa 756E6765 		.ascii	"unget\000"
 724      7400
 725              	.LASF14:
 726 0100 63686172 		.ascii	"char\000"
 726      00
 727              	.LASF8:
 728 0105 75696E74 		.ascii	"uint8_t\000"
 728      385F7400 
 729              	.LASF13:
 730 010d 6D73675F 		.ascii	"msg_t\000"
 730      7400
ARM GAS  /tmp/ccQnoo61.s 			page 15


 731              	.LASF6:
 732 0113 696E7433 		.ascii	"int32_t\000"
 732      325F7400 
 733              	.LASF1:
 734 011b 6C6F6E67 		.ascii	"long long int\000"
 734      206C6F6E 
 734      6720696E 
 734      7400
 735              	.LASF22:
 736 0129 474E5520 		.ascii	"GNU C17 10.3.1 20210621 (release) -mcpu=cortex-m7 -"
 736      43313720 
 736      31302E33 
 736      2E312032 
 736      30323130 
 737 015c 6D746875 		.ascii	"mthumb -mfloat-abi=hard -mfpu=fpv5-d16 -march=armv7"
 737      6D62202D 
 737      6D666C6F 
 737      61742D61 
 737      62693D68 
 738 018f 652D6D2B 		.ascii	"e-m+fp.dp -ggdb -O2 -fomit-frame-pointer -falign-fu"
 738      66702E64 
 738      70202D67 
 738      67646220 
 738      2D4F3220 
 739 01c2 6E637469 		.ascii	"nctions=16 -ffunction-sections -fdata-sections -fno"
 739      6F6E733D 
 739      3136202D 
 739      6666756E 
 739      6374696F 
 740 01f5 2D636F6D 		.ascii	"-common -flto\000"
 740      6D6F6E20 
 740      2D666C74 
 740      6F00
 741              	.LASF4:
 742 0203 73686F72 		.ascii	"short int\000"
 742      7420696E 
 742      7400
 743              	.LASF20:
 744 020d 4E756C6C 		.ascii	"NullStream\000"
 744      53747265 
 744      616D00
 745              	.LASF7:
 746 0218 6C6F6E67 		.ascii	"long int\000"
 746      20696E74 
 746      00
 747              	.LASF15:
 748 0221 5F426F6F 		.ascii	"_Bool\000"
 748      6C00
 749              	.LASF12:
 750 0227 6C6F6E67 		.ascii	"long long unsigned int\000"
 750      206C6F6E 
 750      6720756E 
 750      7369676E 
 750      65642069 
 751              		.text
 752              		.section	.gnu.lto_.profile.b9b94f52022349ef,"e",%progbits
 753 0000 789C6362 		.ascii	"x\234cb\000\001\000\000\022\000\003"
ARM GAS  /tmp/ccQnoo61.s 			page 16


 753      00010000 
 753      120003
 754              		.text
 755              		.section	.gnu.lto_.icf.b9b94f52022349ef,"e",%progbits
 756 0000 789CD366 		.ascii	"x\234\323f@\000v\206[\373'\356ba\374\365\363\375\006"
 756      40007686 
 756      5BFB27EE 
 756      6261FCF5 
 756      F3FD06
 757 0013 7EA6EE27 		.ascii	"~\246\356'o\227\2622w\375\232\270\211\213\005\314f\235"
 757      6F97B232 
 757      77FD9AB8 
 757      898B05CC 
 757      669D
 758 0025 F0EC3C1F 		.ascii	"\360\354<\037\333\233\011\217v\2610\000\000\333\347"
 758      DB9B098F 
 758      76B13000 
 758      00DBE7
 759 0034 151D     		.ascii	"\025\035"
 760              		.text
 761              		.section	.gnu.lto_.ipa_sra.b9b94f52022349ef,"e",%progbits
 762 0000 789C7361 		.ascii	"x\234sa@\0006\006f \311\312\300\301\300\016\34223\""
 762      40003606 
 762      6620C9CA 
 762      C0C1C00E 
 762      E2323322 
 763 0014 73199999 		.ascii	"s\031\231\231\230\300\\\020\223\231\021\304dfA\210\260"
 763      98C05C10 
 763      939911C4 
 763      64664188 
 763      B0
 764 0025 82441818 		.ascii	"\202D\030\030\031\000%\326\000\260"
 764      190025D6 
 764      00B0
 765              		.text
 766              		.section	.gnu.lto_.inline.b9b94f52022349ef,"e",%progbits
 767 0000 789C3BC7 		.ascii	"x\234;\307\200\000l\014\014\314\015@\300\224\302\310"
 767      80006C0C 
 767      0CCC0D40 
 767      C094C2C8 
 768 0010 C0C4C0D0 		.ascii	"\300\304\300\320\010d\326\001E!BL !\006F\202*\230\010"
 768      0864D601 
 768      4521424C 
 768      20210646 
 768      822A9808 
 769 0024 AA6026A8 		.ascii	"\252`&\250\202\205\240\012V\006\026\020\227\031\244"
 769      8285A00A 
 769      56061610 
 769      9719A4
 770 0033 82112C91 		.ascii	"\202\021,\221\304\300\300\016\244\017\300T0\000\000"
 770      C4C0C00E 
 770      A40FC054 
 770      300000
 771 0042 D4482D2F 		.ascii	"\324H-/"
 772              		.text
 773              		.section	.gnu.lto_.jmpfuncs.b9b94f52022349ef,"e",%progbits
 774 0000 789C4D8B 		.ascii	"x\234M\213\201\011\0000\010\303Z\253\273o\037\355\031"
ARM GAS  /tmp/ccQnoo61.s 			page 17


 774      81090030 
 774      08C35AAB 
 774      BB6F1FED 
 774      19
 775 0011 0F9D03C1 		.ascii	"\017\235\003\301\025\002%\220\215\331\202H:R(xR\306"
 775      15022590 
 775      8DD98248 
 775      3A522878 
 775      52C6
 776 0023 67D04685 		.ascii	"g\320F\205\231\215p\365\367_F%\325\006.\204\312\011"
 776      998D70F5 
 776      F75F4625 
 776      D5062E84 
 776      CA09
 777 0035 6A       		.ascii	"j"
 778              		.text
 779              		.section	.gnu.lto_.pureconst.b9b94f52022349ef,"e",%progbits
 780 0000 789C1366 		.ascii	"x\234\023f```ch`al`aj`an`ai`a\235\305\002\000 '\003"
 780      60606063 
 780      6860616C 
 780      60616A60 
 780      616E6061 
 781 001e 5B       		.ascii	"["
 782              		.text
 783              		.section	.gnu.lto_.lto.b9b94f52022349ef,"e",%progbits
 784 0000 09000400 		.ascii	"\011\000\004\000\001\000\000\000"
 784      01000000 
 785              		.text
 786              		.section	.gnu.lto_writes.432.b9b94f52022349ef,"e",%progbits
 787 0000 789C558F 		.ascii	"x\234U\217\277K\303@\024\307\337\273K\025\007g\007\027"
 787      BF4BC340 
 787      14C7DFBB 
 787      4B150767 
 787      0717
 788 0012 45445C7A 		.ascii	"ED\\zT(t\022QGA\321M\010\345\322\006\022H\323\322\244"
 788      54287412 
 788      514741D1 
 788      4D08E5D2 
 788      061248D3 
 789 0028 60A75E0B 		.ascii	"`\247^\013.\005\351\257\305\241\210H\0217\027E\305\212"
 789      2E05E9AF 
 789      C5A18848 
 789      11371745 
 789      C58A
 790 003a F9138A08 		.ascii	"\371\023\212\010N\"\270\010\212\213\223\210\240\227"
 790      4E22B808 
 790      8A8B9388 
 790      A097
 791 0048 34A0191E 		.ascii	"4\240\031\036\357}\277\367y\307\373N\"@\031\000fe!\005"
 791      EF7DBFF7 
 791      79C7FB4E 
 791      22401900 
 791      66652105 
 792 005c 6CB7EA04 		.ascii	"l\267\352\004\204\020K\243\004\253\255\372\303\361\014"
 792      84104BA3 
 792      04ABADFA 
 792      C3F10C
ARM GAS  /tmp/ccQnoo61.s 			page 18


 793 006b DE60A011 		.ascii	"\336`\240\021*\004+\330\241]\212m\332\223\254\022N\210"
 793      2A042BD8 
 793      A15D8A6D 
 793      DA93AC12 
 793      4E88
 794 007d 53F39E10 		.ascii	"S\363\236\020\237\273\235\307\305\356\211\247\364(\201"
 794      9FBB9DC7 
 794      C5EE89A7 
 794      F42881
 795 008c 03F97E8E 		.ascii	"\003\371~\216x&\277\007\220\034\335\2069\311\014\372"
 795      7826BF07 
 795      901CDD86 
 795      39C90CFA 
 796 009c 97428C41 		.ascii	"\227B\214A\217R\274\300\177\2144\324Z\314\347JC\356"
 796      8F52BCC0 
 796      7F8C34D4 
 796      5ACCE74A 
 796      43EE
 797 00ae 29E414BC 		.ascii	")\344\024\274\212r\212\272\027p;C\356+\344\010^G9\242"
 797      8A728ABA 
 797      17703B43 
 797      EE2BE408 
 797      5E4739A2 
 798 00c2 EEC70046 		.ascii	"\356\307\000F\300\277\304\317&\353\364.\346\211\357"
 798      C0BFC4CF 
 798      26EBF42E 
 798      E689EF
 799 00d1 9F8610EF 		.ascii	"\237\206\020\357/\370F\344\335\330\227~\203\372\201"
 799      2FF846E4 
 799      DDD8977E 
 799      83FA81
 800 00e0 8582C203 		.ascii	"\205\202\302\003hR2\024U)^Q<\337\216\007m\200A\273G"
 800      68523214 
 800      55295E51 
 800      3CDF8E07 
 800      6D8041BB 
 801 00f5 F8C0DA61 		.ascii	"\370\300\332a\362\210\006\301\032\024\377V\001\246\231"
 801      F28806C1 
 801      1A14FF56 
 801      01A699
 802 0104 91CFE9CC 		.ascii	"\221\317\351\314\3446[\315gJ9\335v\035\266\274\261\271"
 802      E4365BCD 
 802      674A39DD 
 802      761DB6BC 
 802      B1B9
 803 0116 96D6B8C5 		.ascii	"\226\326\270\305\355\214\016I\3270\213\331t\201\027"
 803      ED8C0E49 
 803      D7308BD9 
 803      748117
 804 0125 DD325B31 		.ascii	"\3352[1L\315\\\337by\207\031\334b\226\2511\307-\352"
 804      4CCD5CDF 
 804      62798719 
 804      DC6296A9 
 804      31C72DEA 
 805 0139 3CE730BB 		.ascii	"<\3470\273dY\341\034\317\0001\013\023\021'\276\220\340"
 805      6459E11C 
 805      CF00310B 
ARM GAS  /tmp/ccQnoo61.s 			page 19


 805      131127BE 
 805      90E0
 806 014b 292D91CA 		.ascii	")-\221\312\002\321\012h\377\002\203\325\207\227"
 806      02D10A68 
 806      FF0283D5 
 806      8797
 807              		.text
 808              		.section	.gnu.lto_reads.433.b9b94f52022349ef,"e",%progbits
 809 0000 789C558F 		.ascii	"x\234U\217\277K\303@\024\307\337\273\213\212\203\263"
 809      BF4BC340 
 809      14C7DFBB 
 809      8B8A83B3 
 810 0010 AB45445C 		.ascii	"\253ED\\zT(t\022QGA\251\233P\312%\015$\220\244\245I"
 810      7A542874 
 810      12514741 
 810      A99B50CA 
 810      250D2490 
 811 0027 C14EBD0A 		.ascii	"\301N\275\012.]j\333\265\210CA7\027E\245\010\371\023"
 811      2E5D6ADB 
 811      B5884341 
 811      371745A5 
 811      08F913
 812 003a 4410DC2A 		.ascii	"D\020\334*\016\016\026A\012\212CA/?@;<\276\357\373\356"
 812      0E0E1641 
 812      0A8A4341 
 812      2F3F403B 
 812      3CBEEFFB 
 813 004f C397FB26 		.ascii	"\303\227\373&\020\240\012\000Kr\220\002\266[\015\002"
 813      10A00A00 
 813      4B729002 
 813      B65B0D02 
 814 005f 4288F519 		.ascii	"B\210\365\031\202\365Vcp\266\210w\030z\204\032\301\032"
 814      82F55663 
 814      70B68877 
 814      187A841A 
 814      C11A
 815 0071 76689762 		.ascii	"vh\227b\233\366$\253\304\033\342\302\212/\304\367Q\347"
 815      9BF624AB 
 815      C41BE2C2 
 815      8A2FC4F7 
 815      51E7
 816 0083 7DAD7BEE 		.ascii	"}\255{\356+=J\340D\276_!^\312x\000\311\321}X\226\314"
 816      2B3D4AE0 
 816      44BE5F21 
 816      5ECA7800 
 816      C9D17D58 
 817 0099 7DFF4688 		.ascii	"}\377F\210Y\350Q\212\327\370\217\221\207\334c\220G+"
 817      59E8518A 
 817      D7F88F91 
 817      87DC6390 
 817      472B
 818 00ab 11F71473 		.ascii	"\021\367\024s\012\336NrJ\3569\344\016\"n\030s\004\373"
 818      0ADE4E72 
 818      4AEE39E4 
 818      0E226E18 
 818      7304FB
 819 00be 931CC90D 		.ascii	"\223\034\311\015\025\200i\010~\022t\223s\3610\345\213"
ARM GAS  /tmp/ccQnoo61.s 			page 20


 819      15806908 
 819      7E127493 
 819      73F130E5 
 819      8B
 820 00cf F14F5388 		.ascii	"\361OS\210\317W\034\023\002\320\244AW\241\240\360\001"
 820      CF571C13 
 820      02D0A441 
 820      57A1A0F0 
 820      01
 821 00e0 8E29894C 		.ascii	"\216)\211L]\2327\024/\203\271P>0\224Q$_\010#<<M\007"
 821      5D9A3714 
 821      2F83B950 
 821      3E309451 
 821      245F0823 
 822 00f8 C549D84E 		.ascii	"\305I\330N\246\340_\012@\202\031E[g&w\330VQ\253\330"
 822      A6E05F0A 
 822      40821945 
 822      5B672677 
 822      D85651AB 
 823 010d BAE3B96C 		.ascii	"\272\343\271lc7\273\235W\271\305\035M\207\264g\230\345"
 823      6337BB9D 
 823      57B9C51D 
 823      4D87B467 
 823      98E5
 824 011f 42BEC4CB 		.ascii	"B\276\304\313^\225m\032\246j\356\354\261\242\313\014"
 824      5E956D1A 
 824      A66AEEEC 
 824      B1A2CB0C 
 825 012f 6E31CB54 		.ascii	"n1\313T\231\353\225un\273\314\251XV\274'5 fi~\342\222"
 825      99EB9575 
 825      6EBBCCA9 
 825      5856BC27 
 825      35206669 
 826 0146 5C4DF18C 		.ascii	"\\M\361\214\232\312\024\200\250%t~\001\0374\214'"
 826      9ACA1480 
 826      A825747E 
 826      011F348C 
 826      27
 827              		.text
 828              		.section	.gnu.lto_put.434.b9b94f52022349ef,"e",%progbits
 829 0000 789C558F 		.ascii	"x\234U\217=K\003A\020\206gv\327\210\277\300V\021\024"
 829      3D4B0341 
 829      10866776 
 829      D788BFC0 
 829      561114
 830 0013 9BAC5102 		.ascii	"\233\254Q\002),D-\005E;!\204\275\344\340\016.\227\220"
 830      292C442D 
 830      05453B21 
 830      84BDE4E0 
 830      0E2E9790 
 831 0027 BB085699 		.ascii	"\273\010V\231\0106A\310\027\210E\020\213\024vi\"Fm\256"
 831      083641C8 
 831      17884510 
 831      8B147669 
 831      22466DAE 
 832 003b B2B210FF 		.ascii	"\262\262\020\377\200 VvZY\370\265w\011\250\30503\357"
 832      80205676 
ARM GAS  /tmp/ccQnoo61.s 			page 21


 832      5A59F8B5 
 832      7709A8C5 
 832      3033EF
 833 004e 3CF332F3 		.ascii	"<\3632\363\012\000{:fu \007l5k\014\210he\234a\265Y{"
 833      0A007B3A 
 833      66752007 
 833      6C356B0C 
 833      8868659C 
 834 0066 3CE90BBC 		.ascii	"<\351\013\274\301H@\2500\254`\233w8\266xW\303bT!N\315"
 834      C14840A8 
 834      30AC609B 
 834      7738B678 
 834      57C36254 
 835 007d 6BE4FDB0 		.ascii	"k\344\375\260\375\265\3349\017D\22738\325\363\013\304"
 835      FDB5DC39 
 835      0F449733 
 835      38D5F30B 
 835      C4
 836 008e 3E6A63D0 		.ascii	">jc\320\034\337\205\271\200\350~0 \232\200.\347x\211"
 836      1CDF85B9 
 836      80E87E30 
 836      209A802E 
 836      E77889
 837 00a1 7F182DA4 		.ascii	"\177\030-\244{\241\037/\017\271\273>\021\327\262\300"
 837      7BA11F2F 
 837      0FB9BB3E 
 837      11D7B2C0 
 838 00b1 AB885BC2 		.ascii	"\253\210[\302\205\220\022\351k\001\020\203\320?<YG\357"
 838      859012E9 
 838      6B011083 
 838      D03F3C59 
 838      47EF
 839 00c3 612CA08F 		.ascii	"a,\240\217\357:\321\3473\036\3150\200:\017_ \201\024"
 839      EF3AD1E7 
 839      331ECD30 
 839      803A0F5F 
 839      208114
 840 00d6 0034381B 		.ascii	"\00048\0336U\335\274 =5o1\312\255X\224\216c\360\206"
 840      3655DDBC 
 840      203D356F 
 840      31CAAD58 
 840      948E63F0 
 841 00eb 0767C9F0 		.ascii	"\007g\311\360\021\026]\253\367\361w\037`ZZ\205\274)"
 841      11165DAB 
 841      F7F1771F 
 841      605A5A85 
 841      BC29
 842 00fd 6DE5CAF5 		.ascii	"m\345\312\365B\266\2347]\337\223\253[\333\033\031C9"
 842      42B69C37 
 842      5DDF93AB 
 842      5BDB1B19 
 842      4339
 843 010f CACD9A90 		.ascii	"\312\315\232\220\364-\273\224\313\024U\311\337\227k"
 843      F42DBB94 
 843      CB1455C9 
 843      DF976B
 844 011e 966DD89B 		.ascii	"\226m\330\233;\262\340IK9\322\261\015\351\371%S\345"
ARM GAS  /tmp/ccQnoo61.s 			page 22


 844      3BB2E049 
 844      4B39D2B1 
 844      0DE9F925 
 844      53E5
 845 0130 3DE9961D 		.ascii	"=\351\226\035gT\307\263\300\354\342\344?%\276\230P)"
 845      6754C7B3 
 845      C0ECE2E4 
 845      3F25BE98 
 845      5029
 846 0142 2391CA01 		.ascii	"#\221\312\001\032?\342\334{B"
 846      1A3FE2DC 
 846      7B42
 847              		.text
 848              		.section	.gnu.lto_get.435.b9b94f52022349ef,"e",%progbits
 849 0000 789C558E 		.ascii	"x\234U\216\275K\303P\024\305\357}/\266\370\027\270*"
 849      BD4BC350 
 849      14C5EF7D 
 849      2FB6F817 
 849      B82A
 850 0012 82E2D247 		.ascii	"\202\342\322G\205BGQGA\321M\220\362\222\006\022\310"
 850      85424751 
 850      4741D14D 
 850      90F29206 
 850      12C8
 851 0024 4749D2C1 		.ascii	"GI\322\301\251\267\202K\007c\333\251X\304!\203\233\010"
 851      A9B7824B 
 851      0763DBA9 
 851      58C42183 
 851      9B08
 852 0036 11EB1610 		.ascii	"\021\353\026\020\235\305\305]qqtr\020\364\245\026\324"
 852      9DC5C55D 
 852      71717472 
 852      10F4A516 
 852      D4
 853 0047 E170EF3D 		.ascii	"\341p\357=\374\356\341\334\001@\244\264\240\204\034"
 853      FCEEE1DC 
 853      0140A4B4 
 853      A0841C
 854 0056 B0D7ED30 		.ascii	"\260\327\3550 \242\225\"\303v\267\3634H5\274\301\261"
 854      20A29522 
 854      C376B7F3 
 854      344835BC 
 854      C1B1
 855 0068 81D062D8 		.ascii	"\201\320b\330\302>\037r\354\361D\301\332dC\234]R\310"
 855      C23E1F72 
 855      ECF144C1 
 855      DA64439C 
 855      5D52C8
 856 007b C761FFE8 		.ascii	"\307a\377\350\2668<\317\264\20438U\300\025b\212*\031"
 856      B6383CCF 
 856      B4843338 
 856      55C01562 
 856      8A2A19
 857 008e 14C87761 		.ascii	"\024\310wa1#z\030\215\210\246!\341\034\257\361\017\243"
 857      31237A18 
 857      8D88A621 
 857      E11CAFF1 
ARM GAS  /tmp/ccQnoo61.s 			page 23


 857      0FA3
 858 00a0 8CBDBE06 		.ascii	"\214\275\276\006P\200\3743o\243t\3618\225\321\347WL"
 858      5080FC33 
 858      6FA374F1 
 858      3895D1E7 
 858      574C
 859 00b2 F4FA8227 		.ascii	"\364\372\202'\363\014 \346y;\322\2202\200c\316~\216"
 859      F30C20E6 
 859      793BD290 
 859      328063CE 
 859      7E8E
 860 00c4 B63ADE90 		.ascii	"\266:\336\220\236/\357q<\323\002\274\343\301Y%/\307"
 860      9E2FEF71 
 860      3CD302BC 
 860      E3C15925 
 860      2FC7
 861 00d6 50CBE362 		.ascii	"P\313\343b\216\277\217\000s\302\362]S\330\322\023\353"
 861      8EBF8F00 
 861      73C2F25D 
 861      53D8D213 
 861      EB
 862 00e7 BED1744D 		.ascii	"\276\321tM/\012\305\352\326\366FM\227\216\364\014\023"
 862      2F0AC5EA 
 862      D6F6464D 
 862      978EF40C 
 862      13
 863 00f8 2A916507 		.ascii	"*\221e\007\365ZC\006\321\276X\263l\335\336\334\021~"
 863      F55A4306 
 863      D1BE58B3 
 863      6CDDDEDC 
 863      117E
 864 010a 282CE908 		.ascii	"(,\351\010\307\326E\030\005\246tC\3415\035g\262\227"
 864      C7D64518 
 864      05A67443 
 864      E1351D67 
 864      B297
 865 011c 0C607663 		.ascii	"\014`vc\346\237SZ.\313\252^\256\326\341\033\237=my"
 865      E69F535A 
 865      2ECBAA5E 
 865      AED6E11B 
 865      9F3D6D79 
 866              		.text
 867              		.section	.gnu.lto_unget.436.b9b94f52022349ef,"e",%progbits
 868 0000 789C558F 		.ascii	"x\234U\217\277K\303P\020\307\357\336\213)\376\005\342"
 868      BF4BC350 
 868      10C7EFDE 
 868      8B29FE05 
 868      E2
 869 0011 A68BE2D2 		.ascii	"\246\213\342\322g\225BGQGA\321M(\345\245\015$\220\246"
 869      67954247 
 869      514741D1 
 869      4D28E5A5 
 869      0D2490A6 
 870 0025 A54905A7 		.ascii	"\245I\005\247^\005\227.\265\355&U\034:\270\271T\374"
 870      5E05972E 
 870      B5ED2655 
 870      1C3AB8B9 
ARM GAS  /tmp/ccQnoo61.s 			page 24


 870      54FC
 871 0037 B5040447 		.ascii	"\265\004\004G\321\016\342&:\012.]\354 \350KZP\207/w"
 871      D10EE226 
 871      3A0A2E5D 
 871      EC20E84B 
 871      5A50872F 
 872 004c F7E5735F 		.ascii	"\367\345s_\356\372\000\260\2434\243\204\034\260\331"
 872      EEFA00B0 
 872      A334A384 
 872      1CB0D9
 873 005b A83120A2 		.ascii	"\2501 \242\245\030\303j\243\366r\330\325\360\006#\003"
 873      A518C36A 
 873      A3F672D8 
 873      D5F00623 
 873      03
 874 006c A1C2B082 		.ascii	"\241\302\260\202-\336\346\330\344\035\005k\243\016q"
 874      2DDEE6D8 
 874      E41D056B 
 874      A30E71
 875 007b 6A4E2183 		.ascii	"jN!\203\375\326\321m\254}\032h\035\316\340X\001\347"
 875      FDD6D16D 
 875      AC7D1A68 
 875      1DCEE058 
 875      01E7
 876 008d 885D54C9 		.ascii	"\210]T\311\240@\276\015\263\001\321\303\365%\3218t8"
 876      A040BE0D 
 876      B301D1C3 
 876      F525D138 
 876      7438
 877 009f C70BFCC3 		.ascii	"\307\013\374\303(#\375\021F\363\362\220\273\357\022"
 877      2823FD11 
 877      46F3F290 
 877      BBEF12
 878 00ae 71656B78 		.ascii	"qekx\025q\2138\037RZz\300\001t\010\363\303\233\225\316"
 878      15718B38 
 878      1F525A7A 
 878      C0017408 
 878      F3C39B95 
 879 00c3 7A63017D 		.ascii	"zc\001}}\327\211>'_\237u\006P\347\341\017\244!\005\000"
 879      7DD7893E 
 879      275F9F75 
 879      0650E7E1 
 879      0FA42105 
 880 00d8 079C0D87 		.ascii	"\007\234\015\207\252\032\336\221\336\036\3570\252=="
 880      AA1ADE91 
 880      DE1EEF30 
 880      AA3D3D
 881 00e7 2A4F3AF4 		.ascii	"*O:\364q\357$\031~\302\242k\325>\376\356\003L\013\253"
 881      71EF2419 
 881      7EC2A26B 
 881      D53EFEEE 
 881      034C0BAB 
 882 00fb 9037852D 		.ascii	"\2207\205-]\261Z\310\226\363\246\353{bycs-cHG\272Y\023"
 882      5DB15AC8 
 882      96F3A6EB 
 882      7B627963 
 882      732D6348 
ARM GAS  /tmp/ccQnoo61.s 			page 25


 883 0113 92BE6597 		.ascii	"\222\276e\227r\231\242,\371\273b\305\262\015{}K\024"
 883      7299A22C 
 883      F9BB62C5 
 883      B20D7B7D 
 883      4B14
 884 0125 3C614947 		.ascii	"<aIG8\266!<\277d\312\274'\334\262\343\214\372x\026\230"
 884      38B6213C 
 884      BF64CABC 
 884      27DCB2E3 
 884      8CFA7816 
 885 013a 5D9CF8E7 		.ascii	"]\234\370\347\304\027\0222e$R9@\343\007Y!|\356"
 885      C4171232 
 885      65245239 
 885      40E30759 
 885      217CEE
 886              		.text
 887              		.section	.gnu.lto_vmt.437.b9b94f52022349ef,"e",%progbits
 888 0000 789C9BC4 		.ascii	"x\234\233\304\300\300\020\311\000\001s\230\031[\030"
 888      C0C010C9 
 888      00017398 
 888      195B18
 889 000f 9B1A1AFE 		.ascii	"\233\032\032\376\034\352\274\376P\230q\0113\303<f\204"
 889      1CEABCFE 
 889      50987109 
 889      33C33C66 
 889      84
 890 0020 E88B3340 		.ascii	"\350\2133@\021\306y\314\214p\221\025\307 j\230\020j"
 890      11C679CC 
 890      8C709115 
 890      C7206A98 
 890      106A
 891 0032 EC963033 		.ascii	"\354\22603\315cfF\010\230-af\236\307\314\002\022\230"
 891      CD636646 
 891      08982D61 
 891      669EC7CC 
 891      021298
 892 0045 C4BC8499 		.ascii	"\304\274\204\231\205\221\301\262\251\243Ab\0113\353"
 892      8591C1B2 
 892      A9A34162 
 892      0933EB
 893 0054 5C6606C6 		.ascii	"\\f\006\306\235\214s\231\031\031w\000I&\306\355@\222"
 893      9D8C7399 
 893      19197700 
 893      4926C6ED 
 893      4092
 894 0066 99711B90 		.ascii	"\231q\033\220da\334\012$Y\031\26702(\352g\344\347\246"
 894      6461DC0A 
 894      245919B7 
 894      303228EA 
 894      67E4E7A6 
 895 007a EA6726E6 		.ascii	"\352g&\346\351\273\344'\227\346\246\346\225\024\353"
 895      E9BBE427 
 895      97E6A6E6 
 895      9514EB
 896 0089 3B0504F9 		.ascii	";\005\004\371\304'%\346$\346%\2472\230\226dd\026\245"
 896      C42725E6 
 896      24E625A7 
ARM GAS  /tmp/ccQnoo61.s 			page 26


 896      32989664 
 896      6416A5
 897 009c C4172416 		.ascii	"\304\027$\026\225T\352;gd&e\372\007\353\347\027\353"
 897      9554EA3B 
 897      67642665 
 897      FA07EBE7 
 897      17EB
 898 00ae 6724E6E8 		.ascii	"g$\346\350\347d&\351\027\227\024\245&\346\026\353\347"
 898      E76426E9 
 898      179714A5 
 898      26E616EB 
 898      E7
 899 00bf 95E6E440 		.ascii	"\225\346\344@\331z\311\014\000\021MJ\203"
 899      D97AC90C 
 899      00114D4A 
 899      83
 900              		.text
 901              		.section	.gnu.lto_nullObjectInit.438.b9b94f52022349ef,"e",%progbits
 902 0000 789C558F 		.ascii	"x\234U\217\317+DQ\024\307\317\367\2357\203\225\245-"
 902      CF2B4451 
 902      14C7CFF7 
 902      9D378395 
 902      A52D
 903 0012 49B2998B 		.ascii	"I\262\231\213R\226B\331(bgaz\363\243\346\325\2337\323"
 903      529642D9 
 903      28626761 
 903      7AF3A3E6 
 903      D59B37D3 
 904 0026 BC998595 		.ascii	"\274\231\205\225KX\314f\014J\012\013\2754;+\014\302"
 904      4B58CC66 
 904      0C4A0A0B 
 904      BD343B2B 
 904      0CC2
 905 0038 94854616 		.ascii	"\224\205F\026\362\027Hl,,\224\262P\234\031#\271u\352"
 905      F217486C 
 905      2C2C94B2 
 905      509C1923 
 905      B975EA
 906 004b FBFD76CE 		.ascii	"\373\375v\316\271\237\323\005\242\034\021uJ\201\011"
 906      B99FD305 
 906      A21C1175 
 906      4A8109
 907 005a 6BC5BC41 		.ascii	"k\305\274AZ\353\241&\003\013\305|\013NPw\240y\003\363"
 907      5AEBA126 
 907      030BC57C 
 907      0B4E5077 
 907      A07903F3 
 908 006e 58E71EB1 		.ascii	"X\347\036\261\037\313\353\325+\350R\005>\023\355J\325"
 908      1FCBEBD5 
 908      2BE85205 
 908      3E13ED4A 
 908      D5
 909 007f DF36638D 		.ascii	"\3376c\215}\006\314\2062\320.\212g\250\273\242\365]"
 909      7D06CC86 
 909      32D02E8A 
 909      67A8BBA2 
 909      F55D
ARM GAS  /tmp/ccQnoo61.s 			page 27


 910 0091 B5AC750B 		.ascii	"\265\254u\013\371\3148\206\314\340\0108\224\337%\230"
 910      F9CC3886 
 910      CCE00838 
 910      94DF2598 
 911 00a1 BD9115C1 		.ascii	"\275\221\025\301\337M\222\321\301}\240\242?\277\012"
 911      DF4D92D1 
 911      C17DA0A2 
 911      3FBF0A
 912 00b0 5ABF3FE1 		.ascii	"Z\277?\341\266\3234\200\262\344\005\256\261i\023\272"
 912      B6D33480 
 912      B2E405AE 
 912      B16913BA 
 913 00c0 42B4CAC6 		.ascii	"B\264\312\306\217Y\020\363\002\375\270y\015z\305\342"
 913      8F5910F3 
 913      02FDB879 
 913      0D7AC5E2 
 914 00d0 46FE190D 		.ascii	"F\376\031\015\000F\015j\277vBI\254\271'H\247\240^\361"
 914      00460D6A 
 914      BF764249 
 914      ACB92748 
 914      A7A05EF1 
 915 00e4 CD3E0770 		.ascii	"\315>\007p\206\035\376\003\017\324\273\227\020\024Y"
 915      861DFE03 
 915      0FD4BB97 
 915      101459
 916 00f3 62FA1935 		.ascii	"b\372\0315}\016\342\0028\007-aE\366\264\326\032/\005"
 916      7D0EE202 
 916      38072D61 
 916      45F6B4D6 
 916      1A2F05
 917 0106 E60D8B0F 		.ascii	"\346\015\213\017[c\365\313\013\214?.\242\016\225H%\343"
 917      5B63F5CB 
 917      0B8C3F2E 
 917      A20E9548 
 917      25E3
 918 0118 CAB65C35 		.ascii	"\312\266\\5\232\212\346\222q7\353\251\341\311\251\361"
 918      9A8AE692 
 918      7137EBA9 
 918      E1C9A9F1 
 919 0128 70C4722C 		.ascii	"p\304r,7\032\247\201l\302\316\304\302i+\223\235S#\011"
 919      371AA781 
 919      6CC2CEC4 
 919      C2692B93 
 919      9D532309 
 920 013c 3B624F4C 		.ascii	";bOL\253\224\247\022\226\243\034;\242\274l&n%=\345\346"
 920      AB94A712 
 920      96A31C3B 
 920      A2BC6C26 
 920      6E253DE5 
 921 0151 1CA7A143 		.ascii	"\034\247\241CQb\327K\267\375\213B\375}\326`\244o0F\337"
 921      5162D74B 
 921      B7FD8B42 
 921      FD7DD660 
 921      A46F3046 
 922 0166 2A1F824E 		.ascii	"*\037\202N"
 923              		.text
 924              		.section	.gnu.lto_.symbol_nodes.b9b94f52022349ef,"e",%progbits
ARM GAS  /tmp/ccQnoo61.s 			page 28


 925 0000 789C75C9 		.ascii	"x\234u\311;\021\2000\020\004\320\275l\342\007\015\030"
 925      3B118030 
 925      1004D0BD 
 925      6CE2070D 
 925      18
 926 0011 DBC40112 		.ascii	"\333\304\001\022\220\000\3413\014\005\022\320D\206\241"
 926      9000E133 
 926      0C0512D0 
 926      4486A1
 927 0020 A1B8D7BE 		.ascii	"\241\270\327\276\013M\230(\344&\332p\003\002\216\261"
 927      0B4D9828 
 927      E426DA70 
 927      03028EB1 
 928 0030 940E8677 		.ascii	"\224\016\206wg\312\374\255T\360w\241\350\357JE\177w"
 928      67CAFCAD 
 928      54F077A1 
 928      E8EF4A45 
 928      7F77
 929 0042 2AFDF6CC 		.ascii	"*\375\366\314\305\276L\033\221{\200x\000\347e/X"
 929      C5BE4C1B 
 929      917B8078 
 929      00E7652F 
 929      58
 930              		.text
 931              		.section	.gnu.lto_.refs.b9b94f52022349ef,"e",%progbits
 932 0000 789C1366 		.ascii	"x\234\023f```debcb`\005b&F&&&f&\026\006\000\003\320"
 932      60606064 
 932      65626362 
 932      60056226 
 932      46262626 
 933 001b 0043     		.ascii	"\000C"
 934              		.text
 935              		.section	.gnu.lto_.decls.b9b94f52022349ef,"e",%progbits
 936 0000 789C9D56 		.ascii	"x\234\235V}l\024E\024\2377\263\367\321\245p\015\224"
 936      7D6C1445 
 936      149F37B3 
 936      F7D1A570 
 936      0D94
 937 0012 40A22195 		.ascii	"@\242!\225`lb\340lQ\340/s\021\2031(\020Q#\376S\333\356"
 937      606C62E0 
 937      6C51E02F 
 937      73118331 
 937      28105123 
 938 002a D19EB6D7 		.ascii	"\321\236\266\327\332\273\"\342?[Z\254\021(\025\201\020"
 938      DABB22E2 
 938      3F5B5AAC 
 938      11281581 
 938      10
 939 003b 414B8404 		.ascii	"AK\204\004D@\204\026[(\345z|\035\026D*m\301R\261\224"
 939      44408416 
 939      5B28E57A 
 939      7C1D1644 
 939      2A6DC152 
 940 0051 D683966F 		.ascii	"\326\203\226o,\245 \370fvo\367\016\216\204\260\315\233"
 940      2CA520F8 
 940      66766FF7 
 940      0E8E84B0 
ARM GAS  /tmp/ccQnoo61.s 			page 29


 940      CD9B
 941 0063 9D9BF9FD 		.ascii	"\235\233\371\375\336\373\315\354\2337\255J \3443 d4"
 941      DEFBCDEC 
 941      9B37AD4A 
 941      20E43320 
 941      6434
 942 0075 25E43E3E 		.ascii	"%\344>>vB\310\0114+Z\016Z=Z\000-\210\326\210v\224h\017"
 942      7642C809 
 942      342B5A0E 
 942      5A3D5A00 
 942      2D88D688 
 943 008d 9F6F453B 		.ascii	"\237oE;\203\326\215v\001\255\027\355:\032\360y 1\317"
 943      83D68D76 
 943      01AD17ED 
 943      3A1AF079 
 943      2031CF
 944 00a0 56FC6DC1 		.ascii	"V\374m\301\367p\264d\335g\304?\3219\255\344\341\247"
 944      F770B464 
 944      DD67C43F 
 944      D139ADE4 
 944      E1A7
 945 00b2 EE11BC60 		.ascii	"\356\021\274`\024\357L\034^\323\003\274.\235\327\030"
 945      14EF4C1C 
 945      5ED303BC 
 945      2E9DD718 
 946 00c2 C5EB8EC3 		.ascii	"\305\353\216\303\373\003'\2448\274\010\347B\034N\333"
 946      FB0327A4 
 946      38BC08E7 
 946      421C4EDB 
 947 00d2 63C4EA8D 		.ascii	"c\304\352\215\303\033J\265}\034@\353G\033D\273\2136"
 947      C31B4AB5 
 947      7D1C40EB 
 947      471B44BB 
 947      8B36
 948 00e4 07CD02DA 		.ascii	"\007\315\002\332\334}4\212}\206\006h\367\360\267\244"
 948      DC7D348A 
 948      7D860668 
 948      F7F0B7A4 
 949 00f4 C7EBD5F5 		.ascii	"\307\353\325\365t\353{\020o\377\272\021k\303wn\224>"
 949      74EB7B10 
 949      6FFFBA11 
 949      6BC3776E 
 949      943E
 950 0106 FE0D9BD0 		.ascii	"\376\015\233\320l\240\305\341\372\216\350:\037\365\375"
 950      6CA0C5E1 
 950      FA8EE83A 
 950      1FF5FD
 951 0115 9633180E 		.ascii	"\2263\030\016\022\266\311\220\202\355\323p\037\304\213"
 951      12B6C990 
 951      82EDD370 
 951      1FC48B
 952 0124 304A9CAA 		.ascii	"0J\234\252x\316=E\240V\243\271\206\260\367\310\032F"
 952      78CE3D45 
 952      A056A3B9 
 952      86B0F7C8 
 952      1A46
 953 0136 BB2A7EEA 		.ascii	"\273*~\352r\310\001U\015\007\202%\214\300Dx\201\300"
ARM GAS  /tmp/ccQnoo61.s 			page 30


 953      72C80155 
 953      0D078225 
 953      8CC04478 
 953      81C0
 954 0148 6E405E1D 		.ascii	"n@^\035\300/\000\273\000Ag+\016l\226\023\021tU]\027"
 954      C02F00BB 
 954      0041672B 
 954      0E6C9613 
 954      1174555D 
 955 015d 94600F40 		.ascii	"\224`\017@\015@5\327U\017\"\360\034\340\231\351\020"
 955      0D4035D7 
 955      550F22F0 
 955      1CE099E9 
 955      10
 956 016e 3DC23EE0 		.ascii	"=\302>\340\216\227\337\270\025\262\312\202\023(K :\003"
 956      8E97DFB8 
 956      15B2CA82 
 956      13284B20 
 956      3A03
 957 0180 F60142D0 		.ascii	"\366\001B\320u\003\300^\356\372\350\241\245!\020\361"
 957      7503C05E 
 957      EEFAE8A1 
 957      A52110F1 
 958 0190 D547C7BF 		.ascii	"\325G\307\277y`\303\206!f\374F3~\220o|\016a\037\361"
 958      7960C386 
 958      2166FC46 
 958      337E906F 
 958      7C0E611F 
 959 01a5 90A1650B 		.ascii	"\220\241e\013{a\204\266\324\200X&\034\0008\010\300S"
 959      7B6184B6 
 959      D4805826 
 959      1C003808 
 959      C053
 960 01b7 94033676 		.ascii	"\224\0036v7\355J\024\200@|@S\325\226\006\207\031\350"
 960      37ED4A14 
 960      80407C40 
 960      53D59606 
 960      8719E8
 961 01ca 9019E830 		.ascii	"\220\031\3500p\200\324_z`w\302\210q*G\250\001\211\030"
 961      7080D45F 
 961      7A6077C2 
 961      88712A47 
 961      A8018918 
 962 01de F321EE04 		.ascii	"\363!\356\004\216p?H\037\270q\270c\341\330k\345\345"
 962      8E703F48 
 962      1FB871B8 
 962      63E1D86B 
 962      E5E5
 963 01f0 6A650943 		.ascii	"je\011C.\354\007\216\210\200\235hi\204\235\000\036\263"
 963      2EEC078E 
 963      88809D68 
 963      69849D00 
 963      1EB3
 964 0202 72FDEA1F 		.ascii	"r\375\352\037\204\352\030\217\360+D\373D\\M\373\342"
 964      84EA188F 
 964      F02B44FB 
 964      445C4DFB 
ARM GAS  /tmp/ccQnoo61.s 			page 31


 964      E2
 965 0213 3309A6B6 		.ascii	"3\011\246\266&\323\335Q\241\215\376\330\265\247#\021"
 965      26D3DD51 
 965      A18DFED8 
 965      B5A72311 
 966 0223 B389F204 		.ascii	"\263\211\362\004T\000\340\324$ld\362>#\311*U\251UaT"
 966      5400E0D4 
 966      246C64F2 
 966      3E23C92A 
 966      55A95561 
 967 0238 663253E4 		.ascii	"f2S\344\020\214I\275\311\\v\232\352\220\355\233\366"
 967      108C49BD 
 967      C95C769A 
 967      EA90ED9B 
 967      F6
 968 0249 43926CB1 		.ascii	"C\222l\261S\032\266)r\352 l\241\353\254).UR\226\214"
 968      531AB629 
 968      72EA206C 
 968      A1EBAC29 
 968      2E555296 
 969 025e 0CDB545A 		.ascii	"\014\333TZ9#y\242\013\333\260-\004\012\262fI\366$\354"
 969      392379A2 
 969      0BDBB02D 
 969      040AB266 
 969      49F624EC 
 970 0272 856DF24D 		.ascii	"\205m\362M\266n\251U9F\277x\016\225\312Jz2\256\301e"
 970      B66EA955 
 970      3946BF78 
 970      0E95CA4A 
 970      7A32AEC1 
 971 0287 B78F7104 		.ascii	"\267\217q\004Y\220M#\304n\337\276m\244\034\2669\320"
 971      59904D23 
 971      C46EDFBE 
 971      6DA41CB6 
 971      39D0
 972 0299 45AA9292 		.ascii	"E\252\222\222\244\2448B`Q\02499\225\240\010%=\335Ee"
 972      A4A43842 
 972      60511439 
 972      3995A008 
 972      253DDD45 
 973 02ae F42CD943 		.ascii	"\364,\331C\220\316 1]\355\354\035%[\344\2041)\251\204"
 973      90CE2031 
 973      5DEDEC1D 
 973      255BE484 
 973      3129A984 
 974 02c2 28641A45 		.ascii	"(d\032E\277\354~\344\001\033\306T\314\237\000\2512M"
 974      BFEC7EE4 
 974      011BC654 
 974      CC9F00A9 
 974      324D
 975 02d4 A76C7A18 		.ascii	"\247lz\030O\017\245)\204\250\222=1\021T|%dLWf\245\313"
 975      4F0FA529 
 975      84A8923D 
 975      3111547C 
 975      25644C57 
 976 02eb 246CA338 		.ascii	"$l\2438\225,\201J\301d\312V<\250\365x\266\264?\336\200"
 976      952C814A 
ARM GAS  /tmp/ccQnoo61.s 			page 32


 976      C164CA56 
 976      3CA8F578 
 976      B6B43FDE 
 977 0300 DE807E88 		.ascii	"\336\200~\210\243\303\210q\236+TGs\2106j\274\364>\007"
 977      A3C38871 
 977      9E2B5447 
 977      7388366A 
 977      BCF43E07 
 978 0314 50DD0F8D 		.ascii	"P\335\017\215\324\026\215\243\007\341m\224s\003\002"
 978      D4168DA3 
 978      07E16D94 
 978      730302
 979 0323 3A24E247 		.ascii	":$\342G\343\350\000\203\253wy\014\001\246\321\034\301"
 979      E3E80083 
 979      AB77790C 
 979      01A6D11C 
 979      C1
 980 0334 8B116EBA 		.ascii	"\213\021n\272$\206\333\210$\242\375\300\274\251jh[\320"
 980      2486DB88 
 980      24A2FDC0 
 980      BCA96A68 
 980      5BD0
 981 0346 83DBA6AE 		.ascii	"\203\333\246\256\373.l\203\244J\027\001vG\244\346\232"
 981      FB2E6C83 
 981      A44A1701 
 981      7647A4E6 
 981      9A
 982 0357 7D751B25 		.ascii	"}u\033%^k!\000P\200\003\347V\3647\332\305@=\300\357"
 982      5E6B2100 
 982      508003E7 
 982      56F437DA 
 982      C5403DC0 
 983 036c FC685687 		.ascii	"\374hV\207\027\357`b$\007N\200\250AT\324\240$\234\374"
 983      17EF6062 
 983      24074E80 
 983      A84154D4 
 983      A0249CFC 
 984 0380 BA73FF71 		.ascii	"\272s\377qi\024z\356S\325d\356\343$\000/\337\320\202"
 984      69147AEE 
 984      53D564EE 
 984      E324002F 
 984      DFD082
 985 0393 829AB133 		.ascii	"\202\232\2613v\305ju`\305\362\216\227\327\252\201\205"
 985      76C56A75 
 985      60C5F28E 
 985      97D7AA81 
 985      85
 986 03a4 88937006 		.ascii	"\210\223p\006\216\353\347\221`\217\300o\000\307\300"
 986      8EEBE791 
 986      608FC06F 
 986      00C7C0
 987 03b3 D52FB15A 		.ascii	"\325/\261Z\032WRG\337\205UT\014\0041\343\271\244\253"
 987      1A575247 
 987      DF855554 
 987      0C0431E3 
 987      B9A4AB
 988 03c6 5D956D56 		.ascii	"]\225mV]\322i>\260\247e}s\\\031\355\350\377O]\306\366"
ARM GAS  /tmp/ccQnoo61.s 			page 33


 988      5DD2693E 
 988      B0A7657D 
 988      735C19ED 
 988      E8FF4F5D 
 989 03dc 4BB5AA6A 		.ascii	"K\265\252j\021\032\332\001\332\014\015m\206\206\203"
 989      111ADA01 
 989      DA0C0D6D 
 989      868683
 990 03eb 126BD034 		.ascii	"\022k\3204\\\257\332\236(\0024j\032\226\255\374\252"
 990      5CAFDA9E 
 990      2802346A 
 990      1A96ADFC 
 990      AA
 991 03fc DAA247FC 		.ascii	"\332\242G\374\213o\202Ud\233M\364x\271\231\317\202\202"
 991      8B6F8255 
 991      649B4DF4 
 991      78B999CF 
 991      8282
 992 040e 79A5B525 		.ascii	"y\245\265%h\225\325\007\213\3429@\034\036\365N\200\277"
 992      6895D507 
 992      8BE23940 
 992      1C1EF54E 
 992      80BF
 993 0420 B9E0D091 		.ascii	"\271\340\320\221\346\0260\004w\231\202\317#\370\254"
 993      E6163004 
 993      779982CF 
 993      23F8AC
 994 042f 2EF8EABD 		.ascii	".\370\352\275\372\302M\374\310\341(t\030z;\014\275U"
 994      FAC24DFC 
 994      C8E12874 
 994      187A3B0C 
 994      BD55
 995 0441 120B89A8 		.ascii	"\022\013\211\250\027\006\312z\035\272<.\267\346\364"
 995      1706CA7A 
 995      1DBA3C2E 
 995      B7E6F4
 996 0450 C9DB2C9E 		.ascii	"\311\333,\236\3730r\377\211\354GEi\271\232\244}\224"
 996      FB3072FF 
 996      89EC4745 
 996      69B99AA4 
 996      7D94
 997 0462 30408F11 		.ascii	"0@\217\021\240\307\010P*\261\243T\003\177k\202Q\315"
 997      A0C70850 
 997      2AB1A354 
 997      037F6B82 
 997      51CD
 998 0474 45037CD1 		.ascii	"E\003|\321\000w0\326,\324\264/\372\271\"\266J\023\270"
 998      007730D6 
 998      2CD4B42F 
 998      FAB922B6 
 998      4A13B8
 999 0487 6496E06F 		.ascii	"d\226\340o\332\016\257\267\306\026q,\205Q\200\313Kv"
 999      DA0EAFB7 
 999      C616712C 
 999      855180CB 
 999      4B76
 1000 0499 B7DACD3A 		.ascii	"\267\332\315:x\331\254\203W\264:\270\366\330\255\225"
ARM GAS  /tmp/ccQnoo61.s 			page 34


 1000      78D9AC83 
 1000      57B43AB8 
 1000      F6D8AD95 
 1001 04a9 DA72AF68 		.ascii	"\332r\257h\237g\333\356\315\235\026c\275\271\306r\257"
 1001      9F67DBEE 
 1001      CD9D1663 
 1001      BDB9C672 
 1001      AF
 1002 04ba A1B8AB1A 		.ascii	"\241\270\253\032\247\2446\270\3302v5\356\352\221\375"
 1002      A7A436B8 
 1002      D8327635 
 1002      EEEA91FD 
 1003 04ca 1F6BBB7A 		.ascii	"\037k\273z\015\240\317XG\237\261\216\006&\222|\264H"
 1003      0DA0CF58 
 1003      479FB18E 
 1003      0626927C 
 1003      B448
 1004 04dc F28096F1 		.ascii	"\362\200\226\361<\327\267\254\331\331LMYaSV?\350\227"
 1004      3CD7B7AC 
 1004      D9D94C4D 
 1004      59615356 
 1004      3FE897
 1005 04ef B31D61DF 		.ascii	"\263\035a\337\037\277\275\212\231\260\363&l\200_e\235"
 1005      1FBFBD8A 
 1005      99B0F326 
 1005      6C805F65 
 1005      9D
 1006 0500 628B7676 		.ascii	"b\213vv/\251\216\272\357\332M\320 \007\365\010PU\250"
 1006      2FA98EBA 
 1006      EFDA4DD0 
 1006      2007F508 
 1006      5055A8
 1007 0513 B1629809 		.ascii	"\261b\230\011j1Aw9\250\217\203\206\225\256\252\353\264"
 1007      6A314177 
 1007      39A88F83 
 1007      8695AEAA 
 1007      EBB4
 1008 0525 8D1B3762 		.ascii	"\215\0337b\034>\374^\352\377\362\362\34765\204g\240"
 1008      1C3EFC5E 
 1008      EAFFF2F2 
 1008      E7363584 
 1008      67A0
 1009 0537 5F7C53AC 		.ascii	"_|S\254\213\021\326\277 n%DU\342i\224\254\374\240\374"
 1009      8B11D6BF 
 1009      206E2544 
 1009      55E26994 
 1009      ACFCA0FC 
 1010 054b 1783D0AE 		.ascii	"\027\203\320\256-\334\2342\355\246\272\011p\003\304"
 1010      2DDC9C32 
 1010      EDA6BA09 
 1010      7003C4
 1011 055a 158A204C 		.ascii	"\025\212 L_\2549\013)\224R(\241p\017\240\214j\227\241"
 1011      5FAC390B 
 1011      29945228 
 1011      A1700FA0 
 1011      8C6A97A1 
 1012 056e EE6E4064 		.ascii	"\356n@di\224\273[\274\251\201(\310]\200;\017E\214A\014"
ARM GAS  /tmp/ccQnoo61.s 			page 35


 1012      6994BB5B 
 1012      BCA98128 
 1012      C85D803B 
 1012      0F458C41 
 1013 0583 02DC7ED8 		.ascii	"\002\334~\330IZl\230\213\017\257\253F\324\263{k\252"
 1013      495A6C98 
 1013      8B0FAFAB 
 1013      46D4B37B 
 1013      6BAA
 1014 0595 4F89D42B 		.ascii	"O\211\324+\013<\366\002\236]Q\311K\324\266\256\341%"
 1014      0B3CF602 
 1014      9E5D51C9 
 1014      4BD4B6AE 
 1014      E125
 1015 05a7 C8814594 		.ascii	"\310\201E\224\337\345\210\325\270\204\377\362\272v0"
 1015      DFE588D5 
 1015      B884FFF2 
 1015      BA7630
 1016 05b6 F47E716B 		.ascii	"\364~qk\371\336\250\177\036\026\231\022\312\271\243"
 1016      F9DEA87F 
 1016      1E169912 
 1016      CAB9A3
 1017 05c5 17FDB99E 		.ascii	"\027\375\271\236\"%\2430\263\310\377\251sj\256'\313"
 1017      2225A330 
 1017      B3C8FFA9 
 1017      736AAE27 
 1017      CB
 1018 05d6 3373B6B3 		.ascii	"3s\266\263\300\347\314\315\314s\346y\262\234>\177\221"
 1018      C0E7CCCD 
 1018      CC73E679 
 1018      B29C3E7F 
 1018      91
 1019 05e7 3B33DFE7 		.ascii	";3\337\347\364\026\347\345\351\375\011\331\366\327f"
 1019      F416E7E5 
 1019      E9FD09D9 
 1019      F6D766
 1020 05f6 BC933235 		.ascii	"\274\22325m2\031\0253<!=-sJV\332\024\205\330\212=^\377"
 1020      6D321915 
 1020      333C213D 
 1020      2D734A56 
 1020      DA1485D8 
 1021 060e 940CBFD5 		.ascii	"\224\014\277\325\347Y\340\316\360\263y\371\376\2413"
 1021      E759E0CE 
 1021      F0B379F9 
 1021      FEA133
 1022 061d 103A5B40 		.ascii	"\020:[@\337}\363\355g\234\271\005\371n\247'\323\353"
 1022      DF7DF3ED 
 1022      679CB905 
 1022      F96EA727 
 1022      D3EB
 1023 062f 7CB520BB 		.ascii	"|\265 \2738\337\355\365\373\234\257\314z\353\215\214"
 1023      38DFEDF5 
 1023      FB9CAFCC 
 1023      7AEB8D8C 
 1024 063f ACCCBC4C 		.ascii	"\254\314\274Lo\266\233\274\364\004\302r\211lFai\223"
 1024      6FB69BBC 
 1024      F404C272 
ARM GAS  /tmp/ccQnoo61.s 			page 36


 1024      896C4661 
 1024      6993
 1025 0651 8823B328 		.ascii	"\210#\263(\177\336d\367\370\374\347\347\026NP\012\211"
 1025      7FDE64F7 
 1025      F8FCE7E7 
 1025      164E500A 
 1025      89
 1026 0662 9C5D50E4 		.ascii	"\234]P\344w\317\037\237?\231X?)\362\370\335\276'\011"
 1026      77CF1F9F 
 1026      3F99583F 
 1026      29F2F8DD 
 1026      BE2709
 1027 0675 934D2CD8 		.ascii	"\223M,\330Q|\254\260\330o\311\367\345\340\002s\334~"
 1027      517CACB0 
 1027      D86FC9F7 
 1027      E5E00273 
 1027      DC7E
 1028 0687 4BB117DB 		.ascii	"K\261\027\333a\03483\353Cw\266\377u\257\307/q\240E\204"
 1028      611C3833 
 1028      EB4377B6 
 1028      FF75AFC7 
 1028      2F71A045 
 1029 069c 7278BC3E 		.ascii	"rx\274>?_ZF\301\334\271>\267\377\177\3144m\230"
 1029      3F5F5A46 
 1029      C1DCB93E 
 1029      B7FF7FCC 
 1029      346D98
 1030              		.text
 1031              		.section	.gnu.lto_.symtab.b9b94f52022349ef,"e",%progbits
 1032 0000 6E756C6C 		.ascii	"nullObjectInit\000"
 1032      4F626A65 
 1032      6374496E 
 1032      697400
 1033 000f 00       		.ascii	"\000"
 1034 0010 00       		.ascii	"\000"
 1035 0011 00       		.ascii	"\000"
 1036 0012 00000000 		.ascii	"\000\000\000\000\000\000\000\000"
 1036      00000000 
 1037 001a F2000000 		.ascii	"\362\000\000\000"
 1038              		.text
 1039              		.section	.gnu.lto_.ext_symtab.b9b94f52022349ef,"e",%progbits
 1040 0000 01       		.ascii	"\001"
 1041 0001 01       		.ascii	"\001"
 1042 0002 00       		.ascii	"\000"
 1043              		.text
 1044              		.section	.gnu.lto_.opts,"e",%progbits
 1045 0000 272D666E 		.ascii	"'-fno-openmp' '-fno-openacc' '-fno-pie' '-fcf-prote"
 1045      6F2D6F70 
 1045      656E6D70 
 1045      2720272D 
 1045      666E6F2D 
 1046 0033 6374696F 		.ascii	"ction=none' '-g' '-mcpu=cortex-m7' '-mthumb' '-mflo"
 1046      6E3D6E6F 
 1046      6E652720 
 1046      272D6727 
 1046      20272D6D 
 1047 0066 61742D61 		.ascii	"at-abi=hard' '-mfpu=fpv5-d16' '-mlibarch=armv7e-m+f"
ARM GAS  /tmp/ccQnoo61.s 			page 37


 1047      62693D68 
 1047      61726427 
 1047      20272D6D 
 1047      6670753D 
 1048 0099 702E6470 		.ascii	"p.dp' '-march=armv7e-m+fp.dp' '-O2' '-fomit-frame-p"
 1048      2720272D 
 1048      6D617263 
 1048      683D6172 
 1048      6D763765 
 1049 00cc 6F696E74 		.ascii	"ointer' '-falign-functions=16' '-ffunction-sections"
 1049      65722720 
 1049      272D6661 
 1049      6C69676E 
 1049      2D66756E 
 1050 00ff 2720272D 		.ascii	"' '-fdata-sections' '-fno-common' '-flto' '-Xassemb"
 1050      66646174 
 1050      612D7365 
 1050      6374696F 
 1050      6E732720 
 1051 0132 6C657227 		.ascii	"ler' '-alms=build/lst/nullstreams.lst'\000"
 1051      20272D61 
 1051      6C6D733D 
 1051      6275696C 
 1051      642F6C73 
 1052              		.text
 1053              		.comm	__gnu_lto_slim,1,1
 1054              		.ident	"GCC: (15:10.3-2021.07-4) 10.3.1 20210621 (release)"
ARM GAS  /tmp/ccQnoo61.s 			page 38


DEFINED SYMBOLS
                            *ABS*:0000000000000000 nullstreams.c
     /tmp/ccQnoo61.s:22     .gnu.debuglto_.debug_info:0000000000000000 nullstreams.c.21a8b18d
                            *COM*:0000000000000001 __gnu_lto_slim

NO UNDEFINED SYMBOLS
