Archive member included to satisfy reference by file (symbol)

/usr/lib/gcc/arm-none-eabi/10.3.1/../../../arm-none-eabi/lib/thumb/v7e-m+dp/hard/libm.a(lib_a-wf_asin.o)
                              build/obj/math.o (symbol from plugin) (asinf)
/usr/lib/gcc/arm-none-eabi/10.3.1/../../../arm-none-eabi/lib/thumb/v7e-m+dp/hard/libm.a(lib_a-wf_atan2.o)
                              build/obj/math.o (symbol from plugin) (atan2f)
/usr/lib/gcc/arm-none-eabi/10.3.1/../../../arm-none-eabi/lib/thumb/v7e-m+dp/hard/libm.a(lib_a-wf_sqrt.o)
                              build/obj/math.o (symbol from plugin) (sqrtf)
/usr/lib/gcc/arm-none-eabi/10.3.1/../../../arm-none-eabi/lib/thumb/v7e-m+dp/hard/libm.a(lib_a-ef_asin.o)
                              /usr/lib/gcc/arm-none-eabi/10.3.1/../../../arm-none-eabi/lib/thumb/v7e-m+dp/hard/libm.a(lib_a-wf_asin.o) (__ieee754_asinf)
/usr/lib/gcc/arm-none-eabi/10.3.1/../../../arm-none-eabi/lib/thumb/v7e-m+dp/hard/libm.a(lib_a-ef_atan2.o)
                              /usr/lib/gcc/arm-none-eabi/10.3.1/../../../arm-none-eabi/lib/thumb/v7e-m+dp/hard/libm.a(lib_a-wf_atan2.o) (__ieee754_atan2f)
/usr/lib/gcc/arm-none-eabi/10.3.1/../../../arm-none-eabi/lib/thumb/v7e-m+dp/hard/libm.a(lib_a-ef_sqrt.o)
                              /usr/lib/gcc/arm-none-eabi/10.3.1/../../../arm-none-eabi/lib/thumb/v7e-m+dp/hard/libm.a(lib_a-wf_sqrt.o) (__ieee754_sqrtf)
/usr/lib/gcc/arm-none-eabi/10.3.1/../../../arm-none-eabi/lib/thumb/v7e-m+dp/hard/libm.a(lib_a-s_lib_ver.o)
                              /usr/lib/gcc/arm-none-eabi/10.3.1/../../../arm-none-eabi/lib/thumb/v7e-m+dp/hard/libm.a(lib_a-wf_asin.o) (__fdlib_version)
/usr/lib/gcc/arm-none-eabi/10.3.1/../../../arm-none-eabi/lib/thumb/v7e-m+dp/hard/libm.a(lib_a-sf_atan.o)
                              /usr/lib/gcc/arm-none-eabi/10.3.1/../../../arm-none-eabi/lib/thumb/v7e-m+dp/hard/libm.a(lib_a-ef_atan2.o) (atanf)
/usr/lib/gcc/arm-none-eabi/10.3.1/../../../arm-none-eabi/lib/thumb/v7e-m+dp/hard/libm.a(lib_a-sf_fabs.o)
                              /usr/lib/gcc/arm-none-eabi/10.3.1/../../../arm-none-eabi/lib/thumb/v7e-m+dp/hard/libm.a(lib_a-wf_asin.o) (fabsf)
/usr/lib/gcc/arm-none-eabi/10.3.1/../../../arm-none-eabi/lib/thumb/v7e-m+dp/hard/libm.a(lib_a-sf_nan.o)
                              /usr/lib/gcc/arm-none-eabi/10.3.1/../../../arm-none-eabi/lib/thumb/v7e-m+dp/hard/libm.a(lib_a-wf_asin.o) (nanf)
/usr/lib/gcc/arm-none-eabi/10.3.1/../../../arm-none-eabi/lib/thumb/v7e-m+dp/hard/libg.a(lib_a-ctype_.o)
                              build/obj/chscanf.o (symbol from plugin) (_ctype_)
/usr/lib/gcc/arm-none-eabi/10.3.1/../../../arm-none-eabi/lib/thumb/v7e-m+dp/hard/libg.a(lib_a-errno.o)
                              /usr/lib/gcc/arm-none-eabi/10.3.1/../../../arm-none-eabi/lib/thumb/v7e-m+dp/hard/libm.a(lib_a-wf_asin.o) (__errno)
/usr/lib/gcc/arm-none-eabi/10.3.1/../../../arm-none-eabi/lib/thumb/v7e-m+dp/hard/libg.a(lib_a-impure.o)
                              /usr/lib/gcc/arm-none-eabi/10.3.1/../../../arm-none-eabi/lib/thumb/v7e-m+dp/hard/libg.a(lib_a-errno.o) (_impure_ptr)
/usr/lib/gcc/arm-none-eabi/10.3.1/thumb/v7e-m+dp/hard/libgcc.a(_aeabi_ldivmod.o)
                              /tmp/BPRL_BALANCE.elf.weVdtJ.ltrans0.ltrans.o (__aeabi_ldivmod)
/usr/lib/gcc/arm-none-eabi/10.3.1/thumb/v7e-m+dp/hard/libgcc.a(_aeabi_uldivmod.o)
                              /tmp/BPRL_BALANCE.elf.weVdtJ.ltrans0.ltrans.o (__aeabi_uldivmod)
/usr/lib/gcc/arm-none-eabi/10.3.1/thumb/v7e-m+dp/hard/libgcc.a(_udivmoddi4.o)
                              /usr/lib/gcc/arm-none-eabi/10.3.1/thumb/v7e-m+dp/hard/libgcc.a(_aeabi_ldivmod.o) (__udivmoddi4)
/usr/lib/gcc/arm-none-eabi/10.3.1/thumb/v7e-m+dp/hard/libgcc.a(unwind-arm.o)
                              /tmp/BPRL_BALANCE.elf.weVdtJ.ltrans0.ltrans.o (__aeabi_unwind_cpp_pr0)
/usr/lib/gcc/arm-none-eabi/10.3.1/thumb/v7e-m+dp/hard/libgcc.a(libunwind.o)
                              /usr/lib/gcc/arm-none-eabi/10.3.1/thumb/v7e-m+dp/hard/libgcc.a(unwind-arm.o) (restore_core_regs)
/usr/lib/gcc/arm-none-eabi/10.3.1/thumb/v7e-m+dp/hard/libgcc.a(pr-support.o)
                              /usr/lib/gcc/arm-none-eabi/10.3.1/thumb/v7e-m+dp/hard/libgcc.a(unwind-arm.o) (__gnu_unwind_execute)
/usr/lib/gcc/arm-none-eabi/10.3.1/thumb/v7e-m+dp/hard/libgcc.a(_dvmd_tls.o)
                              /usr/lib/gcc/arm-none-eabi/10.3.1/thumb/v7e-m+dp/hard/libgcc.a(_aeabi_ldivmod.o) (__aeabi_ldiv0)
/usr/lib/gcc/arm-none-eabi/10.3.1/../../../arm-none-eabi/lib/thumb/v7e-m+dp/hard/libg.a(lib_a-abort.o)
                              /usr/lib/gcc/arm-none-eabi/10.3.1/thumb/v7e-m+dp/hard/libgcc.a(unwind-arm.o) (abort)
/usr/lib/gcc/arm-none-eabi/10.3.1/../../../arm-none-eabi/lib/thumb/v7e-m+dp/hard/libg.a(lib_a-memcmp.o)
                              /tmp/BPRL_BALANCE.elf.weVdtJ.ltrans0.ltrans.o (memcmp)
/usr/lib/gcc/arm-none-eabi/10.3.1/../../../arm-none-eabi/lib/thumb/v7e-m+dp/hard/libg.a(lib_a-memcpy.o)
[...]
Memory Configuration

Name             Origin             Length             Attributes
flash0           0x0000000008020000 0x00000000001c0000 xr
cal              0x00000000081e0000 0x0000000000020000 r
flash1           0x0000000008000000 0x0000000000100000 xr
flash2           0x0000000008100000 0x0000000000100000 xr
flash3           0x0000000000000000 0x0000000000000000 xr
flash4           0x0000000000000000 0x0000000000000000 xr
flash5           0x0000000000000000 0x0000000000000000 xr
flash6           0x0000000000000000 0x0000000000000000 xr
flash7           0x0000000000000000 0x0000000000000000 xr
ram0             0x0000000024000000 0x0000000000080000 xw
ram1             0x0000000030000000 0x0000000000040000 xw
ram2             0x0000000030000000 0x0000000000048000 xw
ram3             0x0000000030040000 0x0000000000008000 xw
ram4             0x0000000038000000 0x0000000000010000 xw
ram5             0x0000000020000000 0x0000000000020000 xw
ram6             0x0000000000000000 0x0000000000010000 xw
ram7             0x0000000038800000 0x0000000000001000 xw
*default*        0x0000000000000000 0xffffffffffffffff

Linker script and memory map

LOAD build/obj/crt0_v7m.o
LOAD build/obj/vectors.o
LOAD build/obj/chcoreasm.o
LOAD build/obj/crt1.o
LOAD /tmp/BPRL_BALANCE.elf.weVdtJ.ltrans0.ltrans.o
LOAD /tmp/BPRL_BALANCE.elf.weVdtJ.ltrans1.ltrans.o
LOAD /tmp/ccJO8L9Y.debug.temp.o
LOAD /tmp/cc6NF24w.debug.temp.o
LOAD /tmp/ccdSwakp.debug.temp.o
LOAD /tmp/cc6J0TXF.debug.temp.o
LOAD /tmp/cc9TLtNd.debug.temp.o
LOAD /tmp/cc2NdxVJ.debug.temp.o
LOAD /tmp/ccLqAoR3.debug.temp.o
LOAD /tmp/ccUkgcdu.debug.temp.o
LOAD /tmp/ccBIQJRh.debug.temp.o
LOAD /tmp/ccgnvWxO.debug.temp.o
LOAD /tmp/ccD5t1nP.debug.temp.o
LOAD /tmp/ccVZ22CN.debug.temp.o
LOAD /tmp/ccpnhq4B.debug.temp.o
LOAD /tmp/cck5XAJ8.debug.temp.o
LOAD /tmp/cc9C5KRG.debug.temp.o
LOAD /tmp/ccYQfadA.debug.temp.o
LOAD /tmp/cc1RtBpo.debug.temp.o
LOAD /tmp/cce0uRQ8.debug.temp.o
LOAD /tmp/ccRfkbQY.debug.temp.o
LOAD /tmp/ccBJkDZ2.debug.temp.o
LOAD /tmp/cc31V4cl.debug.temp.o
LOAD /tmp/cckENycW.debug.temp.o
LOAD /tmp/ccOrhugW.debug.temp.o
LOAD /tmp/ccY5PDAZ.debug.temp.o
LOAD /tmp/ccqmLAzW.debug.temp.o
LOAD /tmp/ccsJAYkH.debug.temp.o
LOAD /tmp/ccS1jJvR.debug.temp.o
LOAD /tmp/ccm8EdN0.debug.temp.o
LOAD /tmp/ccVMAHbd.debug.temp.o
LOAD /tmp/ccY43ZJs.debug.temp.o
LOAD /tmp/cciQggH9.debug.temp.o
LOAD /tmp/ccaTmy4x.debug.temp.o
LOAD /tmp/cckrUZB1.debug.temp.o
LOAD /tmp/ccUotLBG.debug.temp.o
LOAD /tmp/ccH7QwTW.debug.temp.o
LOAD /tmp/cctUYv8o.debug.temp.o
LOAD /tmp/ccdMmk40.debug.temp.o
LOAD /tmp/ccFXwYmA.debug.temp.o
LOAD /tmp/ccxUi8RX.debug.temp.o
LOAD /tmp/ccdldL00.debug.temp.o
LOAD /tmp/ccZ1myIS.debug.temp.o
LOAD /tmp/cckrvV21.debug.temp.o
LOAD /tmp/cc6E7t7V.debug.temp.o
LOAD /tmp/ccDPY5BF.debug.temp.o
LOAD /tmp/cccxdiK8.debug.temp.o
LOAD /tmp/ccTIN9Ts.debug.temp.o
LOAD /tmp/ccqKy7KK.debug.temp.o
LOAD /tmp/cclaKf5G.debug.temp.o
LOAD /tmp/ccQMxVcP.debug.temp.o
LOAD /tmp/cc009owx.debug.temp.o
LOAD /tmp/cc10rKFB.debug.temp.o
LOAD /tmp/ccNxxRLa.debug.temp.o
LOAD /tmp/cc0UUZYP.debug.temp.o
LOAD /tmp/ccz7ayT3.debug.temp.o
LOAD /tmp/cc4A9Bu4.debug.temp.o
LOAD /tmp/ccKbxxh0.debug.temp.o
LOAD /tmp/cc1JU7yf.debug.temp.o
LOAD /tmp/ccIkDExl.debug.temp.o
LOAD /tmp/ccQmfVDb.debug.temp.o
LOAD /tmp/cc13lcWw.debug.temp.o
LOAD /tmp/ccldc31D.debug.temp.o
LOAD /tmp/cciKz8JE.debug.temp.o
LOAD /tmp/cc6UmjmH.debug.temp.o
LOAD /tmp/ccVHhMaj.debug.temp.o
LOAD /tmp/cc8wm2is.debug.temp.o
LOAD /tmp/ccdLzZDu.debug.temp.o
LOAD /tmp/cchFIfCk.debug.temp.o
LOAD /tmp/cc1Snlex.debug.temp.o
LOAD /tmp/ccVtSnQC.debug.temp.o
LOAD /tmp/ccXPKmkW.debug.temp.o
LOAD /tmp/ccNXQhTX.debug.temp.o
LOAD /tmp/cciqOE2R.debug.temp.o
LOAD /tmp/cc8pRV2l.debug.temp.o
LOAD /tmp/ccLscjuR.debug.temp.o
LOAD /tmp/ccQHpTQi.debug.temp.o
LOAD /tmp/ccLRQOP5.debug.temp.o
LOAD /tmp/ccnv8lG6.debug.temp.o
LOAD /tmp/ccMDbq9k.debug.temp.o
LOAD /tmp/cc893ozh.debug.temp.o
LOAD /tmp/cceuz5cn.debug.temp.o
LOAD /tmp/ccQ4UvAT.debug.temp.o
LOAD /tmp/ccyMnQy8.debug.temp.o
LOAD /tmp/ccB7o2QA.debug.temp.o
LOAD /tmp/ccAynWLO.debug.temp.o
LOAD /tmp/ccv36Uhj.debug.temp.o
LOAD build/obj/hal.o
LOAD build/obj/hal_st.o
LOAD build/obj/hal_buffered_serial.o
LOAD build/obj/hal_buffers.o
LOAD build/obj/hal_queues.o
LOAD build/obj/hal_flash.o
LOAD build/obj/hal_mmcsd.o
LOAD build/obj/hal_can.o
LOAD build/obj/hal_pal.o
LOAD build/obj/hal_sdc.o
LOAD build/obj/hal_serial.o
LOAD build/obj/hal_serial_usb.o
LOAD build/obj/hal_spi.o
LOAD build/obj/hal_usb.o
LOAD build/obj/nvic.o
LOAD build/obj/stm32_isr.o
LOAD build/obj/hal_lld.o
LOAD build/obj/stm32_bdma.o
LOAD build/obj/stm32_dma.o
LOAD build/obj/stm32_exti.o
LOAD build/obj/hal_can_lld.o
LOAD build/obj/hal_pal_lld.o
LOAD build/obj/stm32_mdma.o
LOAD build/obj/hal_usb_lld.o
LOAD build/obj/hal_sdc_lld.o
LOAD build/obj/hal_spi_lld.o
LOAD build/obj/hal_st_lld.o
LOAD build/obj/hal_serial_lld.o
LOAD build/obj/osal.o
LOAD build/obj/chsys.o
LOAD build/obj/chrfcu.o
LOAD build/obj/chdebug.o
LOAD build/obj/chtrace.o
LOAD build/obj/chvt.o
LOAD build/obj/chschd.o
LOAD build/obj/chinstances.o
LOAD build/obj/chthreads.o
LOAD build/obj/chtm.o
LOAD build/obj/chregistry.o
LOAD build/obj/chsem.o
LOAD build/obj/chmtx.o
LOAD build/obj/chcond.o
LOAD build/obj/chevents.o
LOAD build/obj/chmsg.o
LOAD build/obj/chdynamic.o
LOAD build/obj/chmboxes.o
LOAD build/obj/chmemcore.o
LOAD build/obj/chmemheaps.o
LOAD build/obj/chmempools.o
LOAD build/obj/chpipes.o
LOAD build/obj/chobjcaches.o
LOAD build/obj/chdelegates.o
LOAD build/obj/chfactory.o
LOAD build/obj/chcore.o
LOAD build/obj/chprintf.o
LOAD build/obj/chscanf.o
LOAD build/obj/memstreams.o
LOAD build/obj/nullstreams.o
LOAD build/obj/bufstreams.o
LOAD build/obj/fatfs_diskio.o
LOAD build/obj/fatfs_syscall.o
LOAD build/obj/ff.o
LOAD build/obj/ffunicode.o
LOAD build/obj/board.o
LOAD build/obj/syscalls.o
LOAD build/obj/main.o
LOAD build/obj/threads.o
LOAD build/obj/math.o
LOAD build/obj/EKF.o
LOAD build/obj/StateManager.o
LOAD build/obj/PID.o
LOAD build/obj/RobotStateMachine.o
LOAD build/obj/BalanceController.o
LOAD build/obj/ICM42688.o
LOAD build/obj/ICM45686.o
LOAD build/obj/SPI.o
LOAD build/obj/CAN.o
LOAD build/obj/CANMotor.o
LOAD build/obj/CANPower.o
LOAD build/obj/CalFlash.o
LOAD build/obj/Radio.o
LOAD build/obj/SBUS.o
LOAD build/obj/usb_serial.o
LOAD build/obj/Logger.o

.mstack         0x0000000020000000      0x800
                0x0000000020000000                . = ALIGN (0x8)
                0x0000000020000000                __main_stack_base__ = .
                0x0000000020000800                . = (. + __main_stack_size__)
 *fill*         0x0000000020000000      0x800 
                0x0000000020000800                . = ALIGN (0x8)
                0x0000000020000800                __main_stack_end__ = .

.pstack         0x0000000020000800      0x800
                0x0000000020000800                . = ALIGN (0x8)
                0x0000000020000800                __process_stack_base__ = .
                0x0000000020000800                __main_thread_stack_base__ = .
                0x0000000020001000                . = (. + __process_stack_size__)
 *fill*         0x0000000020000800      0x800 
                0x0000000020001000                . = ALIGN (0x8)
                0x0000000020001000                __process_stack_end__ = .
                0x0000000020001000                __main_thread_stack_end__ = .

.nocache        0x0000000030040000     0x1e60
                0x0000000030040000                __nocache_base__ = .
 *(.nocache)
 .nocache       0x0000000030040000     0x145c /tmp/BPRL_BALANCE.elf.weVdtJ.ltrans0.ltrans.o
 .nocache       0x000000003004145c      0x800 /tmp/BPRL_BALANCE.elf.weVdtJ.ltrans1.ltrans.o
 *(.nocache.*)
 *(.bss.__nocache_*)
 .bss.__nocache_sd1_buf
                0x0000000030041c5c      0x200 /tmp/BPRL_BALANCE.elf.weVdtJ.ltrans0.ltrans.o
 .bss.__nocache_sd1_wbuf
                0x0000000030041e5c        0x4 /tmp/BPRL_BALANCE.elf.weVdtJ.ltrans0.ltrans.o
                0x0000000030041e60                . = ALIGN (0x4)
                0x0000000030041e60                __nocache_end__ = .

.eth            0x0000000030041e60        0x0
                0x0000000030041e60                __eth_base__ = .
 *(.eth)
 *(.eth.*)
 *(.bss.__eth_*)
                0x0000000030041e60                . = ALIGN (0x4)
                0x0000000030041e60                __eth_end__ = .

.vectors        0x0000000008020000      0x2e0
                0x0000000008020000                __textvectors_base__ = LOADADDR (.vectors)
                0x0000000008020000                __vectors_base__ = .
 *(.vectors)
 .vectors       0x0000000008020000      0x2e0 build/obj/vectors.o
                0x0000000008020000                _vectors
                0x00000000080202e0                __vectors_end__ = .

.xtors          0x00000000080202e0        0x4
                0x00000000080202e0                __init_array_base__ = .
 *(SORT_BY_NAME(.init_array.*))
 *(.init_array)
 .init_array    0x00000000080202e0        0x4 /tmp/BPRL_BALANCE.elf.weVdtJ.ltrans1.ltrans.o
                0x00000000080202e4                __init_array_end__ = .
                0x00000000080202e4                __fini_array_base__ = .
 *(.fini_array)
 *(SORT_BY_NAME(.fini_array.*))
                0x00000000080202e4                __fini_array_end__ = .

.text           0x0000000008020300    0x190c0
                0x0000000008020300                __text_base__ = .
 *(.text)
 .text          0x0000000008020300      0x11c build/obj/crt0_v7m.o
                0x0000000008020300                _crt0_entry
 .text          0x000000000802041c        0x8 build/obj/vectors.o
                0x000000000802041c                Reset_Handler
                0x000000000802041e                Vector58
                0x000000000802041e                VectorE8
                0x000000000802041e                Vector9C
                0x000000000802041e                Vector2C4
                0x000000000802041e                VectorAC
                0x000000000802041e                DebugMon_Handler
                0x000000000802041e                Vector2B0
                0x000000000802041e                Vector26C
                0x000000000802041e                Vector22C
                0x000000000802041e                Vector1A0
                0x000000000802041e                Vector2C0
                0x000000000802041e                Vector5C
                0x000000000802041e                Vector224
                0x000000000802041e                Vector11C
                0x000000000802041e                HardFault_Handler
                0x000000000802041e                Vector1B8
                0x000000000802041e                Vector1F0
                0x000000000802041e                Vector19C
                0x000000000802041e                Vector1EC
                0x000000000802041e                SysTick_Handler
                0x000000000802041e                Vector2D8
                0x000000000802041e                PendSV_Handler
                0x000000000802041e                Vector168
                0x000000000802041e                NMI_Handler
                0x000000000802041e                Vector270
                0x000000000802041e                Vector24C
                0x000000000802041e                Vector110
                0x000000000802041e                Vector274
                0x000000000802041e                Vector1D8
                0x000000000802041e                Vector1F4
                0x000000000802041e                VectorC8
                0x000000000802041e                Vector2CC
                0x000000000802041e                Vector94
                0x000000000802041e                Vector254
                0x000000000802041e                VectorA8
                0x000000000802041e                Vector244
                0x000000000802041e                Vector204
                0x000000000802041e                Vector2AC
                0x000000000802041e                VectorB4
                0x000000000802041e                Vector1FC
                0x000000000802041e                Vector160
                0x000000000802041e                Vector1B0
                0x000000000802041e                UsageFault_Handler
                0x000000000802041e                VectorEC
                0x000000000802041e                Vector234
                0x000000000802041e                Vector264
                0x000000000802041e                Vector40
                0x000000000802041e                VectorF8
                0x000000000802041e                Vector108
                0x000000000802041e                VectorBC
                0x000000000802041e                Vector1E0
                0x000000000802041e                Vector1F8
                0x000000000802041e                Vector260
                0x000000000802041e                Vector27C
                0x000000000802041e                Vector1C4
                0x000000000802041e                Vector1CC
                0x000000000802041e                Vector2A8
                0x000000000802041e                Vector1E4
                0x000000000802041e                Vector20C
                0x000000000802041e                Vector148
                0x000000000802041e                Vector188
                0x000000000802041e                Vector23C
                0x000000000802041e                Vector198
                0x000000000802041e                Vector118
                0x000000000802041e                Vector64
                0x000000000802041e                Vector54
                0x000000000802041e                Vector98
                0x000000000802041e                Vector2B8
                0x000000000802041e                Vector258
                0x000000000802041e                Vector284
                0x000000000802041e                Vector218
                0x000000000802041e                Vector138
                0x000000000802041e                Vector24
                0x000000000802041e                Vector200
                0x000000000802041e                Vector1AC
                0x000000000802041e                Vector178
                0x000000000802041e                SecureFault_Handler
                0x000000000802041e                Vector1A4
                0x000000000802041e                VectorD0
                0x000000000802041e                Vector2A0
                0x000000000802041e                Vector1B4
                0x000000000802041e                Vector28C
                0x000000000802041e                Vector140
                0x000000000802041e                VectorE4
                0x000000000802041e                VectorC0
                0x000000000802041e                Vector1C0
                0x000000000802041e                Vector214
                0x000000000802041e                Vector250
                0x000000000802041e                Vector2D0
                0x000000000802041e                Vector134
                0x000000000802041e                Vector1D0
                0x000000000802041e                Vector2DC
                0x000000000802041e                VectorF0
                0x000000000802041e                Vector210
                0x000000000802041e                Vector2BC
                0x000000000802041e                Vector13C
                0x000000000802041e                Vector280
                0x000000000802041e                Vector100
                0x000000000802041e                VectorE0
                0x000000000802041e                VectorF4
                0x000000000802041e                Vector2B4
                0x000000000802041e                Vector2C8
                0x000000000802041e                MemManage_Handler
                0x000000000802041e                Vector238
                0x000000000802041e                VectorA0
                0x000000000802041e                VectorC4
                0x000000000802041e                Vector180
                0x000000000802041e                Vector288
                0x000000000802041e                Vector208
                0x000000000802041e                Vector294
                0x000000000802041e                Vector114
                0x000000000802041e                Vector164
                0x000000000802041e                Vector60
                0x000000000802041e                Vector1BC
                0x000000000802041e                Vector17C
                0x000000000802041e                Vector48
                0x000000000802041e                Vector240
                0x000000000802041e                Vector1A8
                0x000000000802041e                Vector16C
                0x000000000802041e                Vector228
                0x000000000802041e                VectorD4
                0x000000000802041e                Vector2D4
                0x000000000802041e                Vector278
                0x000000000802041e                Vector4C
                0x000000000802041e                Vector144
                0x000000000802041e                Vector68
                0x000000000802041e                Vector230
                0x000000000802041e                Vector290
                0x000000000802041e                Vector1E8
                0x000000000802041e                Vector170
                0x000000000802041e                Vector220
                0x000000000802041e                Vector298
                0x000000000802041e                Vector88
                0x000000000802041e                Vector29C
                0x000000000802041e                Vector184
                0x000000000802041e                Vector10C
                0x000000000802041e                Vector21C
                0x000000000802041e                Vector268
                0x000000000802041e                Vector14C
                0x000000000802041e                BusFault_Handler
                0x000000000802041e                Vector50
                0x000000000802041e                Vector1C8
                0x000000000802041e                Vector194
                0x000000000802041e                Vector1DC
                0x000000000802041e                Vector44
                0x000000000802041e                Vector28
                0x000000000802041e                VectorB8
                0x000000000802041e                Vector2A4
                0x000000000802041e                Vector34
                0x000000000802041e                Vector248
                0x000000000802041e                VectorA4
                0x000000000802041e                Vector25C
                0x000000000802041e                Vector20
                0x000000000802041e                Vector18C
                0x000000000802041e                Vector174
                0x0000000008020422                _unhandled_exception
 .text          0x0000000008020424       0x32 build/obj/chcoreasm.o
                0x0000000008020424                __port_switch
                0x000000000802043c                __port_thread_start
                0x000000000802044e                __port_switch_from_isr
                0x0000000008020452                __port_exit_from_isr
 *fill*         0x0000000008020456        0x2 
 .text          0x0000000008020458       0x68 /usr/lib/gcc/arm-none-eabi/10.3.1/../../../arm-none-eabi/lib/thumb/v7e-m+dp/hard/libm.a(lib_a-wf_asin.o)
                0x0000000008020458                asinf
 .text          0x00000000080204c0        0x4 /usr/lib/gcc/arm-none-eabi/10.3.1/../../../arm-none-eabi/lib/thumb/v7e-m+dp/hard/libm.a(lib_a-wf_atan2.o)
                0x00000000080204c0                atan2f
 .text          0x00000000080204c4       0x50 /usr/lib/gcc/arm-none-eabi/10.3.1/../../../arm-none-eabi/lib/thumb/v7e-m+dp/hard/libm.a(lib_a-wf_sqrt.o)
                0x00000000080204c4                sqrtf
 .text          0x0000000008020514      0x20c /usr/lib/gcc/arm-none-eabi/10.3.1/../../../arm-none-eabi/lib/thumb/v7e-m+dp/hard/libm.a(lib_a-ef_asin.o)
                0x0000000008020514                __ieee754_asinf
 .text          0x0000000008020720      0x148 /usr/lib/gcc/arm-none-eabi/10.3.1/../../../arm-none-eabi/lib/thumb/v7e-m+dp/hard/libm.a(lib_a-ef_atan2.o)
                0x0000000008020720                __ieee754_atan2f
 .text          0x0000000008020868        0x8 /usr/lib/gcc/arm-none-eabi/10.3.1/../../../arm-none-eabi/lib/thumb/v7e-m+dp/hard/libm.a(lib_a-ef_sqrt.o)
                0x0000000008020868                __ieee754_sqrtf
 .text          0x0000000008020870      0x1a8 /usr/lib/gcc/arm-none-eabi/10.3.1/../../../arm-none-eabi/lib/thumb/v7e-m+dp/hard/libm.a(lib_a-sf_atan.o)
                0x0000000008020870                atanf
 .text          0x0000000008020a18       0x10 /usr/lib/gcc/arm-none-eabi/10.3.1/../../../arm-none-eabi/lib/thumb/v7e-m+dp/hard/libm.a(lib_a-sf_fabs.o)
                0x0000000008020a18                fabsf
 .text          0x0000000008020a28        0xc /usr/lib/gcc/arm-none-eabi/10.3.1/../../../arm-none-eabi/lib/thumb/v7e-m+dp/hard/libm.a(lib_a-sf_nan.o)
                0x0000000008020a28                nanf
 .text          0x0000000008020a34        0xc /usr/lib/gcc/arm-none-eabi/10.3.1/../../../arm-none-eabi/lib/thumb/v7e-m+dp/hard/libg.a(lib_a-errno.o)
                0x0000000008020a34                __errno
 .text          0x0000000008020a40       0x10 /usr/lib/gcc/arm-none-eabi/10.3.1/../../../arm-none-eabi/lib/thumb/v7e-m+dp/hard/libg.a(lib_a-abort.o)
                0x0000000008020a40                abort
 .text          0x0000000008020a50       0x64 /usr/lib/gcc/arm-none-eabi/10.3.1/../../../arm-none-eabi/lib/thumb/v7e-m+dp/hard/libg.a(lib_a-memcmp.o)
                0x0000000008020a50                memcmp
 .text          0x0000000008020ab4      0x134 /usr/lib/gcc/arm-none-eabi/10.3.1/../../../arm-none-eabi/lib/thumb/v7e-m+dp/hard/libg.a(lib_a-memcpy.o)
                0x0000000008020ab4                memcpy
 .text          0x0000000008020be8       0xa4 /usr/lib/gcc/arm-none-eabi/10.3.1/../../../arm-none-eabi/lib/thumb/v7e-m+dp/hard/libg.a(lib_a-memset.o)
                0x0000000008020be8                memset
 .text          0x0000000008020c8c      0x288 /usr/lib/gcc/arm-none-eabi/10.3.1/../../../arm-none-eabi/lib/thumb/v7e-m+dp/hard/libg.a(lib_a-signal.o)
                0x0000000008020c8c                _init_signal_r
                0x0000000008020cbc                _signal_r
                0x0000000008020d08                _raise_r
                0x0000000008020d60                __sigtramp_r
                0x0000000008020dc4                raise
                0x0000000008020e20                signal
                0x0000000008020e74                _init_signal
                0x0000000008020eac                __sigtramp
 .text          0x0000000008020f14       0x30 /usr/lib/gcc/arm-none-eabi/10.3.1/../../../arm-none-eabi/lib/thumb/v7e-m+dp/hard/libg.a(lib_a-signalr.o)
                0x0000000008020f14                _kill_r
                0x0000000008020f40                _getpid_r
 .text          0x0000000008020f44      0x108 /usr/lib/gcc/arm-none-eabi/10.3.1/../../../arm-none-eabi/lib/thumb/v7e-m+dp/hard/libg.a(lib_a-snprintf.o)
                0x0000000008020f44                _snprintf_r
                0x0000000008020fc4                snprintf
 .text          0x000000000802104c       0xb0 /usr/lib/gcc/arm-none-eabi/10.3.1/../../../arm-none-eabi/lib/thumb/v7e-m+dp/hard/libg.a(lib_a-sscanf.o)
                0x000000000802104c                sscanf
                0x00000000080210a4                _sscanf_r
 .text          0x00000000080210fc       0x90 /usr/lib/gcc/arm-none-eabi/10.3.1/../../../arm-none-eabi/lib/thumb/v7e-m+dp/hard/libg.a(lib_a-stdio.o)
                0x00000000080210fc                __sread
                0x0000000008021120                __seofread
                0x0000000008021124                __swrite
                0x0000000008021164                __sseek
                0x0000000008021184                __sclose
 .text          0x000000000802118c       0xcc /usr/lib/gcc/arm-none-eabi/10.3.1/../../../arm-none-eabi/lib/thumb/v7e-m+dp/hard/libg.a(lib_a-strchr.o)
                0x000000000802118c                strchr
 *fill*         0x0000000008021258        0x8 
 .text          0x0000000008021260      0x2dc /usr/lib/gcc/arm-none-eabi/10.3.1/../../../arm-none-eabi/lib/thumb/v7e-m+dp/hard/libg.a(lib_a-strcmp.o)
                0x0000000008021268                strcmp
 *fill*         0x000000000802153c        0x4 
 .text          0x0000000008021540       0xdc /usr/lib/gcc/arm-none-eabi/10.3.1/../../../arm-none-eabi/lib/thumb/v7e-m+dp/hard/libg.a(lib_a-strlen.o)
                0x0000000008021540                strlen
 .text          0x000000000802161c       0x64 /usr/lib/gcc/arm-none-eabi/10.3.1/../../../arm-none-eabi/lib/thumb/v7e-m+dp/hard/libg.a(lib_a-strncpy.o)
                0x000000000802161c                strncpy
 .text          0x0000000008021680       0x24 /usr/lib/gcc/arm-none-eabi/10.3.1/../../../arm-none-eabi/lib/thumb/v7e-m+dp/hard/libg.a(lib_a-strrchr.o)
                0x0000000008021680                strrchr
 *fill*         0x00000000080216a4        0x4 
 .text          0x00000000080216a8     0x140c /usr/lib/gcc/arm-none-eabi/10.3.1/../../../arm-none-eabi/lib/thumb/v7e-m+dp/hard/libg.a(lib_a-svfprintf.o)
                0x00000000080216a8                _svfprintf_r
 .text          0x0000000008022ab4     0x1124 /usr/lib/gcc/arm-none-eabi/10.3.1/../../../arm-none-eabi/lib/thumb/v7e-m+dp/hard/libg.a(lib_a-svfscanf.o)
                0x0000000008022ab4                __ssvfscanf_r
 .text          0x0000000008023bd8      0xe00 /usr/lib/gcc/arm-none-eabi/10.3.1/../../../arm-none-eabi/lib/thumb/v7e-m+dp/hard/libg.a(lib_a-dtoa.o)
                0x0000000008023d00                _dtoa_r
 .text          0x00000000080249d8        0x8 /usr/lib/gcc/arm-none-eabi/10.3.1/../../../arm-none-eabi/lib/thumb/v7e-m+dp/hard/libg.a(lib_a-iswspace.o)
                0x00000000080249d8                iswspace
 .text          0x00000000080249e0       0x14 /usr/lib/gcc/arm-none-eabi/10.3.1/../../../arm-none-eabi/lib/thumb/v7e-m+dp/hard/libg.a(lib_a-iswspace_l.o)
                0x00000000080249e0                iswspace_l
 .text          0x00000000080249f4       0x8c /usr/lib/gcc/arm-none-eabi/10.3.1/../../../arm-none-eabi/lib/thumb/v7e-m+dp/hard/libg.a(lib_a-locale.o)
                0x00000000080249f4                _setlocale_r
                0x0000000008024a34                __locale_mb_cur_max
                0x0000000008024a40                setlocale
 .text          0x0000000008024a80       0x14 /usr/lib/gcc/arm-none-eabi/10.3.1/../../../arm-none-eabi/lib/thumb/v7e-m+dp/hard/libg.a(lib_a-localeconv.o)
                0x0000000008024a80                __localeconv_l
                0x0000000008024a84                _localeconv_r
                0x0000000008024a8c                localeconv
 .text          0x0000000008024a94      0x554 /usr/lib/gcc/arm-none-eabi/10.3.1/../../../arm-none-eabi/lib/thumb/v7e-m+dp/hard/libg.a(lib_a-mallocr.o)
                0x0000000008024a94                _malloc_r
 .text          0x0000000008024fe8       0x98 /usr/lib/gcc/arm-none-eabi/10.3.1/../../../arm-none-eabi/lib/thumb/v7e-m+dp/hard/libg.a(lib_a-mbrtowc.o)
                0x0000000008024fe8                _mbrtowc_r
                0x000000000802502c                mbrtowc
 .text          0x0000000008025080       0x40 /usr/lib/gcc/arm-none-eabi/10.3.1/../../../arm-none-eabi/lib/thumb/v7e-m+dp/hard/libg.a(lib_a-mbtowc_r.o)
                0x0000000008025080                _mbtowc_r
                0x0000000008025094                __ascii_mbtowc
 .text          0x00000000080250c0       0xa0 /usr/lib/gcc/arm-none-eabi/10.3.1/../../../arm-none-eabi/lib/thumb/v7e-m+dp/hard/libg.a(lib_a-memchr.o)
                0x00000000080250c0                memchr
 .text          0x0000000008025160        0x8 /usr/lib/gcc/arm-none-eabi/10.3.1/../../../arm-none-eabi/lib/thumb/v7e-m+dp/hard/libg.a(lib_a-mlock.o)
                0x0000000008025160                __malloc_lock
                0x0000000008025164                __malloc_unlock
 .text          0x0000000008025168      0xa90 /usr/lib/gcc/arm-none-eabi/10.3.1/../../../arm-none-eabi/lib/thumb/v7e-m+dp/hard/libg.a(lib_a-mprec.o)
                0x0000000008025168                _Balloc
                0x00000000080251b4                _Bfree
                0x00000000080251c8                __multadd
                0x0000000008025270                __s2b
                0x0000000008025324                __hi0bits
                0x0000000008025364                __lo0bits
                0x00000000080253c4                __i2b
                0x0000000008025420                __multiply
                0x000000000802557c                __pow5mult
                0x000000000802563c                __lshift
                0x000000000802572c                __mcmp
                0x0000000008025770                __mdiff
                0x00000000080258bc                __ulp
                0x000000000802591c                __b2d
                0x00000000080259dc                __d2b
                0x0000000008025aac                __ratio
                0x0000000008025b10                _mprec_log10
                0x0000000008025b38                __copybits
                0x0000000008025b94                __any_on
 .text          0x0000000008025bf8       0x8c /usr/lib/gcc/arm-none-eabi/10.3.1/../../../arm-none-eabi/lib/thumb/v7e-m+dp/hard/libg.a(lib_a-sccl.o)
                0x0000000008025bf8                __sccl
 .text          0x0000000008025c84       0x78 /usr/lib/gcc/arm-none-eabi/10.3.1/../../../arm-none-eabi/lib/thumb/v7e-m+dp/hard/libg.a(lib_a-sprintf.o)
                0x0000000008025c84                _sprintf_r
                0x0000000008025cbc                sprintf
 *fill*         0x0000000008025cfc        0x4 
 .text          0x0000000008025d00      0xf78 /usr/lib/gcc/arm-none-eabi/10.3.1/../../../arm-none-eabi/lib/thumb/v7e-m+dp/hard/libg.a(lib_a-strtod.o)
                0x0000000008025d00                _strtod_l
                0x0000000008026b2c                _strtod_r
                0x0000000008026b38                strtod_l
                0x0000000008026b54                strtod
                0x0000000008026b74                strtof_l
                0x0000000008026bf4                strtof
 .text          0x0000000008026c78      0x188 /usr/lib/gcc/arm-none-eabi/10.3.1/../../../arm-none-eabi/lib/thumb/v7e-m+dp/hard/libg.a(lib_a-strtol.o)
                0x0000000008026d98                _strtol_r
                0x0000000008026db0                strtol_l
                0x0000000008026dd8                strtol
 .text          0x0000000008026e00      0x1a4 /usr/lib/gcc/arm-none-eabi/10.3.1/../../../arm-none-eabi/lib/thumb/v7e-m+dp/hard/libg.a(lib_a-strtoll.o)
                0x0000000008026f70                _strtoll_r
                0x0000000008026f74                strtoll_l
                0x0000000008026f8c                strtoll
 .text          0x0000000008026fa4      0x170 /usr/lib/gcc/arm-none-eabi/10.3.1/../../../arm-none-eabi/lib/thumb/v7e-m+dp/hard/libg.a(lib_a-strtoul.o)
                0x00000000080270e0                _strtoul_r
                0x00000000080270e4                strtoul_l
                0x00000000080270fc                strtoul
 .text          0x0000000008027114      0x1d0 /usr/lib/gcc/arm-none-eabi/10.3.1/../../../arm-none-eabi/lib/thumb/v7e-m+dp/hard/libg.a(lib_a-strtoull.o)
                0x00000000080272b0                _strtoull_r
                0x00000000080272b4                strtoull_l
                0x00000000080272cc                strtoull
 .text          0x00000000080272e4      0xb54 /usr/lib/gcc/arm-none-eabi/10.3.1/../../../arm-none-eabi/lib/thumb/v7e-m+dp/hard/libg.a(lib_a-svfiprintf.o)
                0x00000000080272e4                __ssprint_r
                0x00000000080273dc                _svfiprintf_r
 .text          0x0000000008027e38     0x1060 /usr/lib/gcc/arm-none-eabi/10.3.1/../../../arm-none-eabi/lib/thumb/v7e-m+dp/hard/libg.a(lib_a-svfiscanf.o)
                0x0000000008027e38                _sungetc_r
                0x0000000008027eb8                __ssrefill_r
                0x0000000008027ef4                _sfread_r
                0x0000000008027fa8                __ssvfiscanf_r
 .text          0x0000000008028e98      0x16c /usr/lib/gcc/arm-none-eabi/10.3.1/../../../arm-none-eabi/lib/thumb/v7e-m+dp/hard/libg.a(lib_a-ungetc.o)
                0x0000000008028e98                __submore
                0x0000000008028f10                _ungetc_r
                0x0000000008028fec                ungetc
 .text          0x0000000008029004       0x30 /usr/lib/gcc/arm-none-eabi/10.3.1/../../../arm-none-eabi/lib/thumb/v7e-m+dp/hard/libg.a(lib_a-wctomb_r.o)
                0x0000000008029004                _wctomb_r
                0x0000000008029018                __ascii_wctomb
 .text          0x0000000008029034       0x4c /usr/lib/gcc/arm-none-eabi/10.3.1/../../../arm-none-eabi/lib/thumb/v7e-m+dp/hard/libg.a(lib_a-assert.o)
                0x0000000008029034                __assert_func
                0x0000000008029074                __assert
 .text          0x0000000008029080       0x60 /usr/lib/gcc/arm-none-eabi/10.3.1/../../../arm-none-eabi/lib/thumb/v7e-m+dp/hard/libg.a(lib_a-callocr.o)
                0x0000000008029080                _calloc_r
 .text          0x00000000080290e0      0x1ac /usr/lib/gcc/arm-none-eabi/10.3.1/../../../arm-none-eabi/lib/thumb/v7e-m+dp/hard/libg.a(lib_a-fflush.o)
                0x00000000080290e0                __sflush_r
                0x0000000008029210                _fflush_r
                0x000000000802923c                fflush
 .text          0x000000000802928c      0x218 /usr/lib/gcc/arm-none-eabi/10.3.1/../../../arm-none-eabi/lib/thumb/v7e-m+dp/hard/libg.a(lib_a-findfp.o)
                0x0000000008029290                _cleanup_r
                0x0000000008029378                __sfmoreglue
                0x00000000080293a8                __sfp
                0x0000000008029450                _cleanup
                0x0000000008029464                __sinit
                0x000000000802946c                __sfp_lock_acquire
                0x0000000008029470                __sfp_lock_release
                0x0000000008029474                __sinit_lock_acquire
                0x0000000008029478                __sinit_lock_release
                0x000000000802947c                __fp_lock_all
                0x0000000008029490                __fp_unlock_all
 .text          0x00000000080294a4       0x44 /usr/lib/gcc/arm-none-eabi/10.3.1/../../../arm-none-eabi/lib/thumb/v7e-m+dp/hard/libg.a(lib_a-fiprintf.o)
                0x00000000080294a4                _fiprintf_r
                0x00000000080294c0                fiprintf
 .text          0x00000000080294e8      0x2ac /usr/lib/gcc/arm-none-eabi/10.3.1/../../../arm-none-eabi/lib/thumb/v7e-m+dp/hard/libg.a(lib_a-freer.o)
                0x00000000080294e8                _malloc_trim_r
                0x0000000008029588                _free_r
 .text          0x0000000008029794       0x88 /usr/lib/gcc/arm-none-eabi/10.3.1/../../../arm-none-eabi/lib/thumb/v7e-m+dp/hard/libg.a(lib_a-fwalk.o)
                0x0000000008029794                _fwalk
                0x00000000080297d4                _fwalk_reent
 .text          0x000000000802981c      0x67c /usr/lib/gcc/arm-none-eabi/10.3.1/../../../arm-none-eabi/lib/thumb/v7e-m+dp/hard/libg.a(lib_a-gdtoa-gethex.o)
                0x00000000080298c0                __gethex
 .text          0x0000000008029e98      0x1e4 /usr/lib/gcc/arm-none-eabi/10.3.1/../../../arm-none-eabi/lib/thumb/v7e-m+dp/hard/libg.a(lib_a-gdtoa-hexnan.o)
                0x0000000008029e98                __match
                0x0000000008029ed0                __hexnan
 .text          0x000000000802a07c       0xf8 /usr/lib/gcc/arm-none-eabi/10.3.1/../../../arm-none-eabi/lib/thumb/v7e-m+dp/hard/libg.a(lib_a-memmove.o)
                0x000000000802a07c                memmove
 .text          0x000000000802a174      0x3d8 /usr/lib/gcc/arm-none-eabi/10.3.1/../../../arm-none-eabi/lib/thumb/v7e-m+dp/hard/libg.a(lib_a-reallocr.o)
                0x000000000802a174                _realloc_r
 *fill*         0x000000000802a54c        0x4 
 .text          0x000000000802a550       0x10 /usr/lib/gcc/arm-none-eabi/10.3.1/../../../arm-none-eabi/lib/thumb/v7e-m+dp/hard/libg.a(lib_a-s_nan.o)
                0x000000000802a550                nan
 .text          0x000000000802a560       0x80 /usr/lib/gcc/arm-none-eabi/10.3.1/../../../arm-none-eabi/lib/thumb/v7e-m+dp/hard/libg.a(lib_a-strncmp.o)
                0x000000000802a560                strncmp
 .text          0x000000000802a5e0      0xd44 /usr/lib/gcc/arm-none-eabi/10.3.1/../../../arm-none-eabi/lib/thumb/v7e-m+dp/hard/libg.a(lib_a-vfiprintf.o)
                0x000000000802a658                __sprint_r
                0x000000000802a670                _vfiprintf_r
                0x000000000802b29c                vfiprintf
 .text          0x000000000802b324       0xd4 /usr/lib/gcc/arm-none-eabi/10.3.1/../../../arm-none-eabi/lib/thumb/v7e-m+dp/hard/libg.a(lib_a-wsetup.o)
                0x000000000802b324                __swsetup_r
 .text          0x000000000802b3f8       0xd4 /usr/lib/gcc/arm-none-eabi/10.3.1/../../../arm-none-eabi/lib/thumb/v7e-m+dp/hard/libg.a(lib_a-fclose.o)
                0x000000000802b45c                _fclose_r
                0x000000000802b490                fclose
 .text          0x000000000802b4cc      0x118 /usr/lib/gcc/arm-none-eabi/10.3.1/../../../arm-none-eabi/lib/thumb/v7e-m+dp/hard/libg.a(lib_a-fputwc.o)
                0x000000000802b4cc                __fputwc
                0x000000000802b574                _fputwc_r
                0x000000000802b59c                fputwc
 .text          0x000000000802b5e4      0x2f0 /usr/lib/gcc/arm-none-eabi/10.3.1/../../../arm-none-eabi/lib/thumb/v7e-m+dp/hard/libg.a(lib_a-fvwrite.o)
                0x000000000802b5e4                __sfvwrite_r
 .text          0x000000000802b8d4      0x140 /usr/lib/gcc/arm-none-eabi/10.3.1/../../../arm-none-eabi/lib/thumb/v7e-m+dp/hard/libg.a(lib_a-makebuf.o)
                0x000000000802b8d4                __smakebuf_r
                0x000000000802b9b4                __swhatbuf_r
 .text          0x000000000802ba14       0xc8 /usr/lib/gcc/arm-none-eabi/10.3.1/../../../arm-none-eabi/lib/thumb/v7e-m+dp/hard/libg.a(lib_a-wbuf.o)
                0x000000000802ba14                __swbuf_r
                0x000000000802bac4                __swbuf
 .text          0x000000000802badc       0x88 /usr/lib/gcc/arm-none-eabi/10.3.1/../../../arm-none-eabi/lib/thumb/v7e-m+dp/hard/libg.a(lib_a-wcrtomb.o)
                0x000000000802badc                _wcrtomb_r
                0x000000000802bb18                wcrtomb
 .text          0x000000000802bb64       0x30 /usr/lib/gcc/arm-none-eabi/10.3.1/thumb/v7e-m+dp/hard/libgcc.a(_aeabi_uldivmod.o)
                0x000000000802bb64                __aeabi_uldivmod
 .text          0x000000000802bb94      0x2d0 /usr/lib/gcc/arm-none-eabi/10.3.1/thumb/v7e-m+dp/hard/libgcc.a(_udivmoddi4.o)
                0x000000000802bb94                __udivmoddi4
 .text          0x000000000802be64      0x9d8 /usr/lib/gcc/arm-none-eabi/10.3.1/thumb/v7e-m+dp/hard/libgcc.a(unwind-arm.o)
                0x000000000802c10c                _Unwind_GetCFA
                0x000000000802c110                __gnu_Unwind_RaiseException
                0x000000000802c178                __gnu_Unwind_ForcedUnwind
                0x000000000802c188                __gnu_Unwind_Resume
                0x000000000802c1cc                __gnu_Unwind_Resume_or_Rethrow
                0x000000000802c1dc                _Unwind_Complete
                0x000000000802c1e0                _Unwind_DeleteException
                0x000000000802c1ec                _Unwind_VRS_Get
                0x000000000802c238                _Unwind_VRS_Set
                0x000000000802c280                __gnu_Unwind_Backtrace
                0x000000000802c5ac                __aeabi_unwind_cpp_pr0
                0x000000000802c5b0                __aeabi_unwind_cpp_pr1
                0x000000000802c5b4                __aeabi_unwind_cpp_pr2
                0x000000000802c5b8                _Unwind_VRS_Pop
 .text          0x000000000802c83c      0x1ac /usr/lib/gcc/arm-none-eabi/10.3.1/thumb/v7e-m+dp/hard/libgcc.a(libunwind.o)
                0x000000000802c83c                __restore_core_regs
                0x000000000802c83c                restore_core_regs
                0x000000000802c854                __gnu_Unwind_Restore_VFP
                0x000000000802c85c                __gnu_Unwind_Save_VFP
                0x000000000802c864                __gnu_Unwind_Restore_VFP_D
                0x000000000802c86c                __gnu_Unwind_Save_VFP_D
                0x000000000802c874                __gnu_Unwind_Restore_VFP_D_16_to_31
                0x000000000802c87c                __gnu_Unwind_Save_VFP_D_16_to_31
                0x000000000802c884                __gnu_Unwind_Restore_WMMXD
                0x000000000802c8c8                __gnu_Unwind_Save_WMMXD
                0x000000000802c90c                __gnu_Unwind_Restore_WMMXC
                0x000000000802c920                __gnu_Unwind_Save_WMMXC
                0x000000000802c934                ___Unwind_RaiseException
                0x000000000802c934                _Unwind_RaiseException
                0x000000000802c958                ___Unwind_Resume
                0x000000000802c958                _Unwind_Resume
                0x000000000802c97c                _Unwind_Resume_or_Rethrow
                0x000000000802c97c                ___Unwind_Resume_or_Rethrow
                0x000000000802c9a0                ___Unwind_ForcedUnwind
                0x000000000802c9a0                _Unwind_ForcedUnwind
                0x000000000802c9c4                _Unwind_Backtrace
                0x000000000802c9c4                ___Unwind_Backtrace
 .text          0x000000000802c9e8      0x350 /usr/lib/gcc/arm-none-eabi/10.3.1/thumb/v7e-m+dp/hard/libgcc.a(pr-support.o)
                0x000000000802ca40                __gnu_unwind_execute
                0x000000000802ccec                __gnu_unwind_frame
                0x000000000802cd18                _Unwind_GetRegionStart
                0x000000000802cd24                _Unwind_GetLanguageSpecificData
 .text          0x000000000802cd38        0x4 /usr/lib/gcc/arm-none-eabi/10.3.1/thumb/v7e-m+dp/hard/libgcc.a(_dvmd_tls.o)
                0x000000000802cd38                __aeabi_ldiv0
                0x000000000802cd38                __aeabi_idiv0
 .text          0x000000000802cd3c      0x378 /usr/lib/gcc/arm-none-eabi/10.3.1/thumb/v7e-m+dp/hard/libgcc.a(_arm_addsubdf3.o)
                0x000000000802cd3c                __aeabi_drsub
                0x000000000802cd44                __aeabi_dsub
                0x000000000802cd44                __subdf3
                0x000000000802cd48                __adddf3
                0x000000000802cd48                __aeabi_dadd
                0x000000000802cfc0                __aeabi_ui2d
                0x000000000802cfc0                __floatunsidf
                0x000000000802cfe0                __floatsidf
                0x000000000802cfe0                __aeabi_i2d
                0x000000000802d004                __extendsfdf2
                0x000000000802d004                __aeabi_f2d
                0x000000000802d048                __aeabi_ul2d
                0x000000000802d048                __floatundidf
                0x000000000802d058                __floatdidf
                0x000000000802d058                __aeabi_l2d
 .text          0x000000000802d0b4       0x30 /usr/lib/gcc/arm-none-eabi/10.3.1/thumb/v7e-m+dp/hard/libgcc.a(_fixdfdi.o)
                0x000000000802d0b4                __aeabi_d2lz
                0x000000000802d0b4                __fixdfdi
 *fill*         0x000000000802d0e4        0x4 
 .text          0x000000000802d0e8       0x40 /usr/lib/gcc/arm-none-eabi/10.3.1/thumb/v7e-m+dp/hard/libgcc.a(_fixunsdfdi.o)
                0x000000000802d0e8                __aeabi_d2ulz
                0x000000000802d0e8                __fixunsdfdi
 *(.text.*)
 *fill*         0x000000000802d128        0x8 
 .text._mmcsd_get_capacity
                0x000000000802d130       0x44 /tmp/BPRL_BALANCE.elf.weVdtJ.ltrans0.ltrans.o
 *fill*         0x000000000802d174        0xc 
 .text.sdcSync  0x000000000802d180        0xc /tmp/BPRL_BALANCE.elf.weVdtJ.ltrans0.ltrans.o
 *fill*         0x000000000802d18c        0x4 
 .text.sdcGetInfo
                0x000000000802d190       0x18 /tmp/BPRL_BALANCE.elf.weVdtJ.ltrans0.ltrans.o
 *fill*         0x000000000802d1a8        0x8 
 .text._ctl.lto_priv.0
                0x000000000802d1b0        0xc /tmp/BPRL_BALANCE.elf.weVdtJ.ltrans0.ltrans.o
 *fill*         0x000000000802d1bc        0x4 
 .text._ctl.lto_priv.1
                0x000000000802d1c0        0x4 /tmp/BPRL_BALANCE.elf.weVdtJ.ltrans0.ltrans.o
 *fill*         0x000000000802d1c4        0xc 
 .text.sduRequestsHook
                0x000000000802d1d0       0x4c /tmp/BPRL_BALANCE.elf.weVdtJ.ltrans0.ltrans.o
 *fill*         0x000000000802d21c        0x4 
 .text.sduInterruptTransmitted
                0x000000000802d220        0x4 /tmp/BPRL_BALANCE.elf.weVdtJ.ltrans0.ltrans.o
                0x000000000802d220                sduInterruptTransmitted
 *fill*         0x000000000802d224        0xc 
 .text._pal_lld_setgroupmode
                0x000000000802d230       0xe0 /tmp/BPRL_BALANCE.elf.weVdtJ.ltrans0.ltrans.o
 .text.sdc_lld_collect_errors
                0x000000000802d310       0x34 /tmp/BPRL_BALANCE.elf.weVdtJ.ltrans0.ltrans.o
 *fill*         0x000000000802d344        0xc 
 .text.notify2  0x000000000802d350       0x10 /tmp/BPRL_BALANCE.elf.weVdtJ.ltrans0.ltrans.o
 .text.notify3  0x000000000802d360       0x10 /tmp/BPRL_BALANCE.elf.weVdtJ.ltrans0.ltrans.o
 .text.notify6  0x000000000802d370       0x10 /tmp/BPRL_BALANCE.elf.weVdtJ.ltrans0.ltrans.o
 .text.__idle_thread
                0x000000000802d380        0x4 /tmp/BPRL_BALANCE.elf.weVdtJ.ltrans0.ltrans.o
 *fill*         0x000000000802d384        0xc 
 .text.chTMStartMeasurementX
                0x000000000802d390        0xc /tmp/BPRL_BALANCE.elf.weVdtJ.ltrans0.ltrans.o
 *fill*         0x000000000802d39c        0x4 
 .text.chTMStopMeasurementX
                0x000000000802d3a0       0x44 /tmp/BPRL_BALANCE.elf.weVdtJ.ltrans0.ltrans.o
 *fill*         0x000000000802d3e4        0xc 
 .text.chCoreAllocFromTop
                0x000000000802d3f0       0x40 /tmp/BPRL_BALANCE.elf.weVdtJ.ltrans0.ltrans.o
 .text.chCoreAllocAlignedI
                0x000000000802d430       0x20 /tmp/BPRL_BALANCE.elf.weVdtJ.ltrans0.ltrans.o
 .text.disk_write
                0x000000000802d450       0x44 /tmp/BPRL_BALANCE.elf.weVdtJ.ltrans0.ltrans.o
                0x000000000802d450                disk_write
 *fill*         0x000000000802d494        0xc 
 .text.sync_window.part.0
                0x000000000802d4a0       0x64 /tmp/BPRL_BALANCE.elf.weVdtJ.ltrans0.ltrans.o
 *fill*         0x000000000802d504        0xc 
 .text._Z20quat_to_rot_body2nedRK4QuatPA3_f
                0x000000000802d510       0xb8 /tmp/BPRL_BALANCE.elf.weVdtJ.ltrans0.ltrans.o
 *fill*         0x000000000802d5c8        0x8 
 .text.ibnotify
                0x000000000802d5d0        0x8 /tmp/BPRL_BALANCE.elf.weVdtJ.ltrans0.ltrans.o
 *fill*         0x000000000802d5d8        0x8 
 .text.chSysHalt
                0x000000000802d5e0       0x34 /tmp/BPRL_BALANCE.elf.weVdtJ.ltrans0.ltrans.o
 *fill*         0x000000000802d614        0xc 
 .text.spi_lld_serve_dma_tx_interrupt
                0x000000000802d620       0x14 /tmp/BPRL_BALANCE.elf.weVdtJ.ltrans0.ltrans.o
 *fill*         0x000000000802d634        0xc 
 .text.__sch_wakeup.lto_priv.0
                0x000000000802d640       0x94 /tmp/BPRL_BALANCE.elf.weVdtJ.ltrans0.ltrans.o
                0x000000000802d640                __sch_wakeup.lto_priv.0
 *fill*         0x000000000802d6d4        0xc 
 .text.__port_irq_epilogue.part.0
                0x000000000802d6e0       0x48 /tmp/BPRL_BALANCE.elf.weVdtJ.ltrans0.ltrans.o
 *fill*         0x000000000802d728        0x8 
 .text.dir_clear
                0x000000000802d730       0xa4 /tmp/BPRL_BALANCE.elf.weVdtJ.ltrans0.ltrans.o
 *fill*         0x000000000802d7d4        0xc 
 .text._ZN3EKF7_updateEiPA16_KfPS0_S3_
                0x000000000802d7e0      0x5d4 /tmp/BPRL_BALANCE.elf.weVdtJ.ltrans0.ltrans.o
 *fill*         0x000000000802ddb4        0xc 
 .text._ZL9CANThreadPv
                0x000000000802ddc0       0x54 /tmp/BPRL_BALANCE.elf.weVdtJ.ltrans0.ltrans.o
 *fill*         0x000000000802de14        0xc 
 .text._ZL12USBCmdThreadPv
                0x000000000802de20       0x6c /tmp/BPRL_BALANCE.elf.weVdtJ.ltrans0.ltrans.o
 *fill*         0x000000000802de8c        0x4 
 .text._Z13quat_to_eulerRK4QuatRfS2_S2_
                0x000000000802de90       0xac /tmp/BPRL_BALANCE.elf.weVdtJ.ltrans0.ltrans.o
 *fill*         0x000000000802df3c        0x4 
 .text.__cpu_init
                0x000000000802df40       0x80 /tmp/BPRL_BALANCE.elf.weVdtJ.ltrans0.ltrans.o
                0x000000000802df40                __cpu_init
 .text.__early_init
                0x000000000802dfc0        0x4 /tmp/BPRL_BALANCE.elf.weVdtJ.ltrans0.ltrans.o
                0x000000000802dfc0                __early_init
 *fill*         0x000000000802dfc4        0xc 
 .text.__late_init
                0x000000000802dfd0        0x4 /tmp/BPRL_BALANCE.elf.weVdtJ.ltrans0.ltrans.o
                0x000000000802dfd0                __late_init
 *fill*         0x000000000802dfd4        0xc 
 .text.__default_exit
                0x000000000802dfe0        0x4 /tmp/BPRL_BALANCE.elf.weVdtJ.ltrans0.ltrans.o
                0x000000000802dfe0                __default_exit
 *fill*         0x000000000802dfe4        0xc 
 .text.__init_ram_areas
                0x000000000802dff0       0xc8 /tmp/BPRL_BALANCE.elf.weVdtJ.ltrans0.ltrans.o
                0x000000000802dff0                __init_ram_areas
 *fill*         0x000000000802e0b8        0x8 
 .text.__sch_ready_behind.lto_priv.0
                0x000000000802e0c0       0x50 /tmp/BPRL_BALANCE.elf.weVdtJ.ltrans0.ltrans.o
                0x000000000802e0c0                __sch_ready_behind.lto_priv.0
 .text.spi_lld_serve_dma_rx_interrupt
                0x000000000802e110       0xd0 /tmp/BPRL_BALANCE.elf.weVdtJ.ltrans0.ltrans.o
 .text.Vector104
                0x000000000802e1e0       0xa0 /tmp/BPRL_BALANCE.elf.weVdtJ.ltrans0.ltrans.o
                0x000000000802e1e0                Vector104
 .text.VectorB0
                0x000000000802e280      0x194 /tmp/BPRL_BALANCE.elf.weVdtJ.ltrans0.ltrans.o
                0x000000000802e280                VectorB0
 *fill*         0x000000000802e414        0xc 
 .text.Vector6C
                0x000000000802e420       0x98 /tmp/BPRL_BALANCE.elf.weVdtJ.ltrans0.ltrans.o
                0x000000000802e420                Vector6C
 *fill*         0x000000000802e4b8        0x8 
 .text.Vector70
                0x000000000802e4c0       0x9c /tmp/BPRL_BALANCE.elf.weVdtJ.ltrans0.ltrans.o
                0x000000000802e4c0                Vector70
 *fill*         0x000000000802e55c        0x4 
 .text.Vector74
                0x000000000802e560       0x9c /tmp/BPRL_BALANCE.elf.weVdtJ.ltrans0.ltrans.o
                0x000000000802e560                Vector74
 *fill*         0x000000000802e5fc        0x4 
 .text.Vector78
                0x000000000802e600       0x9c /tmp/BPRL_BALANCE.elf.weVdtJ.ltrans0.ltrans.o
                0x000000000802e600                Vector78
 *fill*         0x000000000802e69c        0x4 
 .text.Vector7C
                0x000000000802e6a0       0x98 /tmp/BPRL_BALANCE.elf.weVdtJ.ltrans0.ltrans.o
                0x000000000802e6a0                Vector7C
 *fill*         0x000000000802e738        0x8 
 .text.Vector80
                0x000000000802e740       0x9c /tmp/BPRL_BALANCE.elf.weVdtJ.ltrans0.ltrans.o
                0x000000000802e740                Vector80
 *fill*         0x000000000802e7dc        0x4 
 .text.Vector84
                0x000000000802e7e0       0x9c /tmp/BPRL_BALANCE.elf.weVdtJ.ltrans0.ltrans.o
                0x000000000802e7e0                Vector84
 *fill*         0x000000000802e87c        0x4 
 .text.VectorFC
                0x000000000802e880       0x9c /tmp/BPRL_BALANCE.elf.weVdtJ.ltrans0.ltrans.o
                0x000000000802e880                VectorFC
 *fill*         0x000000000802e91c        0x4 
 .text.Vector120
                0x000000000802e920       0x98 /tmp/BPRL_BALANCE.elf.weVdtJ.ltrans0.ltrans.o
                0x000000000802e920                Vector120
 *fill*         0x000000000802e9b8        0x8 
 .text.Vector124
                0x000000000802e9c0       0x9c /tmp/BPRL_BALANCE.elf.weVdtJ.ltrans0.ltrans.o
                0x000000000802e9c0                Vector124
 *fill*         0x000000000802ea5c        0x4 
 .text.Vector128
                0x000000000802ea60       0x9c /tmp/BPRL_BALANCE.elf.weVdtJ.ltrans0.ltrans.o
                0x000000000802ea60                Vector128
 *fill*         0x000000000802eafc        0x4 
 .text.Vector12C
                0x000000000802eb00       0x9c /tmp/BPRL_BALANCE.elf.weVdtJ.ltrans0.ltrans.o
                0x000000000802eb00                Vector12C
 *fill*         0x000000000802eb9c        0x4 
 .text.Vector130
                0x000000000802eba0       0x98 /tmp/BPRL_BALANCE.elf.weVdtJ.ltrans0.ltrans.o
                0x000000000802eba0                Vector130
 *fill*         0x000000000802ec38        0x8 
 .text.Vector150
                0x000000000802ec40       0x9c /tmp/BPRL_BALANCE.elf.weVdtJ.ltrans0.ltrans.o
                0x000000000802ec40                Vector150
 *fill*         0x000000000802ecdc        0x4 
 .text.Vector154
                0x000000000802ece0       0x9c /tmp/BPRL_BALANCE.elf.weVdtJ.ltrans0.ltrans.o
                0x000000000802ece0                Vector154
 *fill*         0x000000000802ed7c        0x4 
 .text.Vector158
                0x000000000802ed80       0x9c /tmp/BPRL_BALANCE.elf.weVdtJ.ltrans0.ltrans.o
                0x000000000802ed80                Vector158
 *fill*         0x000000000802ee1c        0x4 
 .text.Vector1D4
                0x000000000802ee20      0x560 /tmp/BPRL_BALANCE.elf.weVdtJ.ltrans0.ltrans.o
                0x000000000802ee20                Vector1D4
 .text.usb_lld_init_endpoint
                0x000000000802f380      0x148 /tmp/BPRL_BALANCE.elf.weVdtJ.ltrans0.ltrans.o
                0x000000000802f380                usb_lld_init_endpoint
 *fill*         0x000000000802f4c8        0x8 
 .text.usb_lld_start_out
                0x000000000802f4d0       0x88 /tmp/BPRL_BALANCE.elf.weVdtJ.ltrans0.ltrans.o
                0x000000000802f4d0                usb_lld_start_out
 *fill*         0x000000000802f558        0x8 
 .text.usb_lld_start_in
                0x000000000802f560       0xac /tmp/BPRL_BALANCE.elf.weVdtJ.ltrans0.ltrans.o
                0x000000000802f560                usb_lld_start_in
 *fill*         0x000000000802f60c        0x4 
 .text.obnotify
                0x000000000802f610       0x68 /tmp/BPRL_BALANCE.elf.weVdtJ.ltrans0.ltrans.o
 *fill*         0x000000000802f678        0x8 
 .text._usb_ep0setup
                0x000000000802f680      0x3cc /tmp/BPRL_BALANCE.elf.weVdtJ.ltrans0.ltrans.o
 *fill*         0x000000000802fa4c        0x4 
 .text._usb_ep0in
                0x000000000802fa50       0xd4 /tmp/BPRL_BALANCE.elf.weVdtJ.ltrans0.ltrans.o
 *fill*         0x000000000802fb24        0xc 
 .text._usb_ep0out
                0x000000000802fb30       0x98 /tmp/BPRL_BALANCE.elf.weVdtJ.ltrans0.ltrans.o
 *fill*         0x000000000802fbc8        0x8 
 .text.VectorCC
                0x000000000802fbd0       0x94 /tmp/BPRL_BALANCE.elf.weVdtJ.ltrans0.ltrans.o
                0x000000000802fbd0                VectorCC
 *fill*         0x000000000802fc64        0xc 
 .text.Vector190
                0x000000000802fc70       0x94 /tmp/BPRL_BALANCE.elf.weVdtJ.ltrans0.ltrans.o
                0x000000000802fc70                Vector190
 *fill*         0x000000000802fd04        0xc 
 .text.spi_lld_start
                0x000000000802fd10      0x1b0 /tmp/BPRL_BALANCE.elf.weVdtJ.ltrans0.ltrans.o
                0x000000000802fd10                spi_lld_start
 .text.spi_lld_exchange
                0x000000000802fec0       0x54 /tmp/BPRL_BALANCE.elf.weVdtJ.ltrans0.ltrans.o
                0x000000000802fec0                spi_lld_exchange
 *fill*         0x000000000802ff14        0xc 
 .text.__sch_ready_ahead.lto_priv.0
                0x000000000802ff20       0x50 /tmp/BPRL_BALANCE.elf.weVdtJ.ltrans0.ltrans.o
                0x000000000802ff20                __sch_ready_ahead.lto_priv.0
 .text.__sch_reschedule_ahead.lto_priv.0
                0x000000000802ff70       0x5c /tmp/BPRL_BALANCE.elf.weVdtJ.ltrans0.ltrans.o
                0x000000000802ff70                chSchDoPreemption
                0x000000000802ff70                __sch_reschedule_ahead.lto_priv.0
 *fill*         0x000000000802ffcc        0x4 
 .text.chSchGoSleepS
                0x000000000802ffd0       0x58 /tmp/BPRL_BALANCE.elf.weVdtJ.ltrans0.ltrans.o
                0x000000000802ffd0                chSchGoSleepS
 *fill*         0x0000000008030028        0x8 
 .text.chSchGoSleepTimeoutS
                0x0000000008030030      0x164 /tmp/BPRL_BALANCE.elf.weVdtJ.ltrans0.ltrans.o
                0x0000000008030030                chSchGoSleepTimeoutS
 *fill*         0x0000000008030194        0xc 
 .text.obqPutTimeout
                0x00000000080301a0       0xa4 /tmp/BPRL_BALANCE.elf.weVdtJ.ltrans0.ltrans.o
 *fill*         0x0000000008030244        0xc 
 .text._put.lto_priv.1
                0x0000000008030250        0xc /tmp/BPRL_BALANCE.elf.weVdtJ.ltrans0.ltrans.o
 *fill*         0x000000000803025c        0x4 
 .text._putt.lto_priv.1
                0x0000000008030260        0x8 /tmp/BPRL_BALANCE.elf.weVdtJ.ltrans0.ltrans.o
 *fill*         0x0000000008030268        0x8 
 .text.ibqGetTimeout
                0x0000000008030270       0xa8 /tmp/BPRL_BALANCE.elf.weVdtJ.ltrans0.ltrans.o
 *fill*         0x0000000008030318        0x8 
 .text._get.lto_priv.1
                0x0000000008030320        0xc /tmp/BPRL_BALANCE.elf.weVdtJ.ltrans0.ltrans.o
 *fill*         0x000000000803032c        0x4 
 .text._gett.lto_priv.1
                0x0000000008030330        0x8 /tmp/BPRL_BALANCE.elf.weVdtJ.ltrans0.ltrans.o
 *fill*         0x0000000008030338        0x8 
 .text.ibqReadTimeout
                0x0000000008030340      0x108 /tmp/BPRL_BALANCE.elf.weVdtJ.ltrans0.ltrans.o
 *fill*         0x0000000008030448        0x8 
 .text._read.lto_priv.1
                0x0000000008030450        0xc /tmp/BPRL_BALANCE.elf.weVdtJ.ltrans0.ltrans.o
 *fill*         0x000000000803045c        0x4 
 .text._readt.lto_priv.1
                0x0000000008030460        0x8 /tmp/BPRL_BALANCE.elf.weVdtJ.ltrans0.ltrans.o
 *fill*         0x0000000008030468        0x8 
 .text.obqWriteTimeout
                0x0000000008030470      0x10c /tmp/BPRL_BALANCE.elf.weVdtJ.ltrans0.ltrans.o
 *fill*         0x000000000803057c        0x4 
 .text._write.lto_priv.1
                0x0000000008030580        0xc /tmp/BPRL_BALANCE.elf.weVdtJ.ltrans0.ltrans.o
 *fill*         0x000000000803058c        0x4 
 .text._writet.lto_priv.1
                0x0000000008030590        0x8 /tmp/BPRL_BALANCE.elf.weVdtJ.ltrans0.ltrans.o
 *fill*         0x0000000008030598        0x8 
 .text.iqGetTimeout
                0x00000000080305a0       0x6c /tmp/BPRL_BALANCE.elf.weVdtJ.ltrans0.ltrans.o
 *fill*         0x000000000803060c        0x4 
 .text._get.lto_priv.0
                0x0000000008030610        0xc /tmp/BPRL_BALANCE.elf.weVdtJ.ltrans0.ltrans.o
 *fill*         0x000000000803061c        0x4 
 .text._gett.lto_priv.0
                0x0000000008030620        0x8 /tmp/BPRL_BALANCE.elf.weVdtJ.ltrans0.ltrans.o
 *fill*         0x0000000008030628        0x8 
 .text.iqReadTimeout
                0x0000000008030630       0xf4 /tmp/BPRL_BALANCE.elf.weVdtJ.ltrans0.ltrans.o
 *fill*         0x0000000008030724        0xc 
 .text._read.lto_priv.0
                0x0000000008030730        0xc /tmp/BPRL_BALANCE.elf.weVdtJ.ltrans0.ltrans.o
 *fill*         0x000000000803073c        0x4 
 .text._readt.lto_priv.0
                0x0000000008030740        0x8 /tmp/BPRL_BALANCE.elf.weVdtJ.ltrans0.ltrans.o
 *fill*         0x0000000008030748        0x8 
 .text.oqPutTimeout
                0x0000000008030750       0x78 /tmp/BPRL_BALANCE.elf.weVdtJ.ltrans0.ltrans.o
 *fill*         0x00000000080307c8        0x8 
 .text._put.lto_priv.0
                0x00000000080307d0        0xc /tmp/BPRL_BALANCE.elf.weVdtJ.ltrans0.ltrans.o
 *fill*         0x00000000080307dc        0x4 
 .text._putt.lto_priv.0
                0x00000000080307e0        0x8 /tmp/BPRL_BALANCE.elf.weVdtJ.ltrans0.ltrans.o
 *fill*         0x00000000080307e8        0x8 
 .text.oqWriteTimeout
                0x00000000080307f0       0xf4 /tmp/BPRL_BALANCE.elf.weVdtJ.ltrans0.ltrans.o
 *fill*         0x00000000080308e4        0xc 
 .text._write.lto_priv.0
                0x00000000080308f0        0xc /tmp/BPRL_BALANCE.elf.weVdtJ.ltrans0.ltrans.o
 *fill*         0x00000000080308fc        0x4 
 .text._writet.lto_priv.0
                0x0000000008030900        0x8 /tmp/BPRL_BALANCE.elf.weVdtJ.ltrans0.ltrans.o
 *fill*         0x0000000008030908        0x8 
 .text.chThdSleep
                0x0000000008030910       0x18 /tmp/BPRL_BALANCE.elf.weVdtJ.ltrans0.ltrans.o
                0x0000000008030910                chThdSleep
 *fill*         0x0000000008030928        0x8 
 .text._sdc_wait_for_transfer_state
                0x0000000008030930       0x6c /tmp/BPRL_BALANCE.elf.weVdtJ.ltrans0.ltrans.o
 *fill*         0x000000000803099c        0x4 
 .text.sdcDisconnect
                0x00000000080309a0       0x3c /tmp/BPRL_BALANCE.elf.weVdtJ.ltrans0.ltrans.o
 *fill*         0x00000000080309dc        0x4 
 .text.ff_req_grant
                0x00000000080309e0       0x4c /tmp/BPRL_BALANCE.elf.weVdtJ.ltrans0.ltrans.o
 *fill*         0x0000000008030a2c        0x4 
 .text._ZL15HeartbeatThreadPv
                0x0000000008030a30       0x7c /tmp/BPRL_BALANCE.elf.weVdtJ.ltrans0.ltrans.o
 *fill*         0x0000000008030aac        0x4 
 .text.sdc_lld_wait_transaction_end
                0x0000000008030ab0       0x84 /tmp/BPRL_BALANCE.elf.weVdtJ.ltrans0.ltrans.o
 *fill*         0x0000000008030b34        0xc 
 .text.sdc_lld_read_special
                0x0000000008030b40       0xb4 /tmp/BPRL_BALANCE.elf.weVdtJ.ltrans0.ltrans.o
 *fill*         0x0000000008030bf4        0xc 
 .text.sdcConnect
                0x0000000008030c00      0x4e8 /tmp/BPRL_BALANCE.elf.weVdtJ.ltrans0.ltrans.o
 *fill*         0x00000000080310e8        0x8 
 .text.sdc_lld_read_aligned
                0x00000000080310f0      0x17c /tmp/BPRL_BALANCE.elf.weVdtJ.ltrans0.ltrans.o
 *fill*         0x000000000803126c        0x4 
 .text.sdcRead  0x0000000008031270       0x78 /tmp/BPRL_BALANCE.elf.weVdtJ.ltrans0.ltrans.o
 *fill*         0x00000000080312e8        0x8 
 .text.sdc_lld_write_aligned
                0x00000000080312f0      0x17c /tmp/BPRL_BALANCE.elf.weVdtJ.ltrans0.ltrans.o
 *fill*         0x000000000803146c        0x4 
 .text.sdcWrite
                0x0000000008031470       0x70 /tmp/BPRL_BALANCE.elf.weVdtJ.ltrans0.ltrans.o
 .text.chThdExit
                0x00000000080314e0       0x58 /tmp/BPRL_BALANCE.elf.weVdtJ.ltrans0.ltrans.o
                0x00000000080314e0                chThdExit
 *fill*         0x0000000008031538        0x8 
 .text.chThdDequeueAllI
                0x0000000008031540       0x68 /tmp/BPRL_BALANCE.elf.weVdtJ.ltrans0.ltrans.o
                0x0000000008031540                chThdDequeueAllI
 *fill*         0x00000000080315a8        0x8 
 .text.chMtxLock
                0x00000000080315b0       0xd4 /tmp/BPRL_BALANCE.elf.weVdtJ.ltrans0.ltrans.o
                0x00000000080315b0                chMtxLock
 *fill*         0x0000000008031684        0xc 
 .text.chMtxUnlock
                0x0000000008031690       0x70 /tmp/BPRL_BALANCE.elf.weVdtJ.ltrans0.ltrans.o
                0x0000000008031690                chMtxUnlock
 .text._ZL9SPIThreadPv
                0x0000000008031700      0x304 /tmp/BPRL_BALANCE.elf.weVdtJ.ltrans0.ltrans.o
 *fill*         0x0000000008031a04        0xc 
 .text._ZL14StateEstThreadPv
                0x0000000008031a10     0x1504 /tmp/BPRL_BALANCE.elf.weVdtJ.ltrans0.ltrans.o
 *fill*         0x0000000008032f14        0xc 
 .text._ZL13ControlThreadPv
                0x0000000008032f20      0x24c /tmp/BPRL_BALANCE.elf.weVdtJ.ltrans0.ltrans.o
 *fill*         0x000000000803316c        0x4 
 .text._ZL11RadioThreadPv
                0x0000000008033170      0x1b0 /tmp/BPRL_BALANCE.elf.weVdtJ.ltrans0.ltrans.o
 .text.chEvtBroadcastFlagsI
                0x0000000008033320       0x58 /tmp/BPRL_BALANCE.elf.weVdtJ.ltrans0.ltrans.o
                0x0000000008033320                chEvtBroadcastFlagsI
 *fill*         0x0000000008033378        0x8 
 .text.sduDataTransmitted
                0x0000000008033380      0x110 /tmp/BPRL_BALANCE.elf.weVdtJ.ltrans0.ltrans.o
                0x0000000008033380                sduDataTransmitted
 .text.sduDataReceived
                0x0000000008033490       0x70 /tmp/BPRL_BALANCE.elf.weVdtJ.ltrans0.ltrans.o
                0x0000000008033490                sduDataReceived
 .text.can_lld_serve_interrupt
                0x0000000008033500       0xac /tmp/BPRL_BALANCE.elf.weVdtJ.ltrans0.ltrans.o
 *fill*         0x00000000080335ac        0x4 
 .text.Vector8C
                0x00000000080335b0       0x84 /tmp/BPRL_BALANCE.elf.weVdtJ.ltrans0.ltrans.o
                0x00000000080335b0                Vector8C
 *fill*         0x0000000008033634        0xc 
 .text.Vector90
                0x0000000008033640       0x84 /tmp/BPRL_BALANCE.elf.weVdtJ.ltrans0.ltrans.o
                0x0000000008033640                Vector90
 *fill*         0x00000000080336c4        0xc 
 .text.sd_lld_serve_interrupt
                0x00000000080336d0      0x1d0 /tmp/BPRL_BALANCE.elf.weVdtJ.ltrans0.ltrans.o
 .text.VectorD8
                0x00000000080338a0       0x84 /tmp/BPRL_BALANCE.elf.weVdtJ.ltrans0.ltrans.o
                0x00000000080338a0                VectorD8
 *fill*         0x0000000008033924        0xc 
 .text.VectorDC
                0x0000000008033930       0x84 /tmp/BPRL_BALANCE.elf.weVdtJ.ltrans0.ltrans.o
                0x0000000008033930                VectorDC
 *fill*         0x00000000080339b4        0xc 
 .text.Vector15C
                0x00000000080339c0       0x84 /tmp/BPRL_BALANCE.elf.weVdtJ.ltrans0.ltrans.o
                0x00000000080339c0                Vector15C
 *fill*         0x0000000008033a44        0xc 
 .text.SVC_Handler
                0x0000000008033a50       0x20 /tmp/BPRL_BALANCE.elf.weVdtJ.ltrans0.ltrans.o
                0x0000000008033a50                SVC_Handler
 .text.unlock_fs.lto_priv.0
                0x0000000008033a70       0x3c /tmp/BPRL_BALANCE.elf.weVdtJ.ltrans0.ltrans.o
                0x0000000008033a70                unlock_fs.lto_priv.0
 *fill*         0x0000000008033aac        0x4 
 .text.sync_fs.lto_priv.0
                0x0000000008033ab0       0xb8 /tmp/BPRL_BALANCE.elf.weVdtJ.ltrans0.ltrans.o
                0x0000000008033ab0                sync_fs.lto_priv.0
 *fill*         0x0000000008033b68        0x8 
 .text.dir_next.lto_priv.0
                0x0000000008033b70       0xc4 /tmp/BPRL_BALANCE.elf.weVdtJ.ltrans0.ltrans.o
                0x0000000008033b70                dir_next.lto_priv.0
 *fill*         0x0000000008033c34        0xc 
 .text.get_ldnumber.lto_priv.0
                0x0000000008033c40       0x34 /tmp/BPRL_BALANCE.elf.weVdtJ.ltrans0.ltrans.o
                0x0000000008033c40                get_ldnumber.lto_priv.0
 *fill*         0x0000000008033c74        0xc 
 .text.validate.lto_priv.0
                0x0000000008033c80       0x80 /tmp/BPRL_BALANCE.elf.weVdtJ.ltrans0.ltrans.o
                0x0000000008033c80                validate.lto_priv.0
 .text.f_readdir
                0x0000000008033d00       0x50 /tmp/BPRL_BALANCE.elf.weVdtJ.ltrans0.ltrans.o
                0x0000000008033d00                f_readdir
 .text.move_window.part.0.lto_priv.0
                0x0000000008033d50       0x60 /tmp/BPRL_BALANCE.elf.weVdtJ.ltrans0.ltrans.o
                0x0000000008033d50                move_window.part.0.lto_priv.0
 .text.dir_register
                0x0000000008033db0       0x80 /tmp/BPRL_BALANCE.elf.weVdtJ.ltrans0.ltrans.o
 .text.follow_path.lto_priv.0
                0x0000000008033e30      0x1dc /tmp/BPRL_BALANCE.elf.weVdtJ.ltrans0.ltrans.o
                0x0000000008033e30                follow_path.lto_priv.0
 *fill*         0x000000000803400c        0x4 
 .text.check_fs
                0x0000000008034010       0xdc /tmp/BPRL_BALANCE.elf.weVdtJ.ltrans0.ltrans.o
 *fill*         0x00000000080340ec        0x4 
 .text.mount_volume.lto_priv.0
                0x00000000080340f0      0x2a8 /tmp/BPRL_BALANCE.elf.weVdtJ.ltrans0.ltrans.o
                0x00000000080340f0                mount_volume.lto_priv.0
 *fill*         0x0000000008034398        0x8 
 .text.f_stat   0x00000000080343a0       0x88 /tmp/BPRL_BALANCE.elf.weVdtJ.ltrans0.ltrans.o
                0x00000000080343a0                f_stat
 *fill*         0x0000000008034428        0x8 
 .text.f_open   0x0000000008034430      0x170 /tmp/BPRL_BALANCE.elf.weVdtJ.ltrans0.ltrans.o
                0x0000000008034430                f_open
 .text.f_sync   0x00000000080345a0      0x10c /tmp/BPRL_BALANCE.elf.weVdtJ.ltrans0.ltrans.o
                0x00000000080345a0                f_sync
 *fill*         0x00000000080346ac        0x4 
 .text._ZL9LogThreadPv
                0x00000000080346b0      0xaac /tmp/BPRL_BALANCE.elf.weVdtJ.ltrans0.ltrans.o
 *fill*         0x000000000803515c        0x4 
 .text.put_fat.part.0.lto_priv.0
                0x0000000008035160      0x134 /tmp/BPRL_BALANCE.elf.weVdtJ.ltrans0.ltrans.o
                0x0000000008035160                put_fat.part.0.lto_priv.0
 *fill*         0x0000000008035294        0xc 
 .text._read_r  0x00000000080352a0        0xc /tmp/BPRL_BALANCE.elf.weVdtJ.ltrans0.ltrans.o
                0x00000000080352a0                _read_r
 *fill*         0x00000000080352ac        0x4 
 .text._lseek_r
                0x00000000080352b0        0x4 /tmp/BPRL_BALANCE.elf.weVdtJ.ltrans0.ltrans.o
                0x00000000080352b0                _lseek_r
 *fill*         0x00000000080352b4        0xc 
 .text._write_r
                0x00000000080352c0        0x4 /tmp/BPRL_BALANCE.elf.weVdtJ.ltrans0.ltrans.o
                0x00000000080352c0                _write_r
 *fill*         0x00000000080352c4        0xc 
 .text._close_r
                0x00000000080352d0        0x4 /tmp/BPRL_BALANCE.elf.weVdtJ.ltrans0.ltrans.o
                0x00000000080352d0                _close_r
 *fill*         0x00000000080352d4        0xc 
 .text._sbrk_r  0x00000000080352e0       0x44 /tmp/BPRL_BALANCE.elf.weVdtJ.ltrans0.ltrans.o
                0x00000000080352e0                _sbrk_r
 *fill*         0x0000000008035324        0xc 
 .text._fstat_r
                0x0000000008035330       0x1c /tmp/BPRL_BALANCE.elf.weVdtJ.ltrans0.ltrans.o
                0x0000000008035330                _fstat_r
 *fill*         0x000000000803534c        0x4 
 .text._isatty_r
                0x0000000008035350        0x4 /tmp/BPRL_BALANCE.elf.weVdtJ.ltrans0.ltrans.o
                0x0000000008035350                _isatty_r
 *fill*         0x0000000008035354        0xc 
 .text._exit    0x0000000008035360        0xc /tmp/BPRL_BALANCE.elf.weVdtJ.ltrans0.ltrans.o
                0x0000000008035360                _exit
 *fill*         0x000000000803536c        0x4 
 .text._kill    0x0000000008035370        0xc /tmp/BPRL_BALANCE.elf.weVdtJ.ltrans0.ltrans.o
                0x0000000008035370                _kill
 *fill*         0x000000000803537c        0x4 
 .text._getpid  0x0000000008035380        0x4 /tmp/BPRL_BALANCE.elf.weVdtJ.ltrans0.ltrans.o
                0x0000000008035380                _getpid
 *fill*         0x0000000008035384        0xc 
 .text.startup.main
                0x0000000008035390      0xe9c /tmp/BPRL_BALANCE.elf.weVdtJ.ltrans0.ltrans.o
                0x0000000008035390                main
 *fill*         0x000000000803622c        0x4 
 .text._ZL12sdc102_rx_cbRK10CANRxFramePv
                0x0000000008036230        0x4 /tmp/BPRL_BALANCE.elf.weVdtJ.ltrans1.ltrans.o
 *fill*         0x0000000008036234        0xc 
 .text._ZL16b2_erase_sector7v
                0x0000000008036240       0x4c /tmp/BPRL_BALANCE.elf.weVdtJ.ltrans1.ltrans.o
 *fill*         0x000000000803628c        0x4 
 .text._ZL14get_descriptorP9USBDriverhht.lto_priv.0
                0x0000000008036290       0x34 /tmp/BPRL_BALANCE.elf.weVdtJ.ltrans1.ltrans.o
                0x0000000008036290                get_descriptor(USBDriver*, unsigned char, unsigned char, unsigned short) [clone .lto_priv.0]
 *fill*         0x00000000080362c4        0xc 
 .text.sdc_lld_is_card_inserted
                0x00000000080362d0        0x4 /tmp/BPRL_BALANCE.elf.weVdtJ.ltrans1.ltrans.o
                0x00000000080362d0                sdc_lld_is_card_inserted
 *fill*         0x00000000080362d4        0xc 
 .text.sdc_lld_is_write_protected
                0x00000000080362e0        0x4 /tmp/BPRL_BALANCE.elf.weVdtJ.ltrans1.ltrans.o
                0x00000000080362e0                sdc_lld_is_write_protected
 *fill*         0x00000000080362e4        0xc 
 .text._ZN8ICM456869reg_writeEhh
                0x00000000080362f0      0x114 /tmp/BPRL_BALANCE.elf.weVdtJ.ltrans1.ltrans.o
 *fill*         0x0000000008036404        0xc 
 .text._ZL11imx5_can_cbRK10CANRxFramePv.lto_priv.0
                0x0000000008036410      0x154 /tmp/BPRL_BALANCE.elf.weVdtJ.ltrans1.ltrans.o
                0x0000000008036410                imx5_can_cb(CANRxFrame const&, void*) [clone .lto_priv.0]
 *fill*         0x0000000008036564        0xc 
 .text._ZL9rmd_rx_cbRK10CANRxFramePv
                0x0000000008036570       0x94 /tmp/BPRL_BALANCE.elf.weVdtJ.ltrans1.ltrans.o
 *fill*         0x0000000008036604        0xc 
 .text._ZL15battery_info_cbRK10CANRxFramePv.lto_priv.0
                0x0000000008036610       0xbc /tmp/BPRL_BALANCE.elf.weVdtJ.ltrans1.ltrans.o
                0x0000000008036610                battery_info_cb(CANRxFrame const&, void*) [clone .lto_priv.0]
 *fill*         0x00000000080366cc        0x4 
 .text._ZL11sof_handlerP9USBDriver.lto_priv.0
                0x00000000080366d0       0xa4 /tmp/BPRL_BALANCE.elf.weVdtJ.ltrans1.ltrans.o
                0x00000000080366d0                sof_handler(USBDriver*) [clone .lto_priv.0]
 *fill*         0x0000000008036774        0xc 
 .text.chprintf.constprop.0
                0x0000000008036780      0x5d0 /tmp/BPRL_BALANCE.elf.weVdtJ.ltrans1.ltrans.o
 .text._ZN3EKF15_normalize_quatEv
                0x0000000008036d50       0xa0 /tmp/BPRL_BALANCE.elf.weVdtJ.ltrans1.ltrans.o
                0x0000000008036d50                EKF::_normalize_quat()
 .text._ZN8ICM4568610burst_readEhPhj
                0x0000000008036df0      0x104 /tmp/BPRL_BALANCE.elf.weVdtJ.ltrans1.ltrans.o
                0x0000000008036df0                ICM45686::burst_read(unsigned char, unsigned char*, unsigned int)
 *fill*         0x0000000008036ef4        0xc 
 .text._ZN8ICM456864readEPfS0_.part.0
                0x0000000008036f00       0xb4 /tmp/BPRL_BALANCE.elf.weVdtJ.ltrans1.ltrans.o
                0x0000000008036f00                ICM45686::read(float*, float*) [clone .part.0]
 *fill*         0x0000000008036fb4        0xc 
 .text._Z17bprl_can_register6CanBusmPFvRK10CANRxFramePvES3_
                0x0000000008036fc0       0x38 /tmp/BPRL_BALANCE.elf.weVdtJ.ltrans1.ltrans.o
                0x0000000008036fc0                bprl_can_register(CanBus, unsigned long, void (*)(CANRxFrame const&, void*), void*)
 *fill*         0x0000000008036ff8        0x8 
 .text._Z12can_dispatch6CanBusRK10CANRxFrame
                0x0000000008037000      0x1d0 /tmp/BPRL_BALANCE.elf.weVdtJ.ltrans1.ltrans.o
                0x0000000008037000                can_dispatch(CanBus, CANRxFrame const&)
 .text._Z18can_motor_registerh13CanMotorProto
                0x00000000080371d0       0x5c /tmp/BPRL_BALANCE.elf.weVdtJ.ltrans1.ltrans.o
                0x00000000080371d0                can_motor_register(unsigned char, CanMotorProto)
 *fill*         0x000000000803722c        0x4 
 .text._Z8cal_loadR9CalibData
                0x0000000008037230       0x78 /tmp/BPRL_BALANCE.elf.weVdtJ.ltrans1.ltrans.o
                0x0000000008037230                cal_load(CalibData&)
 *fill*         0x00000000080372a8        0x8 
 .text._ZN6Logger10ring_writeEPKvj.constprop.0
                0x00000000080372b0       0x88 /tmp/BPRL_BALANCE.elf.weVdtJ.ltrans1.ltrans.o
                0x00000000080372b0                Logger::ring_write(void const*, unsigned int) [clone .constprop.0]
 *fill*         0x0000000008037338        0x8 
 .text.dir_read.constprop.0
                0x0000000008037340       0x64 /tmp/BPRL_BALANCE.elf.weVdtJ.ltrans1.ltrans.o
                0x0000000008037340                dir_read.constprop.0
 *fill*         0x00000000080373a4        0xc 
 .text.otg_epin_handler.constprop.0
                0x00000000080373b0      0x110 /tmp/BPRL_BALANCE.elf.weVdtJ.ltrans1.ltrans.o
                0x00000000080373b0                otg_epin_handler.constprop.0
 .text.otg_epout_handler.constprop.0
                0x00000000080374c0       0x9c /tmp/BPRL_BALANCE.elf.weVdtJ.ltrans1.ltrans.o
                0x00000000080374c0                otg_epout_handler.constprop.0
 *fill*         0x000000000803755c        0x4 
 .text.dmaStreamAllocI.constprop.0
                0x0000000008037560       0xdc /tmp/BPRL_BALANCE.elf.weVdtJ.ltrans1.ltrans.o
                0x0000000008037560                dmaStreamAllocI.constprop.0
 *fill*         0x000000000803763c        0x4 
 .text.sdcStop.constprop.0
                0x0000000008037640       0x5c /tmp/BPRL_BALANCE.elf.weVdtJ.ltrans1.ltrans.o
                0x0000000008037640                sdcStop.constprop.0
 *fill*         0x000000000803769c        0x4 
 .text.canReceiveTimeout.constprop.0
                0x00000000080376a0      0x118 /tmp/BPRL_BALANCE.elf.weVdtJ.ltrans1.ltrans.o
                0x00000000080376a0                canReceiveTimeout.constprop.0
 *fill*         0x00000000080377b8        0x8 
 .text.vt_insert_first.constprop.0
                0x00000000080377c0       0x60 /tmp/BPRL_BALANCE.elf.weVdtJ.ltrans1.ltrans.o
                0x00000000080377c0                vt_insert_first.constprop.0
 .text.trace_next.constprop.0
                0x0000000008037820       0x3c /tmp/BPRL_BALANCE.elf.weVdtJ.ltrans1.ltrans.o
                0x0000000008037820                trace_next.constprop.0
 *fill*         0x000000000803785c        0x4 
 .text.f_mount.constprop.0
                0x0000000008037860      0x120 /tmp/BPRL_BALANCE.elf.weVdtJ.ltrans1.ltrans.o
                0x0000000008037860                f_mount.constprop.0
 .text.chSchWakeupS.constprop.0
                0x0000000008037980       0x6c /tmp/BPRL_BALANCE.elf.weVdtJ.ltrans1.ltrans.o
                0x0000000008037980                chSchWakeupS.constprop.0
 *fill*         0x00000000080379ec        0x4 
 .text._ZN8ICM456864initEP14hal_spi_driverPK14hal_spi_configS4_.isra.0
                0x00000000080379f0      0x160 /tmp/BPRL_BALANCE.elf.weVdtJ.ltrans1.ltrans.o
                0x00000000080379f0                ICM45686::init(hal_spi_driver*, hal_spi_config const*, hal_spi_config const*) [clone .isra.0]
 .text.get_fat.isra.0
                0x0000000008037b50       0xc0 /tmp/BPRL_BALANCE.elf.weVdtJ.ltrans1.ltrans.o
                0x0000000008037b50                get_fat.isra.0
 .text.dir_sdi.constprop.0
                0x0000000008037c10       0x70 /tmp/BPRL_BALANCE.elf.weVdtJ.ltrans1.ltrans.o
                0x0000000008037c10                dir_sdi.constprop.0
 .text.f_opendir.constprop.0
                0x0000000008037c80       0x84 /tmp/BPRL_BALANCE.elf.weVdtJ.ltrans1.ltrans.o
 *fill*         0x0000000008037d04        0xc 
 .text.remove_chain.constprop.0.isra.0
                0x0000000008037d10       0x6c /tmp/BPRL_BALANCE.elf.weVdtJ.ltrans1.ltrans.o
                0x0000000008037d10                remove_chain.constprop.0.isra.0
 *fill*         0x0000000008037d7c        0x4 
 .text._ZL16usb_cmd_dispatchPKc.constprop.0
                0x0000000008037d80      0xf8c /tmp/BPRL_BALANCE.elf.weVdtJ.ltrans1.ltrans.o
                0x0000000008037d80                usb_cmd_dispatch(char const*) [clone .constprop.0]
 *fill*         0x0000000008038d0c        0x4 
 .text.create_chain.isra.0
                0x0000000008038d10      0x100 /tmp/BPRL_BALANCE.elf.weVdtJ.ltrans1.ltrans.o
                0x0000000008038d10                create_chain.isra.0
 .text.get_fileinfo.part.0.isra.0
                0x0000000008038e10       0x64 /tmp/BPRL_BALANCE.elf.weVdtJ.ltrans1.ltrans.o
                0x0000000008038e10                get_fileinfo.part.0.isra.0
 *fill*         0x0000000008038e74        0xc 
 .text.chThdCreateStatic.isra.0
                0x0000000008038e80       0x78 /tmp/BPRL_BALANCE.elf.weVdtJ.ltrans1.ltrans.o
                0x0000000008038e80                chThdCreateStatic.isra.0
 *fill*         0x0000000008038ef8        0x8 
 .text.otg_disable_ep.isra.0
                0x0000000008038f00       0x58 /tmp/BPRL_BALANCE.elf.weVdtJ.ltrans1.ltrans.o
                0x0000000008038f00                otg_disable_ep.isra.0
 *fill*         0x0000000008038f58        0x8 
 .text.can_lld_start.isra.0
                0x0000000008038f60      0x148 /tmp/BPRL_BALANCE.elf.weVdtJ.ltrans1.ltrans.o
                0x0000000008038f60                can_lld_start.isra.0
 *fill*         0x00000000080390a8        0x8 
 .text.sdu_start_receive.isra.0
                0x00000000080390b0       0x64 /tmp/BPRL_BALANCE.elf.weVdtJ.ltrans1.ltrans.o
                0x00000000080390b0                sdu_start_receive.isra.0
 *fill*         0x0000000008039114        0xc 
 .text.sduConfigureHookI.constprop.0
                0x0000000008039120       0x54 /tmp/BPRL_BALANCE.elf.weVdtJ.ltrans1.ltrans.o
 *fill*         0x0000000008039174        0xc 
 .text._ZL9usb_eventP9USBDriver10usbevent_t.lto_priv.0
                0x0000000008039180       0xe8 /tmp/BPRL_BALANCE.elf.weVdtJ.ltrans1.ltrans.o
                0x0000000008039180                usb_event(USBDriver*, usbevent_t) [clone .lto_priv.0]
 *fill*         0x0000000008039268        0x8 
 .text.startup._sub_I_65535_0.0
                0x0000000008039270      0x150 /tmp/BPRL_BALANCE.elf.weVdtJ.ltrans1.ltrans.o
 *(.glue_7t)
 .glue_7t       0x00000000080393c0        0x0 linker stubs
 *(.glue_7)
 .glue_7        0x00000000080393c0        0x0 linker stubs
 *(.gcc*)
                0x00000000080393c0                __text_end__ = .

.vfp11_veneer   0x00000000080393c0        0x0
 .vfp11_veneer  0x00000000080393c0        0x0 linker stubs

.v4_bx          0x00000000080393c0        0x0
 .v4_bx         0x00000000080393c0        0x0 linker stubs

.iplt           0x00000000080393c0        0x0
 .iplt          0x00000000080393c0        0x0 build/obj/crt0_v7m.o

.rodata         0x00000000080393c0     0x1380
                0x00000000080393c0                __rodata_base__ = .
 *(.rodata)
 .rodata        0x00000000080393c0       0x18 /usr/lib/gcc/arm-none-eabi/10.3.1/../../../arm-none-eabi/lib/thumb/v7e-m+dp/hard/libm.a(lib_a-ef_atan2.o)
 .rodata        0x00000000080393d8       0x20 /usr/lib/gcc/arm-none-eabi/10.3.1/../../../arm-none-eabi/lib/thumb/v7e-m+dp/hard/libm.a(lib_a-sf_atan.o)
 .rodata        0x00000000080393f8      0x101 /usr/lib/gcc/arm-none-eabi/10.3.1/../../../arm-none-eabi/lib/thumb/v7e-m+dp/hard/libg.a(lib_a-ctype_.o)
                0x00000000080393f8                _ctype_
 *fill*         0x00000000080394f9        0x3 
 .rodata        0x00000000080394fc        0x4 /usr/lib/gcc/arm-none-eabi/10.3.1/../../../arm-none-eabi/lib/thumb/v7e-m+dp/hard/libg.a(lib_a-impure.o)
                0x00000000080394fc                _global_impure_ptr
 .rodata        0x0000000008039500       0x20 /usr/lib/gcc/arm-none-eabi/10.3.1/../../../arm-none-eabi/lib/thumb/v7e-m+dp/hard/libg.a(lib_a-svfprintf.o)
 .rodata        0x0000000008039520       0x22 /usr/lib/gcc/arm-none-eabi/10.3.1/../../../arm-none-eabi/lib/thumb/v7e-m+dp/hard/libg.a(lib_a-svfscanf.o)
 *fill*         0x0000000008039542        0x6 
 .rodata        0x0000000008039548      0x128 /usr/lib/gcc/arm-none-eabi/10.3.1/../../../arm-none-eabi/lib/thumb/v7e-m+dp/hard/libg.a(lib_a-mprec.o)
                0x0000000008039558                __mprec_tens
                0x0000000008039620                __mprec_tinytens
                0x0000000008039648                __mprec_bigtens
 .rodata        0x0000000008039670       0x50 /usr/lib/gcc/arm-none-eabi/10.3.1/../../../arm-none-eabi/lib/thumb/v7e-m+dp/hard/libg.a(lib_a-strtod.o)
 .rodata        0x00000000080396c0       0x20 /usr/lib/gcc/arm-none-eabi/10.3.1/../../../arm-none-eabi/lib/thumb/v7e-m+dp/hard/libg.a(lib_a-svfiprintf.o)
 .rodata        0x00000000080396e0       0x22 /usr/lib/gcc/arm-none-eabi/10.3.1/../../../arm-none-eabi/lib/thumb/v7e-m+dp/hard/libg.a(lib_a-svfiscanf.o)
 *fill*         0x0000000008039702        0x2 
 .rodata        0x0000000008039704      0x100 /usr/lib/gcc/arm-none-eabi/10.3.1/../../../arm-none-eabi/lib/thumb/v7e-m+dp/hard/libg.a(lib_a-gdtoa-gethex.o)
                0x0000000008039704                __hexdig
 .rodata        0x0000000008039804        0xc /usr/lib/gcc/arm-none-eabi/10.3.1/../../../arm-none-eabi/lib/thumb/v7e-m+dp/hard/libg.a(lib_a-lnumeric.o)
                0x0000000008039804                _C_numeric_locale
 .rodata        0x0000000008039810       0x20 /usr/lib/gcc/arm-none-eabi/10.3.1/../../../arm-none-eabi/lib/thumb/v7e-m+dp/hard/libg.a(lib_a-vfiprintf.o)
 *(.rodata.*)
 .rodata.spi_lld_serve_dma_tx_interrupt.str1.4
                0x0000000008039830        0xc /tmp/BPRL_BALANCE.elf.weVdtJ.ltrans0.ltrans.o
 .rodata._ZL9CANThreadPv.str1.4
                0x000000000803983c        0x4 /tmp/BPRL_BALANCE.elf.weVdtJ.ltrans0.ltrans.o
 .rodata._ZL12USBCmdThreadPv.str1.4
                0x0000000008039840        0x7 /tmp/BPRL_BALANCE.elf.weVdtJ.ltrans0.ltrans.o
 *fill*         0x0000000008039847        0x1 
 .rodata._ZL15HeartbeatThreadPv.str1.4
                0x0000000008039848        0xa /tmp/BPRL_BALANCE.elf.weVdtJ.ltrans0.ltrans.o
 *fill*         0x0000000008039852        0x2 
 .rodata._ZL9SPIThreadPv.str1.4
                0x0000000008039854        0x4 /tmp/BPRL_BALANCE.elf.weVdtJ.ltrans0.ltrans.o
 .rodata._ZL14StateEstThreadPv.str1.4
                0x0000000008039858        0x4 /tmp/BPRL_BALANCE.elf.weVdtJ.ltrans0.ltrans.o
 .rodata._ZL13ControlThreadPv.str1.4
                0x000000000803985c        0x5 /tmp/BPRL_BALANCE.elf.weVdtJ.ltrans0.ltrans.o
 *fill*         0x0000000008039861        0x3 
 .rodata._ZL11RadioThreadPv.str1.4
                0x0000000008039864        0x6 /tmp/BPRL_BALANCE.elf.weVdtJ.ltrans0.ltrans.o
 *fill*         0x000000000803986a        0x2 
 .rodata.follow_path.lto_priv.0.str1.4
                0x000000000803986c        0xf /tmp/BPRL_BALANCE.elf.weVdtJ.ltrans0.ltrans.o
 *fill*         0x000000000803987b        0x1 
 .rodata.check_fs.str1.4
                0x000000000803987c        0x9 /tmp/BPRL_BALANCE.elf.weVdtJ.ltrans0.ltrans.o
 *fill*         0x0000000008039885        0x3 
 .rodata._ZL9LogThreadPv.str1.4
                0x0000000008039888       0x36 /tmp/BPRL_BALANCE.elf.weVdtJ.ltrans0.ltrans.o
 *fill*         0x00000000080398be        0x2 
 .rodata._exit.str1.4
                0x00000000080398c0        0x5 /tmp/BPRL_BALANCE.elf.weVdtJ.ltrans0.ltrans.o
 *fill*         0x00000000080398c5        0x3 
 .rodata._kill.str1.4
                0x00000000080398c8        0x5 /tmp/BPRL_BALANCE.elf.weVdtJ.ltrans0.ltrans.o
 *fill*         0x00000000080398cd        0x3 
 .rodata.main.str1.4
                0x00000000080398d0        0x5 /tmp/BPRL_BALANCE.elf.weVdtJ.ltrans0.ltrans.o
 *fill*         0x00000000080398d5        0x3 
 .rodata.str1.4
                0x00000000080398d8       0xdb /tmp/BPRL_BALANCE.elf.weVdtJ.ltrans0.ltrans.o
 *fill*         0x00000000080399b3        0x1 
 .rodata.ExCvt  0x00000000080399b4       0x80 /tmp/BPRL_BALANCE.elf.weVdtJ.ltrans0.ltrans.o
 .rodata._ZL14kSbusSerialCfg
                0x0000000008039a34       0x18 /tmp/BPRL_BALANCE.elf.weVdtJ.ltrans0.ltrans.o
 .rodata._ZL6usbcfg
                0x0000000008039a4c       0x10 /tmp/BPRL_BALANCE.elf.weVdtJ.ltrans0.ltrans.o
 .rodata._ZL7can_cfg
                0x0000000008039a5c       0x14 /tmp/BPRL_BALANCE.elf.weVdtJ.ltrans0.ltrans.o
 .rodata._ZL7sdc_cfg
                0x0000000008039a70        0x8 /tmp/BPRL_BALANCE.elf.weVdtJ.ltrans0.ltrans.o
 .rodata._ZL8kLogDefs
                0x0000000008039a78       0x50 /tmp/BPRL_BALANCE.elf.weVdtJ.ltrans0.ltrans.o
 .rodata._ZL9imu1_fast
                0x0000000008039ac8       0x20 /tmp/BPRL_BALANCE.elf.weVdtJ.ltrans0.ltrans.o
 .rodata._ZL9imu1_init
                0x0000000008039ae8       0x20 /tmp/BPRL_BALANCE.elf.weVdtJ.ltrans0.ltrans.o
 .rodata._ZL9imu2_fast
                0x0000000008039b08       0x20 /tmp/BPRL_BALANCE.elf.weVdtJ.ltrans0.ltrans.o
 .rodata._ZL9imu2_init
                0x0000000008039b28       0x20 /tmp/BPRL_BALANCE.elf.weVdtJ.ltrans0.ltrans.o
 .rodata._ZL9imu3_fast
                0x0000000008039b48       0x20 /tmp/BPRL_BALANCE.elf.weVdtJ.ltrans0.ltrans.o
 .rodata._ZL9imu3_init
                0x0000000008039b68       0x20 /tmp/BPRL_BALANCE.elf.weVdtJ.ltrans0.ltrans.o
 .rodata._ZL9serusbcfg
                0x0000000008039b88        0x8 /tmp/BPRL_BALANCE.elf.weVdtJ.ltrans0.ltrans.o
 .rodata._ZZ4mainE6kRates
                0x0000000008039b90       0x1c /tmp/BPRL_BALANCE.elf.weVdtJ.ltrans0.ltrans.o
 .rodata.__func__.0.lto_priv.0
                0x0000000008039bac        0x9 /tmp/BPRL_BALANCE.elf.weVdtJ.ltrans0.ltrans.o
 *fill*         0x0000000008039bb5        0x3 
 .rodata.__func__.0.lto_priv.1
                0x0000000008039bb8        0xa /tmp/BPRL_BALANCE.elf.weVdtJ.ltrans0.ltrans.o
 *fill*         0x0000000008039bc2        0x2 
 .rodata.__func__.0.lto_priv.2
                0x0000000008039bc4        0xa /tmp/BPRL_BALANCE.elf.weVdtJ.ltrans0.ltrans.o
 *fill*         0x0000000008039bce        0x2 
 .rodata.__func__.0.lto_priv.3
                0x0000000008039bd0        0xa /tmp/BPRL_BALANCE.elf.weVdtJ.ltrans0.ltrans.o
 *fill*         0x0000000008039bda        0x2 
 .rodata.__func__.1.lto_priv.0
                0x0000000008039bdc        0xa /tmp/BPRL_BALANCE.elf.weVdtJ.ltrans0.ltrans.o
 *fill*         0x0000000008039be6        0x2 
 .rodata.__func__.1.lto_priv.1
                0x0000000008039be8        0xa /tmp/BPRL_BALANCE.elf.weVdtJ.ltrans0.ltrans.o
 *fill*         0x0000000008039bf2        0x2 
 .rodata.__func__.1.lto_priv.2
                0x0000000008039bf4        0x9 /tmp/BPRL_BALANCE.elf.weVdtJ.ltrans0.ltrans.o
 *fill*         0x0000000008039bfd        0x3 
 .rodata.__func__.10
                0x0000000008039c00        0x9 /tmp/BPRL_BALANCE.elf.weVdtJ.ltrans0.ltrans.o
 *fill*         0x0000000008039c09        0x3 
 .rodata.__func__.11
                0x0000000008039c0c        0x9 /tmp/BPRL_BALANCE.elf.weVdtJ.ltrans0.ltrans.o
 *fill*         0x0000000008039c15        0x3 
 .rodata.__func__.12
                0x0000000008039c18        0x9 /tmp/BPRL_BALANCE.elf.weVdtJ.ltrans0.ltrans.o
 *fill*         0x0000000008039c21        0x3 
 .rodata.__func__.13
                0x0000000008039c24        0x9 /tmp/BPRL_BALANCE.elf.weVdtJ.ltrans0.ltrans.o
 *fill*         0x0000000008039c2d        0x3 
 .rodata.__func__.14
                0x0000000008039c30        0x9 /tmp/BPRL_BALANCE.elf.weVdtJ.ltrans0.ltrans.o
 *fill*         0x0000000008039c39        0x3 
 .rodata.__func__.15
                0x0000000008039c3c        0x9 /tmp/BPRL_BALANCE.elf.weVdtJ.ltrans0.ltrans.o
 *fill*         0x0000000008039c45        0x3 
 .rodata.__func__.2.lto_priv.0
                0x0000000008039c48        0x9 /tmp/BPRL_BALANCE.elf.weVdtJ.ltrans0.ltrans.o
 *fill*         0x0000000008039c51        0x3 
 .rodata.__func__.2.lto_priv.1
                0x0000000008039c54        0xa /tmp/BPRL_BALANCE.elf.weVdtJ.ltrans0.ltrans.o
 *fill*         0x0000000008039c5e        0x2 
 .rodata.__func__.3.lto_priv.0
                0x0000000008039c60        0x9 /tmp/BPRL_BALANCE.elf.weVdtJ.ltrans0.ltrans.o
 *fill*         0x0000000008039c69        0x3 
 .rodata.__func__.3.lto_priv.1
                0x0000000008039c6c        0xa /tmp/BPRL_BALANCE.elf.weVdtJ.ltrans0.ltrans.o
 *fill*         0x0000000008039c76        0x2 
 .rodata.__func__.4.lto_priv.0
                0x0000000008039c78        0xa /tmp/BPRL_BALANCE.elf.weVdtJ.ltrans0.ltrans.o
 *fill*         0x0000000008039c82        0x2 
 .rodata.__func__.4.lto_priv.1
                0x0000000008039c84        0xa /tmp/BPRL_BALANCE.elf.weVdtJ.ltrans0.ltrans.o
 *fill*         0x0000000008039c8e        0x2 
 .rodata.__func__.5.lto_priv.0
                0x0000000008039c90        0x9 /tmp/BPRL_BALANCE.elf.weVdtJ.ltrans0.ltrans.o
 *fill*         0x0000000008039c99        0x3 
 .rodata.__func__.5.lto_priv.1
                0x0000000008039c9c        0xa /tmp/BPRL_BALANCE.elf.weVdtJ.ltrans0.ltrans.o
 *fill*         0x0000000008039ca6        0x2 
 .rodata.__func__.6.lto_priv.0
                0x0000000008039ca8        0x9 /tmp/BPRL_BALANCE.elf.weVdtJ.ltrans0.ltrans.o
 *fill*         0x0000000008039cb1        0x3 
 .rodata.__func__.6.lto_priv.1
                0x0000000008039cb4        0xa /tmp/BPRL_BALANCE.elf.weVdtJ.ltrans0.ltrans.o
 *fill*         0x0000000008039cbe        0x2 
 .rodata.__func__.7
                0x0000000008039cc0        0xa /tmp/BPRL_BALANCE.elf.weVdtJ.ltrans0.ltrans.o
 *fill*         0x0000000008039cca        0x2 
 .rodata.__func__.8